Microchip MPLAB XC8 Compiler V2.36

Linker command line:

-W-3 --edf=/opt/microchip/xc8/v2.36/pic/dat/en_msgs.txt -pivt0x8=08h -cn \
  -h+dist/default/production/ps_test.X.production.sym \
  --cmf=dist/default/production/ps_test.X.production.cmf -z -Q18F57K42 \
  -o/tmp/xcXoPIOHc --defsym=__MPLAB_BUILD=1 \
  -Mdist/default/production/ps_test.X.production.map \
  --md=/tmp/xcXkLFkCL.dat -E1 -ver=XC8 Compiler --acfsm=1493 \
  -ACODE=00h-01FFFFh -ACONST=00h-01FFFFh -ASMALLCONST=02000h-020FFhx480 \
  -AMEDIUMCONST=02000h-0FFFFh,012000h-01FFFFh -ACOMRAM=01h-05Fh \
  -AABS1=00h-01FFFh -ABIGRAM=01h-01FFFh -ARAM=060h-0FFh,0100h-01FFhx31 \
  -ABANK0=060h-0FFh -ABANK1=0100h-01FFh -ABANK2=0200h-02FFh \
  -ABANK3=0300h-03FFh -ABANK4=0400h-04FFh -ABANK5=0500h-05FFh \
  -ABANK6=0600h-06FFh -ABANK7=0700h-07FFh -ABANK8=0800h-08FFh \
  -ABANK9=0900h-09FFh -ABANK10=0A00h-0AFFh -ABANK11=0B00h-0BFFh \
  -ABANK12=0C00h-0CFFh -ABANK13=0D00h-0DFFh -ABANK14=0E00h-0EFFh \
  -ABANK15=0F00h-0FFFh -ABANK16=01000h-010FFh -ABANK17=01100h-011FFh \
  -ABANK18=01200h-012FFh -ABANK19=01300h-013FFh -ABANK20=01400h-014FFh \
  -ABANK21=01500h-015FFh -ABANK22=01600h-016FFh -ABANK23=01700h-017FFh \
  -ABANK24=01800h-018FFh -ABANK25=01900h-019FFh -ABANK26=01A00h-01AFFh \
  -ABANK27=01B00h-01BFFh -ABANK28=01C00h-01CFFh -ABANK29=01D00h-01DFFh \
  -ABANK30=01E00h-01EFFh -ABANK31=01F00h-01FFFh \
  -ASFR=03800h-038FFhx7,03F00h-03F5Fh,03F60h-03FFFh -ABIGSFR=03800h-03FFFh \
  -ACONFIG=0300000h-0300009h -AIDLOC=0200000h-020000Fh \
  -AEEDATA=0310000h-03103FFh -peeprom_data=EEDATA -preset_vec=00h \
  -ppowerup=CODE,init -pramtop=02000h -psmallconst=SMALLCONST \
  -pmediumconst=MEDIUMCONST -pconst=CONST -AFARRAM=00h-00h \
  -prdata=COMRAM,nvrram=COMRAM,nvbit=COMRAM,rbss=COMRAM,rbit=COMRAM \
  -pfarbss=FARRAM,fardata=FARRAM,nvFARRAM=FARRAM \
  -pintsave_regs=BIGRAM,bigbss=BIGRAM,bigdata=BIGRAM -pbss=RAM \
  -pidata=CODE,irdata=CODE,ibigdata=CODE,ifardata=CODE -prparam=COMRAM \
  /tmp/xcXmkbcen.o dist/default/production/ps_test.X.production.o 

Object code version is 3.11

Machine type is 18F57K42



                Name                               Link     Load   Length Selector   Space Scale
/tmp/xcXmkbcen.o
                idloc                            200000   200000       10        0       5
                config                           300000   300000        A        0       4
                init                                 AE       AE        4        4       0
                reset_vec                             0        0        4        0       0
dist/default/production/ps_test.X.production.o
                idloc                            200000   200000       10        0       5
                config                           300000   300000        A        0       4
                mediumconst                        FDFE     FDFE      202     7EFF       0
                ivt0x8                                8        8       A6        4       0
                text139                           14D28    14D28        6     A372       0
                text138                           144E4    144E4       3C     512A       0
                text137                           14D08    14D08        8     A372       0
                text136                           144A8    144A8       3C     512A       0
                text135                           14D32    14D32        4     A372       0
                text134                           14D44    14D44        2     5350       0
                text133                           142F0    142F0       42     50BC       0
                text132                           14948    14948       24     A372       0
                text131                           13FC2    13FC2       52     8000       0
                text130                           14D42    14D42        2     5350       0
                text129                           14064    14064       4E     5019       0
                text128                           14D40    14D40        2     5350       0
                text127                           14D3C    14D3C        2     A372       0
                text126                           14A36    14A36       20     A372       0
                text125                           14924    14924       24     A372       0
                text124                           14644    14644       3A     5191       0
                text123                           14BCA    14BCA       16     A372       0
                text122                           13ABE    13ABE       76     8000       0
                text121                           14D3A    14D3A        2     A372       0
                text120                           142AC    142AC       42     50AB       0
                text119                           149F4    149F4       22     A372       0
                text118                           14D22    14D22        6     A372       0
                text117                           14D38    14D38        2     A372       0
                text116                           14D36    14D36        2     A372       0
                text115                           13874    13874       A2     8000       0
                text114                           141D8    141D8       48     5019       0
                text113                           14832    14832       2E     A372       0
                text112                           14190    14190       48     5019       0
                text111                           14D1C    14D1C        6     A372       0
                text110                           14CFE    14CFE        A     A372       0
                text109                           14AB0    14AB0       1E     A372       0
                text108                           14716    14716       32     A372       0
                text107                           146E4    146E4       32     A372       0
                text106                           14CDA    14CDA        E     A372       0
                text105                           13B34    13B34       72     8000       0
                text104                           14CE8    14CE8        C     A372       0
                text103                           14CCC    14CCC        E     A372       0
                text102                           13E18    13E18       5E     8000       0
                text101                           140FE    140FE       4A     5019       0
                text100                           14AEA    14AEA       1C     A372       0
                text99                            13342    13342       CE     8000       0
                text98                            149D2    149D2       22     A372       0
                text97                            14BB2    14BB2       18     A372       0
                text96                            14B9A    14B9A       18     A372       0
                text95                            14B20    14B20       1A     A372       0
                text94                            14CBE    14CBE        E     A372       0
                text93                            14A92    14A92       1E     A372       0
                text92                            14CB0    14CB0        E     A372       0
                text91                            14148    14148       48     5019       0
                text90                            14CA2    14CA2        E     A372       0
                text89                            14804    14804       2E     A372       0
                text88                            14C94    14C94        E     A372       0
                text87                            14C86    14C86        E     A372       0
                text86                            14C78    14C78        E     A372       0
                text85                            14C6A    14C6A        E     A372       0
                text84                            14C5C    14C5C        E     A372       0
                text83                            14C4E    14C4E        E     A372       0
                text82                            14C40    14C40        E     A372       0
                text81                            130C6    130C6       DE     8000       0
                text80                            1442C    1442C       3E     50BC       0
                text79                            147D6    147D6       2E     A372       0
                text78                            14900    14900       24     A372       0
                text77                            148B4    148B4       28     A372       0
                text76                            12D4A    12D4A      142     8000       0
                text75                            14332    14332       40     50BC       0
                text74                            1446A    1446A       3C     50BC       0
                text73                            14CF4    14CF4        A     A372       0
                text72                            1370E    1370E       B8     8000       0
                text71                            13C86    13C86       6C     8000       0
                text70                            14608    14608       3A     512A       0
                text69                            14B82    14B82       18     A372       0
                text68                            149B0    149B0       22     A372       0
                text67                            14ACE    14ACE       1C     A372       0
                text66                            14BF4    14BF4       14     A372       0
                text65                            14BE0    14BE0       14     A372       0
                text64                            14B6A    14B6A       18     A372       0
                text63                            14B52    14B52       18     A372       0
                text62                            1498E    1498E       22     A372       0
                text61                            1496C    1496C       22     A372       0
                text60                            140B2    140B2       4C     5019       0
                text59                            127EE    127EE      16A     8000       0
                text58                            122D6    122D6      1BE     8000       0
                text57                            143EE    143EE       3E     50BC       0
                text56                            14C32    14C32        E     A372       0
                text55                            148DC    148DC       24     A372       0
                text54                            14C24    14C24        E     A372       0
                text53                            12BFC    12BFC      14E     8000       0
                text52                            12958    12958      154     8000       0
                text51                            13656    13656       B8     8000       0
                text50                            13ECA    13ECA       54     8000       0
                text49                            13F70    13F70       52     8000       0
                text48                            14D16    14D16        6     A372       0
                text47                            14D10    14D10        6     A372       0
                text46                            143B0    143B0       3E     50BC       0
                text45                            14C16    14C16        E     A372       0
                text44                            14A74    14A74       1E     A372       0
                text43                            14C08    14C08        E     A372       0
                text42                            14014    14014       4E     8000       0
                text41                            13E76    13E76       54     8000       0
                text40                            13C16    13C16       70     8000       0
                text39                            13CF2    13CF2       64     8000       0
                text38                            14A56    14A56       1E     A372       0
                text37                            14B06    14B06       1A     A372       0
                text36                            145CE    145CE       3A     512A       0
                text35                            14594    14594       3A     512A       0
                text34                            1455A    1455A       3A     512A       0
                text33                            14A16    14A16       20     A372       0
                text32                            134DC    134DC       C0     8000       0
                text31                            1488A    1488A       2A     A372       0
                text30                            14778    14778       30     A372       0
                text29                            14372    14372       3E     50BC       0
                text28                            12E8C    12E8C      140     8000       0
                text27                            13A3A    13A3A       84     8000       0
                text26                            13BA6    13BA6       70     8000       0
                text25                            1204E    1204E      288     8000       0
                text24                            139B0    139B0       8A     8000       0
                text23                            131A4    131A4       D0     8000       0
                text22                            119F2    119F2      350     8000       0
                text21                            147A8    147A8       2E     A372       0
                text20                            11D42    11D42      30C     8000       0
                text19                            14220    14220       46     5019       0
                text18                            1359C    1359C       BA     8000       0
                text17                            13410    13410       CC     8000       0
                text16                            12644    12644      1AA     8000       0
                text15                            13916    13916       9A     8000       0
                text14                            13D56    13D56       62     8000       0
                text13                            14748    14748       30     A372       0
                text12                            14520    14520       3A     512A       0
                text11                            10000    10000      9B8     8000       0
                text10                            12AAC    12AAC      150     8000       0
                text9                             13274    13274       CE     8000       0
                text8                             137C6    137C6       AE     8000       0
                text7                             12494    12494      1B0     8000       0
                text6                             109B8    109B8      6F0     8000       0
                text5                             13DB8    13DB8       60     8000       0
                text4                             14860    14860       2A     A372       0
                text3                             14266    14266       44     5019       0
                text2                             14B3A    14B3A       18     A372       0
                text1                             13F1E    13F1E       52     8000       0
                text0                             110A8    110A8      54A     8000       0
                cstackCOMRAM                          1        1       26        1       1
                cstackBANK0                          60       60       90       60       1
                cstackBANK1                         1FB      1FB        4      100       1
                cstackBANK2                         2C2      2C2       1B      200       1
                dataBIGRAM                          583      583      400      583       1
                bssBANK5                            500      500       83      500       1
                bssBANK4                            400      400       FF      400       1
                bssBANK3                            300      300       C3      300       1
                dataBANK2                           290      290       32      200       1
                bssBANK2                            200      200       90      200       1
                dataBANK1                           1C8      1C8       33      100       1
                bssBANK1                            100      100       C8      100       1
                dataBANK0                            FC       FC        4       60       1
                bssBANK0                             F0       F0        C       60       1
                bssCOMRAM                            27       27       1C        1       1
                cinit                             12FCC    12FCC       FA     8000       0
                idataBANK2                        146B1    146B1       32     5191       0
                idataBANK1                        1467E    1467E       33     5191       0
                idataBANK0                        14D2E    14D2E        4     A372       0
                idataBIGRAM                       115F2    115F2      400     8000       0

TOTAL           Name                               Link     Load   Length     Space
        CLASS   CODE           
                init                                 AE       AE        4         0
                reset_vec                             0        0        4         0
                ivt0x8                                8        8       A6         0
                text139                           14D28    14D28        6         0
                text138                           144E4    144E4       3C         0
                text137                           14D08    14D08        8         0
                text136                           144A8    144A8       3C         0
                text135                           14D32    14D32        4         0
                text134                           14D44    14D44        2         0
                text133                           142F0    142F0       42         0
                text132                           14948    14948       24         0
                text131                           13FC2    13FC2       52         0
                text130                           14D42    14D42        2         0
                text129                           14064    14064       4E         0
                text128                           14D40    14D40        2         0
                text127                           14D3C    14D3C        2         0
                text126                           14A36    14A36       20         0
                text125                           14924    14924       24         0
                text124                           14644    14644       3A         0
                text123                           14BCA    14BCA       16         0
                text122                           13ABE    13ABE       76         0
                text121                           14D3A    14D3A        2         0
                text120                           142AC    142AC       42         0
                text119                           149F4    149F4       22         0
                text118                           14D22    14D22        6         0
                text117                           14D38    14D38        2         0
                text116                           14D36    14D36        2         0
                text115                           13874    13874       A2         0
                text114                           141D8    141D8       48         0
                text113                           14832    14832       2E         0
                text112                           14190    14190       48         0
                text111                           14D1C    14D1C        6         0
                text110                           14CFE    14CFE        A         0
                text109                           14AB0    14AB0       1E         0
                text108                           14716    14716       32         0
                text107                           146E4    146E4       32         0
                text106                           14CDA    14CDA        E         0
                text105                           13B34    13B34       72         0
                text104                           14CE8    14CE8        C         0
                text103                           14CCC    14CCC        E         0
                text102                           13E18    13E18       5E         0
                text101                           140FE    140FE       4A         0
                text100                           14AEA    14AEA       1C         0
                text99                            13342    13342       CE         0
                text98                            149D2    149D2       22         0
                text97                            14BB2    14BB2       18         0
                text96                            14B9A    14B9A       18         0
                text95                            14B20    14B20       1A         0
                text94                            14CBE    14CBE        E         0
                text93                            14A92    14A92       1E         0
                text92                            14CB0    14CB0        E         0
                text91                            14148    14148       48         0
                text90                            14CA2    14CA2        E         0
                text89                            14804    14804       2E         0
                text88                            14C94    14C94        E         0
                text87                            14C86    14C86        E         0
                text86                            14C78    14C78        E         0
                text85                            14C6A    14C6A        E         0
                text84                            14C5C    14C5C        E         0
                text83                            14C4E    14C4E        E         0
                text82                            14C40    14C40        E         0
                text81                            130C6    130C6       DE         0
                text80                            1442C    1442C       3E         0
                text79                            147D6    147D6       2E         0
                text78                            14900    14900       24         0
                text77                            148B4    148B4       28         0
                text76                            12D4A    12D4A      142         0
                text75                            14332    14332       40         0
                text74                            1446A    1446A       3C         0
                text73                            14CF4    14CF4        A         0
                text72                            1370E    1370E       B8         0
                text71                            13C86    13C86       6C         0
                text70                            14608    14608       3A         0
                text69                            14B82    14B82       18         0
                text68                            149B0    149B0       22         0
                text67                            14ACE    14ACE       1C         0
                text66                            14BF4    14BF4       14         0
                text65                            14BE0    14BE0       14         0
                text64                            14B6A    14B6A       18         0
                text63                            14B52    14B52       18         0
                text62                            1498E    1498E       22         0
                text61                            1496C    1496C       22         0
                text60                            140B2    140B2       4C         0
                text59                            127EE    127EE      16A         0
                text58                            122D6    122D6      1BE         0
                text57                            143EE    143EE       3E         0
                text56                            14C32    14C32        E         0
                text55                            148DC    148DC       24         0
                text54                            14C24    14C24        E         0
                text53                            12BFC    12BFC      14E         0
                text52                            12958    12958      154         0
                text51                            13656    13656       B8         0
                text50                            13ECA    13ECA       54         0
                text49                            13F70    13F70       52         0
                text48                            14D16    14D16        6         0
                text47                            14D10    14D10        6         0
                text46                            143B0    143B0       3E         0
                text45                            14C16    14C16        E         0
                text44                            14A74    14A74       1E         0
                text43                            14C08    14C08        E         0
                text42                            14014    14014       4E         0
                text41                            13E76    13E76       54         0
                text40                            13C16    13C16       70         0
                text39                            13CF2    13CF2       64         0
                text38                            14A56    14A56       1E         0
                text37                            14B06    14B06       1A         0
                text36                            145CE    145CE       3A         0
                text35                            14594    14594       3A         0
                text34                            1455A    1455A       3A         0
                text33                            14A16    14A16       20         0
                text32                            134DC    134DC       C0         0
                text31                            1488A    1488A       2A         0
                text30                            14778    14778       30         0
                text29                            14372    14372       3E         0
                text28                            12E8C    12E8C      140         0
                text27                            13A3A    13A3A       84         0
                text26                            13BA6    13BA6       70         0
                text25                            1204E    1204E      288         0
                text24                            139B0    139B0       8A         0
                text23                            131A4    131A4       D0         0
                text22                            119F2    119F2      350         0
                text21                            147A8    147A8       2E         0
                text20                            11D42    11D42      30C         0
                text19                            14220    14220       46         0
                text18                            1359C    1359C       BA         0
                text17                            13410    13410       CC         0
                text16                            12644    12644      1AA         0
                text15                            13916    13916       9A         0
                text14                            13D56    13D56       62         0
                text13                            14748    14748       30         0
                text12                            14520    14520       3A         0
                text11                            10000    10000      9B8         0
                text10                            12AAC    12AAC      150         0
                text9                             13274    13274       CE         0
                text8                             137C6    137C6       AE         0
                text7                             12494    12494      1B0         0
                text6                             109B8    109B8      6F0         0
                text5                             13DB8    13DB8       60         0
                text4                             14860    14860       2A         0
                text3                             14266    14266       44         0
                text2                             14B3A    14B3A       18         0
                text1                             13F1E    13F1E       52         0
                text0                             110A8    110A8      54A         0
                cinit                             12FCC    12FCC       FA         0
                idataBANK2                        146B1    146B1       32         0
                idataBANK1                        1467E    1467E       33         0
                idataBANK0                        14D2E    14D2E        4         0
                idataBIGRAM                       115F2    115F2      400         0

        CLASS   CONST          

        CLASS   SMALLCONST     

        CLASS   MEDIUMCONST    
                mediumconst                        FDFE     FDFE      202         0

        CLASS   COMRAM         
                cstackCOMRAM                          1        1       26         1
                bssCOMRAM                            27       27       1C         1

        CLASS   ABS1           

        CLASS   BIGRAM         
                dataBIGRAM                          583      583      400         1

        CLASS   RAM            

        CLASS   BANK0          
                cstackBANK0                          60       60       90         1
                dataBANK0                            FC       FC        4         1
                bssBANK0                             F0       F0        C         1

        CLASS   BANK1          
                cstackBANK1                         1FB      1FB        4         1
                dataBANK1                           1C8      1C8       33         1
                bssBANK1                            100      100       C8         1

        CLASS   BANK2          
                cstackBANK2                         2C2      2C2       1B         1
                dataBANK2                           290      290       32         1
                bssBANK2                            200      200       90         1

        CLASS   BANK3          
                bssBANK3                            300      300       C3         1

        CLASS   BANK4          
                bssBANK4                            400      400       FF         1

        CLASS   BANK5          
                bssBANK5                            500      500       83         1

        CLASS   BANK6          

        CLASS   BANK7          

        CLASS   BANK8          

        CLASS   BANK9          

        CLASS   BANK10         

        CLASS   BANK11         

        CLASS   BANK12         

        CLASS   BANK13         

        CLASS   BANK14         

        CLASS   BANK15         

        CLASS   BANK16         

        CLASS   BANK17         

        CLASS   BANK18         

        CLASS   BANK19         

        CLASS   BANK20         

        CLASS   BANK21         

        CLASS   BANK22         

        CLASS   BANK23         

        CLASS   BANK24         

        CLASS   BANK25         

        CLASS   BANK26         

        CLASS   BANK27         

        CLASS   BANK28         

        CLASS   BANK29         

        CLASS   BANK30         

        CLASS   BANK31         

        CLASS   SFR            

        CLASS   BIGSFR         

        CLASS   CONFIG         
                config                           300000   300000        A         4

        CLASS   IDLOC          
                idloc                            200000   200000       10         5

        CLASS   EEDATA         

        CLASS   FARRAM         

        CLASS   HEAP           

        CLASS   STACK          



SEGMENTS        Name                           Load    Length   Top    Selector   Space  Class

                dataBIGRAM                     000583  000400  000983       583       1  BIGRAM  
                text11                         010000  004062  014062      8000       0  CODE    
                text120                        0142AC  000042  0142EE      50AB       0  CODE    
                text129                        014064  000246  0142AA      5019       0  CODE    
                text107                        0146E4  00065A  014D3E      A372       0  CODE    
                text124                        014644  00009F  0146E3      5191       0  CODE    
                reset_vec                      000000  000004  000004         0       0  CODE    
                text128                        014D40  000006  014D46      5350       0  CODE    
                text136                        0144A8  00019A  014642      512A       0  CODE    
                text133                        0142F0  0001B6  0144A6      50BC       0  CODE    
                bssBANK4                       000400  0000FF  0004FF       400       1  BANK4   
                cstackBANK0                    000060  0000A0  000100        60       1  BANK0   
                bssBANK1                       000100  0000FF  0001FF       100       1  BANK1   
                cstackCOMRAM                   000001  000042  000043         1       1  COMRAM  
                mediumconst                    00FDFE  000202  010000      7EFF       0  MEDIUMCO
                bssBANK3                       000300  0000C3  0003C3       300       1  BANK3   
                ivt0x8                         000008  0000AA  0000B2         4       0  CODE    
                bssBANK2                       000200  0000DD  0002DD       200       1  BANK2   
                bssBANK5                       000500  000083  000583       500       1  BANK5   


UNUSED ADDRESS RANGES

        Name                Unused          Largest block    Delta
        BANK1            0001FF-0001FF                1
        BANK10           000A00-000AFF              100
        BANK11           000B00-000BFF              100
        BANK12           000C00-000CFF              100
        BANK13           000D00-000DFF              100
        BANK14           000E00-000EFF              100
        BANK15           000F00-000FFF              100
        BANK16           001000-0010FF              100
        BANK17           001100-0011FF              100
        BANK18           001200-0012FF              100
        BANK19           001300-0013FF              100
        BANK2            0002DD-0002FF               23
        BANK20           001400-0014FF              100
        BANK21           001500-0015FF              100
        BANK22           001600-0016FF              100
        BANK23           001700-0017FF              100
        BANK24           001800-0018FF              100
        BANK25           001900-0019FF              100
        BANK26           001A00-001AFF              100
        BANK27           001B00-001BFF              100
        BANK28           001C00-001CFF              100
        BANK29           001D00-001DFF              100
        BANK3            0003C3-0003FF               3D
        BANK30           001E00-001EFF              100
        BANK31           001F00-001FFF              100
        BANK4            0004FF-0004FF                1
        BANK9            000983-0009FF               7D
        BIGRAM           000043-00005F               1D
                         0001FF-0001FF                1
                         0002DD-0002FF               23
                         0003C3-0003FF               3D
                         0004FF-0004FF                1
                         000983-001FFF             167D
        BIGSFR           003800-003FFF              800
        CODE             000004-000007                4
                         0000B2-00FDFD             FD4C
                         014062-014063                2
                         0142AA-0142AB                2
                         0142EE-0142EF                2
                         0144A6-0144A7                2
                         014642-014643                2
                         0146E3-0146E3                1
                         014D3E-014D3F                2
                         014D46-01FFFF             B2BA
        COMRAM           000043-00005F               1D
        CONST            000004-000007                4
                         0000B2-00FDFD             FD4C
                         014062-014063                2
                         0142AA-0142AB                2
                         0142EE-0142EF                2
                         0144A6-0144A7                2
                         014642-014643                2
                         0146E3-0146E3                1
                         014D3E-014D3F                2
                         014D46-01FFFF             B2BA
        EEDATA           310000-3103FF              400
        MEDIUMCONST      002000-00FDFD             DDFE
                         014062-014063                2
                         0142AA-0142AB                2
                         0142EE-0142EF                2
                         0144A6-0144A7                2
                         014642-014643                2
                         0146E3-0146E3                1
                         014D3E-014D3F                2
                         014D46-01FFFF             B2BA
        RAM              0001FF-0001FF                1
                         0002DD-0002FF               23
                         0003C3-0003FF               3D
                         0004FF-0004FF                1
                         000983-001FFF              100
        SFR              003800-003FFF              100
        SMALLCONST       002000-00FDFD              100
                         014062-014063                2
                         0142AA-0142AB                2
                         0142EE-0142EF                2
                         0144A6-0144A7                2
                         014642-014643                2
                         0146E3-0146E3                1
                         014D3E-014D3F                2
                         014D46-01FFFF              100

                                  Symbol Table

?_ADCC_GetConversionResult                             cstackCOMRAM 000001
?___awdiv                                              cstackCOMRAM 00001E
?___awmod                                              cstackCOMRAM 00001E
?___fladd                                              cstackCOMRAM 00001E
?___fldiv                                              cstackCOMRAM 00001E
?___flmul                                              cstackBANK0  000066
?___flneg                                              cstackCOMRAM 00001E
?___flsub                                              cstackBANK0  00007F
?___fltol                                              cstackCOMRAM 00001E
?___fpclassifyf                                        cstackCOMRAM 00001E
?___lodiv                                              cstackBANK0  000060
?___lomod                                              cstackBANK0  000060
?___wmul                                               cstackCOMRAM 00001E
?___xxtofl                                             cstackCOMRAM 00001E
?_atoi                                                 cstackCOMRAM 000025
?_efgtoa                                               cstackBANK0  00008B
?_floorf                                               cstackBANK0  000071
?_fputc                                                cstackCOMRAM 000020
?_fputs                                                cstackBANK0  000065
?_isdigit                                              cstackCOMRAM 00001E
?_isspace                                              cstackCOMRAM 00001E
?_isupper                                              cstackCOMRAM 00001E
?_pad                                                  cstackBANK0  00006C
?_printf                                               cstackBANK2  0002C2
?_sprintf                                              cstackBANK2  0002C2
?_stoa                                                 cstackBANK0  000065
?_strlen                                               cstackCOMRAM 00001E
?_strncmp                                              cstackBANK0  000060
?_tolower                                              cstackCOMRAM 000024
?_utoa                                                 cstackBANK0  000076
?_vfpfcnvrt                                            cstackBANK0  0000C9
?_vfprintf                                             cstackBANK0  0000E8
ADCC_SetADIInterruptHandler@InterruptHandler           cstackCOMRAM 00001E
Adc_Isr@c_adc_chan                                     bssCOMRAM    00003A
DAC1_SetOutput@inputData                               cstackCOMRAM 00001E
DATAEE_ReadByte@bAdd                                   cstackCOMRAM 00001E
DATAEE_WriteByte@GIEBitValue                           cstackCOMRAM 000021
DATAEE_WriteByte@bAdd                                  cstackCOMRAM 00001E
DATAEE_WriteByte@bData                                 cstackCOMRAM 000020
DMA1_SetSCNTIInterruptHandler@InterruptHandler         cstackCOMRAM 00001E
INTERRUPT_Initialize@state                             cstackCOMRAM 00001E
IVTBASEH                                               (abs)        003FD6
IVTBASEL                                               (abs)        003FD5
IVTBASEU                                               (abs)        003FD7
PWM5_LoadDutyValue@dutyValue                           cstackCOMRAM 00001E
PWM6_LoadDutyValue@dutyValue                           cstackCOMRAM 00001E
SPI1_ExchangeByte@data                                 cstackCOMRAM 00001E
StartTimer@count                                       cstackCOMRAM 00001E
StartTimer@timer                                       cstackCOMRAM 000022
TMR5_SetInterruptHandler@InterruptHandler              cstackCOMRAM 00001E
TMR5_WriteTimer@timerVal                               cstackCOMRAM 00000C
TMR6_ISR@CountCallBack                                 bssCOMRAM    000037
TMR6_SetInterruptHandler@InterruptHandler              cstackCOMRAM 00001E
TimerDone@timer                                        cstackCOMRAM 000020
Timers_Isr@i                                           cstackCOMRAM 00000E
UART1_Read@readValue                                   cstackCOMRAM 00001E
UART1_SetErrorHandler@interruptHandler                 cstackCOMRAM 00001E
UART1_SetFramingErrorHandler@interruptHandler          cstackCOMRAM 00001E
UART1_SetFramingErrorInterruptHandler@InterruptHandler cstackCOMRAM 00001E
UART1_SetOverrunErrorHandler@interruptHandler          cstackCOMRAM 00001E
UART1_SetRxInterruptHandler@InterruptHandler           cstackCOMRAM 00001E
UART1_SetTxInterruptHandler@InterruptHandler           cstackCOMRAM 00001E
UART1_SetUartInterruptHandler@InterruptHandler         cstackCOMRAM 00001E
UART1_Write@txData                                     cstackCOMRAM 00001E
WaitMs@numMilliseconds                                 cstackCOMRAM 000023
_ADACCH                                                (abs)        003EE9
_ADACCL                                                (abs)        003EE8
_ADACCU                                                (abs)        003EEA
_ADACQH                                                (abs)        003EF4
_ADACQL                                                (abs)        003EF3
_ADACT                                                 (abs)        003EFE
_ADCAP                                                 (abs)        003EF5
_ADCC_ADI_InterruptHandler                             bssBANK0     0000F0
_ADCC_DefaultInterruptHandler                          text121      014D3A
_ADCC_GetConversionResult                              text123      014BCA
_ADCC_ISR                                              text120      0142AC
_ADCC_Initialize                                       text105      013B34
_ADCC_SetADIInterruptHandler                           text106      014CDA
_ADCLK                                                 (abs)        003EFF
_ADCNT                                                 (abs)        003EEB
_ADCON0                                                (abs)        003EF8
_ADCON1                                                (abs)        003EF9
_ADCON2                                                (abs)        003EFA
_ADCON3                                                (abs)        003EFB
_ADERRH                                                (abs)        003EE3
_ADERRL                                                (abs)        003EE2
_ADFLTRH                                               (abs)        003EE7
_ADFLTRL                                               (abs)        003EE6
_ADLTHH                                                (abs)        003EDF
_ADLTHL                                                (abs)        003EDE
_ADPCH                                                 (abs)        003EF1
_ADPREH                                                (abs)        003EF7
_ADPREL                                                (abs)        003EF6
_ADPREVH                                               (abs)        003EEE
_ADPREVL                                               (abs)        003EED
_ADREF                                                 (abs)        003EFD
_ADRESH                                                (abs)        003EF0
_ADRESL                                                (abs)        003EEF
_ADRPT                                                 (abs)        003EEC
_ADSTAT                                                (abs)        003EFC
_ADSTPTH                                               (abs)        003EE5
_ADSTPTL                                               (abs)        003EE4
_ADUTHH                                                (abs)        003EE1
_ADUTHL                                                (abs)        003EE0
_ANSELA                                                (abs)        003A40
_ANSELB                                                (abs)        003A50
_ANSELC                                                (abs)        003A60
_ANSELD                                                (abs)        003A70
_ANSELE                                                (abs)        003A80
_ANSELF                                                (abs)        003A90
_Adc_Isr                                               text122      013ABE
_CCPTMRS1bits                                          (abs)        003F5F
_DAC1CON0                                              (abs)        003E9E
_DAC1CON1                                              (abs)        003E9C
_DAC1_GetOutput                                        text111      014D1C
_DAC1_Initialize                                       text104      014CE8
_DAC1_SetOutput                                        text110      014CFE
_DATAEE_ReadByte                                       text109      014AB0
_DATAEE_WriteByte                                      text75       014332
_DMA1AIRQ                                              (abs)        003BFE
_DMA1CON0                                              (abs)        003BFC
_DMA1CON0bits                                          (abs)        003BFC
_DMA1CON1                                              (abs)        003BFD
_DMA1CON1bits                                          (abs)        003BFD
_DMA1DPTR                                              (abs)        003BEC
_DMA1DSA                                               (abs)        003BF0
_DMA1DSZ                                               (abs)        003BEE
_DMA1PR                                                (abs)        0039F3
_DMA1SIRQ                                              (abs)        003BFF
_DMA1SPTR                                              (abs)        003BF4
_DMA1SSA                                               (abs)        003BF9
_DMA1SSZ                                               (abs)        003BF7
_DMA1_DMASCNTI_ISR                                     text133      0142F0
_DMA1_DefaultInterruptHandler                          text134      014D44
_DMA1_Initialize                                       text102      013E18
_DMA1_SCNTI_InterruptHandler                           bssBANK1     0001B3
_DMA1_SetSCNTIInterruptHandler                         text103      014CCC
_DMA2CON0bits                                          (abs)        003BDC
_DMA2CON1bits                                          (abs)        003BDD
_DMA2DSA                                               (abs)        003BD0
_DMA2DSZ                                               (abs)        003BCE
_DMA2SSA                                               (abs)        003BD9
_DMA2SSZ                                               (abs)        003BD7
_Default_ISR                                           text128      014D40
_GIE                                                   (abs)        01FE97
_INLVLA                                                (abs)        003A44
_INLVLB                                                (abs)        003A54
_INLVLC                                                (abs)        003A64
_INLVLD                                                (abs)        003A74
_INLVLE                                                (abs)        003A84
_INLVLF                                                (abs)        003A94
_INTCON0bits                                           (abs)        003FD2
_INTERRUPT_Initialize                                  text101      0140FE
_IPR1bits                                              (abs)        003981
_IPR2bits                                              (abs)        003982
_IPR3bits                                              (abs)        003983
_IPR8bits                                              (abs)        003988
_IPR9bits                                              (abs)        003989
_IVTBASEH                                              (abs)        003FD6
_IVTBASEL                                              (abs)        003FD5
_IVTBASEU                                              (abs)        003FD7
_IVTLOCK                                               (abs)        003FD4
_IVTLOCKbits                                           (abs)        003FD4
_LATA                                                  (abs)        003FBA
_LATAbits                                              (abs)        003FBA
_LATB                                                  (abs)        003FBB
_LATC                                                  (abs)        003FBC
_LATCbits                                              (abs)        003FBC
_LATD                                                  (abs)        003FBD
_LATDbits                                              (abs)        003FBD
_LATE                                                  (abs)        003FBE
_LATEbits                                              (abs)        003FBE
_LATF                                                  (abs)        003FBF
_LATFbits                                              (abs)        003FBF
_Led_Blink                                             text126      014A36
_NVMADRH                                               (abs)        0039E1
_NVMADRL                                               (abs)        0039E0
_NVMCON1bits                                           (abs)        0039E5
_NVMCON2                                               (abs)        0039E6
_NVMDAT                                                (abs)        0039E3
_ODCONA                                                (abs)        003A42
_ODCONB                                                (abs)        003A52
_ODCONC                                                (abs)        003A62
_ODCOND                                                (abs)        003A72
_ODCONE                                                (abs)        003A82
_ODCONF                                                (abs)        003A92
_OSCCON1                                               (abs)        0039D9
_OSCCON3                                               (abs)        0039DB
_OSCEN                                                 (abs)        0039DD
_OSCFRQ                                                (abs)        0039DF
_OSCILLATOR_Initialize                                 text100      014AEA
_OSCTUNE                                               (abs)        0039DE
_PIE1bits                                              (abs)        003991
_PIE2bits                                              (abs)        003992
_PIE3bits                                              (abs)        003993
_PIE8bits                                              (abs)        003998
_PIE9bits                                              (abs)        003999
_PIN_MANAGER_Initialize                                text99       013342
_PIR0bits                                              (abs)        0039A0
_PIR1bits                                              (abs)        0039A1
_PIR2bits                                              (abs)        0039A2
_PIR4bits                                              (abs)        0039A4
_PIR8bits                                              (abs)        0039A8
_PIR9bits                                              (abs)        0039A9
_PLLR                                                  (abs)        01CEE0
_PMD0                                                  (abs)        0039C0
_PMD1                                                  (abs)        0039C1
_PMD2                                                  (abs)        0039C2
_PMD3                                                  (abs)        0039C3
_PMD4                                                  (abs)        0039C4
_PMD5                                                  (abs)        0039C5
_PMD6                                                  (abs)        0039C6
_PMD7                                                  (abs)        0039C7
_PMD_Initialize                                        text98       0149D2
_PORTAbits                                             (abs)        003FCA
_PORTBbits                                             (abs)        003FCB
_PRLOCK                                                (abs)        0039EF
_PRLOCKbits                                            (abs)        0039EF
_PWM5CON                                               (abs)        003F6E
_PWM5DCH                                               (abs)        003F6D
_PWM5DCL                                               (abs)        003F6C
_PWM5_Initialize                                       text97       014BB2
_PWM5_LoadDutyValue                                    text108      014716
_PWM6CON                                               (abs)        003F6A
_PWM6DCH                                               (abs)        003F69
_PWM6DCL                                               (abs)        003F68
_PWM6_Initialize                                       text96       014B9A
_PWM6_LoadDutyValue                                    text107      0146E4
_RB1I2C                                                (abs)        003A5A
_RB2I2C                                                (abs)        003A5B
_RC3I2C                                                (abs)        003A6A
_RC3PPS                                                (abs)        003A13
_RC4I2C                                                (abs)        003A6B
_RC5PPS                                                (abs)        003A15
_RC6PPS                                                (abs)        003A16
_RD0I2C                                                (abs)        003A7A
_RD1I2C                                                (abs)        003A7B
_RD2PPS                                                (abs)        003A1A
_RF2PPS                                                (abs)        003A2A
_SLRCONA                                               (abs)        003A43
_SLRCONB                                               (abs)        003A53
_SLRCONC                                               (abs)        003A63
_SLRCOND                                               (abs)        003A73
_SLRCONE                                               (abs)        003A83
_SLRCONF                                               (abs)        003A93
_SPI1BAUD                                              (abs)        003D19
_SPI1CLK                                               (abs)        003D1C
_SPI1CON0                                              (abs)        003D14
_SPI1CON0bits                                          (abs)        003D14
_SPI1CON1                                              (abs)        003D15
_SPI1CON2                                              (abs)        003D16
_SPI1INTFbits                                          (abs)        003D1A
_SPI1RXB                                               (abs)        003D10
_SPI1SCKPPS                                            (abs)        003ADE
_SPI1SDIPPS                                            (abs)        003ADF
_SPI1STATUSbits                                        (abs)        003D17
_SPI1TCNTL                                             (abs)        003D12
_SPI1TXB                                               (abs)        003D11
_SPI1_ExchangeByte                                     text37       014B06
_SPI1_Initialize                                       text95       014B20
_SYSTEM_Initialize                                     text80       01442C
_SrcVarName0                                           bssBANK1     0001BE
_StartTimer                                            text79       0147D6
_SystemArbiter_Initialize                              text94       014CBE
_T2CLKCON                                              (abs)        003FAE
_T2CON                                                 (abs)        003FAC
_T2HLT                                                 (abs)        003FAD
_T2PR                                                  (abs)        003FAB
_T2RST                                                 (abs)        003FAF
_T2TMR                                                 (abs)        003FAA
_T5CLK                                                 (abs)        003F9D
_T5CON                                                 (abs)        003F9A
_T5CONbits                                             (abs)        003F9A
_T5GATE                                                (abs)        003F9C
_T5GCON                                                (abs)        003F9B
_T6CLKCON                                              (abs)        003F96
_T6CON                                                 (abs)        003F94
_T6HLT                                                 (abs)        003F95
_T6PR                                                  (abs)        003F93
_T6RST                                                 (abs)        003F97
_T6TMR                                                 (abs)        003F92
_TABLAT                                                (abs)        003FF5
_TBLPTRH                                               (abs)        003FF7
_TBLPTRL                                               (abs)        003FF6
_TBLPTRU                                               (abs)        003FF8
_TMR2_Initialize                                       text93       014A92
_TMR5H                                                 (abs)        003F99
_TMR5L                                                 (abs)        003F98
_TMR5_DefaultInterruptHandler                          text130      014D42
_TMR5_ISR                                              text129      014064
_TMR5_Initialize                                       text91       014148
_TMR5_InterruptHandler                                 bssBANK1     0001B6
_TMR5_SetInterruptHandler                              text92       014CB0
_TMR5_WriteTimer                                       text132      014948
_TMR6_CallBack                                         text125      014924
_TMR6_DefaultInterruptHandler                          text127      014D3C
_TMR6_ISR                                              text124      014644
_TMR6_Initialize                                       text89       014804
_TMR6_InterruptHandler                                 bssBANK1     0001B9
_TMR6_SetInterruptHandler                              text90       014CA2
_TRISA                                                 (abs)        003FC2
_TRISB                                                 (abs)        003FC3
_TRISC                                                 (abs)        003FC4
_TRISCbits                                             (abs)        003FC4
_TRISD                                                 (abs)        003FC5
_TRISE                                                 (abs)        003FC6
_TRISF                                                 (abs)        003FC7
_TimerDone                                             text78       014900
_Timers_Isr                                            text131      013FC2
_U1BRGH                                                (abs)        003DF6
_U1BRGL                                                (abs)        003DF5
_U1CON0                                                (abs)        003DF2
_U1CON1                                                (abs)        003DF3
_U1CON2                                                (abs)        003DF4
_U1ERRIE                                               (abs)        003DFA
_U1ERRIR                                               (abs)        003DF9
_U1ERRIRbits                                           (abs)        003DF9
_U1FIFO                                                (abs)        003DF7
_U1P1H                                                 (abs)        003DED
_U1P1L                                                 (abs)        003DEC
_U1P2H                                                 (abs)        003DEF
_U1P2L                                                 (abs)        003DEE
_U1P3H                                                 (abs)        003DF1
_U1P3L                                                 (abs)        003DF0
_U1RXB                                                 (abs)        003DE8
_U1RXPPS                                               (abs)        003AE5
_U1TXB                                                 (abs)        003DEA
_U1UIR                                                 (abs)        003DF8
_U1UIRbits                                             (abs)        003DF8
_UART1_DefaultErrorHandler                             text118      014D22
_UART1_DefaultFramingErrorHandler                      text117      014D38
_UART1_DefaultOverrunErrorHandler                      text116      014D36
_UART1_ErrorHandler                                    bssBANK1     0001AA
_UART1_FramingErrorHandler                             bssBANK1     0001B0
_UART1_FramingErrorInterruptHandler                    bssCOMRAM    00002A
_UART1_FramingError_ISR                                text137      014D08
_UART1_Initialize                                      text81       0130C6
_UART1_OverrunErrorHandler                             bssBANK1     0001AD
_UART1_Read                                            text57       0143EE
_UART1_Receive_ISR                                     text115      013874
_UART1_RxDataHandler                                   text119      0149F4
_UART1_RxInterruptHandler                              bssCOMRAM    000030
_UART1_SetErrorHandler                                 text88       014C94
_UART1_SetFramingErrorHandler                          text87       014C86
_UART1_SetFramingErrorInterruptHandler                 text86       014C78
_UART1_SetOverrunErrorHandler                          text85       014C6A
_UART1_SetRxInterruptHandler                           text84       014C5C
_UART1_SetTxInterruptHandler                           text83       014C4E
_UART1_SetUartInterruptHandler                         text82       014C40
_UART1_Transmit_ISR                                    text113      014832
_UART1_TxInterruptHandler                              bssCOMRAM    00002D
_UART1_UARTInterruptHandler                            bssCOMRAM    000027
_UART1_UartInterrupt_ISR                               text139      014D28
_UART1_Write                                           text74       01446A
_UART1_framing_err_vect_isr                            text136      0144A8
_UART1_is_rx_ready                                     text56       014C32
_UART1_rx_vect_isr                                     text114      0141D8
_UART1_tx_vect_isr                                     text112      014190
_UART1_vect_isr                                        text138      0144E4
_WPUA                                                  (abs)        003A41
_WPUB                                                  (abs)        003A51
_WPUC                                                  (abs)        003A61
_WPUD                                                  (abs)        003A71
_WPUE                                                  (abs)        003A81
_WPUF                                                  (abs)        003A91
_WaitMs                                                text77       0148B4
__HRAM                                                 (abs)        000000
__Habs1                                                abs1         000000
__Hbank0                                               bank0        000000
__Hbank1                                               bank1        000000
__Hbank10                                              bank10       000000
__Hbank11                                              bank11       000000
__Hbank12                                              bank12       000000
__Hbank13                                              bank13       000000
__Hbank14                                              bank14       000000
__Hbank15                                              bank15       000000
__Hbank16                                              bank16       000000
__Hbank17                                              bank17       000000
__Hbank18                                              bank18       000000
__Hbank19                                              bank19       000000
__Hbank2                                               bank2        000000
__Hbank20                                              bank20       000000
__Hbank21                                              bank21       000000
__Hbank22                                              bank22       000000
__Hbank23                                              bank23       000000
__Hbank24                                              bank24       000000
__Hbank25                                              bank25       000000
__Hbank26                                              bank26       000000
__Hbank27                                              bank27       000000
__Hbank28                                              bank28       000000
__Hbank29                                              bank29       000000
__Hbank3                                               bank3        000000
__Hbank30                                              bank30       000000
__Hbank31                                              bank31       000000
__Hbank4                                               bank4        000000
__Hbank5                                               bank5        000000
__Hbank6                                               bank6        000000
__Hbank7                                               bank7        000000
__Hbank8                                               bank8        000000
__Hbank9                                               bank9        000000
__Hbigbss                                              bigbss       000000
__Hbigdata                                             bigdata      000000
__Hbigram                                              bigram       000000
__Hbigsfr                                              bigsfr       000000
__Hbss                                                 bss          000000
__HbssBANK0                                            bssBANK0     000000
__HbssBANK1                                            bssBANK1     000000
__HbssBANK2                                            bssBANK2     000000
__HbssBANK3                                            bssBANK3     000000
__HbssBANK4                                            bssBANK4     000000
__HbssBANK5                                            bssBANK5     000000
__HbssCOMRAM                                           bssCOMRAM    000000
__Hcinit                                               cinit        000000
__Hclrtext                                             clrtext      000000
__Hcomram                                              comram       000000
__Hconfig                                              config       30000A
__Hconst                                               const        000000
__HcstackBANK0                                         cstackBANK0  000000
__HcstackBANK1                                         cstackBANK1  000000
__HcstackBANK2                                         cstackBANK2  000000
__HcstackCOMRAM                                        cstackCOMRAM 000000
__Hdata                                                data         000000
__HdataBANK0                                           dataBANK0    000000
__HdataBANK1                                           dataBANK1    000000
__HdataBANK2                                           dataBANK2    000000
__HdataBIGRAM                                          dataBIGRAM   000000
__Heeprom_data                                         eeprom_data  000000
__Hfarbss                                              farbss       000000
__Hfardata                                             fardata      000000
__Hheap                                                heap         000000
__Hibigdata                                            ibigdata     000000
__Hidata                                               idata        000000
__HidataBANK0                                          idataBANK0   000000
__HidataBANK1                                          idataBANK1   000000
__HidataBANK2                                          idataBANK2   000000
__HidataBIGRAM                                         idataBIGRAM  000000
__Hidloc                                               idloc        200010
__Hifardata                                            ifardata     000000
__Hinit                                                init         0000B2
__Hintsave_regs                                        intsave_regs 000000
__Hirdata                                              irdata       000000
__Hivt0x8                                              ivt0x8       0000AE
__Hmediumconst                                         mediumconst  010000
__HnvFARRAM                                            nvFARRAM     000000
__Hnvbit                                               nvbit        000000
__Hnvrram                                              nvrram       000000
__Hparam                                               rparam       000000
__Hpowerup                                             powerup      000000
__Hram                                                 ram          000000
__Hramtop                                              ramtop       002000
__Hrbit                                                rbit         000000
__Hrbss                                                rbss         000000
__Hrdata                                               rdata        000000
__Hreset_vec                                           reset_vec    000004
__Hrparam                                              rparam       000000
__Hsfr                                                 sfr          000000
__Hsmallconst                                          smallconst   000000
__Hspace_0                                             (abs)        014D46
__Hspace_1                                             (abs)        000983
__Hspace_2                                             (abs)        000000
__Hspace_4                                             (abs)        60000A
__Hstack                                               stack        000000
__Hstruct                                              struct       000000
__Htemp                                                temp         000000
__Htext                                                text         000000
__Htext0                                               text0        000000
__Htext1                                               text1        000000
__Htext10                                              text10       000000
__Htext100                                             text100      000000
__Htext101                                             text101      000000
__Htext102                                             text102      000000
__Htext103                                             text103      000000
__Htext104                                             text104      000000
__Htext105                                             text105      000000
__Htext106                                             text106      000000
__Htext107                                             text107      000000
__Htext108                                             text108      000000
__Htext109                                             text109      000000
__Htext11                                              text11       000000
__Htext110                                             text110      000000
__Htext111                                             text111      000000
__Htext112                                             text112      000000
__Htext113                                             text113      000000
__Htext114                                             text114      000000
__Htext115                                             text115      000000
__Htext116                                             text116      000000
__Htext117                                             text117      000000
__Htext118                                             text118      000000
__Htext119                                             text119      000000
__Htext12                                              text12       000000
__Htext120                                             text120      000000
__Htext121                                             text121      000000
__Htext122                                             text122      000000
__Htext123                                             text123      000000
__Htext124                                             text124      000000
__Htext125                                             text125      000000
__Htext126                                             text126      000000
__Htext127                                             text127      000000
__Htext128                                             text128      000000
__Htext129                                             text129      000000
__Htext13                                              text13       000000
__Htext130                                             text130      000000
__Htext131                                             text131      000000
__Htext132                                             text132      000000
__Htext133                                             text133      000000
__Htext134                                             text134      000000
__Htext135                                             text135      000000
__Htext136                                             text136      000000
__Htext137                                             text137      000000
__Htext138                                             text138      000000
__Htext139                                             text139      000000
__Htext14                                              text14       000000
__Htext140                                             text140      000000
__Htext15                                              text15       000000
__Htext16                                              text16       000000
__Htext17                                              text17       000000
__Htext18                                              text18       000000
__Htext19                                              text19       000000
__Htext2                                               text2        000000
__Htext20                                              text20       000000
__Htext21                                              text21       000000
__Htext22                                              text22       000000
__Htext23                                              text23       000000
__Htext24                                              text24       000000
__Htext25                                              text25       000000
__Htext26                                              text26       000000
__Htext27                                              text27       000000
__Htext28                                              text28       000000
__Htext29                                              text29       000000
__Htext3                                               text3        000000
__Htext30                                              text30       000000
__Htext31                                              text31       000000
__Htext32                                              text32       000000
__Htext33                                              text33       000000
__Htext34                                              text34       000000
__Htext35                                              text35       000000
[...]
isupper@c                                              cstackCOMRAM 00001E
ivt0x8_base                                            ivt0x8       000008
ivt0x8_undefint                                        ivt0x8       0000AC
linux_getc@a_data                                      cstackCOMRAM 00001F
linux_putc@a_len                                       cstackBANK0  000070
linux_putc@data                                        cstackBANK0  00006E
main@i                                                 cstackBANK2  0002DC
main@lcd_update                                        cstackBANK2  0002DB
memcpy@d                                               cstackBANK0  000061
memcpy@d1                                              cstackCOMRAM 00001E
memcpy@n                                               cstackCOMRAM 000022
memcpy@s                                               cstackBANK0  000063
memcpy@s1                                              cstackCOMRAM 000020
memcpy@tmp                                             cstackBANK0  000060
memset@c                                               cstackCOMRAM 000020
memset@dest                                            cstackCOMRAM 00001E
memset@k                                               cstackBANK0  000060
memset@n                                               cstackCOMRAM 000022
memset@s                                               cstackBANK0  000062
pad@buf                                                cstackBANK0  00006E
pad@fp                                                 cstackBANK0  00006C
pad@i                                                  cstackBANK0  000072
pad@p                                                  cstackBANK0  000070
pad@w                                                  cstackBANK0  000074
printf@ap                                              cstackBANK1  0001FB
printf@fmt                                             cstackBANK2  0002C2
putch@txData                                           cstackCOMRAM 00001F
puts@s                                                 cstackBANK0  00006C
ringBufS_flush@_this                                   cstackBANK0  000064
ringBufS_flush@clearBuffer                             cstackBANK0  000066
ringBufS_init@_this                                    cstackBANK0  000064
ringBufS_put_dma@_this                                 cstackCOMRAM 00001E
ringBufS_put_dma@c                                     cstackCOMRAM 000020
ringBufS_put_dma_cpy@_this                             cstackBANK0  000065
ringBufS_put_dma_cpy@len                               cstackBANK0  000069
ringBufS_put_dma_cpy@ptr                               cstackBANK0  000067
send_lcd_cmd@cmd                                       cstackCOMRAM 000022
send_lcd_cmd_dma@strPtr                                cstackBANK0  000067
send_lcd_cmd_long@cmd                                  cstackCOMRAM 000022
send_lcd_data@data                                     cstackCOMRAM 000022
send_lcd_data_dma@strPtr                               cstackCOMRAM 000026
sprintf@ap                                             cstackBANK2  0002CE
sprintf@f                                              cstackBANK2  0002D0
sprintf@fmt                                            cstackBANK2  0002C4
sprintf@s                                              cstackBANK2  0002C2
stackhi                                                (abs)        000000
stacklo                                                (abs)        000000
start                                                  init         0000AE
start_initialization                                   cinit        012FCC
stoa@F1164                                             dataBANK1    0001C8
stoa@cp                                                cstackBANK0  000074
stoa@fp                                                cstackBANK0  000065
stoa@i                                                 cstackBANK0  000070
stoa@l                                                 cstackBANK0  000078
stoa@nuls                                              cstackBANK0  000069
stoa@p                                                 cstackBANK0  000076
stoa@s                                                 cstackBANK0  000067
stoa@w                                                 cstackBANK0  000072
strcpy@d                                               cstackBANK0  000062
strcpy@dest                                            cstackCOMRAM 00001E
strcpy@s                                               cstackBANK0  000060
strcpy@src                                             cstackCOMRAM 000020
strlen@a                                               cstackCOMRAM 000020
strlen@s                                               cstackCOMRAM 00001E
strncmp@_l                                             cstackBANK0  000060
strncmp@_r                                             cstackBANK0  000062
strncmp@l                                              cstackBANK0  000066
strncmp@n                                              cstackBANK0  000064
strncmp@r                                              cstackBANK0  000068
tolower@c                                              cstackCOMRAM 000024
utoa@d                                                 cstackBANK0  000078
utoa@fp                                                cstackBANK0  000076
utoa@i                                                 cstackBANK0  000094
utoa@n                                                 cstackBANK0  00008C
utoa@p                                                 cstackBANK0  000088
utoa@w                                                 cstackBANK0  00008A
vfpfcnvrt@ap                                           cstackBANK0  0000CC
vfpfcnvrt@c                                            cstackBANK0  0000E0
vfpfcnvrt@cp                                           cstackBANK0  0000DA
vfpfcnvrt@ct                                           cstackBANK0  0000E5
vfpfcnvrt@done                                         cstackBANK0  0000DC
vfpfcnvrt@f                                            cstackBANK0  0000E1
vfpfcnvrt@fmt                                          cstackBANK0  0000CB
vfpfcnvrt@fp                                           cstackBANK0  0000C9
vfpfcnvrt@llu                                          cstackBANK0  0000D2
vfprintf@ap                                            cstackBANK0  0000EC
vfprintf@cfmt                                          cstackBANK0  0000EE
vfprintf@fmt                                           cstackBANK0  0000EA
vfprintf@fp                                            cstackBANK0  0000E8
wdtdelay@dcount                                        bssBANK1     00019E
wdtdelay@delay                                         cstackCOMRAM 00001E


MODULE INFORMATION

Module		Function		Class		Link	Load	Size
/opt/microchip/xc8/v2.36/pic/sources/c99/common/__fpclassifyf.c
		___fpclassifyf 		CODE           	13410	0000	204

/opt/microchip/xc8/v2.36/pic/sources/c99/common/__fpclassifyf.c estimated size: 204

/opt/microchip/xc8/v2.36/pic/sources/c99/common/memset.c
		_memset        		CODE           	12BFC	0000	334

/opt/microchip/xc8/v2.36/pic/sources/c99/common/memset.c estimated size: 334

/opt/microchip/xc8/v2.36/pic/sources/c99/common/isupper.c
		_isupper       		CODE           	14748	0000	48

/opt/microchip/xc8/v2.36/pic/sources/c99/common/isupper.c estimated size: 48

ringbufs.c
		_ringBufS_init 		CODE           	14A56	0000	30
		_ringBufS_flush		CODE           	13ECA	0000	84
		_ringBufS_put_dma_cpy		CODE           	13E76	0000	84
		_ringBufS_put_dma		CODE           	13F70	0000	82

ringbufs.c estimated size: 280

timers.c
		_Timers_Isr    		CODE           	13FC2	0000	82
		_WaitMs        		CODE           	148B4	0000	40
		_StartTimer    		CODE           	147D6	0000	46
		_TimerDone     		CODE           	14900	0000	36

timers.c estimated size: 204

disp_led.c
		_display_led   		CODE           	13656	0000	184

disp_led.c estimated size: 184

mcc_generated_files/tmr6.c
		_TMR6_CallBack 		CODE           	14924	0000	36
		_TMR6_ISR      		CODE           	14644	0000	58
		_TMR6_Initialize		CODE           	14804	0000	46
		_TMR6_SetInterruptHandler		CODE           	14CA2	0000	14
		_TMR6_DefaultInterruptHandler		CODE           	14D3C	0000	2

mcc_generated_files/tmr6.c estimated size: 156

mcc_generated_files/pwm6.c
		_PWM6_LoadDutyValue		CODE           	146E4	0000	50
		_PWM6_Initialize		CODE           	14B9A	0000	24

mcc_generated_files/pwm6.c estimated size: 74

/opt/microchip/xc8/v2.36/pic/sources/c99/common/doprnt.c
		_vfpfcnvrt     		CODE           	109B8	0000	1776
		_efgtoa        		CODE           	10000	0000	2488
		_pad           		CODE           	13916	0000	154
		_vfprintf      		CODE           	13DB8	0000	96
		_stoa          		CODE           	12AAC	0000	336
		_utoa          		CODE           	12494	0000	432

/opt/microchip/xc8/v2.36/pic/sources/c99/common/doprnt.c estimated size: 5282

/opt/microchip/xc8/v2.36/pic/sources/c99/common/flneg.c
		___flneg       		CODE           	147A8	0000	46

/opt/microchip/xc8/v2.36/pic/sources/c99/common/flneg.c estimated size: 46

/opt/microchip/xc8/v2.36/pic/sources/c99/common/nf_fputc.c
		_fputc         		CODE           	1370E	0000	184

/opt/microchip/xc8/v2.36/pic/sources/c99/common/nf_fputc.c estimated size: 184

/opt/microchip/xc8/v2.36/pic/sources/c99/common/atoi.c
		_atoi          		CODE           	12E8C	0000	320

/opt/microchip/xc8/v2.36/pic/sources/c99/common/atoi.c estimated size: 320

/opt/microchip/xc8/v2.36/pic/sources/c99/common/fleq.c
		___fleq        		CODE           	139B0	0000	138

/opt/microchip/xc8/v2.36/pic/sources/c99/common/fleq.c estimated size: 138

mcc_generated_files/tmr2.c
		_TMR2_Initialize		CODE           	14A92	0000	30

mcc_generated_files/tmr2.c estimated size: 30

mcc_generated_files/interrupt_manager.c
		_INTERRUPT_Initialize		CODE           	140FE	0000	74
		_Default_ISR   		CODE           	14D40	0000	2

mcc_generated_files/interrupt_manager.c estimated size: 76

/opt/microchip/xc8/v2.36/pic/sources/c99/common/Umul16.c
		___wmul        		CODE           	1488A	0000	42

/opt/microchip/xc8/v2.36/pic/sources/c99/common/Umul16.c estimated size: 42

/opt/microchip/xc8/v2.36/pic/sources/c99/common/puts.c
		_puts          		CODE           	14608	0000	58

/opt/microchip/xc8/v2.36/pic/sources/c99/common/puts.c estimated size: 58

/opt/microchip/xc8/v2.36/pic/sources/c99/common/lomod.c
		___lomod       		CODE           	137C6	0000	174

/opt/microchip/xc8/v2.36/pic/sources/c99/common/lomod.c estimated size: 174

eadog.c
		_init_display  		CODE           	134DC	0000	192
		_eaDogM_WriteCommand		CODE           	14C08	0000	14
		_source_dma_done		CODE           	14D32	0000	4
		_wdtdelay      		CODE           	145CE	0000	58
		_send_lcd_cmd  		CODE           	14594	0000	58
		_send_lcd_cmd_dma		CODE           	14A74	0000	30
		_send_lcd_data 		CODE           	14A16	0000	32
		_send_lcd_data_dma		CODE           	143B0	0000	62
		_wait_lcd_set  		CODE           	14D10	0000	6
		_eaDogM_WriteStringAtPos		CODE           	13CF2	0000	100
		_wait_lcd_done 		CODE           	14C16	0000	14
		_send_lcd_cmd_long		CODE           	1455A	0000	58
		_start_lcd     		CODE           	14D16	0000	6
		_eaDogM_WriteString		CODE           	13C16	0000	112

eadog.c estimated size: 746

/opt/microchip/xc8/v2.36/pic/sources/c99/common/isspace.c
		_isspace       		CODE           	14372	0000	62

/opt/microchip/xc8/v2.36/pic/sources/c99/common/isspace.c estimated size: 62

mcc_generated_files/pin_manager.c
		_PIN_MANAGER_Initialize		CODE           	13342	0000	206

mcc_generated_files/pin_manager.c estimated size: 206

mcc_generated_files/spi1.c
		_SPI1_Initialize		CODE           	14B20	0000	26
		_SPI1_ExchangeByte		CODE           	14B06	0000	26

mcc_generated_files/spi1.c estimated size: 52

/opt/microchip/xc8/v2.36/pic/sources/c99/common/memcpy.c
		_memcpy        		CODE           	14014	0000	78

/opt/microchip/xc8/v2.36/pic/sources/c99/common/memcpy.c estimated size: 78

/opt/microchip/xc8/v2.36/pic/sources/c99/common/tolower.c
		_tolower       		CODE           	14520	0000	58

/opt/microchip/xc8/v2.36/pic/sources/c99/common/tolower.c estimated size: 58

/opt/microchip/xc8/v2.36/pic/sources/c99/common/strncmp.c
		_strncmp       		CODE           	127EE	0000	362

/opt/microchip/xc8/v2.36/pic/sources/c99/common/strncmp.c estimated size: 362

/opt/microchip/xc8/v2.36/pic/sources/c99/common/sprcmul.c
		___flmul       		CODE           	119F2	0000	848

/opt/microchip/xc8/v2.36/pic/sources/c99/common/sprcmul.c estimated size: 848

/opt/microchip/xc8/v2.36/pic/sources/c99/common/awmod.c
		___awmod       		CODE           	13BA6	0000	112

/opt/microchip/xc8/v2.36/pic/sources/c99/common/awmod.c estimated size: 112

/opt/microchip/xc8/v2.36/pic/sources/c99/common/sprcdiv.c
		___fldiv       		CODE           	1204E	0000	648

/opt/microchip/xc8/v2.36/pic/sources/c99/common/sprcdiv.c estimated size: 648

mcc_generated_files/dma1.c
		_DMA1_Initialize		CODE           	13E18	0000	94
		_DMA1_SetSCNTIInterruptHandler		CODE           	14CCC	0000	14
		_DMA1_DefaultInterruptHandler		CODE           	14D44	0000	2
		_DMA1_DMASCNTI_ISR		CODE           	142F0	0000	66

mcc_generated_files/dma1.c estimated size: 176

mcc_generated_files/uart1.c
		_UART1_FramingError_ISR		CODE           	14D08	0000	8
		_UART1_rx_vect_isr		CODE           	141D8	0000	72
		_UART1_Write   		CODE           	1446A	0000	60
		_putch         		CODE           	14CF4	0000	10
		_UART1_UartInterrupt_ISR		CODE           	14D28	0000	6
		_UART1_SetFramingErrorHandler		CODE           	14C86	0000	14
		_UART1_SetOverrunErrorHandler		CODE           	14C6A	0000	14
		_UART1_tx_vect_isr		CODE           	14190	0000	72
		_UART1_Receive_ISR		CODE           	13874	0000	162
		_UART1_SetRxInterruptHandler		CODE           	14C5C	0000	14
		_UART1_SetTxInterruptHandler		CODE           	14C4E	0000	14
		_UART1_Initialize		CODE           	130C6	0000	222
		_UART1_SetErrorHandler		CODE           	14C94	0000	14
		_UART1_Transmit_ISR		CODE           	14832	0000	46
		_UART1_Read    		CODE           	143EE	0000	62
		_UART1_vect_isr		CODE           	144E4	0000	60
		_UART1_DefaultFramingErrorHandler		CODE           	14D38	0000	2
		_UART1_SetFramingErrorInterruptHandler		CODE           	14C78	0000	14
		_UART1_SetUartInterruptHandler		CODE           	14C40	0000	14
		_UART1_is_rx_ready		CODE           	14C32	0000	14
		_UART1_DefaultErrorHandler		CODE           	14D22	0000	6
		_UART1_framing_err_vect_isr		CODE           	144A8	0000	60
		_UART1_RxDataHandler		CODE           	149F4	0000	34
		_UART1_DefaultOverrunErrorHandler		CODE           	14D36	0000	2

mcc_generated_files/uart1.c estimated size: 996

mcc_generated_files/tmr5.c
		_TMR5_ISR      		CODE           	14064	0000	78
		_TMR5_Initialize		CODE           	14148	0000	72
		_TMR5_SetInterruptHandler		CODE           	14CB0	0000	14
		_TMR5_DefaultInterruptHandler		CODE           	14D42	0000	2
		_TMR5_WriteTimer		CODE           	14948	0000	36

mcc_generated_files/tmr5.c estimated size: 202

/opt/microchip/xc8/v2.36/pic/sources/c99/common/printf.c
		_printf        		CODE           	14860	0000	42

/opt/microchip/xc8/v2.36/pic/sources/c99/common/printf.c estimated size: 42

/opt/microchip/xc8/v2.36/pic/sources/c99/common/lodiv.c
		___lodiv       		CODE           	13274	0000	206

/opt/microchip/xc8/v2.36/pic/sources/c99/common/lodiv.c estimated size: 206

shared
		_cmdm          		MEDIUMCONST    	FE04	0000	28
		__initialization		CODE           	12FCC	0000	244
		_build_version 		MEDIUMCONST    	FE20	0000	14
		_spi1_configuration		MEDIUMCONST    	0000	0000	0

shared estimated size: 286

mcc_generated_files/pwm5.c
		_PWM5_LoadDutyValue		CODE           	14716	0000	50
		_PWM5_Initialize		CODE           	14BB2	0000	24

mcc_generated_files/pwm5.c estimated size: 74

mcc_generated_files/mcc.c
		_SystemArbiter_Initialize		CODE           	14CBE	0000	14
		_PMD_Initialize		CODE           	149D2	0000	34
		_OSCILLATOR_Initialize		CODE           	14AEA	0000	28
		_SYSTEM_Initialize		CODE           	1442C	0000	62

mcc_generated_files/mcc.c estimated size: 138

/opt/microchip/xc8/v2.36/pic/sources/c99/common/strlen.c
		_strlen        		CODE           	140B2	0000	76

/opt/microchip/xc8/v2.36/pic/sources/c99/common/strlen.c estimated size: 76

/opt/microchip/xc8/v2.36/pic/sources/c99/common/flge.c
		___flge        		CODE           	131A4	0000	208

/opt/microchip/xc8/v2.36/pic/sources/c99/common/flge.c estimated size: 208

/opt/microchip/xc8/v2.36/pic/sources/c99/common/floorf.c
		_floorf        		CODE           	12644	0000	426

/opt/microchip/xc8/v2.36/pic/sources/c99/common/floorf.c estimated size: 426

/opt/microchip/xc8/v2.36/pic/sources/c99/common/nf_fputs.c
		_fputs         		CODE           	13C86	0000	108

/opt/microchip/xc8/v2.36/pic/sources/c99/common/nf_fputs.c estimated size: 108

/opt/microchip/xc8/v2.36/pic/sources/c99/common/strcpy.c
		_strcpy        		CODE           	13D56	0000	98

/opt/microchip/xc8/v2.36/pic/sources/c99/common/strcpy.c estimated size: 98

/opt/microchip/xc8/v2.36/pic/sources/c99/common/awdiv.c
		___awdiv       		CODE           	13A3A	0000	132

/opt/microchip/xc8/v2.36/pic/sources/c99/common/awdiv.c estimated size: 132

/opt/microchip/xc8/v2.36/pic/sources/c99/common/fltol.c
		___fltol       		CODE           	1359C	0000	186

/opt/microchip/xc8/v2.36/pic/sources/c99/common/fltol.c estimated size: 186

/opt/microchip/xc8/v2.36/pic/sources/c99/common/isdigit.c
		_isdigit       		CODE           	14778	0000	48

/opt/microchip/xc8/v2.36/pic/sources/c99/common/isdigit.c estimated size: 48

mcc_generated_files/memory.c
		_DATAEE_WriteByte		CODE           	14332	0000	64
		_DATAEE_ReadByte		CODE           	14AB0	0000	30

mcc_generated_files/memory.c estimated size: 94

/opt/microchip/xc8/v2.36/pic/sources/c99/common/sprcadd.c
		___flsub       		CODE           	14220	0000	70
		___fladd       		CODE           	11D42	0000	780

/opt/microchip/xc8/v2.36/pic/sources/c99/common/sprcadd.c estimated size: 850

mcc_generated_files/dac1.c
		_DAC1_GetOutput		CODE           	14D1C	0000	6
		_DAC1_SetOutput		CODE           	14CFE	0000	10
		_DAC1_Initialize		CODE           	14CE8	0000	12

mcc_generated_files/dac1.c estimated size: 28

/opt/microchip/xc8/v2.36/pic/sources/c99/common/xxtofl.c
		___xxtofl      		CODE           	12D4A	0000	322

/opt/microchip/xc8/v2.36/pic/sources/c99/common/xxtofl.c estimated size: 322

mcc_generated_files/adcc.c
		_ADCC_DefaultInterruptHandler		CODE           	14D3A	0000	2
		_ADCC_GetConversionResult		CODE           	14BCA	0000	22
		_ADCC_SetADIInterruptHandler		CODE           	14CDA	0000	14
		_ADCC_ISR      		CODE           	142AC	0000	66
		_ADCC_Initialize		CODE           	13B34	0000	114

mcc_generated_files/adcc.c estimated size: 218

scdm.c
		_cli_read      		CODE           	12958	0000	340
		_cli_init      		CODE           	14266	0000	68
		__cli_interpret_cmd		CODE           	122D6	0000	446
		_linux_getc    		CODE           	148DC	0000	36
		_linux_putc    		CODE           	14C24	0000	14
		_scmd_init     		CODE           	14B3A	0000	24

scdm.c estimated size: 928

main.c
		_fh_po         		CODE           	14BF4	0000	20
		_fh_pu         		CODE           	14B82	0000	24
		_Led_Blink     		CODE           	14A36	0000	32
		_main          		CODE           	110A8	0000	1354
		_fh_pd         		CODE           	14B6A	0000	24
		_fh_p0         		CODE           	1498E	0000	34
		_fh_pp         		CODE           	14BE0	0000	20
		_fh_p1         		CODE           	1496C	0000	34
		_fh_pl         		CODE           	14B52	0000	24
		_fh_pr         		CODE           	149B0	0000	34
		_Adc_Isr       		CODE           	13ABE	0000	118
		_fh_ps         		CODE           	14ACE	0000	28

main.c estimated size: 1746

/opt/microchip/xc8/v2.36/pic/sources/c99/common/nf_sprintf.c
		_sprintf       		CODE           	13F1E	0000	82

/opt/microchip/xc8/v2.36/pic/sources/c99/common/nf_sprintf.c estimated size: 82

