Microchip MPLAB XC8 Compiler V2.46

Linker command line:

-W-3 --edf=/opt/microchip/xc8/v2.46/pic/dat/20240104201356_en.msgs \
  -pivt0x8=08h -cn -h+dist/default/production/ps_test.X.production.sym \
  --cmf=dist/default/production/ps_test.X.production.cmf -z -Q18F57K42 \
  -o/tmp/xcXHnfBbe/driver_tmp_3.o --defsym=__MPLAB_BUILD=1 \
  --fixupoverflow=error -Mdist/default/production/ps_test.X.production.map \
  --md=/tmp/xcXHnfBbe/driver_tmp_0.dat -E1 -ver=XC8 Compiler --acfsm=1493 \
  -ACODE=00h-01FFFFh -ACONST=00h-01FFFFh -ASMALLCONST=02000h-020FFhx480 \
  -AMEDIUMCONST=02000h-0FFFFh,012000h-01FFFFh -ACOMRAM=01h-05Fh \
  -AABS1=00h-01FFFh -ABIGRAM=01h-01FFFh -ARAM=060h-0FFh,0100h-01FFhx31 \
  -ABANK0=060h-0FFh -ABANK1=0100h-01FFh -ABANK2=0200h-02FFh \
  -ABANK3=0300h-03FFh -ABANK4=0400h-04FFh -ABANK5=0500h-05FFh \
  -ABANK6=0600h-06FFh -ABANK7=0700h-07FFh -ABANK8=0800h-08FFh \
  -ABANK9=0900h-09FFh -ABANK10=0A00h-0AFFh -ABANK11=0B00h-0BFFh \
  -ABANK12=0C00h-0CFFh -ABANK13=0D00h-0DFFh -ABANK14=0E00h-0EFFh \
  -ABANK15=0F00h-0FFFh -ABANK16=01000h-010FFh -ABANK17=01100h-011FFh \
  -ABANK18=01200h-012FFh -ABANK19=01300h-013FFh -ABANK20=01400h-014FFh \
  -ABANK21=01500h-015FFh -ABANK22=01600h-016FFh -ABANK23=01700h-017FFh \
  -ABANK24=01800h-018FFh -ABANK25=01900h-019FFh -ABANK26=01A00h-01AFFh \
  -ABANK27=01B00h-01BFFh -ABANK28=01C00h-01CFFh -ABANK29=01D00h-01DFFh \
  -ABANK30=01E00h-01EFFh -ABANK31=01F00h-01FFFh \
  -ASFR=03800h-038FFhx7,03F00h-03F5Fh,03F60h-03FFFh -ABIGSFR=03800h-03FFFh \
  -ACONFIG=0300000h-0300009h -AIDLOC=0200000h-020000Fh \
  -AEEDATA=0310000h-03103FFh -peeprom_data=EEDATA -preset_vec=00h \
  -ppowerup=CODE,init -pramtop=02000h -psmallconst=SMALLCONST \
  -pmediumconst=MEDIUMCONST -pconst=CONST -AFARRAM=00h-00h \
  -prdata=COMRAM,nvrram=COMRAM,nvbit=COMRAM,rbss=COMRAM,rbit=COMRAM \
  -pfarbss=FARRAM,fardata=FARRAM,nvFARRAM=FARRAM \
  -pintsave_regs=BIGRAM,bigbss=BIGRAM,bigdata=BIGRAM -pbss=RAM \
  -pidata=CODE,irdata=CODE,ibigdata=CODE,ifardata=CODE -prparam=COMRAM \
  /tmp/xcXHnfBbe/driver_tmp_14.o \
  dist/default/production/ps_test.X.production.o 

Object code version is 3.11

Machine type is 18F57K42



                Name                               Link     Load   Length Selector   Space Scale
/tmp/xcXHnfBbe/driver_tmp_14.o
                idloc                            200000   200000       10        0       5
                config                           300000   300000        A        0       4
                init                                 AE       AE        4        4       0
                reset_vec                             0        0        4        0       0
dist/default/production/ps_test.X.production.o
                idloc                            200000   200000       10        0       5
                config                           300000   300000        A        0       4
                mediumconst                        FDCA     FDCA      236     7EE5       0
                ivt0x8                                8        8       A6        4       0
                text139                           14C86    14C86        6     513B       0
                text138                           144EC    144EC       3E     513B       0
                text137                           14C66    14C66        8     513B       0
                text136                           144AC    144AC       3E     50BD       0
                text135                           142F4    142F4       42     50BD       0
                text134                           14C92    14C92        4     A649       0
                text133                           14CA8    14CA8        2     5329       0
                text132                           142B0    142B0       42     50AC       0
                text131                           148F2    148F2       24     513B       0
                text130                           13E16    13E16       52     8000       0
                text129                           14CA6    14CA6        2     5329       0
                text128                           13F54    13F54       4E     4FD5       0
                text127                           14CA4    14CA4        2     5329       0
                text126                           14CA0    14CA0        2     A649       0
                text125                           149BC    149BC       20     513B       0
                text124                           148CE    148CE       24     513B       0
                text123                           145DC    145DC       3A     513B       0
                text122                           14B50    14B50       16     513B       0
                text121                           12FEE    12FEE       E0     8000       0
                text120                           14C9E    14C9E        2     A649       0
                text119                           1426C    1426C       42     5033       0
                text118                           1495A    1495A       22     513B       0
                text117                           14C80    14C80        6     513B       0
                text116                           14C9C    14C9C        2     A649       0
                text115                           14C9A    14C9A        2     A649       0
                text114                           13860    13860       9C     8000       0
                text113                           14114    14114       48     5033       0
                text112                           1473C    1473C       2E     513B       0
                text111                           140CC    140CC       48     5033       0
                text110                           14C7A    14C7A        6     513B       0
                text109                           14C5C    14C5C        A     513B       0
                text108                           149FA    149FA       1E     513B       0
                text107                           14616    14616       34     513B       0
                text106                           1467C    1467C       32     513B       0
                text105                           14C38    14C38        E     513B       0
                text104                           139FC    139FC       74     8000       0
                text103                           14C46    14C46        C     513B       0
                text102                           14C2A    14C2A        E     513B       0
                text101                           14C1C    14C1C        E     513B       0
                text100                           13A70    13A70       72     8000       0
                text99                            13FA2    13FA2       4C     4FD5       0
                text98                            14A88    14A88       1C     513B       0
                text97                            1319E    1319E       CE     8000       0
                text96                            14938    14938       22     513B       0
                text95                            14B38    14B38       18     513B       0
                text94                            14B20    14B20       18     513B       0
                text93                            14ABE    14ABE       1A     513B       0
                text92                            14C0E    14C0E        E     513B       0
                text91                            149DC    149DC       1E     513B       0
                text90                            14C00    14C00        E     513B       0
                text89                            14038    14038       4A     4FD5       0
                text88                            14BF2    14BF2        E     513B       0
                text87                            146DE    146DE       30     513B       0
                text86                            14BE4    14BE4        E     513B       0
                text85                            14BD6    14BD6        E     513B       0
                text84                            14BC8    14BC8        E     513B       0
                text83                            14BBA    14BBA        E     513B       0
                text82                            14BAC    14BAC        E     513B       0
                text81                            14B9E    14B9E        E     513B       0
                text80                            14B90    14B90        E     513B       0
                text79                            12F00    12F00       EE     8000       0
                text78                            1446E    1446E       3E     50BD       0
                text77                            146AE    146AE       30     513B       0
                text76                            14810    14810       28     513B       0
                text75                            147E8    147E8       28     513B       0
                text74                            14336    14336       40     50BD       0
                text73                            147BE    147BE       2A     513B       0
                text72                            13C16    13C16       5A     8000       0
                text71                            14566    14566       3C     513B       0
                text70                            14C52    14C52        A     513B       0
                text69                            13AE2    13AE2       6E     8000       0
                text68                            14A6C    14A6C       1C     513B       0
                text67                            14884    14884       26     513B       0
                text66                            1499C    1499C       20     513B       0
                text65                            14B08    14B08       18     513B       0
                text64                            14AF0    14AF0       18     513B       0
                text63                            14A50    14A50       1C     513B       0
                text62                            14A34    14A34       1C     513B       0
                text61                            14794    14794       2A     513B       0
                text60                            1476A    1476A       2A     513B       0
                text59                            13F04    13F04       4E     8000       0
                text58                            136FA    136FA       B8     8000       0
                text57                            1267A    1267A      1EA     8000       0
                text56                            14430    14430       3E     50BD       0
                text55                            14B82    14B82        E     513B       0
                text54                            148AA    148AA       24     513B       0
                text53                            14B74    14B74        E     513B       0
                text52                            1464A    1464A       32     513B       0
                text51                            12CA8    12CA8      140     8000       0
                text50                            13640    13640       BA     8000       0
                text49                            13EB6    13EB6       4E     8000       0
                text48                            13D70    13D70       54     8000       0
                text47                            14C74    14C74        6     513B       0
                text46                            14C6E    14C6E        6     513B       0
                text45                            143F2    143F2       3E     50BD       0
                text44                            14082    14082       48     4FD5       0
                text43                            1485E    1485E       26     513B       0
                text42                            14A18    14A18       1C     513B       0
                text41                            14B66    14B66        E     513B       0
                text40                            13E68    13E68       4E     8000       0
                text39                            13D1C    13D1C       54     8000       0
                text38                            13B50    13B50       6C     8000       0
                text37                            13CC8    13CC8       54     8000       0
                text36                            1497C    1497C       20     513B       0
                text35                            14AA4    14AA4       1A     513B       0
                text34                            143B4    143B4       3E     50BD       0
                text33                            14376    14376       3E     50BD       0
                text32                            14916    14916       22     513B       0
                text31                            134C4    134C4       C2     8000       0
                text30                            123F2    123F2      288     8000       0
                text29                            138FC    138FC       8A     8000       0
                text28                            130CE    130CE       D0     8000       0
                text27                            11AC6    11AC6      350     8000       0
                text26                            1470E    1470E       2E     513B       0
                text25                            11E16    11E16      30C     8000       0
                text24                            141A2    141A2       46     5033       0
                text23                            13586    13586       BA     8000       0
                text22                            1326C    1326C       CC     8000       0
                text21                            12864    12864      1AA     8000       0
                text20                            13FEE    13FEE       4A     4FD5       0
                text19                            137B2    137B2       AE     8000       0
                text18                            145A2    145A2       3A     513B       0
                text17                            13986    13986       76     8000       0
                text16                            1452A    1452A       3C     513B       0
                text15                            10000    10000      864     8000       0
                text14                            13338    13338       C8     8000       0
                text13                            12A0E    12A0E      158     8000       0
                text12                            13DC4    13DC4       52     8000       0
                text11                            1422A    1422A       42     5033       0
                text10                            13400    13400       C4     8000       0
                text9                             10F54    10F54      420     8000       0
                text8                             1415C    1415C       46     5033       0
                text7                             14838    14838       26     513B       0
                text6                             12B66    12B66      142     8000       0
                text5                             11774    11774      352     8000       0
                text4                             12122    12122      2D0     8000       0
                text3                             141E8    141E8       42     5033       0
                text2                             14AD8    14AD8       18     513B       0
                text1                             13C70    13C70       58     8000       0
                text0                             10864    10864      6F0     8000       0
                cstackCOMRAM                          1        1       20        1       1
                cstackBANK0                          60       60       94       60       1
                cstackBANK1                         1F0      1F0        E      100       1
                cstackBANK2                         2FA      2FA        4      200       1
                cstackBANK3                         3C6      3C6       22      300       1
                dataBIGRAM                         14BF     14BF      400      4FF       1
                bssBIGRAM                           4FF      4FF      FC0      4FF       1
                bssBANK4                            400      400       FF      400       1
                bssBANK3                            300      300       C6      300       1
                dataBANK2                           2A0      2A0       5A      200       1
                bssBANK2                            200      200       A0      200       1
                dataBANK1                           1FE      1FE        2      100       1
                bssBANK1                            100      100       F0      100       1
                dataBANK0                            FB       FB        2       60       1
                bssBANK0                             F4       F4        7       60       1
                dataCOMRAM                           3D       3D        5        1       1
                bssCOMRAM                            21       21       1C        1       1
                cinit                             12DE8    12DE8      118     8000       0
                idataBANK2                        13BBC    13BBC       5A     8000       0
                idataBANK1                        14C98    14C98        2     A649       0
                idataBANK0                        14C96    14C96        2     A649       0
                idataBIGRAM                       11374    11374      400     8000       0
                idataCOMRAM                       14C8C    14C8C        5     513B       0

TOTAL           Name                               Link     Load   Length     Space
        CLASS   CODE           
                init                                 AE       AE        4         0
                reset_vec                             0        0        4         0
                ivt0x8                                8        8       A6         0
                text139                           14C86    14C86        6         0
                text138                           144EC    144EC       3E         0
                text137                           14C66    14C66        8         0
                text136                           144AC    144AC       3E         0
                text135                           142F4    142F4       42         0
                text134                           14C92    14C92        4         0
                text133                           14CA8    14CA8        2         0
                text132                           142B0    142B0       42         0
                text131                           148F2    148F2       24         0
                text130                           13E16    13E16       52         0
                text129                           14CA6    14CA6        2         0
                text128                           13F54    13F54       4E         0
                text127                           14CA4    14CA4        2         0
                text126                           14CA0    14CA0        2         0
                text125                           149BC    149BC       20         0
                text124                           148CE    148CE       24         0
                text123                           145DC    145DC       3A         0
                text122                           14B50    14B50       16         0
                text121                           12FEE    12FEE       E0         0
                text120                           14C9E    14C9E        2         0
                text119                           1426C    1426C       42         0
                text118                           1495A    1495A       22         0
                text117                           14C80    14C80        6         0
                text116                           14C9C    14C9C        2         0
                text115                           14C9A    14C9A        2         0
                text114                           13860    13860       9C         0
                text113                           14114    14114       48         0
                text112                           1473C    1473C       2E         0
                text111                           140CC    140CC       48         0
                text110                           14C7A    14C7A        6         0
                text109                           14C5C    14C5C        A         0
                text108                           149FA    149FA       1E         0
                text107                           14616    14616       34         0
                text106                           1467C    1467C       32         0
                text105                           14C38    14C38        E         0
                text104                           139FC    139FC       74         0
                text103                           14C46    14C46        C         0
                text102                           14C2A    14C2A        E         0
                text101                           14C1C    14C1C        E         0
                text100                           13A70    13A70       72         0
                text99                            13FA2    13FA2       4C         0
                text98                            14A88    14A88       1C         0
                text97                            1319E    1319E       CE         0
                text96                            14938    14938       22         0
                text95                            14B38    14B38       18         0
                text94                            14B20    14B20       18         0
                text93                            14ABE    14ABE       1A         0
                text92                            14C0E    14C0E        E         0
                text91                            149DC    149DC       1E         0
                text90                            14C00    14C00        E         0
                text89                            14038    14038       4A         0
                text88                            14BF2    14BF2        E         0
                text87                            146DE    146DE       30         0
                text86                            14BE4    14BE4        E         0
                text85                            14BD6    14BD6        E         0
                text84                            14BC8    14BC8        E         0
                text83                            14BBA    14BBA        E         0
                text82                            14BAC    14BAC        E         0
                text81                            14B9E    14B9E        E         0
                text80                            14B90    14B90        E         0
                text79                            12F00    12F00       EE         0
                text78                            1446E    1446E       3E         0
                text77                            146AE    146AE       30         0
                text76                            14810    14810       28         0
                text75                            147E8    147E8       28         0
                text74                            14336    14336       40         0
                text73                            147BE    147BE       2A         0
                text72                            13C16    13C16       5A         0
                text71                            14566    14566       3C         0
                text70                            14C52    14C52        A         0
                text69                            13AE2    13AE2       6E         0
                text68                            14A6C    14A6C       1C         0
                text67                            14884    14884       26         0
                text66                            1499C    1499C       20         0
                text65                            14B08    14B08       18         0
                text64                            14AF0    14AF0       18         0
                text63                            14A50    14A50       1C         0
                text62                            14A34    14A34       1C         0
                text61                            14794    14794       2A         0
                text60                            1476A    1476A       2A         0
                text59                            13F04    13F04       4E         0
                text58                            136FA    136FA       B8         0
                text57                            1267A    1267A      1EA         0
                text56                            14430    14430       3E         0
                text55                            14B82    14B82        E         0
                text54                            148AA    148AA       24         0
                text53                            14B74    14B74        E         0
                text52                            1464A    1464A       32         0
                text51                            12CA8    12CA8      140         0
                text50                            13640    13640       BA         0
                text49                            13EB6    13EB6       4E         0
                text48                            13D70    13D70       54         0
                text47                            14C74    14C74        6         0
                text46                            14C6E    14C6E        6         0
                text45                            143F2    143F2       3E         0
                text44                            14082    14082       48         0
                text43                            1485E    1485E       26         0
                text42                            14A18    14A18       1C         0
                text41                            14B66    14B66        E         0
                text40                            13E68    13E68       4E         0
                text39                            13D1C    13D1C       54         0
                text38                            13B50    13B50       6C         0
                text37                            13CC8    13CC8       54         0
                text36                            1497C    1497C       20         0
                text35                            14AA4    14AA4       1A         0
                text34                            143B4    143B4       3E         0
                text33                            14376    14376       3E         0
                text32                            14916    14916       22         0
                text31                            134C4    134C4       C2         0
                text30                            123F2    123F2      288         0
                text29                            138FC    138FC       8A         0
                text28                            130CE    130CE       D0         0
                text27                            11AC6    11AC6      350         0
                text26                            1470E    1470E       2E         0
                text25                            11E16    11E16      30C         0
                text24                            141A2    141A2       46         0
                text23                            13586    13586       BA         0
                text22                            1326C    1326C       CC         0
                text21                            12864    12864      1AA         0
                text20                            13FEE    13FEE       4A         0
                text19                            137B2    137B2       AE         0
                text18                            145A2    145A2       3A         0
                text17                            13986    13986       76         0
                text16                            1452A    1452A       3C         0
                text15                            10000    10000      864         0
                text14                            13338    13338       C8         0
                text13                            12A0E    12A0E      158         0
                text12                            13DC4    13DC4       52         0
                text11                            1422A    1422A       42         0
                text10                            13400    13400       C4         0
                text9                             10F54    10F54      420         0
                text8                             1415C    1415C       46         0
                text7                             14838    14838       26         0
                text6                             12B66    12B66      142         0
                text5                             11774    11774      352         0
                text4                             12122    12122      2D0         0
                text3                             141E8    141E8       42         0
                text2                             14AD8    14AD8       18         0
                text1                             13C70    13C70       58         0
                text0                             10864    10864      6F0         0
                cinit                             12DE8    12DE8      118         0
                idataBANK2                        13BBC    13BBC       5A         0
                idataBANK1                        14C98    14C98        2         0
                idataBANK0                        14C96    14C96        2         0
                idataBIGRAM                       11374    11374      400         0
                idataCOMRAM                       14C8C    14C8C        5         0

        CLASS   CONST          

        CLASS   SMALLCONST     

        CLASS   MEDIUMCONST    
                mediumconst                        FDCA     FDCA      236         0

        CLASS   COMRAM         
                cstackCOMRAM                          1        1       20         1
                dataCOMRAM                           3D       3D        5         1
                bssCOMRAM                            21       21       1C         1

        CLASS   ABS1           

        CLASS   BIGRAM         
                dataBIGRAM                         14BF     14BF      400         1
                bssBIGRAM                           4FF      4FF      FC0         1

        CLASS   RAM            

        CLASS   BANK0          
                cstackBANK0                          60       60       94         1
                dataBANK0                            FB       FB        2         1
                bssBANK0                             F4       F4        7         1

        CLASS   BANK1          
                cstackBANK1                         1F0      1F0        E         1
                dataBANK1                           1FE      1FE        2         1
                bssBANK1                            100      100       F0         1

        CLASS   BANK2          
                cstackBANK2                         2FA      2FA        4         1
                dataBANK2                           2A0      2A0       5A         1
                bssBANK2                            200      200       A0         1

        CLASS   BANK3          
                cstackBANK3                         3C6      3C6       22         1
                bssBANK3                            300      300       C6         1

        CLASS   BANK4          
                bssBANK4                            400      400       FF         1

        CLASS   BANK5          

        CLASS   BANK6          

        CLASS   BANK7          

        CLASS   BANK8          

        CLASS   BANK9          

        CLASS   BANK10         

        CLASS   BANK11         

        CLASS   BANK12         

        CLASS   BANK13         

        CLASS   BANK14         

        CLASS   BANK15         

        CLASS   BANK16         

        CLASS   BANK17         

        CLASS   BANK18         

        CLASS   BANK19         

        CLASS   BANK20         

        CLASS   BANK21         

        CLASS   BANK22         

        CLASS   BANK23         

        CLASS   BANK24         

        CLASS   BANK25         

        CLASS   BANK26         

        CLASS   BANK27         

        CLASS   BANK28         

        CLASS   BANK29         

        CLASS   BANK30         

        CLASS   BANK31         

        CLASS   SFR            

        CLASS   BIGSFR         

        CLASS   CONFIG         
                config                           300000   300000        A         4

        CLASS   IDLOC          
                idloc                            200000   200000       10         5

        CLASS   EEDATA         

        CLASS   FARRAM         

        CLASS   HEAP           

        CLASS   STACK          



SEGMENTS        Name                           Load    Length   Top    Selector   Space  Class

                bssBIGRAM                      0004FF  0013C0  0018BF       4FF       1  BIGRAM  
                text15                         010000  003F52  013F52      8000       0  CODE    
                text111                        0140CC  0001E2  0142AE      5033       0  CODE    
                text128                        013F54  000176  0140CA      4FD5       0  CODE    
                text132                        0142B0  000042  0142F2      50AC       0  CODE    
                text134                        014C92  000010  014CA2      A649       0  CODE    
                text138                        0144EC  0007A5  014C91      513B       0  CODE    
                reset_vec                      000000  000004  000004         0       0  CODE    
                text127                        014CA4  000006  014CAA      5329       0  CODE    
                text135                        0142F4  0001F6  0144EA      50BD       0  CODE    
                cstackBANK0                    000060  00009D  0000FD        60       1  BANK0   
                cstackCOMRAM                   000001  000041  000042         1       1  COMRAM  
                bssBANK4                       000400  0000FF  0004FF       400       1  BANK4   
                mediumconst                    00FDCA  000236  010000      7EE5       0  MEDIUMCO
                bssBANK1                       000100  000100  000200       100       1  BANK1   
                bssBANK3                       000300  0000E8  0003E8       300       1  BANK3   
                ivt0x8                         000008  0000AA  0000B2         4       0  CODE    
                bssBANK2                       000200  0000FE  0002FE       200       1  BANK2   


UNUSED ADDRESS RANGES

        Name                Unused          Largest block    Delta
        BANK0            0000FD-0000FF                3
        BANK2            0002FE-0002FF                2
        BANK24           0018BF-0018FF               41
        BANK25           001900-0019FF              100
        BANK26           001A00-001AFF              100
        BANK27           001B00-001BFF              100
        BANK28           001C00-001CFF              100
        BANK29           001D00-001DFF              100
        BANK3            0003E8-0003FF               18
        BANK30           001E00-001EFF              100
        BANK31           001F00-001FFF              100
        BIGRAM           000042-00005F               1E
                         0000FD-0000FF                3
                         0002FE-0002FF                2
                         0003E8-0003FF               18
                         0018BF-001FFF              741
        BIGSFR           003800-003FFF              800
        CODE             000004-000007                4
                         0000B2-00FDC9             FD18
                         013F52-013F53                2
                         0140CA-0140CB                2
                         0142AE-0142AF                2
                         0142F2-0142F3                2
                         0144EA-0144EB                2
                         014C91-014C91                1
                         014CA2-014CA3                2
                         014CAA-01FFFF             B356
        COMRAM           000042-00005F               1E
        CONST            000004-000007                4
                         0000B2-00FDC9             FD18
                         013F52-013F53                2
                         0140CA-0140CB                2
                         0142AE-0142AF                2
                         0142F2-0142F3                2
                         0144EA-0144EB                2
                         014C91-014C91                1
                         014CA2-014CA3                2
                         014CAA-01FFFF             B356
        EEDATA           310000-3103FF              400
        MEDIUMCONST      002000-00FDC9             DDCA
                         013F52-013F53                2
                         0140CA-0140CB                2
                         0142AE-0142AF                2
                         0142F2-0142F3                2
                         0144EA-0144EB                2
                         014C91-014C91                1
                         014CA2-014CA3                2
                         014CAA-01FFFF             B356
        RAM              0000FD-0000FF                3
                         0002FE-0002FF                2
                         0003E8-0003FF               18
                         0018BF-001FFF              100
        SFR              003800-003FFF              100
        SMALLCONST       002000-00FDC9              100
                         013F52-013F53                2
                         0140CA-0140CB                2
                         0142AE-0142AF                2
                         0142F2-0142F3                2
                         0144EA-0144EB                2
                         014C91-014C91                1
                         014CA2-014CA3                2
                         014CAA-01FFFF              100

                                  Symbol Table

?_ADCC_GetConversionResult                             cstackCOMRAM 000001
?___fladd                                              cstackBANK0  00008E
?___fldiv                                              cstackBANK0  000075
?___flmul                                              cstackBANK0  000075
?___flneg                                              cstackBANK0  000063
?___flsub                                              cstackBANK0  00009E
?___fltol                                              cstackBANK0  000063
?___fpclassifyf                                        cstackBANK0  000063
?___lwdiv                                              cstackBANK0  000063
?___lwmod                                              cstackBANK0  000063
?___wmul                                               cstackBANK0  000063
?___xxtofl                                             cstackBANK0  000067
?_floorf                                               cstackBANK0  00008E
?_labs                                                 cstackBANK0  000063
?_printf                                               cstackBANK3  0003C6
?_read_prec_or_width                                   cstackBANK0  000067
?_sprintf                                              cstackBANK3  0003C6
?_sqrtf                                                cstackBANK0  000063
?_strlen                                               cstackCOMRAM 00001F
?_strncmp                                              cstackBANK0  000065
?_vfprintf                                             cstackBANK0  0000EA
ADCC_SetADIInterruptHandler@InterruptHandler           cstackBANK0  000063
Adc_Isr@c_adc_chan                                     bssCOMRAM    000031
DAC1_SetOutput@inputData                               cstackCOMRAM 00001F
DATAEE_ReadByte@bAdd                                   cstackCOMRAM 00001F
DATAEE_WriteByte@GIEBitValue                           cstackCOMRAM 00001F
DATAEE_WriteByte@bAdd                                  cstackBANK0  000063
DATAEE_WriteByte@bData                                 cstackBANK0  000065
DMA1_SetORIInterruptHandler@InterruptHandler           cstackBANK0  000063
DMA1_SetSCNTIInterruptHandler@InterruptHandler         cstackBANK0  000063
INTERRUPT_Initialize@state                             cstackCOMRAM 00001F
IVTBASEH                                               (abs)        003FD6
IVTBASEL                                               (abs)        003FD5
IVTBASEU                                               (abs)        003FD7
PWM5_LoadDutyValue@dutyValue                           cstackCOMRAM 00001F
PWM6_LoadDutyValue@dutyValue                           cstackCOMRAM 00001F
SPI1_ExchangeByte@data                                 cstackCOMRAM 00001F
StartTimer@count                                       cstackCOMRAM 00001F
StartTimer@timer                                       cstackBANK0  000065
TMR5_SetInterruptHandler@InterruptHandler              cstackBANK0  000063
TMR5_WriteTimer@timerVal                               cstackCOMRAM 00000E
TMR6_ISR@CountCallBack                                 bssCOMRAM    00002D
TMR6_SetInterruptHandler@InterruptHandler              cstackBANK0  000063
TimerDone@timer                                        cstackBANK0  000063
Timers_Isr@i                                           cstackCOMRAM 000010
UART1_Read@readValue                                   cstackCOMRAM 00001F
UART1_SetErrorHandler@interruptHandler                 cstackBANK0  000063
UART1_SetFramingErrorHandler@interruptHandler          cstackBANK0  000063
UART1_SetFramingErrorInterruptHandler@InterruptHandler cstackBANK0  000063
UART1_SetOverrunErrorHandler@interruptHandler          cstackBANK0  000063
UART1_SetRxInterruptHandler@InterruptHandler           cstackBANK0  000063
UART1_SetTxInterruptHandler@InterruptHandler           cstackBANK0  000063
UART1_SetUartInterruptHandler@InterruptHandler         cstackBANK0  000063
UART1_Write@txData                                     cstackCOMRAM 00001F
WaitMs@numMilliseconds                                 cstackBANK0  000066
_ADACCH                                                (abs)        003EE9
_ADACCL                                                (abs)        003EE8
_ADACCU                                                (abs)        003EEA
_ADACQH                                                (abs)        003EF4
_ADACQL                                                (abs)        003EF3
_ADACT                                                 (abs)        003EFE
_ADCAP                                                 (abs)        003EF5
_ADCC_ADI_InterruptHandler                             bssBANK1     000195
_ADCC_DefaultInterruptHandler                          text120      014C9E
_ADCC_GetConversionResult                              text122      014B50
_ADCC_ISR                                              text119      01426C
_ADCC_Initialize                                       text104      0139FC
_ADCC_SetADIInterruptHandler                           text105      014C38
_ADCLK                                                 (abs)        003EFF
_ADCNT                                                 (abs)        003EEB
_ADCON0                                                (abs)        003EF8
_ADCON1                                                (abs)        003EF9
_ADCON2                                                (abs)        003EFA
_ADCON3                                                (abs)        003EFB
_ADERRH                                                (abs)        003EE3
_ADERRL                                                (abs)        003EE2
_ADFLTRH                                               (abs)        003EE7
_ADFLTRL                                               (abs)        003EE6
_ADLTHH                                                (abs)        003EDF
_ADLTHL                                                (abs)        003EDE
_ADPCH                                                 (abs)        003EF1
_ADPREH                                                (abs)        003EF7
_ADPREL                                                (abs)        003EF6
_ADPREVH                                               (abs)        003EEE
_ADPREVL                                               (abs)        003EED
_ADREF                                                 (abs)        003EFD
_ADRESH                                                (abs)        003EF0
_ADRESL                                                (abs)        003EEF
_ADRPT                                                 (abs)        003EEC
_ADSTAT                                                (abs)        003EFC
_ADSTPTH                                               (abs)        003EE5
_ADSTPTL                                               (abs)        003EE4
_ADUTHH                                                (abs)        003EE1
_ADUTHL                                                (abs)        003EE0
_ANSELA                                                (abs)        003A40
_ANSELB                                                (abs)        003A50
_ANSELC                                                (abs)        003A60
_ANSELD                                                (abs)        003A70
_ANSELE                                                (abs)        003A80
_ANSELF                                                (abs)        003A90
_Adc_Isr                                               text121      012FEE
_CCPTMRS1bits                                          (abs)        003F5F
_DAC1CON0                                              (abs)        003E9E
_DAC1CON1                                              (abs)        003E9C
_DAC1_GetOutput                                        text110      014C7A
_DAC1_Initialize                                       text103      014C46
_DAC1_SetOutput                                        text109      014C5C
_DATAEE_ReadByte                                       text108      0149FA
_DATAEE_WriteByte                                      text74       014336
_DMA1AIRQ                                              (abs)        003BFE
_DMA1CON0                                              (abs)        003BFC
_DMA1CON0bits                                          (abs)        003BFC
_DMA1CON1                                              (abs)        003BFD
_DMA1CON1bits                                          (abs)        003BFD
_DMA1DPTR                                              (abs)        003BEC
_DMA1DSA                                               (abs)        003BF0
_DMA1DSZ                                               (abs)        003BEE
_DMA1PR                                                (abs)        0039F3
_DMA1SIRQ                                              (abs)        003BFF
_DMA1SPTR                                              (abs)        003BF4
_DMA1SSA                                               (abs)        003BF9
_DMA1SSZ                                               (abs)        003BF7
_DMA1_DMAORI_ISR                                       text135      0142F4
_DMA1_DMASCNTI_ISR                                     text132      0142B0
_DMA1_DefaultInterruptHandler                          text133      014CA8
_DMA1_Initialize                                       text100      013A70
_DMA1_ORI_InterruptHandler                             bssBANK1     000189
_DMA1_SCNTI_InterruptHandler                           bssBANK1     00018C
_DMA1_SetORIInterruptHandler                           text102      014C2A
_DMA1_SetSCNTIInterruptHandler                         text101      014C1C
_DMA2CON0bits                                          (abs)        003BDC
_DMA2CON1bits                                          (abs)        003BDD
_DMA2DSA                                               (abs)        003BD0
_DMA2DSZ                                               (abs)        003BCE
_DMA2SSA                                               (abs)        003BD9
_DMA2SSZ                                               (abs)        003BD7
_Default_ISR                                           text127      014CA4
_GIE                                                   (abs)        01FE97
_INLVLA                                                (abs)        003A44
_INLVLB                                                (abs)        003A54
_INLVLC                                                (abs)        003A64
_INLVLD                                                (abs)        003A74
_INLVLE                                                (abs)        003A84
_INLVLF                                                (abs)        003A94
_INTCON0bits                                           (abs)        003FD2
_INTERRUPT_Initialize                                  text99       013FA2
_IPR1bits                                              (abs)        003981
_IPR2bits                                              (abs)        003982
_IPR3bits                                              (abs)        003983
_IPR8bits                                              (abs)        003988
_IPR9bits                                              (abs)        003989
_IVTBASEH                                              (abs)        003FD6
_IVTBASEL                                              (abs)        003FD5
_IVTBASEU                                              (abs)        003FD7
_IVTLOCK                                               (abs)        003FD4
_IVTLOCKbits                                           (abs)        003FD4
_LATA                                                  (abs)        003FBA
_LATAbits                                              (abs)        003FBA
_LATB                                                  (abs)        003FBB
_LATC                                                  (abs)        003FBC
_LATCbits                                              (abs)        003FBC
_LATD                                                  (abs)        003FBD
_LATDbits                                              (abs)        003FBD
_LATE                                                  (abs)        003FBE
_LATEbits                                              (abs)        003FBE
_LATF                                                  (abs)        003FBF
_LATFbits                                              (abs)        003FBF
_Led_Blink                                             text125      0149BC
_NVMADRH                                               (abs)        0039E1
_NVMADRL                                               (abs)        0039E0
_NVMCON1bits                                           (abs)        0039E5
_NVMCON2                                               (abs)        0039E6
_NVMDAT                                                (abs)        0039E3
_ODCONA                                                (abs)        003A42
_ODCONB                                                (abs)        003A52
_ODCONC                                                (abs)        003A62
_ODCOND                                                (abs)        003A72
_ODCONE                                                (abs)        003A82
_ODCONF                                                (abs)        003A92
_OSCCON1                                               (abs)        0039D9
_OSCCON3                                               (abs)        0039DB
_OSCEN                                                 (abs)        0039DD
_OSCFRQ                                                (abs)        0039DF
_OSCILLATOR_Initialize                                 text98       014A88
_OSCTUNE                                               (abs)        0039DE
_PIE1bits                                              (abs)        003991
_PIE2bits                                              (abs)        003992
_PIE3bits                                              (abs)        003993
_PIE8bits                                              (abs)        003998
_PIE9bits                                              (abs)        003999
_PIN_MANAGER_Initialize                                text97       01319E
_PIR0bits                                              (abs)        0039A0
_PIR1bits                                              (abs)        0039A1
_PIR2bits                                              (abs)        0039A2
_PIR4bits                                              (abs)        0039A4
_PIR8bits                                              (abs)        0039A8
_PIR9bits                                              (abs)        0039A9
_PLLR                                                  (abs)        01CEE0
_PMD0                                                  (abs)        0039C0
_PMD1                                                  (abs)        0039C1
_PMD2                                                  (abs)        0039C2
_PMD3                                                  (abs)        0039C3
_PMD4                                                  (abs)        0039C4
_PMD5                                                  (abs)        0039C5
_PMD6                                                  (abs)        0039C6
_PMD7                                                  (abs)        0039C7
_PMD_Initialize                                        text96       014938
_PORTAbits                                             (abs)        003FCA
_PORTBbits                                             (abs)        003FCB
_PRLOCK                                                (abs)        0039EF
_PRLOCKbits                                            (abs)        0039EF
_PWM5CON                                               (abs)        003F6E
_PWM5DCH                                               (abs)        003F6D
_PWM5DCL                                               (abs)        003F6C
_PWM5_Initialize                                       text95       014B38
_PWM5_LoadDutyValue                                    text107      014616
_PWM6CON                                               (abs)        003F6A
_PWM6DCH                                               (abs)        003F69
_PWM6DCL                                               (abs)        003F68
_PWM6_Initialize                                       text94       014B20
_PWM6_LoadDutyValue                                    text106      01467C
_RB1I2C                                                (abs)        003A5A
_RB2I2C                                                (abs)        003A5B
_RC3I2C                                                (abs)        003A6A
_RC3PPS                                                (abs)        003A13
_RC4I2C                                                (abs)        003A6B
_RC5PPS                                                (abs)        003A15
_RC6PPS                                                (abs)        003A16
_RD0I2C                                                (abs)        003A7A
_RD1I2C                                                (abs)        003A7B
_RD2PPS                                                (abs)        003A1A
_RF2PPS                                                (abs)        003A2A
_SLRCONA                                               (abs)        003A43
_SLRCONB                                               (abs)        003A53
_SLRCONC                                               (abs)        003A63
_SLRCOND                                               (abs)        003A73
_SLRCONE                                               (abs)        003A83
_SLRCONF                                               (abs)        003A93
_SPI1BAUD                                              (abs)        003D19
_SPI1CLK                                               (abs)        003D1C
_SPI1CON0                                              (abs)        003D14
_SPI1CON0bits                                          (abs)        003D14
_SPI1CON1                                              (abs)        003D15
_SPI1CON2                                              (abs)        003D16
_SPI1INTFbits                                          (abs)        003D1A
_SPI1RXB                                               (abs)        003D10
_SPI1SCKPPS                                            (abs)        003ADE
_SPI1SDIPPS                                            (abs)        003ADF
_SPI1STATUSbits                                        (abs)        003D17
_SPI1TCNTL                                             (abs)        003D12
_SPI1TXB                                               (abs)        003D11
_SPI1_ExchangeByte                                     text35       014AA4
_SPI1_Initialize                                       text93       014ABE
_SYSTEM_Initialize                                     text78       01446E
_SrcVarName0                                           bssBANK2     000280
_StartTimer                                            text77       0146AE
_SystemArbiter_Initialize                              text92       014C0E
_T2CLKCON                                              (abs)        003FAE
_T2CON                                                 (abs)        003FAC
_T2HLT                                                 (abs)        003FAD
_T2PR                                                  (abs)        003FAB
_T2RST                                                 (abs)        003FAF
_T2TMR                                                 (abs)        003FAA
_T5CLK                                                 (abs)        003F9D
_T5CON                                                 (abs)        003F9A
_T5CONbits                                             (abs)        003F9A
_T5GATE                                                (abs)        003F9C
_T5GCON                                                (abs)        003F9B
_T6CLKCON                                              (abs)        003F96
_T6CON                                                 (abs)        003F94
_T6HLT                                                 (abs)        003F95
_T6PR                                                  (abs)        003F93
_T6RST                                                 (abs)        003F97
_T6TMR                                                 (abs)        003F92
_TABLAT                                                (abs)        003FF5
_TBLPTRH                                               (abs)        003FF7
_TBLPTRL                                               (abs)        003FF6
_TBLPTRU                                               (abs)        003FF8
_TMR2_Initialize                                       text91       0149DC
_TMR5H                                                 (abs)        003F99
_TMR5L                                                 (abs)        003F98
_TMR5_DefaultInterruptHandler                          text129      014CA6
_TMR5_ISR                                              text128      013F54
_TMR5_Initialize                                       text89       014038
_TMR5_InterruptHandler                                 bssBANK1     00018F
_TMR5_SetInterruptHandler                              text90       014C00
_TMR5_WriteTimer                                       text131      0148F2
_TMR6_CallBack                                         text124      0148CE
_TMR6_DefaultInterruptHandler                          text126      014CA0
_TMR6_ISR                                              text123      0145DC
_TMR6_Initialize                                       text87       0146DE
_TMR6_InterruptHandler                                 bssBANK1     000192
_TMR6_SetInterruptHandler                              text88       014BF2
_TRISA                                                 (abs)        003FC2
_TRISB                                                 (abs)        003FC3
_TRISC                                                 (abs)        003FC4
_TRISCbits                                             (abs)        003FC4
_TRISD                                                 (abs)        003FC5
_TRISE                                                 (abs)        003FC6
_TRISF                                                 (abs)        003FC7
_TimerDone                                             text76       014810
_Timers_Isr                                            text130      013E16
_U1BRGH                                                (abs)        003DF6
_U1BRGL                                                (abs)        003DF5
_U1CON0                                                (abs)        003DF2
_U1CON1                                                (abs)        003DF3
_U1CON2                                                (abs)        003DF4
_U1ERRIE                                               (abs)        003DFA
_U1ERRIR                                               (abs)        003DF9
_U1ERRIRbits                                           (abs)        003DF9
_U1FIFO                                                (abs)        003DF7
_U1P1H                                                 (abs)        003DED
_U1P1L                                                 (abs)        003DEC
_U1P2H                                                 (abs)        003DEF
_U1P2L                                                 (abs)        003DEE
_U1P3H                                                 (abs)        003DF1
_U1P3L                                                 (abs)        003DF0
_U1RXB                                                 (abs)        003DE8
_U1RXPPS                                               (abs)        003AE5
_U1TXB                                                 (abs)        003DEA
_U1UIR                                                 (abs)        003DF8
_U1UIRbits                                             (abs)        003DF8
_UART1_DefaultErrorHandler                             text117      014C80
_UART1_DefaultFramingErrorHandler                      text116      014C9C
_UART1_DefaultOverrunErrorHandler                      text115      014C9A
_UART1_ErrorHandler                                    bssBANK1     000180
_UART1_FramingErrorHandler                             bssBANK1     000186
_UART1_FramingErrorInterruptHandler                    bssBANK1     00019B
_UART1_FramingError_ISR                                text137      014C66
_UART1_Initialize                                      text79       012F00
_UART1_OverrunErrorHandler                             bssBANK1     000183
_UART1_Read                                            text56       014430
_UART1_Receive_ISR                                     text114      013860
_UART1_RxDataHandler                                   text118      01495A
_UART1_RxInterruptHandler                              bssCOMRAM    000028
_UART1_SetErrorHandler                                 text86       014BE4
_UART1_SetFramingErrorHandler                          text85       014BD6
_UART1_SetFramingErrorInterruptHandler                 text84       014BC8
_UART1_SetOverrunErrorHandler                          text83       014BBA
_UART1_SetRxInterruptHandler                           text82       014BAC
_UART1_SetTxInterruptHandler                           text81       014B9E
_UART1_SetUartInterruptHandler                         text80       014B90
_UART1_Transmit_ISR                                    text112      01473C
_UART1_TxInterruptHandler                              bssCOMRAM    000025
_UART1_UARTInterruptHandler                            bssBANK1     000198
_UART1_UartInterrupt_ISR                               text139      014C86
_UART1_Write                                           text71       014566
_UART1_framing_err_vect_isr                            text136      0144AC
_UART1_is_rx_ready                                     text55       014B82
_UART1_rx_vect_isr                                     text113      014114
_UART1_tx_vect_isr                                     text111      0140CC
_UART1_vect_isr                                        text138      0144EC
_WPUA                                                  (abs)        003A41
_WPUB                                                  (abs)        003A51
_WPUC                                                  (abs)        003A61
_WPUD                                                  (abs)        003A71
_WPUE                                                  (abs)        003A81
_WPUF                                                  (abs)        003A91
_WaitMs                                                text75       0147E8
__HRAM                                                 (abs)        000000
__H__absolute__                                        __absolute__ 000000
__Habs1                                                abs1         000000
__Hbank0                                               bank0        000000
__Hbank1                                               bank1        000000
__Hbank10                                              bank10       000000
__Hbank11                                              bank11       000000
__Hbank12                                              bank12       000000
__Hbank13                                              bank13       000000
__Hbank14                                              bank14       000000
__Hbank15                                              bank15       000000
__Hbank16                                              bank16       000000
__Hbank17                                              bank17       000000
__Hbank18                                              bank18       000000
__Hbank19                                              bank19       000000
__Hbank2                                               bank2        000000
__Hbank20                                              bank20       000000
__Hbank21                                              bank21       000000
__Hbank22                                              bank22       000000
__Hbank23                                              bank23       000000
__Hbank24                                              bank24       000000
__Hbank25                                              bank25       000000
__Hbank26                                              bank26       000000
__Hbank27                                              bank27       000000
__Hbank28                                              bank28       000000
__Hbank29                                              bank29       000000
__Hbank3                                               bank3        000000
__Hbank30                                              bank30       000000
__Hbank31                                              bank31       000000
__Hbank4                                               bank4        000000
__Hbank5                                               bank5        000000
__Hbank6                                               bank6        000000
__Hbank7                                               bank7        000000
__Hbank8                                               bank8        000000
__Hbank9                                               bank9        000000
__Hbigbss                                              bigbss       000000
__Hbigdata                                             bigdata      000000
__Hbigram                                              bigram       000000
__Hbigsfr                                              bigsfr       000000
__Hbss                                                 bss          000000
__HbssBANK0                                            bssBANK0     000000
__HbssBANK1                                            bssBANK1     000000
__HbssBANK2                                            bssBANK2     000000
__HbssBANK3                                            bssBANK3     000000
__HbssBANK4                                            bssBANK4     000000
__HbssBIGRAM                                           bssBIGRAM    000000
__HbssCOMRAM                                           bssCOMRAM    000000
__Hcinit                                               cinit        000000
__Hclrtext                                             clrtext      000000
__Hcomram                                              comram       000000
__Hconfig                                              config       30000A
__Hconst                                               const        000000
__HcstackBANK0                                         cstackBANK0  000000
__HcstackBANK1                                         cstackBANK1  000000
__HcstackBANK2                                         cstackBANK2  000000
__HcstackBANK3                                         cstackBANK3  000000
__HcstackCOMRAM                                        cstackCOMRAM 000000
__Hdata                                                data         000000
__HdataBANK0                                           dataBANK0    000000
__HdataBANK1                                           dataBANK1    000000
__HdataBANK2                                           dataBANK2    000000
__HdataBIGRAM                                          dataBIGRAM   000000
__HdataCOMRAM                                          dataCOMRAM   000000
__Heeprom_data                                         eeprom_data  000000
__Hfarbss                                              farbss       000000
__Hfardata                                             fardata      000000
__Hheap                                                heap         000000
__Hibigdata                                            ibigdata     000000
__Hidata                                               idata        000000
__HidataBANK0                                          idataBANK0   000000
__HidataBANK1                                          idataBANK1   000000
__HidataBANK2                                          idataBANK2   000000
__HidataBIGRAM                                         idataBIGRAM  000000
__HidataCOMRAM                                         idataCOMRAM  000000
__Hidloc                                               idloc        200010
__Hifardata                                            ifardata     000000
__Hinit                                                init         0000B2
__Hintsave_regs                                        intsave_regs 000000
__Hirdata                                              irdata       000000
__Hivt0x8                                              ivt0x8       0000AE
__Hmediumconst                                         mediumconst  010000
__HnvFARRAM                                            nvFARRAM     000000
__Hnvbit                                               nvbit        000000
__Hnvrram                                              nvrram       000000
__Hparam                                               rparam       000000
__Hpowerup                                             powerup      000000
__Hram                                                 ram          000000
__Hramtop                                              ramtop       002000
__Hrbit                                                rbit         000000
__Hrbss                                                rbss         000000
__Hrdata                                               rdata        000000
__Hreset_vec                                           reset_vec    000004
__Hrparam                                              rparam       000000
__Hsfr                                                 sfr          000000
__Hsmallconst                                          smallconst   000000
__Hspace_0                                             (abs)        014CAA
__Hspace_1                                             (abs)        0018BF
__Hspace_2                                             (abs)        000000
__Hspace_4                                             (abs)        60000A
__Hstack                                               stack        000000
__Hstruct                                              struct       000000
__Htemp                                                temp         000000
__Htext                                                text         000000
__Htext0                                               text0        000000
__Htext1                                               text1        000000
__Htext10                                              text10       000000
__Htext100                                             text100      000000
__Htext101                                             text101      000000
__Htext102                                             text102      000000
__Htext103                                             text103      000000
__Htext104                                             text104      000000
__Htext105                                             text105      000000
__Htext106                                             text106      000000
__Htext107                                             text107      000000
__Htext108                                             text108      000000
__Htext109                                             text109      000000
__Htext11                                              text11       000000
__Htext110                                             text110      000000
__Htext111                                             text111      000000
__Htext112                                             text112      000000
__Htext113                                             text113      000000
__Htext114                                             text114      000000
__Htext115                                             text115      000000
__Htext116                                             text116      000000
__Htext117                                             text117      000000
__Htext118                                             text118      000000
__Htext119                                             text119      000000
__Htext12                                              text12       000000
__Htext120                                             text120      000000
__Htext121                                             text121      000000
__Htext122                                             text122      000000
__Htext123                                             text123      000000
__Htext124                                             text124      000000
__Htext125                                             text125      000000
__Htext126                                             text126      000000
__Htext127                                             text127      000000
__Htext128                                             text128      000000
__Htext129                                             text129      000000
__Htext13                                              text13       000000
__Htext130                                             text130      000000
__Htext131                                             text131      000000
__Htext132                                             text132      000000
__Htext133                                             text133      000000
__Htext134                                             text134      000000
__Htext135                                             text135      000000
__Htext136                                             text136      000000
__Htext137                                             text137      000000
__Htext138                                             text138      000000
__Htext139                                             text139      000000
__Htext14                                              text14       000000
__Htext15                                              text15       000000
__Htext16                                              text16       000000
__Htext17                                              text17       000000
__Htext18                                              text18       000000
__Htext19                                              text19       000000
__Htext2                                               text2        000000
__Htext20                                              text20       000000
__Htext21                                              text21       000000
__Htext22                                              text22       000000
__Htext23                                              text23       000000
__Htext24                                              text24       000000
__Htext25                                              text25       000000
__Htext26                                              text26       000000
__Htext27                                              text27       000000
__Htext28                                              text28       000000
__Htext29                                              text29       000000
__Htext3                                               text3        000000
__Htext30                                              text30       000000
__Htext31                                              text31       000000
__Htext32                                              text32       000000
__Htext33                                              text33       000000
__Htext34                                              text34       000000
__Htext35                                              text35       000000
__Htext36                                              text36       000000
__Htext37                                              text37       000000
__Htext38                                              text38       000000
__Htext39                                              text39       000000
__Htext4                                               text4        000000
__Htext40                                              text40       000000
__Htext41                                              text41       000000
__Htext42                                              text42       000000
__Htext43                                              text43       000000
__Htext44                                              text44       000000
__Htext45                                              text45       000000
[...]
intlevel1                                              text         000000
intlevel2                                              text         000000
intlevel3                                              text         000000
isa$std                                                (abs)        000001
isa$xinst                                              (abs)        000000
ivt0x8_base                                            ivt0x8       000008
ivt0x8_undefint                                        ivt0x8       0000AC
labs@a                                                 cstackBANK0  000063
linux_getc@a_data                                      cstackBANK0  000063
linux_putc@a_len                                       cstackBANK0  000067
linux_putc@data                                        cstackBANK0  000065
main@i                                                 cstackBANK2  0002FD
main@lcd_update                                        cstackBANK2  0002FC
memcpy@d                                               cstackBANK0  00006A
memcpy@d1                                              cstackBANK0  000063
memcpy@n                                               cstackBANK0  000067
memcpy@s                                               cstackBANK0  00006C
memcpy@s1                                              cstackBANK0  000065
memcpy@tmp                                             cstackBANK0  000069
memset@c                                               cstackBANK0  000065
memset@dest                                            cstackBANK0  000063
memset@n                                               cstackBANK0  000067
memset@p                                               cstackCOMRAM 00001F
pad@buf                                                cstackBANK0  000075
pad@fp                                                 cstackBANK0  000073
pad@i                                                  cstackBANK0  00007A
pad@p                                                  cstackBANK0  000077
printf@ap                                              cstackBANK0  0000F2
printf@fmt                                             cstackBANK3  0003C6
ps_math@chan                                           cstackBANK0  0000AA
ps_math@i                                              cstackBANK0  0000B1
ps_math@n                                              cstackBANK0  0000AF
ps_math@scale                                          cstackBANK0  0000A6
putch@txData                                           cstackCOMRAM 000020
puts@s                                                 cstackBANK0  000063
read_prec_or_width@ap                                  cstackBANK0  000068
read_prec_or_width@c                                   cstackBANK0  00006C
read_prec_or_width@fmt                                 cstackBANK0  000067
read_prec_or_width@n                                   cstackBANK0  00006D
ringBufS_flush@_this                                   cstackBANK0  000069
ringBufS_flush@clearBuffer                             cstackBANK0  00006B
ringBufS_init@_this                                    cstackBANK0  000069
ringBufS_put_dma@_this                                 cstackBANK0  000063
ringBufS_put_dma@c                                     cstackBANK0  000065
ringBufS_put_dma_cpy@_this                             cstackBANK0  00006E
ringBufS_put_dma_cpy@len                               cstackBANK0  000072
ringBufS_put_dma_cpy@ptr                               cstackBANK0  000070
send_lcd_cmd@cmd                                       cstackCOMRAM 000020
send_lcd_cmd_dma@strPtr                                cstackBANK0  00006D
send_lcd_cmd_long@cmd                                  cstackCOMRAM 000020
send_lcd_data@data                                     cstackCOMRAM 000020
send_lcd_data_dma@strPtr                               cstackBANK0  00006C
sprintf@ap                                             cstackBANK1  0001F0
sprintf@f                                              cstackBANK1  0001F2
sprintf@fmt                                            cstackBANK3  0003C8
sprintf@s                                              cstackBANK3  0003C6
sqrtf@i                                                cstackBANK0  000070
sqrtf@ix                                               cstackBANK0  000084
sqrtf@m                                                cstackBANK0  00007C
sqrtf@q                                                cstackBANK0  000074
sqrtf@r                                                cstackBANK0  000080
sqrtf@s                                                cstackBANK0  00006C
sqrtf@t                                                cstackBANK0  000078
sqrtf@x                                                cstackBANK0  000063
stackhi                                                (abs)        000000
stacklo                                                (abs)        000000
start                                                  init         0000AE
start_initialization                                   cinit        012DE8
stoa@cp                                                cstackBANK0  000076
stoa@fp                                                cstackBANK0  00006C
stoa@l                                                 cstackBANK0  000078
stoa@p                                                 cstackBANK0  000072
stoa@s                                                 cstackBANK0  00006E
stoa@w                                                 cstackBANK0  000074
strcpy@d                                               cstackCOMRAM 00001F
strcpy@dest                                            cstackBANK0  000063
strcpy@src                                             cstackBANK0  000065
strlen@a                                               cstackBANK0  000063
strlen@s                                               cstackCOMRAM 00001F
strncmp@l                                              cstackBANK0  000065
strncmp@n                                              cstackBANK0  000069
strncmp@r                                              cstackBANK0  000067
utoa@d                                                 cstackBANK0  00007E
utoa@fp                                                cstackBANK0  00007C
utoa@i                                                 cstackBANK0  000084
utoa@p                                                 cstackBANK0  000082
utoa@w                                                 cstackBANK0  000080
vfpfcnvrt@ap                                           cstackBANK0  0000DE
vfpfcnvrt@c                                            cstackBANK0  0000E6
vfpfcnvrt@convarg                                      cstackBANK0  0000E2
vfpfcnvrt@cp                                           cstackBANK0  0000E8
vfpfcnvrt@done                                         cstackBANK0  0000E7
vfpfcnvrt@fmt                                          cstackBANK0  0000DD
vfpfcnvrt@fp                                           cstackBANK0  0000DB
vfprintf@ap                                            cstackBANK0  0000EE
vfprintf@cfmt                                          cstackBANK0  0000F0
vfprintf@fmt                                           cstackBANK0  0000EC
vfprintf@fp                                            cstackBANK0  0000EA
wdtdelay@dcount                                        bssBANK1     000160
wdtdelay@delay                                         cstackBANK0  000063


MODULE INFORMATION

Module		Function		Class		Link	Load	Size
ringbufs.c
		_ringBufS_init 		CODE           	1497C	0000	32
		_ringBufS_flush		CODE           	13EB6	0000	78
		_ringBufS_put_dma_cpy		CODE           	13D1C	0000	84
		_ringBufS_put_dma		CODE           	13D70	0000	84

ringbufs.c estimated size: 278

/opt/microchip/xc8/v2.46/pic/sources/c99/common/lwmod.c
		___lwmod       		CODE           	1422A	0000	66

/opt/microchip/xc8/v2.46/pic/sources/c99/common/lwmod.c estimated size: 66

timers.c
		_Timers_Isr    		CODE           	13E16	0000	82
		_WaitMs        		CODE           	147E8	0000	40
		_StartTimer    		CODE           	146AE	0000	48
		_TimerDone     		CODE           	14810	0000	40

timers.c estimated size: 210

disp_led.c
		_display_led   		CODE           	13640	0000	186

disp_led.c estimated size: 186

/opt/microchip/xc8/v2.46/pic/sources/c99/common/doprnt.c
		_read_prec_or_width		CODE           	13338	0000	200
		_vfpfcnvrt     		CODE           	10F54	0000	1056
		_efgtoa        		CODE           	10000	0000	2148
		_pad           		CODE           	13986	0000	118
		_vfprintf      		CODE           	1415C	0000	70
		_stoa          		CODE           	12A0E	0000	344
		_utoa          		CODE           	13400	0000	196

/opt/microchip/xc8/v2.46/pic/sources/c99/common/doprnt.c estimated size: 4132

/opt/microchip/xc8/v2.46/pic/sources/c99/common/memcpy.c
		_memcpy        		CODE           	13E68	0000	78

/opt/microchip/xc8/v2.46/pic/sources/c99/common/memcpy.c estimated size: 78

mcc_generated_files/tmr6.c
		_TMR6_CallBack 		CODE           	148CE	0000	36
		_TMR6_ISR      		CODE           	145DC	0000	58
		_TMR6_Initialize		CODE           	146DE	0000	48
		_TMR6_SetInterruptHandler		CODE           	14BF2	0000	14
		_TMR6_DefaultInterruptHandler		CODE           	14CA0	0000	2

mcc_generated_files/tmr6.c estimated size: 158

mcc_generated_files/pwm6.c
		_PWM6_LoadDutyValue		CODE           	1467C	0000	50
		_PWM6_Initialize		CODE           	14B20	0000	24

mcc_generated_files/pwm6.c estimated size: 74

/opt/microchip/xc8/v2.46/pic/sources/c99/common/Umul16.c
		___wmul        		CODE           	147BE	0000	42

/opt/microchip/xc8/v2.46/pic/sources/c99/common/Umul16.c estimated size: 42

/opt/microchip/xc8/v2.46/pic/sources/c99/common/fltol.c
		___fltol       		CODE           	13586	0000	186

/opt/microchip/xc8/v2.46/pic/sources/c99/common/fltol.c estimated size: 186

mcc_generated_files/tmr2.c
		_TMR2_Initialize		CODE           	149DC	0000	30

mcc_generated_files/tmr2.c estimated size: 30

mcc_generated_files/interrupt_manager.c
		_INTERRUPT_Initialize		CODE           	13FA2	0000	76
		_Default_ISR   		CODE           	14CA4	0000	2

mcc_generated_files/interrupt_manager.c estimated size: 78

/opt/microchip/xc8/v2.46/pic/sources/c99/common/__fpclassifyf.c
		___fpclassifyf 		CODE           	1326C	0000	204

/opt/microchip/xc8/v2.46/pic/sources/c99/common/__fpclassifyf.c estimated size: 204

/opt/microchip/xc8/v2.46/pic/sources/c99/common/nf_sprintf.c
		_sprintf       		CODE           	13C70	0000	88

/opt/microchip/xc8/v2.46/pic/sources/c99/common/nf_sprintf.c estimated size: 88

/opt/microchip/xc8/v2.46/pic/sources/c99/common/fleq.c
		___fleq        		CODE           	138FC	0000	138

/opt/microchip/xc8/v2.46/pic/sources/c99/common/fleq.c estimated size: 138

/opt/microchip/xc8/v2.46/pic/sources/c99/common/puts.c
		_puts          		CODE           	13AE2	0000	110

/opt/microchip/xc8/v2.46/pic/sources/c99/common/puts.c estimated size: 110

eadog.c
		_init_display  		CODE           	134C4	0000	194
		_eaDogM_WriteCommand		CODE           	14B66	0000	14
		_source_dma_done		CODE           	14C92	0000	4
		_wdtdelay      		CODE           	14082	0000	72
		_send_lcd_cmd  		CODE           	143B4	0000	62
		_send_lcd_cmd_dma		CODE           	14A18	0000	28
		_send_lcd_data 		CODE           	14916	0000	34
		_send_lcd_data_dma		CODE           	143F2	0000	62
		_wait_lcd_set  		CODE           	14C6E	0000	6
		_eaDogM_WriteStringAtPos		CODE           	13CC8	0000	84
		_wait_lcd_done 		CODE           	1485E	0000	38
		_send_lcd_cmd_long		CODE           	14376	0000	62
		_start_lcd     		CODE           	14C74	0000	6
		_eaDogM_WriteString		CODE           	13B50	0000	108

eadog.c estimated size: 774

mcc_generated_files/pin_manager.c
		_PIN_MANAGER_Initialize		CODE           	1319E	0000	206

mcc_generated_files/pin_manager.c estimated size: 206

/opt/microchip/xc8/v2.46/pic/sources/c99/common/nf_fputs.c
		_fputs         		CODE           	145A2	0000	58

/opt/microchip/xc8/v2.46/pic/sources/c99/common/nf_fputs.c estimated size: 58

/opt/microchip/xc8/v2.46/pic/sources/c99/common/sqrtf.c
		_sqrtf         		CODE           	11774	0000	850

/opt/microchip/xc8/v2.46/pic/sources/c99/common/sqrtf.c estimated size: 850

/opt/microchip/xc8/v2.46/pic/sources/c99/common/lwdiv.c
		___lwdiv       		CODE           	13DC4	0000	82

/opt/microchip/xc8/v2.46/pic/sources/c99/common/lwdiv.c estimated size: 82

mcc_generated_files/spi1.c
		_SPI1_Initialize		CODE           	14ABE	0000	26
		_SPI1_ExchangeByte		CODE           	14AA4	0000	26

mcc_generated_files/spi1.c estimated size: 52

/opt/microchip/xc8/v2.46/pic/sources/c99/common/sprcmul.c
		___flmul       		CODE           	11AC6	0000	848

/opt/microchip/xc8/v2.46/pic/sources/c99/common/sprcmul.c estimated size: 848

/opt/microchip/xc8/v2.46/pic/sources/c99/common/sprcdiv.c
		___fldiv       		CODE           	123F2	0000	648

/opt/microchip/xc8/v2.46/pic/sources/c99/common/sprcdiv.c estimated size: 648

mcc_generated_files/dma1.c
		_DMA1_Initialize		CODE           	13A70	0000	114
		_DMA1_SetSCNTIInterruptHandler		CODE           	14C1C	0000	14
		_DMA1_DMAORI_ISR		CODE           	142F4	0000	66
		_DMA1_DefaultInterruptHandler		CODE           	14CA8	0000	2
		_DMA1_DMASCNTI_ISR		CODE           	142B0	0000	66
		_DMA1_SetORIInterruptHandler		CODE           	14C2A	0000	14

mcc_generated_files/dma1.c estimated size: 276

/opt/microchip/xc8/v2.46/pic/sources/c99/common/flneg.c
		___flneg       		CODE           	1470E	0000	46

/opt/microchip/xc8/v2.46/pic/sources/c99/common/flneg.c estimated size: 46

/opt/microchip/xc8/v2.46/pic/sources/c99/common/xxtofl.c
		___xxtofl      		CODE           	12B66	0000	322

/opt/microchip/xc8/v2.46/pic/sources/c99/common/xxtofl.c estimated size: 322

/opt/microchip/xc8/v2.46/pic/sources/c99/common/printf.c
		_printf        		CODE           	14838	0000	38

/opt/microchip/xc8/v2.46/pic/sources/c99/common/printf.c estimated size: 38

mcc_generated_files/uart1.c
		_UART1_FramingError_ISR		CODE           	14C66	0000	8
		_UART1_rx_vect_isr		CODE           	14114	0000	72
		_UART1_Write   		CODE           	14566	0000	60
		_putch         		CODE           	14C52	0000	10
		_UART1_UartInterrupt_ISR		CODE           	14C86	0000	6
		_UART1_SetFramingErrorHandler		CODE           	14BD6	0000	14
		_UART1_SetOverrunErrorHandler		CODE           	14BBA	0000	14
		_UART1_tx_vect_isr		CODE           	140CC	0000	72
		_UART1_Receive_ISR		CODE           	13860	0000	156
		_UART1_SetRxInterruptHandler		CODE           	14BAC	0000	14
		_UART1_SetTxInterruptHandler		CODE           	14B9E	0000	14
		_UART1_Initialize		CODE           	12F00	0000	238
		_UART1_SetErrorHandler		CODE           	14BE4	0000	14
		_UART1_Transmit_ISR		CODE           	1473C	0000	46
		_UART1_Read    		CODE           	14430	0000	62
		_UART1_vect_isr		CODE           	144EC	0000	62
		_UART1_DefaultFramingErrorHandler		CODE           	14C9C	0000	2
		_UART1_SetFramingErrorInterruptHandler		CODE           	14BC8	0000	14
		_UART1_SetUartInterruptHandler		CODE           	14B90	0000	14
		_UART1_is_rx_ready		CODE           	14B82	0000	14
		_UART1_DefaultErrorHandler		CODE           	14C80	0000	6
		_UART1_framing_err_vect_isr		CODE           	144AC	0000	62
		_UART1_RxDataHandler		CODE           	1495A	0000	34
		_UART1_DefaultOverrunErrorHandler		CODE           	14C9A	0000	2

mcc_generated_files/uart1.c estimated size: 1010

/opt/microchip/xc8/v2.46/pic/sources/c99/common/labs.c
		_labs          		CODE           	13FEE	0000	74

/opt/microchip/xc8/v2.46/pic/sources/c99/common/labs.c estimated size: 74

/opt/microchip/xc8/v2.46/pic/sources/c99/common/strncmp.c
		_strncmp       		CODE           	136FA	0000	184

/opt/microchip/xc8/v2.46/pic/sources/c99/common/strncmp.c estimated size: 184

mcc_generated_files/tmr5.c
		_TMR5_ISR      		CODE           	13F54	0000	78
		_TMR5_Initialize		CODE           	14038	0000	74
		_TMR5_SetInterruptHandler		CODE           	14C00	0000	14
		_TMR5_DefaultInterruptHandler		CODE           	14CA6	0000	2
		_TMR5_WriteTimer		CODE           	148F2	0000	36

mcc_generated_files/tmr5.c estimated size: 204

shared
		_cmdm          		MEDIUMCONST    	FDD0	0000	28
		__initialization		CODE           	12DE8	0000	274
		_build_version 		MEDIUMCONST    	FDEC	0000	14
		_spi1_configuration		MEDIUMCONST    	0000	0000	0

shared estimated size: 316

/opt/microchip/xc8/v2.46/pic/sources/c99/common/strlen.c
		_strlen        		CODE           	13F04	0000	78

/opt/microchip/xc8/v2.46/pic/sources/c99/common/strlen.c estimated size: 78

mcc_generated_files/pwm5.c
		_PWM5_LoadDutyValue		CODE           	14616	0000	52
		_PWM5_Initialize		CODE           	14B38	0000	24

mcc_generated_files/pwm5.c estimated size: 76

/opt/microchip/xc8/v2.46/pic/sources/c99/common/floorf.c
		_floorf        		CODE           	12864	0000	426

/opt/microchip/xc8/v2.46/pic/sources/c99/common/floorf.c estimated size: 426

mcc_generated_files/mcc.c
		_SystemArbiter_Initialize		CODE           	14C0E	0000	14
		_PMD_Initialize		CODE           	14938	0000	34
		_OSCILLATOR_Initialize		CODE           	14A88	0000	28
		_SYSTEM_Initialize		CODE           	1446E	0000	62

mcc_generated_files/mcc.c estimated size: 138

/opt/microchip/xc8/v2.46/pic/sources/c99/common/strcpy.c
		_strcpy        		CODE           	1452A	0000	60

/opt/microchip/xc8/v2.46/pic/sources/c99/common/strcpy.c estimated size: 60

/opt/microchip/xc8/v2.46/pic/sources/c99/common/memset.c
		_memset        		CODE           	1464A	0000	50

/opt/microchip/xc8/v2.46/pic/sources/c99/common/memset.c estimated size: 50

/opt/microchip/xc8/v2.46/pic/sources/c99/common/flge.c
		___flge        		CODE           	130CE	0000	208

/opt/microchip/xc8/v2.46/pic/sources/c99/common/flge.c estimated size: 208

/opt/microchip/xc8/v2.46/pic/sources/c99/common/nf_fputc.c
		_fputc         		CODE           	137B2	0000	174

/opt/microchip/xc8/v2.46/pic/sources/c99/common/nf_fputc.c estimated size: 174

mcc_generated_files/memory.c
		_DATAEE_WriteByte		CODE           	14336	0000	64
		_DATAEE_ReadByte		CODE           	149FA	0000	30

mcc_generated_files/memory.c estimated size: 94

/opt/microchip/xc8/v2.46/pic/sources/c99/common/sprcadd.c
		___flsub       		CODE           	141A2	0000	70
		___fladd       		CODE           	11E16	0000	780

/opt/microchip/xc8/v2.46/pic/sources/c99/common/sprcadd.c estimated size: 850

mcc_generated_files/dac1.c
		_DAC1_GetOutput		CODE           	14C7A	0000	6
		_DAC1_SetOutput		CODE           	14C5C	0000	10
		_DAC1_Initialize		CODE           	14C46	0000	12

mcc_generated_files/dac1.c estimated size: 28

mcc_generated_files/adcc.c
		_ADCC_DefaultInterruptHandler		CODE           	14C9E	0000	2
		_ADCC_GetConversionResult		CODE           	14B50	0000	22
		_ADCC_SetADIInterruptHandler		CODE           	14C38	0000	14
		_ADCC_ISR      		CODE           	1426C	0000	66
		_ADCC_Initialize		CODE           	139FC	0000	116

mcc_generated_files/adcc.c estimated size: 220

scdm.c
		_cli_read      		CODE           	12CA8	0000	320
		_cli_init      		CODE           	141E8	0000	66
		__cli_interpret_cmd		CODE           	1267A	0000	490
		_linux_getc    		CODE           	148AA	0000	36
		_linux_putc    		CODE           	14B74	0000	14
		_scmd_init     		CODE           	14AD8	0000	24

scdm.c estimated size: 950

main.c
		_fh_po         		CODE           	14B08	0000	24
		_fh_pu         		CODE           	14A6C	0000	28
		_Led_Blink     		CODE           	149BC	0000	32
		_main          		CODE           	10864	0000	1776
		_fh_pd         		CODE           	14A50	0000	28
		_ps_math       		CODE           	12122	0000	720
		_fh_p0         		CODE           	14794	0000	42
		_fh_pp         		CODE           	14AF0	0000	24
		_fh_p1         		CODE           	1476A	0000	42
		_fh_pl         		CODE           	14A34	0000	28
		_fh_pr         		CODE           	14884	0000	38
		_clear_stat_buffer		CODE           	13C16	0000	90
		_Adc_Isr       		CODE           	12FEE	0000	224
		_fh_ps         		CODE           	1499C	0000	32

main.c estimated size: 3128

