Microchip MPLAB XC8 Compiler V2.36

Linker command line:

-W-3 --edf=/opt/microchip/xc8/v2.36/pic/dat/en_msgs.txt -pivt0x8=08h -cn \
  -h+dist/default/production/ps_test.X.production.sym \
  --cmf=dist/default/production/ps_test.X.production.cmf -z -Q18F57K42 \
  -o/tmp/xcXjKkPcO --defsym=__MPLAB_BUILD=1 \
  -Mdist/default/production/ps_test.X.production.map \
  --md=/tmp/xcXCdBhJN.dat -E1 -ver=XC8 Compiler --acfsm=1493 \
  -ACODE=00h-01FFFFh -ACONST=00h-01FFFFh -ASMALLCONST=02000h-020FFhx480 \
  -AMEDIUMCONST=02000h-0FFFFh,012000h-01FFFFh -ACOMRAM=01h-05Fh \
  -AABS1=00h-01FFFh -ABIGRAM=01h-01FFFh -ARAM=060h-0FFh,0100h-01FFhx31 \
  -ABANK0=060h-0FFh -ABANK1=0100h-01FFh -ABANK2=0200h-02FFh \
  -ABANK3=0300h-03FFh -ABANK4=0400h-04FFh -ABANK5=0500h-05FFh \
  -ABANK6=0600h-06FFh -ABANK7=0700h-07FFh -ABANK8=0800h-08FFh \
  -ABANK9=0900h-09FFh -ABANK10=0A00h-0AFFh -ABANK11=0B00h-0BFFh \
  -ABANK12=0C00h-0CFFh -ABANK13=0D00h-0DFFh -ABANK14=0E00h-0EFFh \
  -ABANK15=0F00h-0FFFh -ABANK16=01000h-010FFh -ABANK17=01100h-011FFh \
  -ABANK18=01200h-012FFh -ABANK19=01300h-013FFh -ABANK20=01400h-014FFh \
  -ABANK21=01500h-015FFh -ABANK22=01600h-016FFh -ABANK23=01700h-017FFh \
  -ABANK24=01800h-018FFh -ABANK25=01900h-019FFh -ABANK26=01A00h-01AFFh \
  -ABANK27=01B00h-01BFFh -ABANK28=01C00h-01CFFh -ABANK29=01D00h-01DFFh \
  -ABANK30=01E00h-01EFFh -ABANK31=01F00h-01FFFh \
  -ASFR=03800h-038FFhx7,03F00h-03F5Fh,03F60h-03FFFh -ABIGSFR=03800h-03FFFh \
  -ACONFIG=0300000h-0300009h -AIDLOC=0200000h-020000Fh \
  -AEEDATA=0310000h-03103FFh -peeprom_data=EEDATA -preset_vec=00h \
  -ppowerup=CODE,init -pramtop=02000h -psmallconst=SMALLCONST \
  -pmediumconst=MEDIUMCONST -pconst=CONST -AFARRAM=00h-00h \
  -prdata=COMRAM,nvrram=COMRAM,nvbit=COMRAM,rbss=COMRAM,rbit=COMRAM \
  -pfarbss=FARRAM,fardata=FARRAM,nvFARRAM=FARRAM \
  -pintsave_regs=BIGRAM,bigbss=BIGRAM,bigdata=BIGRAM -pbss=RAM \
  -pidata=CODE,irdata=CODE,ibigdata=CODE,ifardata=CODE -prparam=COMRAM \
  /tmp/xcXpLkhGG.o dist/default/production/ps_test.X.production.o 

Object code version is 3.11

Machine type is 18F57K42



                Name                               Link     Load   Length Selector   Space Scale
/tmp/xcXpLkhGG.o
                idloc                            200000   200000       10        0       5
                config                           300000   300000        A        0       4
                init                                 AE       AE        4        4       0
                reset_vec                             0        0        4        0       0
dist/default/production/ps_test.X.production.o
                idloc                            200000   200000       10        0       5
                config                           300000   300000        A        0       4
                smallconst                         2000     2000      100     1000       0
                ivt0x8                                8        8       A6        4       0
                text106                            6212     6212       24     17FD       0
                text105                            5A86     5A86       52     1080       0
                text104                            64DE     64DE        2     31FB       0
                text103                            5B28     5B28       4E     16CA       0
                text102                            627A     627A       22     17FD       0
                text101                            64CC     64CC        6     31FB       0
                text100                            64DC     64DC        2     31FB       0
                text99                             64DA     64DA        2     31FB       0
                text98                             55C0     55C0       A2     1080       0
                text97                             5E1C     5E1C       3E     1787       0
                text96                             614E     614E       2E     17FD       0
                text95                             5DDC     5DDC       3E     16CA       0
                text94                             64D8     64D8        2     31FB       0
                text93                             64D6     64D6        2     31FB       0
                text92                             62F8     62F8       1E     17FD       0
                text91                             61EE     61EE       24     17FD       0
                text90                             5FF4     5FF4       3A     17FD       0
                text89                             63F6     63F6       16     31FB       0
                text88                             5FB8     5FB8       3A     1787       0
                text87                             64D4     64D4        2     31FB       0
                text86                             5CE0     5CE0       42     16CA       0
                text85                             64C6     64C6        6     31FB       0
                text84                             64BC     64BC        A     31FB       0
                text83                             6060     6060       32     17FD       0
                text82                             602E     602E       32     17FD       0
                text81                             6498     6498        E     31FB       0
                text80                             588A     588A       72     1080       0
                text79                             64A6     64A6        C     31FB       0
                text78                             5BC2     5BC2       4C     16CA       0
                text77                             5C9C     5C9C       44     16CA       0
                text76                             6316     6316       1C     17FD       0
                text75                             4F16     4F16       CE     1080       0
                text74                             6258     6258       22     17FD       0
                text73                             63C6     63C6       18     17FD       0
                text72                             63AE     63AE       18     17FD       0
                text71                             634C     634C       1A     17FD       0
                text70                             648A     648A        E     31FB       0
                text69                             62DA     62DA       1E     17FD       0
                text68                             647C     647C        E     31FB       0
                text67                             5C0E     5C0E       48     16CA       0
                text66                             646E     646E        E     31FB       0
                text65                             6120     6120       2E     17FD       0
                text64                             6460     6460        E     31FB       0
                text63                             6452     6452        E     31FB       0
                text62                             6444     6444        E     31FB       0
                text61                             6436     6436        E     31FB       0
                text60                             6428     6428        E     31FB       0
                text59                             53A8     53A8       B6     1080       0
                text58                             5D9E     5D9E       3E     16CA       0
                text57                             4B06     4B06      140     1080       0
                text56                             5E5A     5E5A       3C     1787       0
                text55                             64B2     64B2        A     31FB       0
                text54                             545E     545E       B4     1080       0
                text53                             596C     596C       68     1080       0
                text52                             5F7E     5F7E       3A     1787       0
                text51                             6396     6396       18     17FD       0
                text50                             61CA     61CA       24     17FD       0
                text49                             637E     637E       18     17FD       0
                text48                             5B76     5B76       4C     16CA       0
                text47                             45BA     45BA      162     1080       0
                text46                             409C     409C      1C4     1080       0
                text45                             5D60     5D60       3E     16CA       0
                text44                             641A     641A        E     31FB       0
                text43                             61A6     61A6       24     17FD       0
                text42                             640C     640C        E     31FB       0
                text41                             4872     4872      14C     1080       0
                text40                             471C     471C      156     1080       0
                text39                             52F0     52F0       B8     1080       0
                text38                             62BC     62BC       1E     17FD       0
                text37                             6332     6332       1A     17FD       0
                text36                             5F44     5F44       3A     1787       0
                text35                             5F0A     5F0A       3A     1787       0
                text34                             5ED0     5ED0       3A     1787       0
                text33                             629C     629C       20     17FD       0
                text32                             5176     5176       C0     1080       0
                text31                             617C     617C       2A     17FD       0
                text30                             60C2     60C2       30     17FD       0
                text29                             5D22     5D22       3E     16CA       0
                text28                             4C46     4C46      132     1080       0
                text27                             5806     5806       84     1080       0
                text26                             58FC     58FC       70     1080       0
                text25                             3BA2     3BA2      288     1080       0
                text24                             56F8     56F8       8A     1080       0
                text23                             4D78     4D78       D0     1080       0
                text22                             3544     3544      352     1080       0
                text21                             60F2     60F2       2E     17FD       0
                text20                             3896     3896      30C     1080       0
                text19                             5C56     5C56       46     16CA       0
                text18                             5236     5236       BA     1080       0
                text17                             4FE4     4FE4       CC     1080       0
                text16                             4410     4410      1AA     1080       0
                text15                             5662     5662       96     1080       0
                text14                             59D4     59D4       60     1080       0
                text13                             6092     6092       30     17FD       0
                text12                             5E96     5E96       3A     1787       0
                text11                             2100     2100      9CC     1080       0
                text10                             49BE     49BE      148     1080       0
                text9                              4E48     4E48       CE     1080       0
                text8                              5512     5512       AE     1080       0
                text7                              4260     4260      1B0     1080       0
                text6                              2ACC     2ACC      678     1080       0
                text5                              5A34     5A34       52     1080       0
                text4                              6236     6236       22     17FD       0
                text3                              5AD8     5AD8       4E     1080       0
                text2                              5782     5782       84     1080       0
                text1                              6366     6366       18     17FD       0
                text0                              3E2A     3E2A      272     1080       0
                cstackCOMRAM                          1        1       38        1       1
                cstackBANK0                          60       60       79       60       1
                cstackBANK1                         1C2      1C2       18      100       1
                dataBIGRAM                          4FF      4FF      400      4FF       1
                bssBANK4                            400      400       FF      400       1
                bssBANK3                            300      300       83      300       1
                bssBANK2                            200      200       C3      200       1
                dataBANK1                           1DA      1DA       17      100       1
                bssBANK1                            100      100       C2      100       1
                dataBANK0                            FE       FE        2       60       1
                bssBANK0                             D9       D9       25       60       1
                bssCOMRAM                            39       39       13        1       1
                cinit                              50B0     50B0       C6     1080       0
                idataBANK1                         63DE     63DE       17     17FD       0
                idataBANK0                         64D2     64D2        2     31FB       0
                idataBIGRAM                        3144     3144      400     1080       0

TOTAL           Name                               Link     Load   Length     Space
        CLASS   CODE           
                init                                 AE       AE        4         0
                reset_vec                             0        0        4         0
                ivt0x8                                8        8       A6         0
                text106                            6212     6212       24         0
                text105                            5A86     5A86       52         0
                text104                            64DE     64DE        2         0
                text103                            5B28     5B28       4E         0
                text102                            627A     627A       22         0
                text101                            64CC     64CC        6         0
                text100                            64DC     64DC        2         0
                text99                             64DA     64DA        2         0
                text98                             55C0     55C0       A2         0
                text97                             5E1C     5E1C       3E         0
                text96                             614E     614E       2E         0
                text95                             5DDC     5DDC       3E         0
                text94                             64D8     64D8        2         0
                text93                             64D6     64D6        2         0
                text92                             62F8     62F8       1E         0
                text91                             61EE     61EE       24         0
                text90                             5FF4     5FF4       3A         0
                text89                             63F6     63F6       16         0
                text88                             5FB8     5FB8       3A         0
                text87                             64D4     64D4        2         0
                text86                             5CE0     5CE0       42         0
                text85                             64C6     64C6        6         0
                text84                             64BC     64BC        A         0
                text83                             6060     6060       32         0
                text82                             602E     602E       32         0
                text81                             6498     6498        E         0
                text80                             588A     588A       72         0
                text79                             64A6     64A6        C         0
                text78                             5BC2     5BC2       4C         0
                text77                             5C9C     5C9C       44         0
                text76                             6316     6316       1C         0
                text75                             4F16     4F16       CE         0
                text74                             6258     6258       22         0
                text73                             63C6     63C6       18         0
                text72                             63AE     63AE       18         0
                text71                             634C     634C       1A         0
                text70                             648A     648A        E         0
                text69                             62DA     62DA       1E         0
                text68                             647C     647C        E         0
                text67                             5C0E     5C0E       48         0
                text66                             646E     646E        E         0
                text65                             6120     6120       2E         0
                text64                             6460     6460        E         0
                text63                             6452     6452        E         0
                text62                             6444     6444        E         0
                text61                             6436     6436        E         0
                text60                             6428     6428        E         0
                text59                             53A8     53A8       B6         0
                text58                             5D9E     5D9E       3E         0
                text57                             4B06     4B06      140         0
                text56                             5E5A     5E5A       3C         0
                text55                             64B2     64B2        A         0
                text54                             545E     545E       B4         0
                text53                             596C     596C       68         0
                text52                             5F7E     5F7E       3A         0
                text51                             6396     6396       18         0
                text50                             61CA     61CA       24         0
                text49                             637E     637E       18         0
                text48                             5B76     5B76       4C         0
                text47                             45BA     45BA      162         0
                text46                             409C     409C      1C4         0
                text45                             5D60     5D60       3E         0
                text44                             641A     641A        E         0
                text43                             61A6     61A6       24         0
                text42                             640C     640C        E         0
                text41                             4872     4872      14C         0
                text40                             471C     471C      156         0
                text39                             52F0     52F0       B8         0
                text38                             62BC     62BC       1E         0
                text37                             6332     6332       1A         0
                text36                             5F44     5F44       3A         0
                text35                             5F0A     5F0A       3A         0
                text34                             5ED0     5ED0       3A         0
                text33                             629C     629C       20         0
                text32                             5176     5176       C0         0
                text31                             617C     617C       2A         0
                text30                             60C2     60C2       30         0
                text29                             5D22     5D22       3E         0
                text28                             4C46     4C46      132         0
                text27                             5806     5806       84         0
                text26                             58FC     58FC       70         0
                text25                             3BA2     3BA2      288         0
                text24                             56F8     56F8       8A         0
                text23                             4D78     4D78       D0         0
                text22                             3544     3544      352         0
                text21                             60F2     60F2       2E         0
                text20                             3896     3896      30C         0
                text19                             5C56     5C56       46         0
                text18                             5236     5236       BA         0
                text17                             4FE4     4FE4       CC         0
                text16                             4410     4410      1AA         0
                text15                             5662     5662       96         0
                text14                             59D4     59D4       60         0
                text13                             6092     6092       30         0
                text12                             5E96     5E96       3A         0
                text11                             2100     2100      9CC         0
                text10                             49BE     49BE      148         0
                text9                              4E48     4E48       CE         0
                text8                              5512     5512       AE         0
                text7                              4260     4260      1B0         0
                text6                              2ACC     2ACC      678         0
                text5                              5A34     5A34       52         0
                text4                              6236     6236       22         0
                text3                              5AD8     5AD8       4E         0
                text2                              5782     5782       84         0
                text1                              6366     6366       18         0
                text0                              3E2A     3E2A      272         0
                cinit                              50B0     50B0       C6         0
                idataBANK1                         63DE     63DE       17         0
                idataBANK0                         64D2     64D2        2         0
                idataBIGRAM                        3144     3144      400         0

        CLASS   CONST          

        CLASS   SMALLCONST     
                smallconst                         2000     2000      100         0

        CLASS   MEDIUMCONST    

        CLASS   COMRAM         
                cstackCOMRAM                          1        1       38         1
                bssCOMRAM                            39       39       13         1

        CLASS   ABS1           

        CLASS   BIGRAM         
                dataBIGRAM                          4FF      4FF      400         1

        CLASS   RAM            

        CLASS   BANK0          
                cstackBANK0                          60       60       79         1
                dataBANK0                            FE       FE        2         1
                bssBANK0                             D9       D9       25         1

        CLASS   BANK1          
                cstackBANK1                         1C2      1C2       18         1
                dataBANK1                           1DA      1DA       17         1
                bssBANK1                            100      100       C2         1

        CLASS   BANK2          
                bssBANK2                            200      200       C3         1

        CLASS   BANK3          
                bssBANK3                            300      300       83         1

        CLASS   BANK4          
                bssBANK4                            400      400       FF         1

        CLASS   BANK5          

        CLASS   BANK6          

        CLASS   BANK7          

        CLASS   BANK8          

        CLASS   BANK9          

        CLASS   BANK10         

        CLASS   BANK11         

        CLASS   BANK12         

        CLASS   BANK13         

        CLASS   BANK14         

        CLASS   BANK15         

        CLASS   BANK16         

        CLASS   BANK17         

        CLASS   BANK18         

        CLASS   BANK19         

        CLASS   BANK20         

        CLASS   BANK21         

        CLASS   BANK22         

        CLASS   BANK23         

        CLASS   BANK24         

        CLASS   BANK25         

        CLASS   BANK26         

        CLASS   BANK27         

        CLASS   BANK28         

        CLASS   BANK29         

        CLASS   BANK30         

        CLASS   BANK31         

        CLASS   SFR            

        CLASS   BIGSFR         

        CLASS   CONFIG         
                config                           300000   300000        A         4

        CLASS   IDLOC          
                idloc                            200000   200000       10         5

        CLASS   EEDATA         

        CLASS   FARRAM         

        CLASS   HEAP           

        CLASS   STACK          



SEGMENTS        Name                           Load    Length   Top    Selector   Space  Class

                text103                        005B28  0002F2  005E1A      16CA       0  CODE    
                reset_vec                      000000  000004  000004         0       0  CODE    
                text11                         002100  003A26  005B26      1080       0  CODE    
                dataBIGRAM                     0004FF  000400  0008FF       4FF       1  BIGRAM  
                text90                         005FF4  000401  0063F5      17FD       0  CODE    
                text97                         005E1C  0001D6  005FF2      1787       0  CODE    
                text89                         0063F6  0000EA  0064E0      31FB       0  CODE    
                cstackCOMRAM                   000001  00004B  00004C         1       1  COMRAM  
                bssBANK4                       000400  0000FF  0004FF       400       1  BANK4   
                cstackBANK0                    000060  0000A0  000100        60       1  BANK0   
                ivt0x8                         000008  0000AA  0000B2         4       0  CODE    
                smallconst                     002000  000100  002100      1000       0  SMALLCON
                bssBANK1                       000100  0000F1  0001F1       100       1  BANK1   
                bssBANK3                       000300  000083  000383       300       1  BANK3   
                bssBANK2                       000200  0000C3  0002C3       200       1  BANK2   


UNUSED ADDRESS RANGES

        Name                Unused          Largest block    Delta
        BANK1            0001F1-0001FF                F
        BANK10           000A00-000AFF              100
        BANK11           000B00-000BFF              100
        BANK12           000C00-000CFF              100
        BANK13           000D00-000DFF              100
        BANK14           000E00-000EFF              100
        BANK15           000F00-000FFF              100
        BANK16           001000-0010FF              100
        BANK17           001100-0011FF              100
        BANK18           001200-0012FF              100
        BANK19           001300-0013FF              100
        BANK2            0002C3-0002FF               3D
        BANK20           001400-0014FF              100
        BANK21           001500-0015FF              100
        BANK22           001600-0016FF              100
        BANK23           001700-0017FF              100
        BANK24           001800-0018FF              100
        BANK25           001900-0019FF              100
        BANK26           001A00-001AFF              100
        BANK27           001B00-001BFF              100
        BANK28           001C00-001CFF              100
        BANK29           001D00-001DFF              100
        BANK3            000383-0003FF               7D
        BANK30           001E00-001EFF              100
        BANK31           001F00-001FFF              100
        BANK8            0008FF-0008FF                1
        BANK9            000900-0009FF              100
        BIGRAM           00004C-00005F               14
                         0001F1-0001FF                F
                         0002C3-0002FF               3D
                         000383-0003FF               7D
                         0008FF-001FFF             1701
        BIGSFR           003800-003FFF              800
        CODE             000004-000007                4
                         0000B2-001FFF             1F4E
                         005B26-005B27                2
                         005E1A-005E1B                2
                         005FF2-005FF3                2
                         0063F5-0063F5                1
                         0064E0-01FFFF            19B20
        COMRAM           00004C-00005F               14
        CONST            000004-000007                4
                         0000B2-001FFF             1F4E
                         005B26-005B27                2
                         005E1A-005E1B                2
                         005FF2-005FF3                2
                         0063F5-0063F5                1
                         0064E0-01FFFF            19B20
        EEDATA           310000-3103FF              400
        MEDIUMCONST      005B26-005B27                2
                         005E1A-005E1B                2
                         005FF2-005FF3                2
                         0063F5-0063F5                1
                         0064E0-00FFFF             9B20
                         012000-01FFFF             E000
        RAM              0001F1-0001FF                F
                         0002C3-0002FF               3D
                         000383-0003FF               7D
                         0008FF-001FFF              100
        SFR              003800-003FFF              100
        SMALLCONST       005B26-005B27                2
                         005E1A-005E1B                2
                         005FF2-005FF3                2
                         0063F5-0063F5                1
                         0064E0-01FFFF              100

                                  Symbol Table

?_ADCC_GetConversionResult                    cstackCOMRAM 000001
?___awdiv                                     cstackCOMRAM 000015
?___awmod                                     cstackCOMRAM 000015
?___fladd                                     cstackCOMRAM 000015
?___fldiv                                     cstackCOMRAM 000015
?___flmul                                     cstackCOMRAM 000023
?___flneg                                     cstackCOMRAM 000015
?___flsub                                     cstackCOMRAM 00002F
?___fltol                                     cstackCOMRAM 000015
?___fpclassifyf                               cstackCOMRAM 000015
?___lodiv                                     cstackCOMRAM 000015
?___lomod                                     cstackCOMRAM 000015
?___wmul                                      cstackCOMRAM 000015
?___xxtofl                                    cstackCOMRAM 000015
?_atoi                                        cstackCOMRAM 00001C
?_efgtoa                                      cstackBANK0  000071
?_floorf                                      cstackCOMRAM 00002E
?_fputc                                       cstackCOMRAM 000017
?_fputs                                       cstackCOMRAM 000020
?_isdigit                                     cstackCOMRAM 000015
?_isspace                                     cstackCOMRAM 000015
?_isupper                                     cstackCOMRAM 000015
?_pad                                         cstackCOMRAM 000029
?_printf                                      cstackBANK1  0001C2
?_sprintf                                     cstackBANK1  0001C2
?_stoa                                        cstackCOMRAM 000020
?_strlen                                      cstackCOMRAM 000015
?_strncmp                                     cstackCOMRAM 000019
?_tolower                                     cstackCOMRAM 00001B
?_utoa                                        cstackBANK0  000060
?_vfpfcnvrt                                   cstackBANK0  0000AF
?_vfprintf                                    cstackBANK0  0000CE
ADCC_SetADIInterruptHandler@InterruptHandler  cstackCOMRAM 000015
DAC1_SetOutput@inputData                      cstackCOMRAM 000015
INTERRUPT_Initialize@state                    cstackCOMRAM 000015
IVTBASEH                                      (abs)        003FD6
IVTBASEL                                      (abs)        003FD5
IVTBASEU                                      (abs)        003FD7
PWM5_LoadDutyValue@dutyValue                  cstackCOMRAM 000015
PWM6_LoadDutyValue@dutyValue                  cstackCOMRAM 000015
SPI1_ExchangeByte@data                        cstackCOMRAM 000015
TMR5_SetInterruptHandler@InterruptHandler     cstackCOMRAM 000015
TMR5_WriteTimer@timerVal                      cstackCOMRAM 00000F
TMR6_ISR@CountCallBack                        bssCOMRAM    000041
TMR6_SetInterruptHandler@InterruptHandler     cstackCOMRAM 000015
Timers_Isr@i                                  cstackCOMRAM 000011
UART1_Read@readValue                          cstackCOMRAM 000015
UART1_SetErrorHandler@interruptHandler        cstackCOMRAM 000015
UART1_SetFramingErrorHandler@interruptHandler cstackCOMRAM 000015
UART1_SetOverrunErrorHandler@interruptHandler cstackCOMRAM 000015
UART1_SetRxInterruptHandler@InterruptHandler  cstackCOMRAM 000015
UART1_SetTxInterruptHandler@InterruptHandler  cstackCOMRAM 000015
UART1_Write@txData                            cstackCOMRAM 000015
_ADACCH                                       (abs)        003EE9
_ADACCL                                       (abs)        003EE8
_ADACCU                                       (abs)        003EEA
_ADACQH                                       (abs)        003EF4
_ADACQL                                       (abs)        003EF3
_ADACT                                        (abs)        003EFE
_ADCAP                                        (abs)        003EF5
_ADCC_ADI_InterruptHandler                    bssBANK0     0000EC
_ADCC_DefaultInterruptHandler                 text87       0064D4
_ADCC_GetConversionResult                     text89       0063F6
_ADCC_ISR                                     text86       005CE0
_ADCC_Initialize                              text80       00588A
_ADCC_SetADIInterruptHandler                  text81       006498
_ADCLK                                        (abs)        003EFF
_ADCNT                                        (abs)        003EEB
_ADCON0                                       (abs)        003EF8
_ADCON1                                       (abs)        003EF9
_ADCON2                                       (abs)        003EFA
_ADCON3                                       (abs)        003EFB
_ADERRH                                       (abs)        003EE3
_ADERRL                                       (abs)        003EE2
_ADFLTRH                                      (abs)        003EE7
_ADFLTRL                                      (abs)        003EE6
_ADLTHH                                       (abs)        003EDF
_ADLTHL                                       (abs)        003EDE
_ADPCH                                        (abs)        003EF1
_ADPREH                                       (abs)        003EF7
_ADPREL                                       (abs)        003EF6
_ADPREVH                                      (abs)        003EEE
_ADPREVL                                      (abs)        003EED
_ADREF                                        (abs)        003EFD
_ADRESH                                       (abs)        003EF0
_ADRESL                                       (abs)        003EEF
_ADRPT                                        (abs)        003EEC
_ADSTAT                                       (abs)        003EFC
_ADSTPTH                                      (abs)        003EE5
_ADSTPTL                                      (abs)        003EE4
_ADUTHH                                       (abs)        003EE1
_ADUTHL                                       (abs)        003EE0
_ANSELA                                       (abs)        003A40
_ANSELB                                       (abs)        003A50
_ANSELC                                       (abs)        003A60
_ANSELD                                       (abs)        003A70
_ANSELE                                       (abs)        003A80
_ANSELF                                       (abs)        003A90
_Adc_Isr                                      text88       005FB8
_CCPTMRS1bits                                 (abs)        003F5F
_DAC1CON0                                     (abs)        003E9E
_DAC1CON1                                     (abs)        003E9C
_DAC1_GetOutput                               text85       0064C6
_DAC1_Initialize                              text79       0064A6
_DAC1_SetOutput                               text84       0064BC
_DMA1AIRQ                                     (abs)        003BFE
_DMA1CON0                                     (abs)        003BFC
_DMA1CON0bits                                 (abs)        003BFC
_DMA1CON1                                     (abs)        003BFD
_DMA1CON1bits                                 (abs)        003BFD
_DMA1DPTR                                     (abs)        003BEC
_DMA1DSA                                      (abs)        003BF0
_DMA1DSZ                                      (abs)        003BEE
_DMA1PR                                       (abs)        0039F3
_DMA1SIRQ                                     (abs)        003BFF
_DMA1SPTR                                     (abs)        003BF4
_DMA1SSA                                      (abs)        003BF9
_DMA1SSZ                                      (abs)        003BF7
_DMA1_Initialize                              text78       005BC2
_DMA2CON0bits                                 (abs)        003BDC
_DMA2CON1bits                                 (abs)        003BDD
_DMA2DSA                                      (abs)        003BD0
_DMA2DSZ                                      (abs)        003BCE
_DMA2SSA                                      (abs)        003BD9
_DMA2SSZ                                      (abs)        003BD7
_Default_ISR                                  text94       0064D8
_GIE                                          (abs)        01FE97
_INLVLA                                       (abs)        003A44
_INLVLB                                       (abs)        003A54
_INLVLC                                       (abs)        003A64
_INLVLD                                       (abs)        003A74
_INLVLE                                       (abs)        003A84
_INLVLF                                       (abs)        003A94
_INTCON0bits                                  (abs)        003FD2
_INTERRUPT_Initialize                         text77       005C9C
_IPR1bits                                     (abs)        003981
_IPR3bits                                     (abs)        003983
_IPR8bits                                     (abs)        003988
_IPR9bits                                     (abs)        003989
_IVTBASEH                                     (abs)        003FD6
_IVTBASEL                                     (abs)        003FD5
_IVTBASEU                                     (abs)        003FD7
_IVTLOCK                                      (abs)        003FD4
_IVTLOCKbits                                  (abs)        003FD4
_LATA                                         (abs)        003FBA
_LATAbits                                     (abs)        003FBA
_LATB                                         (abs)        003FBB
_LATC                                         (abs)        003FBC
_LATCbits                                     (abs)        003FBC
_LATD                                         (abs)        003FBD
_LATDbits                                     (abs)        003FBD
_LATE                                         (abs)        003FBE
_LATEbits                                     (abs)        003FBE
_LATF                                         (abs)        003FBF
_LATFbits                                     (abs)        003FBF
_Led_Blink                                    text92       0062F8
_ODCONA                                       (abs)        003A42
_ODCONB                                       (abs)        003A52
_ODCONC                                       (abs)        003A62
_ODCOND                                       (abs)        003A72
_ODCONE                                       (abs)        003A82
_ODCONF                                       (abs)        003A92
_OSCCON1                                      (abs)        0039D9
_OSCCON3                                      (abs)        0039DB
_OSCEN                                        (abs)        0039DD
_OSCFRQ                                       (abs)        0039DF
_OSCILLATOR_Initialize                        text76       006316
_OSCTUNE                                      (abs)        0039DE
_PIE1bits                                     (abs)        003991
_PIE2bits                                     (abs)        003992
_PIE3bits                                     (abs)        003993
_PIE8bits                                     (abs)        003998
_PIE9bits                                     (abs)        003999
_PIN_MANAGER_Initialize                       text75       004F16
_PIR1bits                                     (abs)        0039A1
_PIR2bits                                     (abs)        0039A2
_PIR4bits                                     (abs)        0039A4
_PIR8bits                                     (abs)        0039A8
_PIR9bits                                     (abs)        0039A9
_PLLR                                         (abs)        01CEE0
_PMD0                                         (abs)        0039C0
_PMD1                                         (abs)        0039C1
_PMD2                                         (abs)        0039C2
_PMD3                                         (abs)        0039C3
_PMD4                                         (abs)        0039C4
_PMD5                                         (abs)        0039C5
_PMD6                                         (abs)        0039C6
_PMD7                                         (abs)        0039C7
_PMD_Initialize                               text74       006258
_PORTAbits                                    (abs)        003FCA
_PORTBbits                                    (abs)        003FCB
_PRLOCK                                       (abs)        0039EF
_PRLOCKbits                                   (abs)        0039EF
_PWM5CON                                      (abs)        003F6E
_PWM5DCH                                      (abs)        003F6D
_PWM5DCL                                      (abs)        003F6C
_PWM5_Initialize                              text73       0063C6
_PWM5_LoadDutyValue                           text83       006060
_PWM6CON                                      (abs)        003F6A
_PWM6DCH                                      (abs)        003F69
_PWM6DCL                                      (abs)        003F68
_PWM6_Initialize                              text72       0063AE
_PWM6_LoadDutyValue                           text82       00602E
_RB1I2C                                       (abs)        003A5A
_RB2I2C                                       (abs)        003A5B
_RC3I2C                                       (abs)        003A6A
_RC3PPS                                       (abs)        003A13
_RC4I2C                                       (abs)        003A6B
_RC5PPS                                       (abs)        003A15
_RC6PPS                                       (abs)        003A16
_RD0I2C                                       (abs)        003A7A
_RD1I2C                                       (abs)        003A7B
_RD2PPS                                       (abs)        003A1A
_RF2PPS                                       (abs)        003A2A
_SLRCONA                                      (abs)        003A43
_SLRCONB                                      (abs)        003A53
_SLRCONC                                      (abs)        003A63
_SLRCOND                                      (abs)        003A73
_SLRCONE                                      (abs)        003A83
_SLRCONF                                      (abs)        003A93
_SPI1BAUD                                     (abs)        003D19
_SPI1CLK                                      (abs)        003D1C
_SPI1CON0                                     (abs)        003D14
_SPI1CON0bits                                 (abs)        003D14
_SPI1CON1                                     (abs)        003D15
_SPI1CON2                                     (abs)        003D16
_SPI1INTFbits                                 (abs)        003D1A
_SPI1RXB                                      (abs)        003D10
_SPI1SCKPPS                                   (abs)        003ADE
_SPI1SDIPPS                                   (abs)        003ADF
_SPI1STATUSbits                               (abs)        003D17
_SPI1TCNTL                                    (abs)        003D12
_SPI1TXB                                      (abs)        003D11
_SPI1_ExchangeByte                            text37       006332
_SPI1_Initialize                              text71       00634C
_SYSTEM_Initialize                            text58       005D9E
_SrcVarName0                                  bssBANK1     0001B8
_SystemArbiter_Initialize                     text70       00648A
_T2CLKCON                                     (abs)        003FAE
_T2CON                                        (abs)        003FAC
_T2HLT                                        (abs)        003FAD
_T2PR                                         (abs)        003FAB
_T2RST                                        (abs)        003FAF
_T2TMR                                        (abs)        003FAA
_T5CLK                                        (abs)        003F9D
_T5CON                                        (abs)        003F9A
_T5CONbits                                    (abs)        003F9A
_T5GATE                                       (abs)        003F9C
_T5GCON                                       (abs)        003F9B
_T6CLKCON                                     (abs)        003F96
_T6CON                                        (abs)        003F94
_T6HLT                                        (abs)        003F95
_T6PR                                         (abs)        003F93
_T6RST                                        (abs)        003F97
_T6TMR                                        (abs)        003F92
_TMR2_Initialize                              text69       0062DA
_TMR5H                                        (abs)        003F99
_TMR5L                                        (abs)        003F98
_TMR5_DefaultInterruptHandler                 text104      0064DE
_TMR5_ISR                                     text103      005B28
_TMR5_Initialize                              text67       005C0E
_TMR5_InterruptHandler                        bssBANK0     0000DD
_TMR5_SetInterruptHandler                     text68       00647C
_TMR5_WriteTimer                              text106      006212
_TMR6_CallBack                                text91       0061EE
_TMR6_DefaultInterruptHandler                 text93       0064D6
_TMR6_ISR                                     text90       005FF4
_TMR6_Initialize                              text65       006120
_TMR6_InterruptHandler                        bssBANK0     0000E9
_TMR6_SetInterruptHandler                     text66       00646E
_TRISA                                        (abs)        003FC2
_TRISB                                        (abs)        003FC3
_TRISC                                        (abs)        003FC4
_TRISCbits                                    (abs)        003FC4
_TRISD                                        (abs)        003FC5
_TRISE                                        (abs)        003FC6
_TRISF                                        (abs)        003FC7
_Timers_Isr                                   text105      005A86
_U1BRGH                                       (abs)        003DF6
_U1BRGL                                       (abs)        003DF5
_U1CON0                                       (abs)        003DF2
_U1CON1                                       (abs)        003DF3
_U1CON2                                       (abs)        003DF4
_U1ERRIE                                      (abs)        003DFA
_U1ERRIR                                      (abs)        003DF9
_U1ERRIRbits                                  (abs)        003DF9
_U1FIFO                                       (abs)        003DF7
_U1P1H                                        (abs)        003DED
_U1P1L                                        (abs)        003DEC
_U1P2H                                        (abs)        003DEF
_U1P2L                                        (abs)        003DEE
_U1P3H                                        (abs)        003DF1
_U1P3L                                        (abs)        003DF0
_U1RXB                                        (abs)        003DE8
_U1RXPPS                                      (abs)        003AE5
_U1TXB                                        (abs)        003DEA
_U1UIR                                        (abs)        003DF8
_UART1_DefaultErrorHandler                    text101      0064CC
_UART1_DefaultFramingErrorHandler             text100      0064DC
_UART1_DefaultOverrunErrorHandler             text99       0064DA
_UART1_ErrorHandler                           bssBANK0     0000E0
_UART1_FramingErrorHandler                    bssBANK0     0000E6
_UART1_Initialize                             text59       0053A8
_UART1_OverrunErrorHandler                    bssBANK0     0000E3
_UART1_Read                                   text45       005D60
_UART1_Receive_ISR                            text98       0055C0
_UART1_RxDataHandler                          text102      00627A
_UART1_RxInterruptHandler                     bssBANK0     0000F2
_UART1_SetErrorHandler                        text64       006460
_UART1_SetFramingErrorHandler                 text63       006452
_UART1_SetOverrunErrorHandler                 text62       006444
_UART1_SetRxInterruptHandler                  text61       006436
_UART1_SetTxInterruptHandler                  text60       006428
_UART1_Transmit_ISR                           text96       00614E
_UART1_TxInterruptHandler                     bssBANK0     0000EF
_UART1_Write                                  text56       005E5A
_UART1_is_rx_ready                            text44       00641A
_UART1_rx_vect_isr                            text97       005E1C
_UART1_tx_vect_isr                            text95       005DDC
_WPUA                                         (abs)        003A41
_WPUB                                         (abs)        003A51
_WPUC                                         (abs)        003A61
_WPUD                                         (abs)        003A71
_WPUE                                         (abs)        003A81
_WPUF                                         (abs)        003A91
__HRAM                                        (abs)        000000
__Habs1                                       abs1         000000
__Hbank0                                      bank0        000000
__Hbank1                                      bank1        000000
__Hbank10                                     bank10       000000
__Hbank11                                     bank11       000000
__Hbank12                                     bank12       000000
__Hbank13                                     bank13       000000
__Hbank14                                     bank14       000000
__Hbank15                                     bank15       000000
__Hbank16                                     bank16       000000
__Hbank17                                     bank17       000000
__Hbank18                                     bank18       000000
__Hbank19                                     bank19       000000
__Hbank2                                      bank2        000000
__Hbank20                                     bank20       000000
__Hbank21                                     bank21       000000
__Hbank22                                     bank22       000000
__Hbank23                                     bank23       000000
__Hbank24                                     bank24       000000
__Hbank25                                     bank25       000000
__Hbank26                                     bank26       000000
__Hbank27                                     bank27       000000
__Hbank28                                     bank28       000000
__Hbank29                                     bank29       000000
__Hbank3                                      bank3        000000
__Hbank30                                     bank30       000000
__Hbank31                                     bank31       000000
__Hbank4                                      bank4        000000
__Hbank5                                      bank5        000000
__Hbank6                                      bank6        000000
__Hbank7                                      bank7        000000
__Hbank8                                      bank8        000000
__Hbank9                                      bank9        000000
__Hbigbss                                     bigbss       000000
__Hbigdata                                    bigdata      000000
__Hbigram                                     bigram       000000
__Hbigsfr                                     bigsfr       000000
__Hbss                                        bss          000000
__HbssBANK0                                   bssBANK0     000000
__HbssBANK1                                   bssBANK1     000000
__HbssBANK2                                   bssBANK2     000000
__HbssBANK3                                   bssBANK3     000000
__HbssBANK4                                   bssBANK4     000000
__HbssCOMRAM                                  bssCOMRAM    000000
__Hcinit                                      cinit        000000
__Hclrtext                                    clrtext      000000
__Hcomram                                     comram       000000
__Hconfig                                     config       30000A
__Hconst                                      const        000000
__HcstackBANK0                                cstackBANK0  000000
__HcstackBANK1                                cstackBANK1  000000
__HcstackCOMRAM                               cstackCOMRAM 000000
__Hdata                                       data         000000
__HdataBANK0                                  dataBANK0    000000
__HdataBANK1                                  dataBANK1    000000
__HdataBIGRAM                                 dataBIGRAM   000000
__Heeprom_data                                eeprom_data  000000
__Hfarbss                                     farbss       000000
__Hfardata                                    fardata      000000
__Hheap                                       heap         000000
__Hibigdata                                   ibigdata     000000
__Hidata                                      idata        000000
__HidataBANK0                                 idataBANK0   000000
__HidataBANK1                                 idataBANK1   000000
__HidataBIGRAM                                idataBIGRAM  000000
__Hidloc                                      idloc        200010
__Hifardata                                   ifardata     000000
__Hinit                                       init         0000B2
__Hintsave_regs                               intsave_regs 000000
__Hirdata                                     irdata       000000
__Hivt0x8                                     ivt0x8       0000AE
__Hmediumconst                                mediumconst  000000
__HnvFARRAM                                   nvFARRAM     000000
__Hnvbit                                      nvbit        000000
__Hnvrram                                     nvrram       000000
__Hparam                                      rparam       000000
__Hpowerup                                    powerup      000000
__Hram                                        ram          000000
__Hramtop                                     ramtop       002000
__Hrbit                                       rbit         000000
__Hrbss                                       rbss         000000
__Hrdata                                      rdata        000000
__Hreset_vec                                  reset_vec    000004
__Hrparam                                     rparam       000000
__Hsfr                                        sfr          000000
__Hsmallconst                                 smallconst   002100
__Hspace_0                                    (abs)        0064E0
__Hspace_1                                    (abs)        0008FF
__Hspace_2                                    (abs)        000000
__Hspace_4                                    (abs)        60000A
__Hstack                                      stack        000000
__Hstruct                                     struct       000000
__Htemp                                       temp         000000
__Htext                                       text         000000
__Htext0                                      text0        000000
__Htext1                                      text1        000000
__Htext10                                     text10       000000
__Htext100                                    text100      000000
__Htext101                                    text101      000000
__Htext102                                    text102      000000
__Htext103                                    text103      000000
__Htext104                                    text104      000000
__Htext105                                    text105      000000
__Htext106                                    text106      000000
__Htext107                                    text107      000000
__Htext11                                     text11       000000
__Htext12                                     text12       000000
__Htext13                                     text13       000000
__Htext14                                     text14       000000
__Htext15                                     text15       000000
__Htext16                                     text16       000000
__Htext17                                     text17       000000
__Htext18                                     text18       000000
__Htext19                                     text19       000000
__Htext2                                      text2        000000
__Htext20                                     text20       000000
__Htext21                                     text21       000000
__Htext22                                     text22       000000
__Htext23                                     text23       000000
__Htext24                                     text24       000000
__Htext25                                     text25       000000
__Htext26                                     text26       000000
__Htext27                                     text27       000000
__Htext28                                     text28       000000
__Htext29                                     text29       000000
__Htext3                                      text3        000000
__Htext30                                     text30       000000
__Htext31                                     text31       000000
__Htext32                                     text32       000000
__Htext33                                     text33       000000
__Htext34                                     text34       000000
__Htext35                                     text35       000000
__Htext36                                     text36       000000
__Htext37                                     text37       000000
__Htext38                                     text38       000000
__Htext39                                     text39       000000
__Htext4                                      text4        000000
__Htext40                                     text40       000000
__Htext41                                     text41       000000
__Htext42                                     text42       000000
__Htext43                                     text43       000000
__Htext44                                     text44       000000
__Htext45                                     text45       000000
__Htext46                                     text46       000000
__Htext47                                     text47       000000
__Htext48                                     text48       000000
__Htext49                                     text49       000000
__Htext5                                      text5        000000
__Htext50                                     text50       000000
__Htext51                                     text51       000000
__Htext52                                     text52       000000
__Htext53                                     text53       000000
__Htext54                                     text54       000000
__Htext55                                     text55       000000
__Htext56                                     text56       000000
__Htext57                                     text57       000000
__Htext58                                     text58       000000
__Htext59                                     text59       000000
__Htext6                                      text6        000000
__Htext60                                     text60       000000
__Htext61                                     text61       000000
__Htext62                                     text62       000000
__Htext63                                     text63       000000
__Htext64                                     text64       000000
__Htext65                                     text65       000000
__Htext66                                     text66       000000
__Htext67                                     text67       000000
__Htext68                                     text68       000000
__Htext69                                     text69       000000
__Htext7                                      text7        000000
__Htext70                                     text70       000000
__Htext71                                     text71       000000
__Htext72                                     text72       000000
__Htext73                                     text73       000000
__Htext74                                     text74       000000
__Htext75                                     text75       000000
__Htext76                                     text76       000000
__Htext77                                     text77       000000
__Htext78                                     text78       000000
__Htext79                                     text79       000000
__Htext8                                      text8        000000
__Htext80                                     text80       000000
__Htext81                                     text81       000000
__Htext82                                     text82       000000
__Htext83                                     text83       000000
__Htext84                                     text84       000000
__Htext85                                     text85       000000
__Htext86                                     text86       000000
__Htext87                                     text87       000000
__Htext88                                     text88       000000
__Htext89                                     text89       000000
__Htext9                                      text9        000000
__Htext90                                     text90       000000
__Htext91                                     text91       000000
__Htext92                                     text92       000000
__Htext93                                     text93       000000
__Htext94                                     text94       000000
__Htext95                                     text95       000000
__Htext96                                     text96       000000
__Htext97                                     text97       000000
__Htext98                                     text98       000000
__Htext99                                     text99       000000
__LRAM                                        (abs)        000001
__Labs1                                       abs1         000000
__Lbank0                                      bank0        000000
__Lbank1                                      bank1        000000
__Lbank10                                     bank10       000000
__Lbank11                                     bank11       000000
__Lbank12                                     bank12       000000
__Lbank13                                     bank13       000000
__Lbank14                                     bank14       000000
__Lbank15                                     bank15       000000
__Lbank16                                     bank16       000000
__Lbank17                                     bank17       000000
__Lbank18                                     bank18       000000
__Lbank19                                     bank19       000000
__Lbank2                                      bank2        000000
__Lbank20                                     bank20       000000
__Lbank21                                     bank21       000000
__Lbank22                                     bank22       000000
__Lbank23                                     bank23       000000
__Lbank24                                     bank24       000000
__Lbank25                                     bank25       000000
__Lbank26                                     bank26       000000
__Lbank27                                     bank27       000000
__Lbank28                                     bank28       000000
__Lbank29                                     bank29       000000
__Lbank3                                      bank3        000000
__Lbank30                                     bank30       000000
__Lbank31                                     bank31       000000
__Lbank4                                      bank4        000000
__Lbank5                                      bank5        000000
__Lbank6                                      bank6        000000
__Lbank7                                      bank7        000000
__Lbank8                                      bank8        000000
__Lbank9                                      bank9        000000
__Lbigbss                                     bigbss       000000
__Lbigdata                                    bigdata      000000
__Lbigram                                     bigram       000000
__Lbigsfr                                     bigsfr       000000
__Lbss                                        bss          000000
__LbssBANK0                                   bssBANK0     000000
__LbssBANK1                                   bssBANK1     000000
__LbssBANK2                                   bssBANK2     000000
__LbssBANK3                                   bssBANK3     000000
__LbssBANK4                                   bssBANK4     000000
__LbssCOMRAM                                  bssCOMRAM    000000
__Lcinit                                      cinit        000000
__Lclrtext                                    clrtext      000000
__Lcomram                                     comram       000000
__Lconfig                                     config       000000
__Lconst                                      const        000000
__LcstackBANK0                                cstackBANK0  000000
__LcstackBANK1                                cstackBANK1  000000
__LcstackCOMRAM                               cstackCOMRAM 000000
__Ldata                                       data         000000
__LdataBANK0                                  dataBANK0    000000
__LdataBANK1                                  dataBANK1    000000
__LdataBIGRAM                                 dataBIGRAM   000000
__Leeprom_data                                eeprom_data  000000
__Lfarbss                                     farbss       000000
__Lfardata                                    fardata      000000
__Lheap                                       heap         000000
__Libigdata                                   ibigdata     000000
__Lidata                                      idata        000000
__LidataBANK0                                 idataBANK0   000000
__LidataBANK1                                 idataBANK1   000000
__LidataBIGRAM                                idataBIGRAM  000000
__Lidloc                                      idloc        000000
__Lifardata                                   ifardata     000000
__Linit                                       init         0000AE
__Lintsave_regs                               intsave_regs 000000
__Lirdata                                     irdata       000000
__Livt0x8                                     ivt0x8       000008
__Lmediumconst                                mediumconst  000000
__LnvFARRAM                                   nvFARRAM     000000
__Lnvbit                                      nvbit        000000
__Lnvrram                                     nvrram       000000
__Lparam                                      rparam       000000
__Lpowerup                                    powerup      000000
__Lram                                        ram          000000
__Lramtop                                     ramtop       002000
__Lrbit                                       rbit         000000
__Lrbss                                       rbss         000000
__Lrdata                                      rdata        000000
__Lreset_vec                                  reset_vec    000000
__Lrparam                                     rparam       000000
__Lsfr                                        sfr          000000
__Lsmallconst                                 smallconst   002000
__Lspace_0                                    (abs)        000000
__Lspace_1                                    (abs)        000000
__Lspace_2                                    (abs)        000000
__Lspace_4                                    (abs)        000000
__Lstack                                      stack        000000
__Lstruct                                     struct       000000
__Ltemp                                       temp         000000
__Ltext                                       text         000000
__Ltext0                                      text0        000000
__Ltext1                                      text1        000000
__Ltext10                                     text10       000000
__Ltext100                                    text100      000000
__Ltext101                                    text101      000000
__Ltext102                                    text102      000000
__Ltext103                                    text103      000000
__Ltext104                                    text104      000000
__Ltext105                                    text105      000000
__Ltext106                                    text106      000000
__Ltext107                                    text107      000000
__Ltext11                                     text11       000000
__Ltext12                                     text12       000000
__Ltext13                                     text13       000000
__Ltext14                                     text14       000000
__Ltext15                                     text15       000000
__Ltext16                                     text16       000000
__Ltext17                                     text17       000000
__Ltext18                                     text18       000000
__Ltext19                                     text19       000000
__Ltext2                                      text2        000000
__Ltext20                                     text20       000000
__Ltext21                                     text21       000000
__Ltext22                                     text22       000000
__Ltext23                                     text23       000000
__Ltext24                                     text24       000000
__Ltext25                                     text25       000000
__Ltext26                                     text26       000000
__Ltext27                                     text27       000000
__Ltext28                                     text28       000000
__Ltext29                                     text29       000000
__Ltext3                                      text3        000000
__Ltext30                                     text30       000000
__Ltext31                                     text31       000000
__Ltext32                                     text32       000000
__Ltext33                                     text33       000000
__Ltext34                                     text34       000000
__Ltext35                                     text35       000000
__Ltext36                                     text36       000000
__Ltext37                                     text37       000000
__Ltext38                                     text38       000000
__Ltext39                                     text39       000000
__Ltext4                                      text4        000000
__Ltext40                                     text40       000000
__Ltext41                                     text41       000000
__Ltext42                                     text42       000000
__Ltext43                                     text43       000000
__Ltext44                                     text44       000000
__Ltext45                                     text45       000000
__Ltext46                                     text46       000000
__Ltext47                                     text47       000000
__Ltext48                                     text48       000000
__Ltext49                                     text49       000000
__Ltext5                                      text5        000000
__Ltext50                                     text50       000000
__Ltext51                                     text51       000000
__Ltext52                                     text52       000000
__Ltext53                                     text53       000000
__Ltext54                                     text54       000000
__Ltext55                                     text55       000000
__Ltext56                                     text56       000000
__Ltext57                                     text57       000000
__Ltext58                                     text58       000000
__Ltext59                                     text59       000000
__Ltext6                                      text6        000000
__Ltext60                                     text60       000000
__Ltext61                                     text61       000000
__Ltext62                                     text62       000000
__Ltext63                                     text63       000000
__Ltext64                                     text64       000000
__Ltext65                                     text65       000000
__Ltext66                                     text66       000000
__Ltext67                                     text67       000000
__Ltext68                                     text68       000000
__Ltext69                                     text69       000000
__Ltext7                                      text7        000000
__Ltext70                                     text70       000000
__Ltext71                                     text71       000000
__Ltext72                                     text72       000000
__Ltext73                                     text73       000000
__Ltext74                                     text74       000000
__Ltext75                                     text75       000000
__Ltext76                                     text76       000000
__Ltext77                                     text77       000000
__Ltext78                                     text78       000000
__Ltext79                                     text79       000000
__Ltext8                                      text8        000000
__Ltext80                                     text80       000000
__Ltext81                                     text81       000000
__Ltext82                                     text82       000000
__Ltext83                                     text83       000000
__Ltext84                                     text84       000000
__Ltext85                                     text85       000000
__Ltext86                                     text86       000000
__Ltext87                                     text87       000000
__Ltext88                                     text88       000000
__Ltext89                                     text89       000000
__Ltext9                                      text9        000000
__Ltext90                                     text90       000000
__Ltext91                                     text91       000000
__Ltext92                                     text92       000000
__Ltext93                                     text93       000000
__Ltext94                                     text94       000000
[...]
_uart1TxTail                                  bssCOMRAM    00004A
_utoa                                         text7        004260
_vfpfcnvrt                                    text6        002ACC
_vfpfcnvrt$3809                               cstackBANK0  0000C4
_vfprintf                                     text5        005A34
_vval                                         bssBANK1     000164
_wdtdelay                                     text36       005F44
_width                                        bssBANK0     0000F7
atoi@n                                        cstackCOMRAM 000024
atoi@neg                                      cstackCOMRAM 000022
atoi@s                                        cstackCOMRAM 00001C
cli_init@a_cmds                               cstackBANK1  0001D8
cli_init@a_ctx                                cstackBANK1  0001D6
cli_read@a_ctx                                cstackCOMRAM 000032
cli_read@i                                    cstackBANK0  00006C
display_led@led                               cstackCOMRAM 000017
efgtoa@c                                      cstackBANK0  000077
efgtoa@d                                      cstackBANK0  00008F
efgtoa@e                                      cstackBANK0  0000A7
efgtoa@f                                      cstackBANK0  000073
efgtoa@fp                                     cstackBANK0  000071
efgtoa@g                                      cstackBANK0  0000A1
efgtoa@h                                      cstackBANK0  000099
efgtoa@i                                      cstackBANK0  0000A5
efgtoa@l                                      cstackBANK0  00009D
efgtoa@m                                      cstackBANK0  000089
efgtoa@mode                                   cstackBANK0  000098
efgtoa@n                                      cstackBANK0  0000A9
efgtoa@ne                                     cstackBANK0  000087
efgtoa@nmode                                  cstackBANK0  000095
efgtoa@ou                                     cstackBANK0  00008B
efgtoa@p                                      cstackBANK0  000093
efgtoa@pp                                     cstackBANK0  000085
efgtoa@sign                                   cstackBANK0  000091
efgtoa@t                                      cstackBANK0  000083
efgtoa@u                                      cstackBANK0  0000AB
efgtoa@w                                      cstackBANK0  000096
end_of_initialization                         cinit        005170
fh_po@a_data                                  cstackCOMRAM 00002C
fh_pr@a_data                                  cstackCOMRAM 00002C
floorf@F526                                   bssBANK1     000158
floorf@e                                      cstackBANK0  000064
floorf@m                                      cstackBANK0  000060
floorf@u                                      cstackBANK0  000066
floorf@x                                      cstackCOMRAM 00002E
fputc@c                                       cstackCOMRAM 000017
fputc@fp                                      cstackCOMRAM 000019
fputs@c                                       cstackCOMRAM 000026
fputs@fp                                      cstackCOMRAM 000022
fputs@i                                       cstackCOMRAM 000027
fputs@s                                       cstackCOMRAM 000020
intlevel0                                     text         000000
intlevel1                                     text         000000
intlevel2                                     text         000000
intlevel3                                     text         000000
isa$std                                       (abs)        000001
isa$xinst                                     (abs)        000000
isdigit@c                                     cstackCOMRAM 000015
isspace@c                                     cstackCOMRAM 000015
isupper@c                                     cstackCOMRAM 000015
ivt0x8_base                                   ivt0x8       000008
ivt0x8_undefint                               ivt0x8       0000AC
linux_getc@a_data                             cstackCOMRAM 000016
linux_putc@a_len                              cstackCOMRAM 00002E
linux_putc@data                               cstackCOMRAM 00002C
main@dac_v                                    cstackBANK0  0000D8
main@mode_sw                                  cstackBANK0  0000D7
memset@c                                      cstackCOMRAM 000017
memset@dest                                   cstackCOMRAM 000015
memset@k                                      cstackCOMRAM 00001D
memset@n                                      cstackCOMRAM 000019
memset@s                                      cstackCOMRAM 00001F
pad@buf                                       cstackCOMRAM 00002B
pad@fp                                        cstackCOMRAM 000029
pad@i                                         cstackCOMRAM 000030
pad@p                                         cstackCOMRAM 00002D
pad@w                                         cstackCOMRAM 000032
printf@ap                                     cstackBANK0  0000D3
printf@fmt                                    cstackBANK1  0001C2
putch@txData                                  cstackCOMRAM 000016
puts@s                                        cstackCOMRAM 000029
ringBufS_init@_this                           cstackCOMRAM 000021
send_lcd_cmd@cmd                              cstackCOMRAM 000019
send_lcd_cmd_long@cmd                         cstackCOMRAM 000019
send_lcd_data@data                            cstackCOMRAM 000019
sprintf@ap                                    cstackBANK1  0001C9
sprintf@f                                     cstackBANK1  0001CB
sprintf@fmt                                   cstackBANK1  0001C4
sprintf@s                                     cstackBANK1  0001C2
stackhi                                       (abs)        000000
stacklo                                       (abs)        000000
start                                         init         0000AE
start_initialization                          cinit        0050B0
stoa@F1164                                    dataBANK1    0001DA
stoa@cp                                       cstackCOMRAM 000030
stoa@fp                                       cstackCOMRAM 000020
stoa@i                                        cstackCOMRAM 00002C
stoa@l                                        cstackCOMRAM 000034
stoa@nuls                                     cstackCOMRAM 000025
stoa@p                                        cstackCOMRAM 000032
stoa@s                                        cstackCOMRAM 000022
stoa@w                                        cstackCOMRAM 00002E
strcpy@d                                      cstackCOMRAM 00001D
strcpy@dest                                   cstackCOMRAM 000015
strcpy@s                                      cstackCOMRAM 00001B
strcpy@src                                    cstackCOMRAM 000017
strlen@a                                      cstackCOMRAM 000017
strlen@s                                      cstackCOMRAM 000015
strncmp@_l                                    cstackCOMRAM 000019
strncmp@_r                                    cstackCOMRAM 00001B
strncmp@l                                     cstackCOMRAM 000021
strncmp@n                                     cstackCOMRAM 00001D
strncmp@r                                     cstackCOMRAM 000023
tolower@c                                     cstackCOMRAM 00001B
utoa@d                                        cstackBANK0  000062
utoa@fp                                       cstackBANK0  000060
utoa@i                                        cstackBANK0  00007E
utoa@n                                        cstackBANK0  000076
utoa@p                                        cstackBANK0  000072
utoa@w                                        cstackBANK0  000074
vfpfcnvrt@ap                                  cstackBANK0  0000B2
vfpfcnvrt@c                                   cstackBANK0  0000C6
vfpfcnvrt@cp                                  cstackBANK0  0000C0
vfpfcnvrt@ct                                  cstackBANK0  0000CB
vfpfcnvrt@done                                cstackBANK0  0000C2
vfpfcnvrt@f                                   cstackBANK0  0000C7
vfpfcnvrt@fmt                                 cstackBANK0  0000B1
vfpfcnvrt@fp                                  cstackBANK0  0000AF
vfpfcnvrt@llu                                 cstackBANK0  0000B8
vfprintf@ap                                   cstackBANK0  0000D1
vfprintf@cfmt                                 cstackCOMRAM 000038
vfprintf@fmt                                  cstackBANK0  0000D0
vfprintf@fp                                   cstackBANK0  0000CE
wdtdelay@dcount                               bssBANK0     0000D9
wdtdelay@delay                                cstackCOMRAM 000015


MODULE INFORMATION

Module		Function		Class		Link	Load	Size
/opt/microchip/xc8/v2.36/pic/sources/c99/common/__fpclassifyf.c
		___fpclassifyf 		CODE           	4FE4	0000	204

/opt/microchip/xc8/v2.36/pic/sources/c99/common/__fpclassifyf.c estimated size: 204

/opt/microchip/xc8/v2.36/pic/sources/c99/common/memset.c
		_memset        		CODE           	4872	0000	332

/opt/microchip/xc8/v2.36/pic/sources/c99/common/memset.c estimated size: 332

/opt/microchip/xc8/v2.36/pic/sources/c99/common/isupper.c
		_isupper       		CODE           	6092	0000	48

/opt/microchip/xc8/v2.36/pic/sources/c99/common/isupper.c estimated size: 48

ringbufs.c
		_ringBufS_init 		CODE           	62BC	0000	30

ringbufs.c estimated size: 30

timers.c
		_Timers_Isr    		CODE           	5A86	0000	82

timers.c estimated size: 82

disp_led.c
		_display_led   		CODE           	52F0	0000	184

disp_led.c estimated size: 184

mcc_generated_files/tmr6.c
		_TMR6_CallBack 		CODE           	61EE	0000	36
		_TMR6_ISR      		CODE           	5FF4	0000	58
		_TMR6_Initialize		CODE           	6120	0000	46
		_TMR6_SetInterruptHandler		CODE           	646E	0000	14
		_TMR6_DefaultInterruptHandler		CODE           	64D6	0000	2

mcc_generated_files/tmr6.c estimated size: 156

mcc_generated_files/pwm6.c
		_PWM6_LoadDutyValue		CODE           	602E	0000	50
		_PWM6_Initialize		CODE           	63AE	0000	24

mcc_generated_files/pwm6.c estimated size: 74

/opt/microchip/xc8/v2.36/pic/sources/c99/common/doprnt.c
		_vfpfcnvrt     		CODE           	2ACC	0000	1656
		_efgtoa        		CODE           	2100	0000	2508
		_pad           		CODE           	5662	0000	150
		_vfprintf      		CODE           	5A34	0000	82
		_stoa          		CODE           	49BE	0000	328
		_utoa          		CODE           	4260	0000	432

/opt/microchip/xc8/v2.36/pic/sources/c99/common/doprnt.c estimated size: 5156

/opt/microchip/xc8/v2.36/pic/sources/c99/common/flneg.c
		___flneg       		CODE           	60F2	0000	46

/opt/microchip/xc8/v2.36/pic/sources/c99/common/flneg.c estimated size: 46

/opt/microchip/xc8/v2.36/pic/sources/c99/common/nf_fputc.c
		_fputc         		CODE           	545E	0000	180

/opt/microchip/xc8/v2.36/pic/sources/c99/common/nf_fputc.c estimated size: 180

/opt/microchip/xc8/v2.36/pic/sources/c99/common/atoi.c
		_atoi          		CODE           	4C46	0000	306

/opt/microchip/xc8/v2.36/pic/sources/c99/common/atoi.c estimated size: 306

/opt/microchip/xc8/v2.36/pic/sources/c99/common/fleq.c
		___fleq        		CODE           	56F8	0000	138

/opt/microchip/xc8/v2.36/pic/sources/c99/common/fleq.c estimated size: 138

mcc_generated_files/tmr2.c
		_TMR2_Initialize		CODE           	62DA	0000	30

mcc_generated_files/tmr2.c estimated size: 30

mcc_generated_files/interrupt_manager.c
		_INTERRUPT_Initialize		CODE           	5C9C	0000	68
		_Default_ISR   		CODE           	64D8	0000	2

mcc_generated_files/interrupt_manager.c estimated size: 70

/opt/microchip/xc8/v2.36/pic/sources/c99/common/Umul16.c
		___wmul        		CODE           	617C	0000	42

/opt/microchip/xc8/v2.36/pic/sources/c99/common/Umul16.c estimated size: 42

/opt/microchip/xc8/v2.36/pic/sources/c99/common/puts.c
		_puts          		CODE           	5F7E	0000	58

/opt/microchip/xc8/v2.36/pic/sources/c99/common/puts.c estimated size: 58

/opt/microchip/xc8/v2.36/pic/sources/c99/common/lomod.c
		___lomod       		CODE           	5512	0000	174

/opt/microchip/xc8/v2.36/pic/sources/c99/common/lomod.c estimated size: 174

eadog.c
		_init_display  		CODE           	5176	0000	192
		_wdtdelay      		CODE           	5F44	0000	58
		_send_lcd_cmd  		CODE           	5F0A	0000	58
		_send_lcd_data 		CODE           	629C	0000	32
		_send_lcd_cmd_long		CODE           	5ED0	0000	58

eadog.c estimated size: 398

/opt/microchip/xc8/v2.36/pic/sources/c99/common/isspace.c
		_isspace       		CODE           	5D22	0000	62

/opt/microchip/xc8/v2.36/pic/sources/c99/common/isspace.c estimated size: 62

mcc_generated_files/pin_manager.c
		_PIN_MANAGER_Initialize		CODE           	4F16	0000	206

mcc_generated_files/pin_manager.c estimated size: 206

mcc_generated_files/spi1.c
		_SPI1_Initialize		CODE           	634C	0000	26
		_SPI1_ExchangeByte		CODE           	6332	0000	26

mcc_generated_files/spi1.c estimated size: 52

/opt/microchip/xc8/v2.36/pic/sources/c99/common/tolower.c
		_tolower       		CODE           	5E96	0000	58

/opt/microchip/xc8/v2.36/pic/sources/c99/common/tolower.c estimated size: 58

/opt/microchip/xc8/v2.36/pic/sources/c99/common/strncmp.c
		_strncmp       		CODE           	45BA	0000	354

/opt/microchip/xc8/v2.36/pic/sources/c99/common/strncmp.c estimated size: 354

/opt/microchip/xc8/v2.36/pic/sources/c99/common/sprcmul.c
		___flmul       		CODE           	3544	0000	850

/opt/microchip/xc8/v2.36/pic/sources/c99/common/sprcmul.c estimated size: 850

/opt/microchip/xc8/v2.36/pic/sources/c99/common/awmod.c
		___awmod       		CODE           	58FC	0000	112

/opt/microchip/xc8/v2.36/pic/sources/c99/common/awmod.c estimated size: 112

/opt/microchip/xc8/v2.36/pic/sources/c99/common/sprcdiv.c
		___fldiv       		CODE           	3BA2	0000	648

/opt/microchip/xc8/v2.36/pic/sources/c99/common/sprcdiv.c estimated size: 648

mcc_generated_files/dma1.c
		_DMA1_Initialize		CODE           	5BC2	0000	76

mcc_generated_files/dma1.c estimated size: 76

mcc_generated_files/uart1.c
		_UART1_rx_vect_isr		CODE           	5E1C	0000	62
		_UART1_Write   		CODE           	5E5A	0000	60
		_putch         		CODE           	64B2	0000	10
		_UART1_SetFramingErrorHandler		CODE           	6452	0000	14
		_UART1_SetOverrunErrorHandler		CODE           	6444	0000	14
		_UART1_tx_vect_isr		CODE           	5DDC	0000	62
		_UART1_Receive_ISR		CODE           	55C0	0000	162
		_UART1_SetRxInterruptHandler		CODE           	6436	0000	14
		_UART1_SetTxInterruptHandler		CODE           	6428	0000	14
		_UART1_Initialize		CODE           	53A8	0000	182
		_UART1_SetErrorHandler		CODE           	6460	0000	14
		_UART1_Transmit_ISR		CODE           	614E	0000	46
		_UART1_Read    		CODE           	5D60	0000	62
		_UART1_DefaultFramingErrorHandler		CODE           	64DC	0000	2
		_UART1_is_rx_ready		CODE           	641A	0000	14
		_UART1_DefaultErrorHandler		CODE           	64CC	0000	6
		_UART1_RxDataHandler		CODE           	627A	0000	34
		_UART1_DefaultOverrunErrorHandler		CODE           	64DA	0000	2

mcc_generated_files/uart1.c estimated size: 774

mcc_generated_files/tmr5.c
		_TMR5_ISR      		CODE           	5B28	0000	78
		_TMR5_Initialize		CODE           	5C0E	0000	72
		_TMR5_SetInterruptHandler		CODE           	647C	0000	14
		_TMR5_DefaultInterruptHandler		CODE           	64DE	0000	2
		_TMR5_WriteTimer		CODE           	6212	0000	36

mcc_generated_files/tmr5.c estimated size: 202

/opt/microchip/xc8/v2.36/pic/sources/c99/common/printf.c
		_printf        		CODE           	6236	0000	34

/opt/microchip/xc8/v2.36/pic/sources/c99/common/printf.c estimated size: 34

/opt/microchip/xc8/v2.36/pic/sources/c99/common/lodiv.c
		___lodiv       		CODE           	4E48	0000	206

/opt/microchip/xc8/v2.36/pic/sources/c99/common/lodiv.c estimated size: 206

shared
		_cmdm          		SMALLCONST     	2006	0000	28
		__initialization		CODE           	50B0	0000	192
		_spi1_configuration		SMALLCONST     	0000	0000	0

shared estimated size: 220

mcc_generated_files/pwm5.c
		_PWM5_LoadDutyValue		CODE           	6060	0000	50
		_PWM5_Initialize		CODE           	63C6	0000	24

mcc_generated_files/pwm5.c estimated size: 74

mcc_generated_files/mcc.c
		_SystemArbiter_Initialize		CODE           	648A	0000	14
		_PMD_Initialize		CODE           	6258	0000	34
		_OSCILLATOR_Initialize		CODE           	6316	0000	28
		_SYSTEM_Initialize		CODE           	5D9E	0000	62

mcc_generated_files/mcc.c estimated size: 138

/opt/microchip/xc8/v2.36/pic/sources/c99/common/strlen.c
		_strlen        		CODE           	5B76	0000	76

/opt/microchip/xc8/v2.36/pic/sources/c99/common/strlen.c estimated size: 76

/opt/microchip/xc8/v2.36/pic/sources/c99/common/flge.c
		___flge        		CODE           	4D78	0000	208

/opt/microchip/xc8/v2.36/pic/sources/c99/common/flge.c estimated size: 208

/opt/microchip/xc8/v2.36/pic/sources/c99/common/floorf.c
		_floorf        		CODE           	4410	0000	426

/opt/microchip/xc8/v2.36/pic/sources/c99/common/floorf.c estimated size: 426

/opt/microchip/xc8/v2.36/pic/sources/c99/common/nf_fputs.c
		_fputs         		CODE           	596C	0000	104

/opt/microchip/xc8/v2.36/pic/sources/c99/common/nf_fputs.c estimated size: 104

/opt/microchip/xc8/v2.36/pic/sources/c99/common/strcpy.c
		_strcpy        		CODE           	59D4	0000	96

/opt/microchip/xc8/v2.36/pic/sources/c99/common/strcpy.c estimated size: 96

/opt/microchip/xc8/v2.36/pic/sources/c99/common/awdiv.c
		___awdiv       		CODE           	5806	0000	132

/opt/microchip/xc8/v2.36/pic/sources/c99/common/awdiv.c estimated size: 132

/opt/microchip/xc8/v2.36/pic/sources/c99/common/fltol.c
		___fltol       		CODE           	5236	0000	186

/opt/microchip/xc8/v2.36/pic/sources/c99/common/fltol.c estimated size: 186

/opt/microchip/xc8/v2.36/pic/sources/c99/common/isdigit.c
		_isdigit       		CODE           	60C2	0000	48

/opt/microchip/xc8/v2.36/pic/sources/c99/common/isdigit.c estimated size: 48

/opt/microchip/xc8/v2.36/pic/sources/c99/common/sprcadd.c
		___flsub       		CODE           	5C56	0000	70
		___fladd       		CODE           	3896	0000	780

/opt/microchip/xc8/v2.36/pic/sources/c99/common/sprcadd.c estimated size: 850

mcc_generated_files/dac1.c
		_DAC1_GetOutput		CODE           	64C6	0000	6
		_DAC1_SetOutput		CODE           	64BC	0000	10
		_DAC1_Initialize		CODE           	64A6	0000	12

mcc_generated_files/dac1.c estimated size: 28

/opt/microchip/xc8/v2.36/pic/sources/c99/common/xxtofl.c
		___xxtofl      		CODE           	4B06	0000	320

/opt/microchip/xc8/v2.36/pic/sources/c99/common/xxtofl.c estimated size: 320

mcc_generated_files/adcc.c
		_ADCC_DefaultInterruptHandler		CODE           	64D4	0000	2
		_ADCC_GetConversionResult		CODE           	63F6	0000	22
		_ADCC_SetADIInterruptHandler		CODE           	6498	0000	14
		_ADCC_ISR      		CODE           	5CE0	0000	66
		_ADCC_Initialize		CODE           	588A	0000	114

mcc_generated_files/adcc.c estimated size: 218

scdm.c
		_cli_read      		CODE           	471C	0000	342
		_cli_init      		CODE           	5782	0000	132
		__cli_interpret_cmd		CODE           	409C	0000	452
		_linux_getc    		CODE           	61A6	0000	36
		_linux_putc    		CODE           	640C	0000	14
		_scmd_init     		CODE           	6366	0000	24

scdm.c estimated size: 1000

main.c
		_fh_po         		CODE           	637E	0000	24
		_Led_Blink     		CODE           	62F8	0000	30
		_main          		CODE           	3E2A	0000	626
		_fh_pr         		CODE           	61CA	0000	36
		_Adc_Isr       		CODE           	5FB8	0000	58
		_fh_ps         		CODE           	6396	0000	24

main.c estimated size: 798

/opt/microchip/xc8/v2.36/pic/sources/c99/common/nf_sprintf.c
		_sprintf       		CODE           	5AD8	0000	78

/opt/microchip/xc8/v2.36/pic/sources/c99/common/nf_sprintf.c estimated size: 78

