Microchip MPLAB XC8 Compiler V2.36

Linker command line:

-W-3 --edf=/opt/microchip/xc8/v2.36/pic/dat/en_msgs.txt -pivt0x8=08h -cn \
  -h+dist/default/production/ps_test.X.production.sym \
  --cmf=dist/default/production/ps_test.X.production.cmf -z -Q18F57K42 \
  -o/tmp/xcXpCCAjI --defsym=__MPLAB_BUILD=1 \
  -Mdist/default/production/ps_test.X.production.map \
  --md=/tmp/xcXMjolKl.dat -E1 -ver=XC8 Compiler --acfsm=1493 \
  -ACODE=00h-01FFFFh -ACONST=00h-01FFFFh -ASMALLCONST=02000h-020FFhx480 \
  -AMEDIUMCONST=02000h-0FFFFh,012000h-01FFFFh -ACOMRAM=01h-05Fh \
  -AABS1=00h-01FFFh -ABIGRAM=01h-01FFFh -ARAM=060h-0FFh,0100h-01FFhx31 \
  -ABANK0=060h-0FFh -ABANK1=0100h-01FFh -ABANK2=0200h-02FFh \
  -ABANK3=0300h-03FFh -ABANK4=0400h-04FFh -ABANK5=0500h-05FFh \
  -ABANK6=0600h-06FFh -ABANK7=0700h-07FFh -ABANK8=0800h-08FFh \
  -ABANK9=0900h-09FFh -ABANK10=0A00h-0AFFh -ABANK11=0B00h-0BFFh \
  -ABANK12=0C00h-0CFFh -ABANK13=0D00h-0DFFh -ABANK14=0E00h-0EFFh \
  -ABANK15=0F00h-0FFFh -ABANK16=01000h-010FFh -ABANK17=01100h-011FFh \
  -ABANK18=01200h-012FFh -ABANK19=01300h-013FFh -ABANK20=01400h-014FFh \
  -ABANK21=01500h-015FFh -ABANK22=01600h-016FFh -ABANK23=01700h-017FFh \
  -ABANK24=01800h-018FFh -ABANK25=01900h-019FFh -ABANK26=01A00h-01AFFh \
  -ABANK27=01B00h-01BFFh -ABANK28=01C00h-01CFFh -ABANK29=01D00h-01DFFh \
  -ABANK30=01E00h-01EFFh -ABANK31=01F00h-01FFFh \
  -ASFR=03800h-038FFhx7,03F00h-03F5Fh,03F60h-03FFFh -ABIGSFR=03800h-03FFFh \
  -ACONFIG=0300000h-0300009h -AIDLOC=0200000h-020000Fh \
  -AEEDATA=0310000h-03103FFh -peeprom_data=EEDATA -preset_vec=00h \
  -ppowerup=CODE,init -pramtop=02000h -psmallconst=SMALLCONST \
  -pmediumconst=MEDIUMCONST -pconst=CONST -AFARRAM=00h-00h \
  -prdata=COMRAM,nvrram=COMRAM,nvbit=COMRAM,rbss=COMRAM,rbit=COMRAM \
  -pfarbss=FARRAM,fardata=FARRAM,nvFARRAM=FARRAM \
  -pintsave_regs=BIGRAM,bigbss=BIGRAM,bigdata=BIGRAM -pbss=RAM \
  -pidata=CODE,irdata=CODE,ibigdata=CODE,ifardata=CODE -prparam=COMRAM \
  /tmp/xcXMaAEMC.o dist/default/production/ps_test.X.production.o 

Object code version is 3.11

Machine type is 18F57K42



                Name                               Link     Load   Length Selector   Space Scale
/tmp/xcXMaAEMC.o
                idloc                            200000   200000       10        0       5
                config                           300000   300000        A        0       4
                init                                 AE       AE        4        4       0
                reset_vec                             0        0        4        0       0
dist/default/production/ps_test.X.production.o
                idloc                            200000   200000       10        0       5
                config                           300000   300000        A        0       4
                mediumconst                        FED6     FED6      12A     7F6B       0
                ivt0x8                                8        8       A6        4       0
                text124                           14832    14832        6     50B8       0
                text123                           1484C    1484C        2     5212       0
                text122                           13FD0    13FD0       42     4FF4       0
                text121                           14530    14530       24     50B8       0
                text120                           13D3C    13D3C       52     8000       0
                text119                           1484A    1484A        2     5212       0
                text118                           13D90    13D90       4E     4F64       0
                text117                           14468    14468       2E     50B8       0
                text116                           140CC    140CC       3E     4FF4       0
                text115                           14848    14848        2     5212       0
                text114                           14844    14844        2     50B8       0
                text113                           14614    14614       1E     50B8       0
                text112                           1450C    1450C       24     50B8       0
                text111                           142E0    142E0       3A     50B8       0
                text110                           146E4    146E4       16     50B8       0
                text109                           142A4    142A4       3A     4FF4       0
                text108                           14842    14842        2     50B8       0
                text107                           13F8C    13F8C       42     4FE3       0
                text106                           14576    14576       22     50B8       0
                text105                           1482C    1482C        6     50B8       0
                text104                           14840    14840        2     50B8       0
                text103                           1483E    1483E        2     50B8       0
                text102                           13672    13672       A0     8000       0
                text101                           13E74    13E74       48     4F9D       0
                text100                           14826    14826        6     50B8       0
                text99                            14816    14816        A     50B8       0
                text98                            1434C    1434C       32     50B8       0
                text97                            1431A    1431A       32     50B8       0
                text96                            147CA    147CA        E     50B8       0
                text95                            1393C    1393C       72     8000       0
                text94                            147D8    147D8        C     50B8       0
                text93                            147BC    147BC        E     50B8       0
                text92                            13AE6    13AE6       5C     8000       0
                text91                            13F02    13F02       46     4F9D       0
                text90                            1464E    1464E       1C     50B8       0
                text89                            12FD4    12FD4       CE     8000       0
                text88                            14554    14554       22     50B8       0
                text87                            146B6    146B6       18     50B8       0
                text86                            1469E    1469E       18     50B8       0
                text85                            14684    14684       1A     50B8       0
                text84                            147AE    147AE        E     50B8       0
                text83                            145F6    145F6       1E     50B8       0
                text82                            147A0    147A0        E     50B8       0
                text81                            13E2A    13E2A       48     4F64       0
                text80                            14792    14792        E     50B8       0
                text79                            1443A    1443A       2E     50B8       0
                text78                            14784    14784        E     50B8       0
                text77                            14776    14776        E     50B8       0
                text76                            14768    14768        E     50B8       0
                text75                            1475A    1475A        E     50B8       0
                text74                            1474C    1474C        E     50B8       0
                text73                            1345A    1345A       B6     8000       0
                text72                            1408E    1408E       3E     4FF4       0
                text71                            12CF6    12CF6      140     8000       0
                text70                            14146    14146       3C     4FF4       0
                text69                            1480C    1480C        A     50B8       0
                text68                            13510    13510       B4     8000       0
                text67                            13A1E    13A1E       68     8000       0
                text66                            1426A    1426A       3A     4FF4       0
                text65                            14802    14802        A     50B8       0
                text64                            145B8    145B8       20     50B8       0
                text63                            1470E    1470E       14     50B8       0
                text62                            146FA    146FA       14     50B8       0
                text61                            147F8    147F8        A     50B8       0
                text60                            147EE    147EE        A     50B8       0
                text59                            13DDE    13DDE       4C     4F64       0
                text58                            12666    12666      162     8000       0
                text57                            1214C    1214C      1C0     8000       0
                text56                            14050    14050       3E     4FF4       0
                text55                            1473E    1473E        E     50B8       0
                text54                            144E8    144E8       24     50B8       0
                text53                            14730    14730        E     50B8       0
                text52                            12A6A    12A6A      14C     8000       0
                text51                            127C8    127C8      152     8000       0
                text50                            133A2    133A2       B8     8000       0
                text49                            13BF2    13BF2       54     8000       0
                text48                            13CEA    13CEA       52     8000       0
                text47                            14838    14838        4     50B8       0
                text46                            14820    14820        6     50B8       0
                text45                            1410A    1410A       3C     4FF4       0
                text44                            14722    14722        E     50B8       0
                text43                            14632    14632       1C     50B8       0
                text42                            147E4    147E4        A     50B8       0
                text41                            13B9C    13B9C       56     8000       0
                text40                            13C98    13C98       52     8000       0
                text39                            138BE    138BE       7E     8000       0
                text38                            145D8    145D8       1E     50B8       0
                text37                            1466A    1466A       1A     50B8       0
                text36                            14230    14230       3A     4FF4       0
                text35                            141F6    141F6       3A     4FF4       0
                text34                            141BC    141BC       3A     4FF4       0
                text33                            14598    14598       20     50B8       0
                text32                            1316E    1316E       C0     8000       0
                text31                            14496    14496       2A     50B8       0
                text30                            143AE    143AE       30     50B8       0
                text29                            14012    14012       3E     4FF4       0
                text28                            12BB6    12BB6      140     8000       0
                text27                            1383A    1383A       84     8000       0
                text26                            139AE    139AE       70     8000       0
                text25                            11EC4    11EC4      288     8000       0
                text24                            137B0    137B0       8A     8000       0
                text23                            12E36    12E36       D0     8000       0
                text22                            1158A    1158A      352     8000       0
                text21                            1440C    1440C       2E     50B8       0
                text20                            118DC    118DC      30C     8000       0
                text19                            13EBC    13EBC       46     4F9D       0
                text18                            132E8    132E8       BA     8000       0
                text17                            130A2    130A2       CC     8000       0
                text16                            124BC    124BC      1AA     8000       0
                text15                            13712    13712       9E     8000       0
                text14                            13A86    13A86       60     8000       0
                text13                            1437E    1437E       30     50B8       0
                text12                            14182    14182       3A     4FF4       0
                text11                            10000    10000      9BC     8000       0
                text10                            1291A    1291A      150     8000       0
                text9                             12F06    12F06       CE     8000       0
                text8                             135C4    135C4       AE     8000       0
                text7                             1230C    1230C      1B0     8000       0
                text6                             109BC    109BC      7CE     8000       0
                text5                             13B42    13B42       5A     8000       0
                text4                             144C0    144C0       28     50B8       0
                text3                             13F48    13F48       42     4F9D       0
                text2                             146CE    146CE       16     50B8       0
                text1                             13C46    13C46       52     8000       0
                text0                             11BE8    11BE8      2DC     8000       0
                cstackCOMRAM                          1        1       32        1       1
                cstackBANK0                          60       60       7D       60       1
                cstackBANK1                         1CE      1CE       19      100       1
                dataBIGRAM                          3FF      3FF      400      3FF       1
                bssBANK3                            300      300       FF      300       1
                bssBANK2                            200      200       C6      200       1
                dataBANK1                           1A0      1A0       2E      100       1
                bssBANK1                            100      100       A0      100       1
                dataBANK0                            FE       FE        2       60       1
                bssBANK0                             DD       DD       21       60       1
                bssCOMRAM                            33       33       16        1       1
                cinit                             1322E    1322E       BA     8000       0
                idataBANK1                        143DE    143DE       2E     50B8       0
                idataBANK0                        1483C    1483C        2     50B8       0
                idataBIGRAM                       1118A    1118A      400     8000       0

TOTAL           Name                               Link     Load   Length     Space
        CLASS   CODE           
                init                                 AE       AE        4         0
                reset_vec                             0        0        4         0
                ivt0x8                                8        8       A6         0
                text124                           14832    14832        6         0
                text123                           1484C    1484C        2         0
                text122                           13FD0    13FD0       42         0
                text121                           14530    14530       24         0
                text120                           13D3C    13D3C       52         0
                text119                           1484A    1484A        2         0
                text118                           13D90    13D90       4E         0
                text117                           14468    14468       2E         0
                text116                           140CC    140CC       3E         0
                text115                           14848    14848        2         0
                text114                           14844    14844        2         0
                text113                           14614    14614       1E         0
                text112                           1450C    1450C       24         0
                text111                           142E0    142E0       3A         0
                text110                           146E4    146E4       16         0
                text109                           142A4    142A4       3A         0
                text108                           14842    14842        2         0
                text107                           13F8C    13F8C       42         0
                text106                           14576    14576       22         0
                text105                           1482C    1482C        6         0
                text104                           14840    14840        2         0
                text103                           1483E    1483E        2         0
                text102                           13672    13672       A0         0
                text101                           13E74    13E74       48         0
                text100                           14826    14826        6         0
                text99                            14816    14816        A         0
                text98                            1434C    1434C       32         0
                text97                            1431A    1431A       32         0
                text96                            147CA    147CA        E         0
                text95                            1393C    1393C       72         0
                text94                            147D8    147D8        C         0
                text93                            147BC    147BC        E         0
                text92                            13AE6    13AE6       5C         0
                text91                            13F02    13F02       46         0
                text90                            1464E    1464E       1C         0
                text89                            12FD4    12FD4       CE         0
                text88                            14554    14554       22         0
                text87                            146B6    146B6       18         0
                text86                            1469E    1469E       18         0
                text85                            14684    14684       1A         0
                text84                            147AE    147AE        E         0
                text83                            145F6    145F6       1E         0
                text82                            147A0    147A0        E         0
                text81                            13E2A    13E2A       48         0
                text80                            14792    14792        E         0
                text79                            1443A    1443A       2E         0
                text78                            14784    14784        E         0
                text77                            14776    14776        E         0
                text76                            14768    14768        E         0
                text75                            1475A    1475A        E         0
                text74                            1474C    1474C        E         0
                text73                            1345A    1345A       B6         0
                text72                            1408E    1408E       3E         0
                text71                            12CF6    12CF6      140         0
                text70                            14146    14146       3C         0
                text69                            1480C    1480C        A         0
                text68                            13510    13510       B4         0
                text67                            13A1E    13A1E       68         0
                text66                            1426A    1426A       3A         0
                text65                            14802    14802        A         0
                text64                            145B8    145B8       20         0
                text63                            1470E    1470E       14         0
                text62                            146FA    146FA       14         0
                text61                            147F8    147F8        A         0
                text60                            147EE    147EE        A         0
                text59                            13DDE    13DDE       4C         0
                text58                            12666    12666      162         0
                text57                            1214C    1214C      1C0         0
                text56                            14050    14050       3E         0
                text55                            1473E    1473E        E         0
                text54                            144E8    144E8       24         0
                text53                            14730    14730        E         0
                text52                            12A6A    12A6A      14C         0
                text51                            127C8    127C8      152         0
                text50                            133A2    133A2       B8         0
                text49                            13BF2    13BF2       54         0
                text48                            13CEA    13CEA       52         0
                text47                            14838    14838        4         0
                text46                            14820    14820        6         0
                text45                            1410A    1410A       3C         0
                text44                            14722    14722        E         0
                text43                            14632    14632       1C         0
                text42                            147E4    147E4        A         0
                text41                            13B9C    13B9C       56         0
                text40                            13C98    13C98       52         0
                text39                            138BE    138BE       7E         0
                text38                            145D8    145D8       1E         0
                text37                            1466A    1466A       1A         0
                text36                            14230    14230       3A         0
                text35                            141F6    141F6       3A         0
                text34                            141BC    141BC       3A         0
                text33                            14598    14598       20         0
                text32                            1316E    1316E       C0         0
                text31                            14496    14496       2A         0
                text30                            143AE    143AE       30         0
                text29                            14012    14012       3E         0
                text28                            12BB6    12BB6      140         0
                text27                            1383A    1383A       84         0
                text26                            139AE    139AE       70         0
                text25                            11EC4    11EC4      288         0
                text24                            137B0    137B0       8A         0
                text23                            12E36    12E36       D0         0
                text22                            1158A    1158A      352         0
                text21                            1440C    1440C       2E         0
                text20                            118DC    118DC      30C         0
                text19                            13EBC    13EBC       46         0
                text18                            132E8    132E8       BA         0
                text17                            130A2    130A2       CC         0
                text16                            124BC    124BC      1AA         0
                text15                            13712    13712       9E         0
                text14                            13A86    13A86       60         0
                text13                            1437E    1437E       30         0
                text12                            14182    14182       3A         0
                text11                            10000    10000      9BC         0
                text10                            1291A    1291A      150         0
                text9                             12F06    12F06       CE         0
                text8                             135C4    135C4       AE         0
                text7                             1230C    1230C      1B0         0
                text6                             109BC    109BC      7CE         0
                text5                             13B42    13B42       5A         0
                text4                             144C0    144C0       28         0
                text3                             13F48    13F48       42         0
                text2                             146CE    146CE       16         0
                text1                             13C46    13C46       52         0
                text0                             11BE8    11BE8      2DC         0
                cinit                             1322E    1322E       BA         0
                idataBANK1                        143DE    143DE       2E         0
                idataBANK0                        1483C    1483C        2         0
                idataBIGRAM                       1118A    1118A      400         0

        CLASS   CONST          

        CLASS   SMALLCONST     

        CLASS   MEDIUMCONST    
                mediumconst                        FED6     FED6      12A         0

        CLASS   COMRAM         
                cstackCOMRAM                          1        1       32         1
                bssCOMRAM                            33       33       16         1

        CLASS   ABS1           

        CLASS   BIGRAM         
                dataBIGRAM                          3FF      3FF      400         1

        CLASS   RAM            

        CLASS   BANK0          
                cstackBANK0                          60       60       7D         1
                dataBANK0                            FE       FE        2         1
                bssBANK0                             DD       DD       21         1

        CLASS   BANK1          
                cstackBANK1                         1CE      1CE       19         1
                dataBANK1                           1A0      1A0       2E         1
                bssBANK1                            100      100       A0         1

        CLASS   BANK2          
                bssBANK2                            200      200       C6         1

        CLASS   BANK3          
                bssBANK3                            300      300       FF         1

        CLASS   BANK4          

        CLASS   BANK5          

        CLASS   BANK6          

        CLASS   BANK7          

        CLASS   BANK8          

        CLASS   BANK9          

        CLASS   BANK10         

        CLASS   BANK11         

        CLASS   BANK12         

        CLASS   BANK13         

        CLASS   BANK14         

        CLASS   BANK15         

        CLASS   BANK16         

        CLASS   BANK17         

        CLASS   BANK18         

        CLASS   BANK19         

        CLASS   BANK20         

        CLASS   BANK21         

        CLASS   BANK22         

        CLASS   BANK23         

        CLASS   BANK24         

        CLASS   BANK25         

        CLASS   BANK26         

        CLASS   BANK27         

        CLASS   BANK28         

        CLASS   BANK29         

        CLASS   BANK30         

        CLASS   BANK31         

        CLASS   SFR            

        CLASS   BIGSFR         

        CLASS   CONFIG         
                config                           300000   300000        A         4

        CLASS   IDLOC          
                idloc                            200000   200000       10         5

        CLASS   EEDATA         

        CLASS   FARRAM         

        CLASS   HEAP           

        CLASS   STACK          



SEGMENTS        Name                           Load    Length   Top    Selector   Space  Class

                dataBIGRAM                     0003FF  000400  0007FF       3FF       1  BIGRAM  
                text11                         010000  003D8E  013D8E      8000       0  CODE    
                text101                        013E74  000116  013F8A      4F9D       0  CODE    
                text118                        013D90  0000E2  013E72      4F64       0  CODE    
                text111                        0142E0  000566  014846      50B8       0  CODE    
                text122                        013FD0  00030E  0142DE      4FF4       0  CODE    
                reset_vec                      000000  000004  000004         0       0  CODE    
                text115                        014848  000006  01484E      5212       0  CODE    
                text107                        013F8C  000042  013FCE      4FE3       0  CODE    
                cstackCOMRAM                   000001  000048  000049         1       1  COMRAM  
                mediumconst                    00FED6  00012A  010000      7F6B       0  MEDIUMCO
                cstackBANK0                    000060  0000A0  000100        60       1  BANK0   
                bssBANK3                       000300  0000FF  0003FF       300       1  BANK3   
                bssBANK2                       000200  0000C6  0002C6       200       1  BANK2   
                ivt0x8                         000008  0000AA  0000B2         4       0  CODE    
                bssBANK1                       000100  0000E7  0001E7       100       1  BANK1   


UNUSED ADDRESS RANGES

        Name                Unused          Largest block    Delta
        BANK1            0001E7-0001FF               19
        BANK10           000A00-000AFF              100
        BANK11           000B00-000BFF              100
        BANK12           000C00-000CFF              100
        BANK13           000D00-000DFF              100
        BANK14           000E00-000EFF              100
        BANK15           000F00-000FFF              100
        BANK16           001000-0010FF              100
        BANK17           001100-0011FF              100
        BANK18           001200-0012FF              100
        BANK19           001300-0013FF              100
        BANK2            0002C6-0002FF               3A
        BANK20           001400-0014FF              100
        BANK21           001500-0015FF              100
        BANK22           001600-0016FF              100
        BANK23           001700-0017FF              100
        BANK24           001800-0018FF              100
        BANK25           001900-0019FF              100
        BANK26           001A00-001AFF              100
        BANK27           001B00-001BFF              100
        BANK28           001C00-001CFF              100
        BANK29           001D00-001DFF              100
        BANK30           001E00-001EFF              100
        BANK31           001F00-001FFF              100
        BANK7            0007FF-0007FF                1
        BANK8            000800-0008FF              100
        BANK9            000900-0009FF              100
        BIGRAM           000049-00005F               17
                         0001E7-0001FF               19
                         0002C6-0002FF               3A
                         0007FF-001FFF             1801
        BIGSFR           003800-003FFF              800
        CODE             000004-000007                4
                         0000B2-00FED5             FE24
                         013D8E-013D8F                2
                         013E72-013E73                2
                         013F8A-013F8B                2
                         013FCE-013FCF                2
                         0142DE-0142DF                2
                         014846-014847                2
                         01484E-01FFFF             B7B2
        COMRAM           000049-00005F               17
        CONST            000004-000007                4
                         0000B2-00FED5             FE24
                         013D8E-013D8F                2
                         013E72-013E73                2
                         013F8A-013F8B                2
                         013FCE-013FCF                2
                         0142DE-0142DF                2
                         014846-014847                2
                         01484E-01FFFF             B7B2
        EEDATA           310000-3103FF              400
        MEDIUMCONST      002000-00FED5             DED6
                         013D8E-013D8F                2
                         013E72-013E73                2
                         013F8A-013F8B                2
                         013FCE-013FCF                2
                         0142DE-0142DF                2
                         014846-014847                2
                         01484E-01FFFF             B7B2
        RAM              0001E7-0001FF               19
                         0002C6-0002FF               3A
                         0007FF-001FFF              100
        SFR              003800-003FFF              100
        SMALLCONST       002000-00FED5              100
                         013D8E-013D8F                2
                         013E72-013E73                2
                         013F8A-013F8B                2
                         013FCE-013FCF                2
                         0142DE-0142DF                2
                         014846-014847                2
                         01484E-01FFFF              100

                                  Symbol Table

?_ADCC_GetConversionResult                     cstackCOMRAM 000001
?___awdiv                                      cstackCOMRAM 000018
?___awmod                                      cstackCOMRAM 000018
?___fladd                                      cstackCOMRAM 000018
?___fldiv                                      cstackCOMRAM 000018
?___flmul                                      cstackCOMRAM 000026
?___flneg                                      cstackCOMRAM 000018
?___flsub                                      cstackBANK0  00006D
?___fltol                                      cstackCOMRAM 000018
?___fpclassifyf                                cstackCOMRAM 000018
?___lodiv                                      cstackCOMRAM 000018
?___lomod                                      cstackCOMRAM 000018
?___wmul                                       cstackCOMRAM 000018
?___xxtofl                                     cstackCOMRAM 000018
?_atoi                                         cstackCOMRAM 00001F
?_efgtoa                                       cstackBANK0  000079
?_floorf                                       cstackBANK0  000060
?_fputc                                        cstackCOMRAM 00001A
?_fputs                                        cstackCOMRAM 000023
?_isdigit                                      cstackCOMRAM 000018
?_isspace                                      cstackCOMRAM 000018
?_isupper                                      cstackCOMRAM 000018
?_pad                                          cstackCOMRAM 00002C
?_printf                                       cstackBANK1  0001D0
?_sprintf                                      cstackBANK1  0001D0
?_stoa                                         cstackCOMRAM 000023
?_strlen                                       cstackCOMRAM 000018
?_strncmp                                      cstackCOMRAM 00001C
?_tolower                                      cstackCOMRAM 00001E
?_utoa                                         cstackBANK0  000064
?_vfpfcnvrt                                    cstackBANK0  0000B7
?_vfprintf                                     cstackBANK0  0000D7
ADCC_SetADIInterruptHandler@InterruptHandler   cstackCOMRAM 000018
DAC1_SetOutput@inputData                       cstackCOMRAM 000018
DMA1_SetSCNTIInterruptHandler@InterruptHandler cstackCOMRAM 000018
INTERRUPT_Initialize@state                     cstackCOMRAM 000018
IVTBASEH                                       (abs)        003FD6
IVTBASEL                                       (abs)        003FD5
IVTBASEU                                       (abs)        003FD7
PWM5_LoadDutyValue@dutyValue                   cstackCOMRAM 000018
PWM6_LoadDutyValue@dutyValue                   cstackCOMRAM 000018
SPI1_ExchangeByte@data                         cstackCOMRAM 000018
TMR5_SetInterruptHandler@InterruptHandler      cstackCOMRAM 000018
TMR5_WriteTimer@timerVal                       cstackCOMRAM 00000D
TMR6_ISR@CountCallBack                         bssCOMRAM    00003E
TMR6_SetInterruptHandler@InterruptHandler      cstackCOMRAM 000018
Timers_Isr@i                                   cstackCOMRAM 00000F
UART1_Read@readValue                           cstackCOMRAM 000018
UART1_SetErrorHandler@interruptHandler         cstackCOMRAM 000018
UART1_SetFramingErrorHandler@interruptHandler  cstackCOMRAM 000018
UART1_SetOverrunErrorHandler@interruptHandler  cstackCOMRAM 000018
UART1_SetRxInterruptHandler@InterruptHandler   cstackCOMRAM 000018
UART1_SetTxInterruptHandler@InterruptHandler   cstackCOMRAM 000018
UART1_Write@txData                             cstackCOMRAM 000018
_ADACCH                                        (abs)        003EE9
_ADACCL                                        (abs)        003EE8
_ADACCU                                        (abs)        003EEA
_ADACQH                                        (abs)        003EF4
_ADACQL                                        (abs)        003EF3
_ADACT                                         (abs)        003EFE
_ADCAP                                         (abs)        003EF5
_ADCC_ADI_InterruptHandler                     bssBANK0     0000ED
_ADCC_DefaultInterruptHandler                  text108      014842
_ADCC_GetConversionResult                      text110      0146E4
_ADCC_ISR                                      text107      013F8C
_ADCC_Initialize                               text95       01393C
_ADCC_SetADIInterruptHandler                   text96       0147CA
_ADCLK                                         (abs)        003EFF
_ADCNT                                         (abs)        003EEB
_ADCON0                                        (abs)        003EF8
_ADCON1                                        (abs)        003EF9
_ADCON2                                        (abs)        003EFA
_ADCON3                                        (abs)        003EFB
_ADERRH                                        (abs)        003EE3
_ADERRL                                        (abs)        003EE2
_ADFLTRH                                       (abs)        003EE7
_ADFLTRL                                       (abs)        003EE6
_ADLTHH                                        (abs)        003EDF
_ADLTHL                                        (abs)        003EDE
_ADPCH                                         (abs)        003EF1
_ADPREH                                        (abs)        003EF7
_ADPREL                                        (abs)        003EF6
_ADPREVH                                       (abs)        003EEE
_ADPREVL                                       (abs)        003EED
_ADREF                                         (abs)        003EFD
_ADRESH                                        (abs)        003EF0
_ADRESL                                        (abs)        003EEF
_ADRPT                                         (abs)        003EEC
_ADSTAT                                        (abs)        003EFC
_ADSTPTH                                       (abs)        003EE5
_ADSTPTL                                       (abs)        003EE4
_ADUTHH                                        (abs)        003EE1
_ADUTHL                                        (abs)        003EE0
_ANSELA                                        (abs)        003A40
_ANSELB                                        (abs)        003A50
_ANSELC                                        (abs)        003A60
_ANSELD                                        (abs)        003A70
_ANSELE                                        (abs)        003A80
_ANSELF                                        (abs)        003A90
_Adc_Isr                                       text109      0142A4
_CCPTMRS1bits                                  (abs)        003F5F
_DAC1CON0                                      (abs)        003E9E
_DAC1CON1                                      (abs)        003E9C
_DAC1_GetOutput                                text100      014826
_DAC1_Initialize                               text94       0147D8
_DAC1_SetOutput                                text99       014816
_DMA1AIRQ                                      (abs)        003BFE
_DMA1CON0                                      (abs)        003BFC
_DMA1CON0bits                                  (abs)        003BFC
_DMA1CON1                                      (abs)        003BFD
_DMA1CON1bits                                  (abs)        003BFD
_DMA1DPTR                                      (abs)        003BEC
_DMA1DSA                                       (abs)        003BF0
_DMA1DSZ                                       (abs)        003BEE
_DMA1PR                                        (abs)        0039F3
_DMA1SIRQ                                      (abs)        003BFF
_DMA1SPTR                                      (abs)        003BF4
_DMA1SSA                                       (abs)        003BF9
_DMA1SSZ                                       (abs)        003BF7
_DMA1_DMASCNTI_ISR                             text122      013FD0
_DMA1_DefaultInterruptHandler                  text123      01484C
_DMA1_Initialize                               text92       013AE6
_DMA1_SCNTI_InterruptHandler                   bssBANK0     0000E1
_DMA1_SetSCNTIInterruptHandler                 text93       0147BC
_DMA2CON0bits                                  (abs)        003BDC
_DMA2CON1bits                                  (abs)        003BDD
_DMA2DSA                                       (abs)        003BD0
_DMA2DSZ                                       (abs)        003BCE
_DMA2SSA                                       (abs)        003BD9
_DMA2SSZ                                       (abs)        003BD7
_Default_ISR                                   text115      014848
_GIE                                           (abs)        01FE97
_INLVLA                                        (abs)        003A44
_INLVLB                                        (abs)        003A54
_INLVLC                                        (abs)        003A64
_INLVLD                                        (abs)        003A74
_INLVLE                                        (abs)        003A84
_INLVLF                                        (abs)        003A94
_INTCON0bits                                   (abs)        003FD2
_INTERRUPT_Initialize                          text91       013F02
_IPR1bits                                      (abs)        003981
_IPR2bits                                      (abs)        003982
_IPR3bits                                      (abs)        003983
_IPR8bits                                      (abs)        003988
_IPR9bits                                      (abs)        003989
_IVTBASEH                                      (abs)        003FD6
_IVTBASEL                                      (abs)        003FD5
_IVTBASEU                                      (abs)        003FD7
_IVTLOCK                                       (abs)        003FD4
_IVTLOCKbits                                   (abs)        003FD4
_LATA                                          (abs)        003FBA
_LATAbits                                      (abs)        003FBA
_LATB                                          (abs)        003FBB
_LATC                                          (abs)        003FBC
_LATCbits                                      (abs)        003FBC
_LATD                                          (abs)        003FBD
_LATDbits                                      (abs)        003FBD
_LATE                                          (abs)        003FBE
_LATEbits                                      (abs)        003FBE
_LATF                                          (abs)        003FBF
_LATFbits                                      (abs)        003FBF
_Led_Blink                                     text113      014614
_ODCONA                                        (abs)        003A42
_ODCONB                                        (abs)        003A52
_ODCONC                                        (abs)        003A62
_ODCOND                                        (abs)        003A72
_ODCONE                                        (abs)        003A82
_ODCONF                                        (abs)        003A92
_OSCCON1                                       (abs)        0039D9
_OSCCON3                                       (abs)        0039DB
_OSCEN                                         (abs)        0039DD
_OSCFRQ                                        (abs)        0039DF
_OSCILLATOR_Initialize                         text90       01464E
_OSCTUNE                                       (abs)        0039DE
_PIE1bits                                      (abs)        003991
_PIE2bits                                      (abs)        003992
_PIE3bits                                      (abs)        003993
_PIE8bits                                      (abs)        003998
_PIE9bits                                      (abs)        003999
_PIN_MANAGER_Initialize                        text89       012FD4
_PIR1bits                                      (abs)        0039A1
_PIR2bits                                      (abs)        0039A2
_PIR4bits                                      (abs)        0039A4
_PIR8bits                                      (abs)        0039A8
_PIR9bits                                      (abs)        0039A9
_PLLR                                          (abs)        01CEE0
_PMD0                                          (abs)        0039C0
_PMD1                                          (abs)        0039C1
_PMD2                                          (abs)        0039C2
_PMD3                                          (abs)        0039C3
_PMD4                                          (abs)        0039C4
_PMD5                                          (abs)        0039C5
_PMD6                                          (abs)        0039C6
_PMD7                                          (abs)        0039C7
_PMD_Initialize                                text88       014554
_PORTAbits                                     (abs)        003FCA
_PORTBbits                                     (abs)        003FCB
_PRLOCK                                        (abs)        0039EF
_PRLOCKbits                                    (abs)        0039EF
_PWM5CON                                       (abs)        003F6E
_PWM5DCH                                       (abs)        003F6D
_PWM5DCL                                       (abs)        003F6C
_PWM5_Initialize                               text87       0146B6
_PWM5_LoadDutyValue                            text98       01434C
_PWM6CON                                       (abs)        003F6A
_PWM6DCH                                       (abs)        003F69
_PWM6DCL                                       (abs)        003F68
_PWM6_Initialize                               text86       01469E
_PWM6_LoadDutyValue                            text97       01431A
_RB1I2C                                        (abs)        003A5A
_RB2I2C                                        (abs)        003A5B
_RC3I2C                                        (abs)        003A6A
_RC3PPS                                        (abs)        003A13
_RC4I2C                                        (abs)        003A6B
_RC5PPS                                        (abs)        003A15
_RC6PPS                                        (abs)        003A16
_RD0I2C                                        (abs)        003A7A
_RD1I2C                                        (abs)        003A7B
_RD2PPS                                        (abs)        003A1A
_RF2PPS                                        (abs)        003A2A
_SLRCONA                                       (abs)        003A43
_SLRCONB                                       (abs)        003A53
_SLRCONC                                       (abs)        003A63
_SLRCOND                                       (abs)        003A73
_SLRCONE                                       (abs)        003A83
_SLRCONF                                       (abs)        003A93
_SPI1BAUD                                      (abs)        003D19
_SPI1CLK                                       (abs)        003D1C
_SPI1CON0                                      (abs)        003D14
_SPI1CON0bits                                  (abs)        003D14
_SPI1CON1                                      (abs)        003D15
_SPI1CON2                                      (abs)        003D16
_SPI1INTFbits                                  (abs)        003D1A
_SPI1RXB                                       (abs)        003D10
_SPI1SCKPPS                                    (abs)        003ADE
_SPI1SDIPPS                                    (abs)        003ADF
_SPI1STATUSbits                                (abs)        003D17
_SPI1TCNTL                                     (abs)        003D12
_SPI1TXB                                       (abs)        003D11
_SPI1_ExchangeByte                             text37       01466A
_SPI1_Initialize                               text85       014684
_SYSTEM_Initialize                             text72       01408E
_SrcVarName0                                   bssBANK1     000196
_SystemArbiter_Initialize                      text84       0147AE
_T2CLKCON                                      (abs)        003FAE
_T2CON                                         (abs)        003FAC
_T2HLT                                         (abs)        003FAD
_T2PR                                          (abs)        003FAB
_T2RST                                         (abs)        003FAF
_T2TMR                                         (abs)        003FAA
_T5CLK                                         (abs)        003F9D
_T5CON                                         (abs)        003F9A
_T5CONbits                                     (abs)        003F9A
_T5GATE                                        (abs)        003F9C
_T5GCON                                        (abs)        003F9B
_T6CLKCON                                      (abs)        003F96
_T6CON                                         (abs)        003F94
_T6HLT                                         (abs)        003F95
_T6PR                                          (abs)        003F93
_T6RST                                         (abs)        003F97
_T6TMR                                         (abs)        003F92
_TMR2_Initialize                               text83       0145F6
_TMR5H                                         (abs)        003F99
_TMR5L                                         (abs)        003F98
_TMR5_DefaultInterruptHandler                  text119      01484A
_TMR5_ISR                                      text118      013D90
_TMR5_Initialize                               text81       013E2A
_TMR5_InterruptHandler                         bssBANK0     0000E4
_TMR5_SetInterruptHandler                      text82       0147A0
_TMR5_WriteTimer                               text121      014530
_TMR6_CallBack                                 text112      01450C
_TMR6_DefaultInterruptHandler                  text114      014844
_TMR6_ISR                                      text111      0142E0
_TMR6_Initialize                               text79       01443A
_TMR6_InterruptHandler                         bssBANK0     0000EA
_TMR6_SetInterruptHandler                      text80       014792
_TRISA                                         (abs)        003FC2
_TRISB                                         (abs)        003FC3
_TRISC                                         (abs)        003FC4
_TRISCbits                                     (abs)        003FC4
_TRISD                                         (abs)        003FC5
_TRISE                                         (abs)        003FC6
_TRISF                                         (abs)        003FC7
_Timers_Isr                                    text120      013D3C
_U1BRGH                                        (abs)        003DF6
_U1BRGL                                        (abs)        003DF5
_U1CON0                                        (abs)        003DF2
_U1CON1                                        (abs)        003DF3
_U1CON2                                        (abs)        003DF4
_U1ERRIE                                       (abs)        003DFA
_U1ERRIR                                       (abs)        003DF9
_U1ERRIRbits                                   (abs)        003DF9
_U1FIFO                                        (abs)        003DF7
_U1P1H                                         (abs)        003DED
_U1P1L                                         (abs)        003DEC
_U1P2H                                         (abs)        003DEF
_U1P2L                                         (abs)        003DEE
_U1P3H                                         (abs)        003DF1
_U1P3L                                         (abs)        003DF0
_U1RXB                                         (abs)        003DE8
_U1RXPPS                                       (abs)        003AE5
_U1TXB                                         (abs)        003DEA
_U1UIR                                         (abs)        003DF8
_UART1_DefaultErrorHandler                     text105      01482C
_UART1_DefaultFramingErrorHandler              text104      014840
_UART1_DefaultOverrunErrorHandler              text103      01483E
_UART1_ErrorHandler                            bssBANK1     000140
_UART1_FramingErrorHandler                     bssBANK0     0000E7
_UART1_Initialize                              text73       01345A
_UART1_OverrunErrorHandler                     bssBANK1     000143
_UART1_Read                                    text56       014050
_UART1_Receive_ISR                             text102      013672
_UART1_RxDataHandler                           text106      014576
_UART1_RxInterruptHandler                      bssCOMRAM    000037
_UART1_SetErrorHandler                         text78       014784
_UART1_SetFramingErrorHandler                  text77       014776
_UART1_SetOverrunErrorHandler                  text76       014768
_UART1_SetRxInterruptHandler                   text75       01475A
_UART1_SetTxInterruptHandler                   text74       01474C
_UART1_Transmit_ISR                            text117      014468
_UART1_TxInterruptHandler                      bssBANK0     0000F0
_UART1_Write                                   text70       014146
_UART1_is_rx_ready                             text55       01473E
_UART1_rx_vect_isr                             text101      013E74
_UART1_tx_vect_isr                             text116      0140CC
_WPUA                                          (abs)        003A41
_WPUB                                          (abs)        003A51
_WPUC                                          (abs)        003A61
_WPUD                                          (abs)        003A71
_WPUE                                          (abs)        003A81
_WPUF                                          (abs)        003A91
__HRAM                                         (abs)        000000
__Habs1                                        abs1         000000
__Hbank0                                       bank0        000000
__Hbank1                                       bank1        000000
__Hbank10                                      bank10       000000
__Hbank11                                      bank11       000000
__Hbank12                                      bank12       000000
__Hbank13                                      bank13       000000
__Hbank14                                      bank14       000000
__Hbank15                                      bank15       000000
__Hbank16                                      bank16       000000
__Hbank17                                      bank17       000000
__Hbank18                                      bank18       000000
__Hbank19                                      bank19       000000
__Hbank2                                       bank2        000000
__Hbank20                                      bank20       000000
__Hbank21                                      bank21       000000
__Hbank22                                      bank22       000000
__Hbank23                                      bank23       000000
__Hbank24                                      bank24       000000
__Hbank25                                      bank25       000000
__Hbank26                                      bank26       000000
__Hbank27                                      bank27       000000
__Hbank28                                      bank28       000000
__Hbank29                                      bank29       000000
__Hbank3                                       bank3        000000
__Hbank30                                      bank30       000000
__Hbank31                                      bank31       000000
__Hbank4                                       bank4        000000
__Hbank5                                       bank5        000000
__Hbank6                                       bank6        000000
__Hbank7                                       bank7        000000
__Hbank8                                       bank8        000000
__Hbank9                                       bank9        000000
__Hbigbss                                      bigbss       000000
__Hbigdata                                     bigdata      000000
__Hbigram                                      bigram       000000
__Hbigsfr                                      bigsfr       000000
__Hbss                                         bss          000000
__HbssBANK0                                    bssBANK0     000000
__HbssBANK1                                    bssBANK1     000000
__HbssBANK2                                    bssBANK2     000000
__HbssBANK3                                    bssBANK3     000000
__HbssCOMRAM                                   bssCOMRAM    000000
__Hcinit                                       cinit        000000
__Hclrtext                                     clrtext      000000
__Hcomram                                      comram       000000
__Hconfig                                      config       30000A
__Hconst                                       const        000000
__HcstackBANK0                                 cstackBANK0  000000
__HcstackBANK1                                 cstackBANK1  000000
__HcstackCOMRAM                                cstackCOMRAM 000000
__Hdata                                        data         000000
__HdataBANK0                                   dataBANK0    000000
__HdataBANK1                                   dataBANK1    000000
__HdataBIGRAM                                  dataBIGRAM   000000
__Heeprom_data                                 eeprom_data  000000
__Hfarbss                                      farbss       000000
__Hfardata                                     fardata      000000
__Hheap                                        heap         000000
__Hibigdata                                    ibigdata     000000
__Hidata                                       idata        000000
__HidataBANK0                                  idataBANK0   000000
__HidataBANK1                                  idataBANK1   000000
__HidataBIGRAM                                 idataBIGRAM  000000
__Hidloc                                       idloc        200010
__Hifardata                                    ifardata     000000
__Hinit                                        init         0000B2
__Hintsave_regs                                intsave_regs 000000
__Hirdata                                      irdata       000000
__Hivt0x8                                      ivt0x8       0000AE
__Hmediumconst                                 mediumconst  010000
__HnvFARRAM                                    nvFARRAM     000000
__Hnvbit                                       nvbit        000000
__Hnvrram                                      nvrram       000000
__Hparam                                       rparam       000000
__Hpowerup                                     powerup      000000
__Hram                                         ram          000000
__Hramtop                                      ramtop       002000
__Hrbit                                        rbit         000000
__Hrbss                                        rbss         000000
__Hrdata                                       rdata        000000
__Hreset_vec                                   reset_vec    000004
__Hrparam                                      rparam       000000
__Hsfr                                         sfr          000000
__Hsmallconst                                  smallconst   000000
__Hspace_0                                     (abs)        01484E
__Hspace_1                                     (abs)        0007FF
__Hspace_2                                     (abs)        000000
__Hspace_4                                     (abs)        60000A
__Hstack                                       stack        000000
__Hstruct                                      struct       000000
__Htemp                                        temp         000000
__Htext                                        text         000000
__Htext0                                       text0        000000
__Htext1                                       text1        000000
__Htext10                                      text10       000000
__Htext100                                     text100      000000
__Htext101                                     text101      000000
__Htext102                                     text102      000000
__Htext103                                     text103      000000
__Htext104                                     text104      000000
__Htext105                                     text105      000000
__Htext106                                     text106      000000
__Htext107                                     text107      000000
__Htext108                                     text108      000000
__Htext109                                     text109      000000
__Htext11                                      text11       000000
__Htext110                                     text110      000000
__Htext111                                     text111      000000
__Htext112                                     text112      000000
__Htext113                                     text113      000000
__Htext114                                     text114      000000
__Htext115                                     text115      000000
__Htext116                                     text116      000000
__Htext117                                     text117      000000
__Htext118                                     text118      000000
__Htext119                                     text119      000000
__Htext12                                      text12       000000
__Htext120                                     text120      000000
__Htext121                                     text121      000000
__Htext122                                     text122      000000
__Htext123                                     text123      000000
__Htext124                                     text124      000000
__Htext125                                     text125      000000
__Htext13                                      text13       000000
__Htext14                                      text14       000000
__Htext15                                      text15       000000
__Htext16                                      text16       000000
__Htext17                                      text17       000000
__Htext18                                      text18       000000
__Htext19                                      text19       000000
__Htext2                                       text2        000000
__Htext20                                      text20       000000
__Htext21                                      text21       000000
__Htext22                                      text22       000000
__Htext23                                      text23       000000
__Htext24                                      text24       000000
__Htext25                                      text25       000000
__Htext26                                      text26       000000
__Htext27                                      text27       000000
__Htext28                                      text28       000000
__Htext29                                      text29       000000
__Htext3                                       text3        000000
__Htext30                                      text30       000000
__Htext31                                      text31       000000
__Htext32                                      text32       000000
__Htext33                                      text33       000000
__Htext34                                      text34       000000
__Htext35                                      text35       000000
__Htext36                                      text36       000000
__Htext37                                      text37       000000
__Htext38                                      text38       000000
__Htext39                                      text39       000000
__Htext4                                       text4        000000
__Htext40                                      text40       000000
__Htext41                                      text41       000000
__Htext42                                      text42       000000
__Htext43                                      text43       000000
__Htext44                                      text44       000000
__Htext45                                      text45       000000
__Htext46                                      text46       000000
__Htext47                                      text47       000000
__Htext48                                      text48       000000
__Htext49                                      text49       000000
__Htext5                                       text5        000000
__Htext50                                      text50       000000
__Htext51                                      text51       000000
__Htext52                                      text52       000000
__Htext53                                      text53       000000
__Htext54                                      text54       000000
__Htext55                                      text55       000000
__Htext56                                      text56       000000
__Htext57                                      text57       000000
__Htext58                                      text58       000000
__Htext59                                      text59       000000
__Htext6                                       text6        000000
__Htext60                                      text60       000000
__Htext61                                      text61       000000
__Htext62                                      text62       000000
__Htext63                                      text63       000000
__Htext64                                      text64       000000
__Htext65                                      text65       000000
__Htext66                                      text66       000000
__Htext67                                      text67       000000
__Htext68                                      text68       000000
__Htext69                                      text69       000000
__Htext7                                       text7        000000
__Htext70                                      text70       000000
__Htext71                                      text71       000000
__Htext72                                      text72       000000
__Htext73                                      text73       000000
__Htext74                                      text74       000000
__Htext75                                      text75       000000
__Htext76                                      text76       000000
__Htext77                                      text77       000000
__Htext78                                      text78       000000
__Htext79                                      text79       000000
__Htext8                                       text8        000000
__Htext80                                      text80       000000
__Htext81                                      text81       000000
__Htext82                                      text82       000000
__Htext83                                      text83       000000
__Htext84                                      text84       000000
__Htext85                                      text85       000000
__Htext86                                      text86       000000
__Htext87                                      text87       000000
__Htext88                                      text88       000000
__Htext89                                      text89       000000
__Htext9                                       text9        000000
__Htext90                                      text90       000000
__Htext91                                      text91       000000
__Htext92                                      text92       000000
__Htext93                                      text93       000000
__Htext94                                      text94       000000
__Htext95                                      text95       000000
__Htext96                                      text96       000000
__Htext97                                      text97       000000
__Htext98                                      text98       000000
__Htext99                                      text99       000000
__LRAM                                         (abs)        000001
__Labs1                                        abs1         000000
__Lbank0                                       bank0        000000
__Lbank1                                       bank1        000000
__Lbank10                                      bank10       000000
__Lbank11                                      bank11       000000
__Lbank12                                      bank12       000000
__Lbank13                                      bank13       000000
__Lbank14                                      bank14       000000
__Lbank15                                      bank15       000000
__Lbank16                                      bank16       000000
__Lbank17                                      bank17       000000
__Lbank18                                      bank18       000000
__Lbank19                                      bank19       000000
__Lbank2                                       bank2        000000
__Lbank20                                      bank20       000000
__Lbank21                                      bank21       000000
__Lbank22                                      bank22       000000
__Lbank23                                      bank23       000000
__Lbank24                                      bank24       000000
__Lbank25                                      bank25       000000
__Lbank26                                      bank26       000000
__Lbank27                                      bank27       000000
__Lbank28                                      bank28       000000
__Lbank29                                      bank29       000000
__Lbank3                                       bank3        000000
__Lbank30                                      bank30       000000
__Lbank31                                      bank31       000000
__Lbank4                                       bank4        000000
__Lbank5                                       bank5        000000
__Lbank6                                       bank6        000000
__Lbank7                                       bank7        000000
__Lbank8                                       bank8        000000
__Lbank9                                       bank9        000000
__Lbigbss                                      bigbss       000000
__Lbigdata                                     bigdata      000000
__Lbigram                                      bigram       000000
__Lbigsfr                                      bigsfr       000000
__Lbss                                         bss          000000
__LbssBANK0                                    bssBANK0     000000
__LbssBANK1                                    bssBANK1     000000
__LbssBANK2                                    bssBANK2     000000
__LbssBANK3                                    bssBANK3     000000
__LbssCOMRAM                                   bssCOMRAM    000000
__Lcinit                                       cinit        000000
__Lclrtext                                     clrtext      000000
__Lcomram                                      comram       000000
__Lconfig                                      config       000000
__Lconst                                       const        000000
__LcstackBANK0                                 cstackBANK0  000000
__LcstackBANK1                                 cstackBANK1  000000
__LcstackCOMRAM                                cstackCOMRAM 000000
__Ldata                                        data         000000
__LdataBANK0                                   dataBANK0    000000
__LdataBANK1                                   dataBANK1    000000
__LdataBIGRAM                                  dataBIGRAM   000000
__Leeprom_data                                 eeprom_data  000000
__Lfarbss                                      farbss       000000
__Lfardata                                     fardata      000000
__Lheap                                        heap         000000
__Libigdata                                    ibigdata     000000
__Lidata                                       idata        000000
__LidataBANK0                                  idataBANK0   000000
__LidataBANK1                                  idataBANK1   000000
__LidataBIGRAM                                 idataBIGRAM  000000
__Lidloc                                       idloc        000000
__Lifardata                                    ifardata     000000
__Linit                                        init         0000AE
__Lintsave_regs                                intsave_regs 000000
__Lirdata                                      irdata       000000
__Livt0x8                                      ivt0x8       000008
__Lmediumconst                                 mediumconst  00FED6
__LnvFARRAM                                    nvFARRAM     000000
__Lnvbit                                       nvbit        000000
__Lnvrram                                      nvrram       000000
__Lparam                                       rparam       000000
__Lpowerup                                     powerup      000000
__Lram                                         ram          000000
__Lramtop                                      ramtop       002000
__Lrbit                                        rbit         000000
__Lrbss                                        rbss         000000
__Lrdata                                       rdata        000000
__Lreset_vec                                   reset_vec    000000
__Lrparam                                      rparam       000000
__Lsfr                                         sfr          000000
__Lsmallconst                                  smallconst   000000
__Lspace_0                                     (abs)        000000
__Lspace_1                                     (abs)        000000
__Lspace_2                                     (abs)        000000
__Lspace_4                                     (abs)        000000
__Lstack                                       stack        000000
__Lstruct                                      struct       000000
__Ltemp                                        temp         000000
__Ltext                                        text         000000
__Ltext0                                       text0        000000
__Ltext1                                       text1        000000
__Ltext10                                      text10       000000
__Ltext100                                     text100      000000
__Ltext101                                     text101      000000
__Ltext102                                     text102      000000
__Ltext103                                     text103      000000
__Ltext104                                     text104      000000
__Ltext105                                     text105      000000
__Ltext106                                     text106      000000
__Ltext107                                     text107      000000
__Ltext108                                     text108      000000
__Ltext109                                     text109      000000
__Ltext11                                      text11       000000
__Ltext110                                     text110      000000
__Ltext111                                     text111      000000
__Ltext112                                     text112      000000
__Ltext113                                     text113      000000
__Ltext114                                     text114      000000
[...]
efgtoa@pp                                      cstackBANK0  00008D
efgtoa@sign                                    cstackBANK0  000099
efgtoa@t                                       cstackBANK0  00008B
efgtoa@u                                       cstackBANK0  0000B3
efgtoa@w                                       cstackBANK0  00009E
end_of_initialization                          cinit        0132E2
fh_pl@a_data                                   cstackCOMRAM 00002F
fh_pr@a_data                                   cstackCOMRAM 00002F
floorf@F526                                    bssBANK1     000130
floorf@e                                       cstackBANK0  00006E
floorf@m                                       cstackBANK0  00006A
floorf@u                                       cstackBANK0  000070
floorf@x                                       cstackBANK0  000060
fputc@c                                        cstackCOMRAM 00001A
fputc@fp                                       cstackCOMRAM 00001C
fputs@c                                        cstackCOMRAM 000029
fputs@fp                                       cstackCOMRAM 000025
fputs@i                                        cstackCOMRAM 00002A
fputs@s                                        cstackCOMRAM 000023
intlevel0                                      text         000000
intlevel1                                      text         000000
intlevel2                                      text         000000
intlevel3                                      text         000000
isa$std                                        (abs)        000001
isa$xinst                                      (abs)        000000
isdigit@c                                      cstackCOMRAM 000018
isspace@c                                      cstackCOMRAM 000018
isupper@c                                      cstackCOMRAM 000018
ivt0x8_base                                    ivt0x8       000008
ivt0x8_undefint                                ivt0x8       0000AC
linux_getc@a_data                              cstackCOMRAM 000019
linux_putc@a_len                               cstackCOMRAM 000031
linux_putc@data                                cstackCOMRAM 00002F
memcpy@d                                       cstackCOMRAM 00001F
memcpy@d1                                      cstackCOMRAM 000018
memcpy@n                                       cstackCOMRAM 00001C
memcpy@s                                       cstackCOMRAM 000021
memcpy@s1                                      cstackCOMRAM 00001A
memcpy@tmp                                     cstackCOMRAM 00001E
memset@c                                       cstackCOMRAM 00001A
memset@dest                                    cstackCOMRAM 000018
memset@k                                       cstackCOMRAM 000020
memset@n                                       cstackCOMRAM 00001C
memset@s                                       cstackCOMRAM 000022
pad@buf                                        cstackCOMRAM 00002E
pad@fp                                         cstackCOMRAM 00002C
pad@i                                          cstackBANK0  000060
pad@p                                          cstackCOMRAM 000030
pad@w                                          cstackBANK0  000062
printf@ap                                      cstackBANK1  0001E2
printf@fmt                                     cstackBANK1  0001D0
putch@txData                                   cstackCOMRAM 000019
puts@s                                         cstackCOMRAM 00002C
ringBufS_flush@_this                           cstackCOMRAM 000024
ringBufS_flush@clearBuffer                     cstackCOMRAM 000026
ringBufS_init@_this                            cstackCOMRAM 000024
ringBufS_put_dma@_this                         cstackCOMRAM 000018
ringBufS_put_dma@c                             cstackCOMRAM 00001A
ringBufS_put_dma_cpy@_this                     cstackCOMRAM 000023
ringBufS_put_dma_cpy@len                       cstackCOMRAM 000027
ringBufS_put_dma_cpy@ptr                       cstackCOMRAM 000025
send_lcd_cmd@cmd                               cstackCOMRAM 00001C
send_lcd_cmd_dma@strPtr                        cstackCOMRAM 000028
send_lcd_cmd_long@cmd                          cstackCOMRAM 00001C
send_lcd_data@data                             cstackCOMRAM 00001C
send_lcd_data_dma@strPtr                       cstackCOMRAM 000027
sprintf@ap                                     cstackBANK1  0001D8
sprintf@f                                      cstackBANK1  0001DA
sprintf@fmt                                    cstackBANK1  0001D2
sprintf@s                                      cstackBANK1  0001D0
stackhi                                        (abs)        000000
stacklo                                        (abs)        000000
start                                          init         0000AE
start_initialization                           cinit        01322E
stoa@F1164                                     dataBANK1    0001A0
stoa@cp                                        cstackBANK0  00006B
stoa@fp                                        cstackCOMRAM 000023
stoa@i                                         cstackBANK0  000067
stoa@l                                         cstackBANK0  00006F
stoa@nuls                                      cstackBANK0  000060
stoa@p                                         cstackBANK0  00006D
stoa@s                                         cstackCOMRAM 000025
stoa@w                                         cstackBANK0  000069
strcpy@d                                       cstackCOMRAM 000020
strcpy@dest                                    cstackCOMRAM 000018
strcpy@s                                       cstackCOMRAM 00001E
strcpy@src                                     cstackCOMRAM 00001A
strlen@a                                       cstackCOMRAM 00001A
strlen@s                                       cstackCOMRAM 000018
strncmp@_l                                     cstackCOMRAM 00001C
strncmp@_r                                     cstackCOMRAM 00001E
strncmp@l                                      cstackCOMRAM 000024
strncmp@n                                      cstackCOMRAM 000020
strncmp@r                                      cstackCOMRAM 000026
tolower@c                                      cstackCOMRAM 00001E
utoa@d                                         cstackBANK0  000066
utoa@fp                                        cstackBANK0  000064
utoa@i                                         cstackBANK0  000082
utoa@n                                         cstackBANK0  00007A
utoa@p                                         cstackBANK0  000076
utoa@w                                         cstackBANK0  000078
vfpfcnvrt@ap                                   cstackBANK0  0000BB
vfpfcnvrt@c                                    cstackBANK0  0000CF
vfpfcnvrt@cp                                   cstackBANK0  0000C9
vfpfcnvrt@ct                                   cstackBANK0  0000D0
vfpfcnvrt@done                                 cstackBANK0  0000CB
vfpfcnvrt@f                                    cstackBANK0  0000D3
vfpfcnvrt@fmt                                  cstackBANK0  0000B9
vfpfcnvrt@fp                                   cstackBANK0  0000B7
vfpfcnvrt@llu                                  cstackBANK0  0000C1
vfprintf@ap                                    cstackBANK0  0000DB
vfprintf@cfmt                                  cstackBANK1  0001CE
vfprintf@fmt                                   cstackBANK0  0000D9
vfprintf@fp                                    cstackBANK0  0000D7
wdtdelay@dcount                                bssBANK0     0000DD
wdtdelay@delay                                 cstackCOMRAM 000018


MODULE INFORMATION

Module		Function		Class		Link	Load	Size
/opt/microchip/xc8/v2.36/pic/sources/c99/common/__fpclassifyf.c
		___fpclassifyf 		CODE           	130A2	0000	204

/opt/microchip/xc8/v2.36/pic/sources/c99/common/__fpclassifyf.c estimated size: 204

/opt/microchip/xc8/v2.36/pic/sources/c99/common/memset.c
		_memset        		CODE           	12A6A	0000	332

/opt/microchip/xc8/v2.36/pic/sources/c99/common/memset.c estimated size: 332

/opt/microchip/xc8/v2.36/pic/sources/c99/common/isupper.c
		_isupper       		CODE           	1437E	0000	48

/opt/microchip/xc8/v2.36/pic/sources/c99/common/isupper.c estimated size: 48

ringbufs.c
		_ringBufS_init 		CODE           	145D8	0000	30
		_ringBufS_flush		CODE           	13BF2	0000	84
		_ringBufS_put_dma_cpy		CODE           	13C98	0000	82
		_ringBufS_put_dma		CODE           	13CEA	0000	82

ringbufs.c estimated size: 278

timers.c
		_Timers_Isr    		CODE           	13D3C	0000	82

timers.c estimated size: 82

disp_led.c
		_display_led   		CODE           	133A2	0000	184

disp_led.c estimated size: 184

mcc_generated_files/tmr6.c
		_TMR6_CallBack 		CODE           	1450C	0000	36
		_TMR6_ISR      		CODE           	142E0	0000	58
		_TMR6_Initialize		CODE           	1443A	0000	46
		_TMR6_SetInterruptHandler		CODE           	14792	0000	14
		_TMR6_DefaultInterruptHandler		CODE           	14844	0000	2

mcc_generated_files/tmr6.c estimated size: 156

mcc_generated_files/pwm6.c
		_PWM6_LoadDutyValue		CODE           	1431A	0000	50
		_PWM6_Initialize		CODE           	1469E	0000	24

mcc_generated_files/pwm6.c estimated size: 74

/opt/microchip/xc8/v2.36/pic/sources/c99/common/doprnt.c
		_vfpfcnvrt     		CODE           	109BC	0000	1998
		_efgtoa        		CODE           	10000	0000	2492
		_pad           		CODE           	13712	0000	158
		_vfprintf      		CODE           	13B42	0000	90
		_stoa          		CODE           	1291A	0000	336
		_utoa          		CODE           	1230C	0000	432

/opt/microchip/xc8/v2.36/pic/sources/c99/common/doprnt.c estimated size: 5506

/opt/microchip/xc8/v2.36/pic/sources/c99/common/flneg.c
		___flneg       		CODE           	1440C	0000	46

/opt/microchip/xc8/v2.36/pic/sources/c99/common/flneg.c estimated size: 46

/opt/microchip/xc8/v2.36/pic/sources/c99/common/nf_fputc.c
		_fputc         		CODE           	13510	0000	180

/opt/microchip/xc8/v2.36/pic/sources/c99/common/nf_fputc.c estimated size: 180

/opt/microchip/xc8/v2.36/pic/sources/c99/common/atoi.c
		_atoi          		CODE           	12BB6	0000	320

/opt/microchip/xc8/v2.36/pic/sources/c99/common/atoi.c estimated size: 320

/opt/microchip/xc8/v2.36/pic/sources/c99/common/fleq.c
		___fleq        		CODE           	137B0	0000	138

/opt/microchip/xc8/v2.36/pic/sources/c99/common/fleq.c estimated size: 138

mcc_generated_files/tmr2.c
		_TMR2_Initialize		CODE           	145F6	0000	30

mcc_generated_files/tmr2.c estimated size: 30

mcc_generated_files/interrupt_manager.c
		_INTERRUPT_Initialize		CODE           	13F02	0000	70
		_Default_ISR   		CODE           	14848	0000	2

mcc_generated_files/interrupt_manager.c estimated size: 72

/opt/microchip/xc8/v2.36/pic/sources/c99/common/Umul16.c
		___wmul        		CODE           	14496	0000	42

/opt/microchip/xc8/v2.36/pic/sources/c99/common/Umul16.c estimated size: 42

/opt/microchip/xc8/v2.36/pic/sources/c99/common/puts.c
		_puts          		CODE           	1426A	0000	58

/opt/microchip/xc8/v2.36/pic/sources/c99/common/puts.c estimated size: 58

/opt/microchip/xc8/v2.36/pic/sources/c99/common/lomod.c
		___lomod       		CODE           	135C4	0000	174

/opt/microchip/xc8/v2.36/pic/sources/c99/common/lomod.c estimated size: 174

eadog.c
		_init_display  		CODE           	1316E	0000	192
		_eaDogM_WriteCommand		CODE           	147E4	0000	10
		_source_dma_done		CODE           	14832	0000	6
		_wdtdelay      		CODE           	14230	0000	58
		_send_lcd_cmd  		CODE           	141F6	0000	58
		_send_lcd_cmd_dma		CODE           	14632	0000	28
		_send_lcd_data 		CODE           	14598	0000	32
		_send_lcd_data_dma		CODE           	1410A	0000	60
		_wait_lcd_set  		CODE           	14820	0000	6
		_wait_lcd_done 		CODE           	14722	0000	14
		_send_lcd_cmd_long		CODE           	141BC	0000	58
		_start_lcd     		CODE           	14838	0000	4
		_eaDogM_WriteString		CODE           	138BE	0000	126

eadog.c estimated size: 652

/opt/microchip/xc8/v2.36/pic/sources/c99/common/isspace.c
		_isspace       		CODE           	14012	0000	62

/opt/microchip/xc8/v2.36/pic/sources/c99/common/isspace.c estimated size: 62

mcc_generated_files/pin_manager.c
		_PIN_MANAGER_Initialize		CODE           	12FD4	0000	206

mcc_generated_files/pin_manager.c estimated size: 206

mcc_generated_files/spi1.c
		_SPI1_Initialize		CODE           	14684	0000	26
		_SPI1_ExchangeByte		CODE           	1466A	0000	26

mcc_generated_files/spi1.c estimated size: 52

/opt/microchip/xc8/v2.36/pic/sources/c99/common/memcpy.c
		_memcpy        		CODE           	13B9C	0000	86

/opt/microchip/xc8/v2.36/pic/sources/c99/common/memcpy.c estimated size: 86

/opt/microchip/xc8/v2.36/pic/sources/c99/common/tolower.c
		_tolower       		CODE           	14182	0000	58

/opt/microchip/xc8/v2.36/pic/sources/c99/common/tolower.c estimated size: 58

/opt/microchip/xc8/v2.36/pic/sources/c99/common/strncmp.c
		_strncmp       		CODE           	12666	0000	354

/opt/microchip/xc8/v2.36/pic/sources/c99/common/strncmp.c estimated size: 354

/opt/microchip/xc8/v2.36/pic/sources/c99/common/sprcmul.c
		___flmul       		CODE           	1158A	0000	850

/opt/microchip/xc8/v2.36/pic/sources/c99/common/sprcmul.c estimated size: 850

/opt/microchip/xc8/v2.36/pic/sources/c99/common/awmod.c
		___awmod       		CODE           	139AE	0000	112

/opt/microchip/xc8/v2.36/pic/sources/c99/common/awmod.c estimated size: 112

/opt/microchip/xc8/v2.36/pic/sources/c99/common/sprcdiv.c
		___fldiv       		CODE           	11EC4	0000	648

/opt/microchip/xc8/v2.36/pic/sources/c99/common/sprcdiv.c estimated size: 648

mcc_generated_files/dma1.c
		_DMA1_Initialize		CODE           	13AE6	0000	92
		_DMA1_SetSCNTIInterruptHandler		CODE           	147BC	0000	14
		_DMA1_DefaultInterruptHandler		CODE           	1484C	0000	2
		_DMA1_DMASCNTI_ISR		CODE           	13FD0	0000	66

mcc_generated_files/dma1.c estimated size: 174

mcc_generated_files/uart1.c
		_UART1_rx_vect_isr		CODE           	13E74	0000	72
		_UART1_Write   		CODE           	14146	0000	60
		_putch         		CODE           	1480C	0000	10
		_UART1_SetFramingErrorHandler		CODE           	14776	0000	14
		_UART1_SetOverrunErrorHandler		CODE           	14768	0000	14
		_UART1_tx_vect_isr		CODE           	140CC	0000	62
		_UART1_Receive_ISR		CODE           	13672	0000	160
		_UART1_SetRxInterruptHandler		CODE           	1475A	0000	14
		_UART1_SetTxInterruptHandler		CODE           	1474C	0000	14
		_UART1_Initialize		CODE           	1345A	0000	182
		_UART1_SetErrorHandler		CODE           	14784	0000	14
		_UART1_Transmit_ISR		CODE           	14468	0000	46
		_UART1_Read    		CODE           	14050	0000	62
		_UART1_DefaultFramingErrorHandler		CODE           	14840	0000	2
		_UART1_is_rx_ready		CODE           	1473E	0000	14
		_UART1_DefaultErrorHandler		CODE           	1482C	0000	6
		_UART1_RxDataHandler		CODE           	14576	0000	34
		_UART1_DefaultOverrunErrorHandler		CODE           	1483E	0000	2

mcc_generated_files/uart1.c estimated size: 782

mcc_generated_files/tmr5.c
		_TMR5_ISR      		CODE           	13D90	0000	78
		_TMR5_Initialize		CODE           	13E2A	0000	72
		_TMR5_SetInterruptHandler		CODE           	147A0	0000	14
		_TMR5_DefaultInterruptHandler		CODE           	1484A	0000	2
		_TMR5_WriteTimer		CODE           	14530	0000	36

mcc_generated_files/tmr5.c estimated size: 202

/opt/microchip/xc8/v2.36/pic/sources/c99/common/printf.c
		_printf        		CODE           	144C0	0000	40

/opt/microchip/xc8/v2.36/pic/sources/c99/common/printf.c estimated size: 40

/opt/microchip/xc8/v2.36/pic/sources/c99/common/lodiv.c
		___lodiv       		CODE           	12F06	0000	206

/opt/microchip/xc8/v2.36/pic/sources/c99/common/lodiv.c estimated size: 206

shared
		_cmdm          		MEDIUMCONST    	FEDC	0000	28
		__initialization		CODE           	1322E	0000	180
		_spi1_configuration		MEDIUMCONST    	0000	0000	0

shared estimated size: 208

mcc_generated_files/pwm5.c
		_PWM5_LoadDutyValue		CODE           	1434C	0000	50
		_PWM5_Initialize		CODE           	146B6	0000	24

mcc_generated_files/pwm5.c estimated size: 74

mcc_generated_files/mcc.c
		_SystemArbiter_Initialize		CODE           	147AE	0000	14
		_PMD_Initialize		CODE           	14554	0000	34
		_OSCILLATOR_Initialize		CODE           	1464E	0000	28
		_SYSTEM_Initialize		CODE           	1408E	0000	62

mcc_generated_files/mcc.c estimated size: 138

/opt/microchip/xc8/v2.36/pic/sources/c99/common/strlen.c
		_strlen        		CODE           	13DDE	0000	76

/opt/microchip/xc8/v2.36/pic/sources/c99/common/strlen.c estimated size: 76

/opt/microchip/xc8/v2.36/pic/sources/c99/common/flge.c
		___flge        		CODE           	12E36	0000	208

/opt/microchip/xc8/v2.36/pic/sources/c99/common/flge.c estimated size: 208

/opt/microchip/xc8/v2.36/pic/sources/c99/common/floorf.c
		_floorf        		CODE           	124BC	0000	426

/opt/microchip/xc8/v2.36/pic/sources/c99/common/floorf.c estimated size: 426

/opt/microchip/xc8/v2.36/pic/sources/c99/common/nf_fputs.c
		_fputs         		CODE           	13A1E	0000	104

/opt/microchip/xc8/v2.36/pic/sources/c99/common/nf_fputs.c estimated size: 104

/opt/microchip/xc8/v2.36/pic/sources/c99/common/strcpy.c
		_strcpy        		CODE           	13A86	0000	96

/opt/microchip/xc8/v2.36/pic/sources/c99/common/strcpy.c estimated size: 96

/opt/microchip/xc8/v2.36/pic/sources/c99/common/awdiv.c
		___awdiv       		CODE           	1383A	0000	132

/opt/microchip/xc8/v2.36/pic/sources/c99/common/awdiv.c estimated size: 132

/opt/microchip/xc8/v2.36/pic/sources/c99/common/fltol.c
		___fltol       		CODE           	132E8	0000	186

/opt/microchip/xc8/v2.36/pic/sources/c99/common/fltol.c estimated size: 186

/opt/microchip/xc8/v2.36/pic/sources/c99/common/isdigit.c
		_isdigit       		CODE           	143AE	0000	48

/opt/microchip/xc8/v2.36/pic/sources/c99/common/isdigit.c estimated size: 48

/opt/microchip/xc8/v2.36/pic/sources/c99/common/sprcadd.c
		___flsub       		CODE           	13EBC	0000	70
		___fladd       		CODE           	118DC	0000	780

/opt/microchip/xc8/v2.36/pic/sources/c99/common/sprcadd.c estimated size: 850

mcc_generated_files/dac1.c
		_DAC1_GetOutput		CODE           	14826	0000	6
		_DAC1_SetOutput		CODE           	14816	0000	10
		_DAC1_Initialize		CODE           	147D8	0000	12

mcc_generated_files/dac1.c estimated size: 28

/opt/microchip/xc8/v2.36/pic/sources/c99/common/xxtofl.c
		___xxtofl      		CODE           	12CF6	0000	320

/opt/microchip/xc8/v2.36/pic/sources/c99/common/xxtofl.c estimated size: 320

mcc_generated_files/adcc.c
		_ADCC_DefaultInterruptHandler		CODE           	14842	0000	2
		_ADCC_GetConversionResult		CODE           	146E4	0000	22
		_ADCC_SetADIInterruptHandler		CODE           	147CA	0000	14
		_ADCC_ISR      		CODE           	13F8C	0000	66
		_ADCC_Initialize		CODE           	1393C	0000	114

mcc_generated_files/adcc.c estimated size: 218

scdm.c
		_cli_read      		CODE           	127C8	0000	338
		_cli_init      		CODE           	13F48	0000	66
		__cli_interpret_cmd		CODE           	1214C	0000	448
		_linux_getc    		CODE           	144E8	0000	36
		_linux_putc    		CODE           	14730	0000	14
		_scmd_init     		CODE           	146CE	0000	22

scdm.c estimated size: 924

main.c
		_fh_po         		CODE           	146FA	0000	20
		_fh_pu         		CODE           	14802	0000	10
		_Led_Blink     		CODE           	14614	0000	30
		_main          		CODE           	11BE8	0000	732
		_fh_pd         		CODE           	147F8	0000	10
		_fh_pl         		CODE           	147EE	0000	10
		_fh_pr         		CODE           	145B8	0000	32
		_Adc_Isr       		CODE           	142A4	0000	58
		_fh_ps         		CODE           	1470E	0000	20

main.c estimated size: 922

/opt/microchip/xc8/v2.36/pic/sources/c99/common/nf_sprintf.c
		_sprintf       		CODE           	13C46	0000	82

/opt/microchip/xc8/v2.36/pic/sources/c99/common/nf_sprintf.c estimated size: 82

