Microchip MPLAB XC8 Compiler V2.36

Linker command line:

-W-3 --edf=/opt/microchip/xc8/v2.36/pic/dat/en_msgs.txt -pivt0x8=08h -cn \
  -h+dist/default/production/ps_test.X.production.sym \
  --cmf=dist/default/production/ps_test.X.production.cmf -z -Q18F57K42 \
  -o/tmp/xcXiCOOjH --defsym=__MPLAB_BUILD=1 \
  -Mdist/default/production/ps_test.X.production.map \
  --md=/tmp/xcXNJlCek.dat -E1 -ver=XC8 Compiler --acfsm=1493 \
  -ACODE=00h-01FFFFh -ACONST=00h-01FFFFh -ASMALLCONST=02000h-020FFhx480 \
  -AMEDIUMCONST=02000h-0FFFFh,012000h-01FFFFh -ACOMRAM=01h-05Fh \
  -AABS1=00h-01FFFh -ABIGRAM=01h-01FFFh -ARAM=060h-0FFh,0100h-01FFhx31 \
  -ABANK0=060h-0FFh -ABANK1=0100h-01FFh -ABANK2=0200h-02FFh \
  -ABANK3=0300h-03FFh -ABANK4=0400h-04FFh -ABANK5=0500h-05FFh \
  -ABANK6=0600h-06FFh -ABANK7=0700h-07FFh -ABANK8=0800h-08FFh \
  -ABANK9=0900h-09FFh -ABANK10=0A00h-0AFFh -ABANK11=0B00h-0BFFh \
  -ABANK12=0C00h-0CFFh -ABANK13=0D00h-0DFFh -ABANK14=0E00h-0EFFh \
  -ABANK15=0F00h-0FFFh -ABANK16=01000h-010FFh -ABANK17=01100h-011FFh \
  -ABANK18=01200h-012FFh -ABANK19=01300h-013FFh -ABANK20=01400h-014FFh \
  -ABANK21=01500h-015FFh -ABANK22=01600h-016FFh -ABANK23=01700h-017FFh \
  -ABANK24=01800h-018FFh -ABANK25=01900h-019FFh -ABANK26=01A00h-01AFFh \
  -ABANK27=01B00h-01BFFh -ABANK28=01C00h-01CFFh -ABANK29=01D00h-01DFFh \
  -ABANK30=01E00h-01EFFh -ABANK31=01F00h-01FFFh \
  -ASFR=03800h-038FFhx7,03F00h-03F5Fh,03F60h-03FFFh -ABIGSFR=03800h-03FFFh \
  -ACONFIG=0300000h-0300009h -AIDLOC=0200000h-020000Fh \
  -AEEDATA=0310000h-03103FFh -peeprom_data=EEDATA -preset_vec=00h \
  -ppowerup=CODE,init -pramtop=02000h -psmallconst=SMALLCONST \
  -pmediumconst=MEDIUMCONST -pconst=CONST -AFARRAM=00h-00h \
  -prdata=COMRAM,nvrram=COMRAM,nvbit=COMRAM,rbss=COMRAM,rbit=COMRAM \
  -pfarbss=FARRAM,fardata=FARRAM,nvFARRAM=FARRAM \
  -pintsave_regs=BIGRAM,bigbss=BIGRAM,bigdata=BIGRAM -pbss=RAM \
  -pidata=CODE,irdata=CODE,ibigdata=CODE,ifardata=CODE -prparam=COMRAM \
  /tmp/xcXMcOadm.o dist/default/production/ps_test.X.production.o 

Object code version is 3.11

Machine type is 18F57K42



                Name                               Link     Load   Length Selector   Space Scale
/tmp/xcXMcOadm.o
                idloc                            200000   200000       10        0       5
                config                           300000   300000        A        0       4
                init                                 AE       AE        4        4       0
                reset_vec                             0        0        4        0       0
dist/default/production/ps_test.X.production.o
                idloc                            200000   200000       10        0       5
                config                           300000   300000        A        0       4
                mediumconst                        FEDA     FEDA      126     7F6D       0
                ivt0x8                                8        8       A6        4       0
                text121                           14728    14728        6     A275       0
                text120                           14740    14740        2     51CE       0
                text119                           13EB4    13EB4       42     4FAD       0
                text118                           14422    14422       24     501A       0
                text117                           13CAE    13CAE       52     8000       0
                text116                           1473E    1473E        2     51CE       0
                text115                           13D00    13D00       4E     8000       0
                text114                           14468    14468       22     501A       0
                text113                           14722    14722        6     A275       0
                text112                           1473C    1473C        2     51CE       0
                text111                           1473A    1473A        2     51CE       0
                text110                           13568    13568       A2     8000       0
                text109                           14068    14068       3C     501A       0
                text108                           1435A    1435A       2E     501A       0
                text107                           13FB0    13FB0       3E     4FAD       0
                text106                           14738    14738        2     51CE       0
                text105                           14734    14734        2     A275       0
                text104                           14526    14526       1E     A275       0
                text103                           143FE    143FE       24     501A       0
                text102                           14200    14200       3A     501A       0
                text101                           145F8    145F8       16     A275       0
                text100                           141C6    141C6       3A     501A       0
                text99                            14732    14732        2     A275       0
                text98                            13E70    13E70       42     4F9C       0
                text97                            1471C    1471C        6     A275       0
                text96                            1470C    1470C        A     A275       0
                text95                            1426C    1426C       32     501A       0
                text94                            1423A    1423A       32     501A       0
                text93                            146DE    146DE        E     A275       0
                text92                            138B0    138B0       72     8000       0
                text91                            146EC    146EC        C     A275       0
                text90                            146D0    146D0        E     A275       0
                text89                            13A5A    13A5A       5E     8000       0
                text88                            13E28    13E28       46     8000       0
                text87                            14560    14560       1C     A275       0
                text86                            12EDA    12EDA       CE     8000       0
                text85                            14446    14446       22     501A       0
                text84                            145E0    145E0       18     A275       0
                text83                            145C8    145C8       18     A275       0
                text82                            14596    14596       1A     A275       0
                text81                            146C2    146C2        E     A275       0
                text80                            14508    14508       1E     A275       0
                text79                            146B4    146B4        E     A275       0
                text78                            13D9A    13D9A       48     8000       0
                text77                            146A6    146A6        E     A275       0
                text76                            1432C    1432C       2E     501A       0
                text75                            14698    14698        E     A275       0
                text74                            1468A    1468A        E     A275       0
                text73                            1467C    1467C        E     A275       0
                text72                            1466E    1466E        E     A275       0
                text71                            14660    14660        E     A275       0
                text70                            132A6    132A6       B6     8000       0
                text69                            13F72    13F72       3E     4FAD       0
                text68                            12BFC    12BFC      140     8000       0
                text67                            1402A    1402A       3C     4FAD       0
                text66                            14702    14702        A     A275       0
                text65                            1335C    1335C       B4     8000       0
                text64                            13992    13992       68     8000       0
                text63                            1418C    1418C       3A     501A       0
                text62                            14622    14622       14     A275       0
                text61                            144AA    144AA       20     501A       0
                text60                            1460E    1460E       14     A275       0
                text59                            13D4E    13D4E       4C     8000       0
                text58                            1256C    1256C      162     8000       0
                text57                            12056    12056      1BC     8000       0
                text56                            13F34    13F34       3E     4FAD       0
                text55                            14652    14652        E     A275       0
                text54                            143DA    143DA       24     501A       0
                text53                            14644    14644        E     A275       0
                text52                            12970    12970      14C     8000       0
                text51                            126CE    126CE      152     8000       0
                text50                            131EE    131EE       B8     8000       0
                text49                            13B64    13B64       54     8000       0
                text48                            13C5C    13C5C       52     8000       0
                text47                            1472E    1472E        4     A275       0
                text46                            14716    14716        6     A275       0
                text45                            13FEE    13FEE       3C     4FAD       0
                text44                            14636    14636        E     A275       0
                text43                            14544    14544       1C     A275       0
                text42                            146F8    146F8        A     A275       0
                text41                            13B0E    13B0E       56     8000       0
                text40                            13C0A    13C0A       52     8000       0
                text39                            137B6    137B6       7E     8000       0
                text38                            144EA    144EA       1E     A275       0
                text37                            1457C    1457C       1A     A275       0
                text36                            14152    14152       3A     501A       0
                text35                            14118    14118       3A     501A       0
                text34                            140DE    140DE       3A     501A       0
                text33                            1448A    1448A       20     501A       0
                text32                            13074    13074       C0     8000       0
                text31                            14388    14388       2A     501A       0
                text30                            142CE    142CE       30     501A       0
                text29                            13EF6    13EF6       3E     4FAD       0
                text28                            12ABC    12ABC      140     8000       0
                text27                            13732    13732       84     8000       0
                text26                            13922    13922       70     8000       0
                text25                            11DCE    11DCE      288     8000       0
                text24                            136A8    136A8       8A     8000       0
                text23                            12D3C    12D3C       D0     8000       0
                text22                            114B8    114B8      352     8000       0
                text21                            142FE    142FE       2E     501A       0
                text20                            1180A    1180A      30C     8000       0
                text19                            13DE2    13DE2       46     8000       0
                text18                            13134    13134       BA     8000       0
                text17                            12FA8    12FA8       CC     8000       0
                text16                            123C2    123C2      1AA     8000       0
                text15                            1360A    1360A       9E     8000       0
                text14                            139FA    139FA       60     8000       0
                text13                            1429E    1429E       30     501A       0
                text12                            140A4    140A4       3A     501A       0
                text11                            10000    10000      9BC     8000       0
                text10                            12820    12820      150     8000       0
                text9                             12E0C    12E0C       CE     8000       0
                text8                             13410    13410       AE     8000       0
                text7                             12212    12212      1B0     8000       0
                text6                             109BC    109BC      6FC     8000       0
                text5                             13AB8    13AB8       56     8000       0
                text4                             143B2    143B2       28     501A       0
                text3                             13BB8    13BB8       52     8000       0
                text2                             13834    13834       7C     8000       0
                text1                             145B0    145B0       18     A275       0
                text0                             11B16    11B16      2B8     8000       0
                cstackCOMRAM                          1        1       33        1       1
                cstackBANK0                          60       60       7E       60       1
                cstackBANK1                         1E4      1E4       1B      100       1
                cstackBANK2                         2C3      2C3        2      200       1
                dataBIGRAM                          4FF      4FF      400      4FF       1
                bssBANK4                            400      400       FF      400       1
                bssBANK3                            300      300       83      300       1
                bssBANK2                            200      200       C3      200       1
                dataBANK1                           1C5      1C5       1F      100       1
                bssBANK1                            100      100       C5      100       1
                bssBANK0                             DE       DE       22       60       1
                bssCOMRAM                            34       34       16        1       1
                cinit                             134BE    134BE       AA     8000       0
                idataBANK1                        144CA    144CA       1F     501A       0
                idataBIGRAM                       110B8    110B8      400     8000       0

TOTAL           Name                               Link     Load   Length     Space
        CLASS   CODE           
                init                                 AE       AE        4         0
                reset_vec                             0        0        4         0
                ivt0x8                                8        8       A6         0
                text121                           14728    14728        6         0
                text120                           14740    14740        2         0
                text119                           13EB4    13EB4       42         0
                text118                           14422    14422       24         0
                text117                           13CAE    13CAE       52         0
                text116                           1473E    1473E        2         0
                text115                           13D00    13D00       4E         0
                text114                           14468    14468       22         0
                text113                           14722    14722        6         0
                text112                           1473C    1473C        2         0
                text111                           1473A    1473A        2         0
                text110                           13568    13568       A2         0
                text109                           14068    14068       3C         0
                text108                           1435A    1435A       2E         0
                text107                           13FB0    13FB0       3E         0
                text106                           14738    14738        2         0
                text105                           14734    14734        2         0
                text104                           14526    14526       1E         0
                text103                           143FE    143FE       24         0
                text102                           14200    14200       3A         0
                text101                           145F8    145F8       16         0
                text100                           141C6    141C6       3A         0
                text99                            14732    14732        2         0
                text98                            13E70    13E70       42         0
                text97                            1471C    1471C        6         0
                text96                            1470C    1470C        A         0
                text95                            1426C    1426C       32         0
                text94                            1423A    1423A       32         0
                text93                            146DE    146DE        E         0
                text92                            138B0    138B0       72         0
                text91                            146EC    146EC        C         0
                text90                            146D0    146D0        E         0
                text89                            13A5A    13A5A       5E         0
                text88                            13E28    13E28       46         0
                text87                            14560    14560       1C         0
                text86                            12EDA    12EDA       CE         0
                text85                            14446    14446       22         0
                text84                            145E0    145E0       18         0
                text83                            145C8    145C8       18         0
                text82                            14596    14596       1A         0
                text81                            146C2    146C2        E         0
                text80                            14508    14508       1E         0
                text79                            146B4    146B4        E         0
                text78                            13D9A    13D9A       48         0
                text77                            146A6    146A6        E         0
                text76                            1432C    1432C       2E         0
                text75                            14698    14698        E         0
                text74                            1468A    1468A        E         0
                text73                            1467C    1467C        E         0
                text72                            1466E    1466E        E         0
                text71                            14660    14660        E         0
                text70                            132A6    132A6       B6         0
                text69                            13F72    13F72       3E         0
                text68                            12BFC    12BFC      140         0
                text67                            1402A    1402A       3C         0
                text66                            14702    14702        A         0
                text65                            1335C    1335C       B4         0
                text64                            13992    13992       68         0
                text63                            1418C    1418C       3A         0
                text62                            14622    14622       14         0
                text61                            144AA    144AA       20         0
                text60                            1460E    1460E       14         0
                text59                            13D4E    13D4E       4C         0
                text58                            1256C    1256C      162         0
                text57                            12056    12056      1BC         0
                text56                            13F34    13F34       3E         0
                text55                            14652    14652        E         0
                text54                            143DA    143DA       24         0
                text53                            14644    14644        E         0
                text52                            12970    12970      14C         0
                text51                            126CE    126CE      152         0
                text50                            131EE    131EE       B8         0
                text49                            13B64    13B64       54         0
                text48                            13C5C    13C5C       52         0
                text47                            1472E    1472E        4         0
                text46                            14716    14716        6         0
                text45                            13FEE    13FEE       3C         0
                text44                            14636    14636        E         0
                text43                            14544    14544       1C         0
                text42                            146F8    146F8        A         0
                text41                            13B0E    13B0E       56         0
                text40                            13C0A    13C0A       52         0
                text39                            137B6    137B6       7E         0
                text38                            144EA    144EA       1E         0
                text37                            1457C    1457C       1A         0
                text36                            14152    14152       3A         0
                text35                            14118    14118       3A         0
                text34                            140DE    140DE       3A         0
                text33                            1448A    1448A       20         0
                text32                            13074    13074       C0         0
                text31                            14388    14388       2A         0
                text30                            142CE    142CE       30         0
                text29                            13EF6    13EF6       3E         0
                text28                            12ABC    12ABC      140         0
                text27                            13732    13732       84         0
                text26                            13922    13922       70         0
                text25                            11DCE    11DCE      288         0
                text24                            136A8    136A8       8A         0
                text23                            12D3C    12D3C       D0         0
                text22                            114B8    114B8      352         0
                text21                            142FE    142FE       2E         0
                text20                            1180A    1180A      30C         0
                text19                            13DE2    13DE2       46         0
                text18                            13134    13134       BA         0
                text17                            12FA8    12FA8       CC         0
                text16                            123C2    123C2      1AA         0
                text15                            1360A    1360A       9E         0
                text14                            139FA    139FA       60         0
                text13                            1429E    1429E       30         0
                text12                            140A4    140A4       3A         0
                text11                            10000    10000      9BC         0
                text10                            12820    12820      150         0
                text9                             12E0C    12E0C       CE         0
                text8                             13410    13410       AE         0
                text7                             12212    12212      1B0         0
                text6                             109BC    109BC      6FC         0
                text5                             13AB8    13AB8       56         0
                text4                             143B2    143B2       28         0
                text3                             13BB8    13BB8       52         0
                text2                             13834    13834       7C         0
                text1                             145B0    145B0       18         0
                text0                             11B16    11B16      2B8         0
                cinit                             134BE    134BE       AA         0
                idataBANK1                        144CA    144CA       1F         0
                idataBIGRAM                       110B8    110B8      400         0

        CLASS   CONST          

        CLASS   SMALLCONST     

        CLASS   MEDIUMCONST    
                mediumconst                        FEDA     FEDA      126         0

        CLASS   COMRAM         
                cstackCOMRAM                          1        1       33         1
                bssCOMRAM                            34       34       16         1

        CLASS   ABS1           

        CLASS   BIGRAM         
                dataBIGRAM                          4FF      4FF      400         1

        CLASS   RAM            

        CLASS   BANK0          
                cstackBANK0                          60       60       7E         1
                bssBANK0                             DE       DE       22         1

        CLASS   BANK1          
                cstackBANK1                         1E4      1E4       1B         1
                dataBANK1                           1C5      1C5       1F         1
                bssBANK1                            100      100       C5         1

        CLASS   BANK2          
                cstackBANK2                         2C3      2C3        2         1
                bssBANK2                            200      200       C3         1

        CLASS   BANK3          
                bssBANK3                            300      300       83         1

        CLASS   BANK4          
                bssBANK4                            400      400       FF         1

        CLASS   BANK5          

        CLASS   BANK6          

        CLASS   BANK7          

        CLASS   BANK8          

        CLASS   BANK9          

        CLASS   BANK10         

        CLASS   BANK11         

        CLASS   BANK12         

        CLASS   BANK13         

        CLASS   BANK14         

        CLASS   BANK15         

        CLASS   BANK16         

        CLASS   BANK17         

        CLASS   BANK18         

        CLASS   BANK19         

        CLASS   BANK20         

        CLASS   BANK21         

        CLASS   BANK22         

        CLASS   BANK23         

        CLASS   BANK24         

        CLASS   BANK25         

        CLASS   BANK26         

        CLASS   BANK27         

        CLASS   BANK28         

        CLASS   BANK29         

        CLASS   BANK30         

        CLASS   BANK31         

        CLASS   SFR            

        CLASS   BIGSFR         

        CLASS   CONFIG         
                config                           300000   300000        A         4

        CLASS   IDLOC          
                idloc                            200000   200000       10         5

        CLASS   EEDATA         

        CLASS   FARRAM         

        CLASS   HEAP           

        CLASS   STACK          



SEGMENTS        Name                           Load    Length   Top    Selector   Space  Class

                dataBIGRAM                     0004FF  000400  0008FF       4FF       1  BIGRAM  
                text98                         013E70  000042  013EB2      4F9C       0  CODE    
                text11                         010000  003E6E  013E6E      8000       0  CODE    
                text119                        013EB4  0001B2  014066      4FAD       0  CODE    
                text38                         0144EA  00024C  014736      A275       0  CODE    
                text109                        014068  000481  0144E9      501A       0  CODE    
                reset_vec                      000000  000004  000004         0       0  CODE    
                text106                        014738  00000A  014742      51CE       0  CODE    
                cstackBANK0                    000060  0000A0  000100        60       1  BANK0   
                mediumconst                    00FEDA  000126  010000      7F6D       0  MEDIUMCO
                cstackCOMRAM                   000001  000049  00004A         1       1  COMRAM  
                bssBANK1                       000100  0000FF  0001FF       100       1  BANK1   
                bssBANK4                       000400  0000FF  0004FF       400       1  BANK4   
                ivt0x8                         000008  0000AA  0000B2         4       0  CODE    
                bssBANK3                       000300  000083  000383       300       1  BANK3   
                bssBANK2                       000200  0000C5  0002C5       200       1  BANK2   


UNUSED ADDRESS RANGES

        Name                Unused          Largest block    Delta
        BANK1            0001FF-0001FF                1
        BANK10           000A00-000AFF              100
        BANK11           000B00-000BFF              100
        BANK12           000C00-000CFF              100
        BANK13           000D00-000DFF              100
        BANK14           000E00-000EFF              100
        BANK15           000F00-000FFF              100
        BANK16           001000-0010FF              100
        BANK17           001100-0011FF              100
        BANK18           001200-0012FF              100
        BANK19           001300-0013FF              100
        BANK2            0002C5-0002FF               3B
        BANK20           001400-0014FF              100
        BANK21           001500-0015FF              100
        BANK22           001600-0016FF              100
        BANK23           001700-0017FF              100
        BANK24           001800-0018FF              100
        BANK25           001900-0019FF              100
        BANK26           001A00-001AFF              100
        BANK27           001B00-001BFF              100
        BANK28           001C00-001CFF              100
        BANK29           001D00-001DFF              100
        BANK3            000383-0003FF               7D
        BANK30           001E00-001EFF              100
        BANK31           001F00-001FFF              100
        BANK8            0008FF-0008FF                1
        BANK9            000900-0009FF              100
        BIGRAM           00004A-00005F               16
                         0001FF-0001FF                1
                         0002C5-0002FF               3B
                         000383-0003FF               7D
                         0008FF-001FFF             1701
        BIGSFR           003800-003FFF              800
        CODE             000004-000007                4
                         0000B2-00FED9             FE28
                         013E6E-013E6F                2
                         013EB2-013EB3                2
                         014066-014067                2
                         0144E9-0144E9                1
                         014736-014737                2
                         014742-01FFFF             B8BE
        COMRAM           00004A-00005F               16
        CONST            000004-000007                4
                         0000B2-00FED9             FE28
                         013E6E-013E6F                2
                         013EB2-013EB3                2
                         014066-014067                2
                         0144E9-0144E9                1
                         014736-014737                2
                         014742-01FFFF             B8BE
        EEDATA           310000-3103FF              400
        MEDIUMCONST      002000-00FED9             DEDA
                         013E6E-013E6F                2
                         013EB2-013EB3                2
                         014066-014067                2
                         0144E9-0144E9                1
                         014736-014737                2
                         014742-01FFFF             B8BE
        RAM              0001FF-0001FF                1
                         0002C5-0002FF               3B
                         000383-0003FF               7D
                         0008FF-001FFF              100
        SFR              003800-003FFF              100
        SMALLCONST       002000-00FED9              100
                         013E6E-013E6F                2
                         013EB2-013EB3                2
                         014066-014067                2
                         0144E9-0144E9                1
                         014736-014737                2
                         014742-01FFFF              100

                                  Symbol Table

?_ADCC_GetConversionResult                     cstackCOMRAM 000001
?___awdiv                                      cstackCOMRAM 000017
?___awmod                                      cstackCOMRAM 000017
?___fladd                                      cstackCOMRAM 000017
?___fldiv                                      cstackCOMRAM 000017
?___flmul                                      cstackCOMRAM 000025
?___flneg                                      cstackCOMRAM 000017
?___flsub                                      cstackBANK0  00006D
?___fltol                                      cstackCOMRAM 000017
?___fpclassifyf                                cstackCOMRAM 000017
?___lodiv                                      cstackCOMRAM 000017
?___lomod                                      cstackCOMRAM 000017
?___wmul                                       cstackCOMRAM 000017
?___xxtofl                                     cstackCOMRAM 000017
?_atoi                                         cstackCOMRAM 00001E
?_efgtoa                                       cstackBANK0  000079
?_floorf                                       cstackCOMRAM 000030
?_fputc                                        cstackCOMRAM 000019
?_fputs                                        cstackCOMRAM 000022
?_isdigit                                      cstackCOMRAM 000017
?_isspace                                      cstackCOMRAM 000017
?_isupper                                      cstackCOMRAM 000017
?_pad                                          cstackCOMRAM 00002B
?_printf                                       cstackBANK1  0001E4
?_sprintf                                      cstackBANK1  0001E4
?_stoa                                         cstackCOMRAM 000022
?_strlen                                       cstackCOMRAM 000017
?_strncmp                                      cstackCOMRAM 00001B
?_tolower                                      cstackCOMRAM 00001D
?_utoa                                         cstackBANK0  000064
?_vfpfcnvrt                                    cstackBANK0  0000B7
?_vfprintf                                     cstackBANK0  0000D6
ADCC_SetADIInterruptHandler@InterruptHandler   cstackCOMRAM 000017
DAC1_SetOutput@inputData                       cstackCOMRAM 000017
DMA1_SetSCNTIInterruptHandler@InterruptHandler cstackCOMRAM 000017
INTERRUPT_Initialize@state                     cstackCOMRAM 000017
IVTBASEH                                       (abs)        003FD6
IVTBASEL                                       (abs)        003FD5
IVTBASEU                                       (abs)        003FD7
PWM5_LoadDutyValue@dutyValue                   cstackCOMRAM 000017
PWM6_LoadDutyValue@dutyValue                   cstackCOMRAM 000017
SPI1_ExchangeByte@data                         cstackCOMRAM 000017
TMR5_SetInterruptHandler@InterruptHandler      cstackCOMRAM 000017
TMR5_WriteTimer@timerVal                       cstackCOMRAM 00000F
TMR6_ISR@CountCallBack                         bssCOMRAM    00003F
TMR6_SetInterruptHandler@InterruptHandler      cstackCOMRAM 000017
Timers_Isr@i                                   cstackCOMRAM 000011
UART1_Read@readValue                           cstackCOMRAM 000017
UART1_SetErrorHandler@interruptHandler         cstackCOMRAM 000017
UART1_SetFramingErrorHandler@interruptHandler  cstackCOMRAM 000017
UART1_SetOverrunErrorHandler@interruptHandler  cstackCOMRAM 000017
UART1_SetRxInterruptHandler@InterruptHandler   cstackCOMRAM 000017
UART1_SetTxInterruptHandler@InterruptHandler   cstackCOMRAM 000017
UART1_Write@txData                             cstackCOMRAM 000017
_ADACCH                                        (abs)        003EE9
_ADACCL                                        (abs)        003EE8
_ADACCU                                        (abs)        003EEA
_ADACQH                                        (abs)        003EF4
_ADACQL                                        (abs)        003EF3
_ADACT                                         (abs)        003EFE
_ADCAP                                         (abs)        003EF5
_ADCC_ADI_InterruptHandler                     bssBANK0     0000F1
_ADCC_DefaultInterruptHandler                  text99       014732
_ADCC_GetConversionResult                      text101      0145F8
_ADCC_ISR                                      text98       013E70
_ADCC_Initialize                               text92       0138B0
_ADCC_SetADIInterruptHandler                   text93       0146DE
_ADCLK                                         (abs)        003EFF
_ADCNT                                         (abs)        003EEB
_ADCON0                                        (abs)        003EF8
_ADCON1                                        (abs)        003EF9
_ADCON2                                        (abs)        003EFA
_ADCON3                                        (abs)        003EFB
_ADERRH                                        (abs)        003EE3
_ADERRL                                        (abs)        003EE2
_ADFLTRH                                       (abs)        003EE7
_ADFLTRL                                       (abs)        003EE6
_ADLTHH                                        (abs)        003EDF
_ADLTHL                                        (abs)        003EDE
_ADPCH                                         (abs)        003EF1
_ADPREH                                        (abs)        003EF7
_ADPREL                                        (abs)        003EF6
_ADPREVH                                       (abs)        003EEE
_ADPREVL                                       (abs)        003EED
_ADREF                                         (abs)        003EFD
_ADRESH                                        (abs)        003EF0
_ADRESL                                        (abs)        003EEF
_ADRPT                                         (abs)        003EEC
_ADSTAT                                        (abs)        003EFC
_ADSTPTH                                       (abs)        003EE5
_ADSTPTL                                       (abs)        003EE4
_ADUTHH                                        (abs)        003EE1
_ADUTHL                                        (abs)        003EE0
_ANSELA                                        (abs)        003A40
_ANSELB                                        (abs)        003A50
_ANSELC                                        (abs)        003A60
_ANSELD                                        (abs)        003A70
_ANSELE                                        (abs)        003A80
_ANSELF                                        (abs)        003A90
_Adc_Isr                                       text100      0141C6
_CCPTMRS1bits                                  (abs)        003F5F
_DAC1CON0                                      (abs)        003E9E
_DAC1CON1                                      (abs)        003E9C
_DAC1_GetOutput                                text97       01471C
_DAC1_Initialize                               text91       0146EC
_DAC1_SetOutput                                text96       01470C
_DMA1AIRQ                                      (abs)        003BFE
_DMA1CON0                                      (abs)        003BFC
_DMA1CON0bits                                  (abs)        003BFC
_DMA1CON1                                      (abs)        003BFD
_DMA1CON1bits                                  (abs)        003BFD
_DMA1DPTR                                      (abs)        003BEC
_DMA1DSA                                       (abs)        003BF0
_DMA1DSZ                                       (abs)        003BEE
_DMA1PR                                        (abs)        0039F3
_DMA1SIRQ                                      (abs)        003BFF
_DMA1SPTR                                      (abs)        003BF4
_DMA1SSA                                       (abs)        003BF9
_DMA1SSZ                                       (abs)        003BF7
_DMA1_DMASCNTI_ISR                             text119      013EB4
_DMA1_DefaultInterruptHandler                  text120      014740
_DMA1_Initialize                               text89       013A5A
_DMA1_SCNTI_InterruptHandler                   bssBANK0     0000E2
_DMA1_SetSCNTIInterruptHandler                 text90       0146D0
_DMA2CON0bits                                  (abs)        003BDC
_DMA2CON1bits                                  (abs)        003BDD
_DMA2DSA                                       (abs)        003BD0
_DMA2DSZ                                       (abs)        003BCE
_DMA2SSA                                       (abs)        003BD9
_DMA2SSZ                                       (abs)        003BD7
_Default_ISR                                   text106      014738
_GIE                                           (abs)        01FE97
_INLVLA                                        (abs)        003A44
_INLVLB                                        (abs)        003A54
_INLVLC                                        (abs)        003A64
_INLVLD                                        (abs)        003A74
_INLVLE                                        (abs)        003A84
_INLVLF                                        (abs)        003A94
_INTCON0bits                                   (abs)        003FD2
_INTERRUPT_Initialize                          text88       013E28
_IPR1bits                                      (abs)        003981
_IPR2bits                                      (abs)        003982
_IPR3bits                                      (abs)        003983
_IPR8bits                                      (abs)        003988
_IPR9bits                                      (abs)        003989
_IVTBASEH                                      (abs)        003FD6
_IVTBASEL                                      (abs)        003FD5
_IVTBASEU                                      (abs)        003FD7
_IVTLOCK                                       (abs)        003FD4
_IVTLOCKbits                                   (abs)        003FD4
_LATA                                          (abs)        003FBA
_LATAbits                                      (abs)        003FBA
_LATB                                          (abs)        003FBB
_LATC                                          (abs)        003FBC
_LATCbits                                      (abs)        003FBC
_LATD                                          (abs)        003FBD
_LATDbits                                      (abs)        003FBD
_LATE                                          (abs)        003FBE
_LATEbits                                      (abs)        003FBE
_LATF                                          (abs)        003FBF
_LATFbits                                      (abs)        003FBF
_Led_Blink                                     text104      014526
_ODCONA                                        (abs)        003A42
_ODCONB                                        (abs)        003A52
_ODCONC                                        (abs)        003A62
_ODCOND                                        (abs)        003A72
_ODCONE                                        (abs)        003A82
_ODCONF                                        (abs)        003A92
_OSCCON1                                       (abs)        0039D9
_OSCCON3                                       (abs)        0039DB
_OSCEN                                         (abs)        0039DD
_OSCFRQ                                        (abs)        0039DF
_OSCILLATOR_Initialize                         text87       014560
_OSCTUNE                                       (abs)        0039DE
_PIE1bits                                      (abs)        003991
_PIE2bits                                      (abs)        003992
_PIE3bits                                      (abs)        003993
_PIE8bits                                      (abs)        003998
_PIE9bits                                      (abs)        003999
_PIN_MANAGER_Initialize                        text86       012EDA
_PIR1bits                                      (abs)        0039A1
_PIR2bits                                      (abs)        0039A2
_PIR4bits                                      (abs)        0039A4
_PIR8bits                                      (abs)        0039A8
_PIR9bits                                      (abs)        0039A9
_PLLR                                          (abs)        01CEE0
_PMD0                                          (abs)        0039C0
_PMD1                                          (abs)        0039C1
_PMD2                                          (abs)        0039C2
_PMD3                                          (abs)        0039C3
_PMD4                                          (abs)        0039C4
_PMD5                                          (abs)        0039C5
_PMD6                                          (abs)        0039C6
_PMD7                                          (abs)        0039C7
_PMD_Initialize                                text85       014446
_PORTAbits                                     (abs)        003FCA
_PORTBbits                                     (abs)        003FCB
_PRLOCK                                        (abs)        0039EF
_PRLOCKbits                                    (abs)        0039EF
_PWM5CON                                       (abs)        003F6E
_PWM5DCH                                       (abs)        003F6D
_PWM5DCL                                       (abs)        003F6C
_PWM5_Initialize                               text84       0145E0
_PWM5_LoadDutyValue                            text95       01426C
_PWM6CON                                       (abs)        003F6A
_PWM6DCH                                       (abs)        003F69
_PWM6DCL                                       (abs)        003F68
_PWM6_Initialize                               text83       0145C8
_PWM6_LoadDutyValue                            text94       01423A
_RB1I2C                                        (abs)        003A5A
_RB2I2C                                        (abs)        003A5B
_RC3I2C                                        (abs)        003A6A
_RC3PPS                                        (abs)        003A13
_RC4I2C                                        (abs)        003A6B
_RC5PPS                                        (abs)        003A15
_RC6PPS                                        (abs)        003A16
_RD0I2C                                        (abs)        003A7A
_RD1I2C                                        (abs)        003A7B
_RD2PPS                                        (abs)        003A1A
_RF2PPS                                        (abs)        003A2A
_SLRCONA                                       (abs)        003A43
_SLRCONB                                       (abs)        003A53
_SLRCONC                                       (abs)        003A63
_SLRCOND                                       (abs)        003A73
_SLRCONE                                       (abs)        003A83
_SLRCONF                                       (abs)        003A93
_SPI1BAUD                                      (abs)        003D19
_SPI1CLK                                       (abs)        003D1C
_SPI1CON0                                      (abs)        003D14
_SPI1CON0bits                                  (abs)        003D14
_SPI1CON1                                      (abs)        003D15
_SPI1CON2                                      (abs)        003D16
_SPI1INTFbits                                  (abs)        003D1A
_SPI1RXB                                       (abs)        003D10
_SPI1SCKPPS                                    (abs)        003ADE
_SPI1SDIPPS                                    (abs)        003ADF
_SPI1STATUSbits                                (abs)        003D17
_SPI1TCNTL                                     (abs)        003D12
_SPI1TXB                                       (abs)        003D11
_SPI1_ExchangeByte                             text37       01457C
_SPI1_Initialize                               text82       014596
_SYSTEM_Initialize                             text69       013F72
_SrcVarName0                                   bssBANK1     0001BB
_SystemArbiter_Initialize                      text81       0146C2
_T2CLKCON                                      (abs)        003FAE
_T2CON                                         (abs)        003FAC
_T2HLT                                         (abs)        003FAD
_T2PR                                          (abs)        003FAB
_T2RST                                         (abs)        003FAF
_T2TMR                                         (abs)        003FAA
_T5CLK                                         (abs)        003F9D
_T5CON                                         (abs)        003F9A
_T5CONbits                                     (abs)        003F9A
_T5GATE                                        (abs)        003F9C
_T5GCON                                        (abs)        003F9B
_T6CLKCON                                      (abs)        003F96
_T6CON                                         (abs)        003F94
_T6HLT                                         (abs)        003F95
_T6PR                                          (abs)        003F93
_T6RST                                         (abs)        003F97
_T6TMR                                         (abs)        003F92
_TMR2_Initialize                               text80       014508
_TMR5H                                         (abs)        003F99
_TMR5L                                         (abs)        003F98
_TMR5_DefaultInterruptHandler                  text116      01473E
_TMR5_ISR                                      text115      013D00
_TMR5_Initialize                               text78       013D9A
_TMR5_InterruptHandler                         bssBANK0     0000E5
_TMR5_SetInterruptHandler                      text79       0146B4
_TMR5_WriteTimer                               text118      014422
_TMR6_CallBack                                 text103      0143FE
_TMR6_DefaultInterruptHandler                  text105      014734
_TMR6_ISR                                      text102      014200
_TMR6_Initialize                               text76       01432C
_TMR6_InterruptHandler                         bssBANK0     0000EE
_TMR6_SetInterruptHandler                      text77       0146A6
_TRISA                                         (abs)        003FC2
_TRISB                                         (abs)        003FC3
_TRISC                                         (abs)        003FC4
_TRISCbits                                     (abs)        003FC4
_TRISD                                         (abs)        003FC5
_TRISE                                         (abs)        003FC6
_TRISF                                         (abs)        003FC7
_Timers_Isr                                    text117      013CAE
_U1BRGH                                        (abs)        003DF6
_U1BRGL                                        (abs)        003DF5
_U1CON0                                        (abs)        003DF2
_U1CON1                                        (abs)        003DF3
_U1CON2                                        (abs)        003DF4
_U1ERRIE                                       (abs)        003DFA
_U1ERRIR                                       (abs)        003DF9
_U1ERRIRbits                                   (abs)        003DF9
_U1FIFO                                        (abs)        003DF7
_U1P1H                                         (abs)        003DED
_U1P1L                                         (abs)        003DEC
_U1P2H                                         (abs)        003DEF
_U1P2L                                         (abs)        003DEE
_U1P3H                                         (abs)        003DF1
_U1P3L                                         (abs)        003DF0
_U1RXB                                         (abs)        003DE8
_U1RXPPS                                       (abs)        003AE5
_U1TXB                                         (abs)        003DEA
_U1UIR                                         (abs)        003DF8
_UART1_DefaultErrorHandler                     text113      014722
_UART1_DefaultFramingErrorHandler              text112      01473C
_UART1_DefaultOverrunErrorHandler              text111      01473A
_UART1_ErrorHandler                            bssBANK1     000168
_UART1_FramingErrorHandler                     bssBANK0     0000EB
_UART1_Initialize                              text70       0132A6
_UART1_OverrunErrorHandler                     bssBANK0     0000E8
_UART1_Read                                    text56       013F34
_UART1_Receive_ISR                             text110      013568
_UART1_RxDataHandler                           text114      014468
_UART1_RxInterruptHandler                      bssCOMRAM    000038
_UART1_SetErrorHandler                         text75       014698
_UART1_SetFramingErrorHandler                  text74       01468A
_UART1_SetOverrunErrorHandler                  text73       01467C
_UART1_SetRxInterruptHandler                   text72       01466E
_UART1_SetTxInterruptHandler                   text71       014660
_UART1_Transmit_ISR                            text108      01435A
_UART1_TxInterruptHandler                      bssBANK0     0000F4
_UART1_Write                                   text67       01402A
_UART1_is_rx_ready                             text55       014652
_UART1_rx_vect_isr                             text109      014068
_UART1_tx_vect_isr                             text107      013FB0
_WPUA                                          (abs)        003A41
_WPUB                                          (abs)        003A51
_WPUC                                          (abs)        003A61
_WPUD                                          (abs)        003A71
_WPUE                                          (abs)        003A81
_WPUF                                          (abs)        003A91
__HRAM                                         (abs)        000000
__Habs1                                        abs1         000000
__Hbank0                                       bank0        000000
__Hbank1                                       bank1        000000
__Hbank10                                      bank10       000000
__Hbank11                                      bank11       000000
__Hbank12                                      bank12       000000
__Hbank13                                      bank13       000000
__Hbank14                                      bank14       000000
__Hbank15                                      bank15       000000
__Hbank16                                      bank16       000000
__Hbank17                                      bank17       000000
__Hbank18                                      bank18       000000
__Hbank19                                      bank19       000000
__Hbank2                                       bank2        000000
__Hbank20                                      bank20       000000
__Hbank21                                      bank21       000000
__Hbank22                                      bank22       000000
__Hbank23                                      bank23       000000
__Hbank24                                      bank24       000000
__Hbank25                                      bank25       000000
__Hbank26                                      bank26       000000
__Hbank27                                      bank27       000000
__Hbank28                                      bank28       000000
__Hbank29                                      bank29       000000
__Hbank3                                       bank3        000000
__Hbank30                                      bank30       000000
__Hbank31                                      bank31       000000
__Hbank4                                       bank4        000000
__Hbank5                                       bank5        000000
__Hbank6                                       bank6        000000
__Hbank7                                       bank7        000000
__Hbank8                                       bank8        000000
__Hbank9                                       bank9        000000
__Hbigbss                                      bigbss       000000
__Hbigdata                                     bigdata      000000
__Hbigram                                      bigram       000000
__Hbigsfr                                      bigsfr       000000
__Hbss                                         bss          000000
__HbssBANK0                                    bssBANK0     000000
__HbssBANK1                                    bssBANK1     000000
__HbssBANK2                                    bssBANK2     000000
__HbssBANK3                                    bssBANK3     000000
__HbssBANK4                                    bssBANK4     000000
__HbssCOMRAM                                   bssCOMRAM    000000
__Hcinit                                       cinit        000000
__Hclrtext                                     clrtext      000000
__Hcomram                                      comram       000000
__Hconfig                                      config       30000A
__Hconst                                       const        000000
__HcstackBANK0                                 cstackBANK0  000000
__HcstackBANK1                                 cstackBANK1  000000
__HcstackBANK2                                 cstackBANK2  000000
__HcstackCOMRAM                                cstackCOMRAM 000000
__Hdata                                        data         000000
__HdataBANK1                                   dataBANK1    000000
__HdataBIGRAM                                  dataBIGRAM   000000
__Heeprom_data                                 eeprom_data  000000
__Hfarbss                                      farbss       000000
__Hfardata                                     fardata      000000
__Hheap                                        heap         000000
__Hibigdata                                    ibigdata     000000
__Hidata                                       idata        000000
__HidataBANK1                                  idataBANK1   000000
__HidataBIGRAM                                 idataBIGRAM  000000
__Hidloc                                       idloc        200010
__Hifardata                                    ifardata     000000
__Hinit                                        init         0000B2
__Hintsave_regs                                intsave_regs 000000
__Hirdata                                      irdata       000000
__Hivt0x8                                      ivt0x8       0000AE
__Hmediumconst                                 mediumconst  010000
__HnvFARRAM                                    nvFARRAM     000000
__Hnvbit                                       nvbit        000000
__Hnvrram                                      nvrram       000000
__Hparam                                       rparam       000000
__Hpowerup                                     powerup      000000
__Hram                                         ram          000000
__Hramtop                                      ramtop       002000
__Hrbit                                        rbit         000000
__Hrbss                                        rbss         000000
__Hrdata                                       rdata        000000
__Hreset_vec                                   reset_vec    000004
__Hrparam                                      rparam       000000
__Hsfr                                         sfr          000000
__Hsmallconst                                  smallconst   000000
__Hspace_0                                     (abs)        014742
__Hspace_1                                     (abs)        0008FF
__Hspace_2                                     (abs)        000000
__Hspace_4                                     (abs)        60000A
__Hstack                                       stack        000000
__Hstruct                                      struct       000000
__Htemp                                        temp         000000
__Htext                                        text         000000
__Htext0                                       text0        000000
__Htext1                                       text1        000000
__Htext10                                      text10       000000
__Htext100                                     text100      000000
__Htext101                                     text101      000000
__Htext102                                     text102      000000
__Htext103                                     text103      000000
__Htext104                                     text104      000000
__Htext105                                     text105      000000
__Htext106                                     text106      000000
__Htext107                                     text107      000000
__Htext108                                     text108      000000
__Htext109                                     text109      000000
__Htext11                                      text11       000000
__Htext110                                     text110      000000
__Htext111                                     text111      000000
__Htext112                                     text112      000000
__Htext113                                     text113      000000
__Htext114                                     text114      000000
__Htext115                                     text115      000000
__Htext116                                     text116      000000
__Htext117                                     text117      000000
__Htext118                                     text118      000000
__Htext119                                     text119      000000
__Htext12                                      text12       000000
__Htext120                                     text120      000000
__Htext121                                     text121      000000
__Htext122                                     text122      000000
__Htext13                                      text13       000000
__Htext14                                      text14       000000
__Htext15                                      text15       000000
__Htext16                                      text16       000000
__Htext17                                      text17       000000
__Htext18                                      text18       000000
__Htext19                                      text19       000000
__Htext2                                       text2        000000
__Htext20                                      text20       000000
__Htext21                                      text21       000000
__Htext22                                      text22       000000
__Htext23                                      text23       000000
__Htext24                                      text24       000000
__Htext25                                      text25       000000
__Htext26                                      text26       000000
__Htext27                                      text27       000000
__Htext28                                      text28       000000
__Htext29                                      text29       000000
__Htext3                                       text3        000000
__Htext30                                      text30       000000
__Htext31                                      text31       000000
__Htext32                                      text32       000000
__Htext33                                      text33       000000
__Htext34                                      text34       000000
__Htext35                                      text35       000000
__Htext36                                      text36       000000
__Htext37                                      text37       000000
__Htext38                                      text38       000000
__Htext39                                      text39       000000
__Htext4                                       text4        000000
__Htext40                                      text40       000000
__Htext41                                      text41       000000
__Htext42                                      text42       000000
__Htext43                                      text43       000000
__Htext44                                      text44       000000
__Htext45                                      text45       000000
__Htext46                                      text46       000000
__Htext47                                      text47       000000
__Htext48                                      text48       000000
__Htext49                                      text49       000000
__Htext5                                       text5        000000
__Htext50                                      text50       000000
__Htext51                                      text51       000000
__Htext52                                      text52       000000
__Htext53                                      text53       000000
__Htext54                                      text54       000000
__Htext55                                      text55       000000
__Htext56                                      text56       000000
__Htext57                                      text57       000000
__Htext58                                      text58       000000
__Htext59                                      text59       000000
__Htext6                                       text6        000000
__Htext60                                      text60       000000
__Htext61                                      text61       000000
__Htext62                                      text62       000000
__Htext63                                      text63       000000
__Htext64                                      text64       000000
__Htext65                                      text65       000000
__Htext66                                      text66       000000
__Htext67                                      text67       000000
__Htext68                                      text68       000000
__Htext69                                      text69       000000
__Htext7                                       text7        000000
__Htext70                                      text70       000000
__Htext71                                      text71       000000
__Htext72                                      text72       000000
__Htext73                                      text73       000000
__Htext74                                      text74       000000
__Htext75                                      text75       000000
__Htext76                                      text76       000000
__Htext77                                      text77       000000
__Htext78                                      text78       000000
__Htext79                                      text79       000000
__Htext8                                       text8        000000
__Htext80                                      text80       000000
__Htext81                                      text81       000000
__Htext82                                      text82       000000
__Htext83                                      text83       000000
__Htext84                                      text84       000000
__Htext85                                      text85       000000
__Htext86                                      text86       000000
__Htext87                                      text87       000000
__Htext88                                      text88       000000
__Htext89                                      text89       000000
__Htext9                                       text9        000000
__Htext90                                      text90       000000
__Htext91                                      text91       000000
__Htext92                                      text92       000000
__Htext93                                      text93       000000
__Htext94                                      text94       000000
__Htext95                                      text95       000000
__Htext96                                      text96       000000
__Htext97                                      text97       000000
__Htext98                                      text98       000000
__Htext99                                      text99       000000
__LRAM                                         (abs)        000001
__Labs1                                        abs1         000000
__Lbank0                                       bank0        000000
__Lbank1                                       bank1        000000
__Lbank10                                      bank10       000000
__Lbank11                                      bank11       000000
__Lbank12                                      bank12       000000
__Lbank13                                      bank13       000000
__Lbank14                                      bank14       000000
__Lbank15                                      bank15       000000
__Lbank16                                      bank16       000000
__Lbank17                                      bank17       000000
__Lbank18                                      bank18       000000
__Lbank19                                      bank19       000000
__Lbank2                                       bank2        000000
__Lbank20                                      bank20       000000
__Lbank21                                      bank21       000000
__Lbank22                                      bank22       000000
__Lbank23                                      bank23       000000
__Lbank24                                      bank24       000000
__Lbank25                                      bank25       000000
__Lbank26                                      bank26       000000
__Lbank27                                      bank27       000000
__Lbank28                                      bank28       000000
__Lbank29                                      bank29       000000
__Lbank3                                       bank3        000000
__Lbank30                                      bank30       000000
__Lbank31                                      bank31       000000
__Lbank4                                       bank4        000000
__Lbank5                                       bank5        000000
__Lbank6                                       bank6        000000
__Lbank7                                       bank7        000000
__Lbank8                                       bank8        000000
__Lbank9                                       bank9        000000
__Lbigbss                                      bigbss       000000
__Lbigdata                                     bigdata      000000
__Lbigram                                      bigram       000000
__Lbigsfr                                      bigsfr       000000
__Lbss                                         bss          000000
__LbssBANK0                                    bssBANK0     000000
__LbssBANK1                                    bssBANK1     000000
__LbssBANK2                                    bssBANK2     000000
__LbssBANK3                                    bssBANK3     000000
__LbssBANK4                                    bssBANK4     000000
__LbssCOMRAM                                   bssCOMRAM    000000
__Lcinit                                       cinit        000000
__Lclrtext                                     clrtext      000000
__Lcomram                                      comram       000000
__Lconfig                                      config       000000
__Lconst                                       const        000000
__LcstackBANK0                                 cstackBANK0  000000
__LcstackBANK1                                 cstackBANK1  000000
__LcstackBANK2                                 cstackBANK2  000000
__LcstackCOMRAM                                cstackCOMRAM 000000
__Ldata                                        data         000000
__LdataBANK1                                   dataBANK1    000000
__LdataBIGRAM                                  dataBIGRAM   000000
__Leeprom_data                                 eeprom_data  000000
__Lfarbss                                      farbss       000000
__Lfardata                                     fardata      000000
__Lheap                                        heap         000000
__Libigdata                                    ibigdata     000000
__Lidata                                       idata        000000
__LidataBANK1                                  idataBANK1   000000
__LidataBIGRAM                                 idataBIGRAM  000000
__Lidloc                                       idloc        000000
__Lifardata                                    ifardata     000000
__Linit                                        init         0000AE
__Lintsave_regs                                intsave_regs 000000
__Lirdata                                      irdata       000000
__Livt0x8                                      ivt0x8       000008
__Lmediumconst                                 mediumconst  00FEDA
__LnvFARRAM                                    nvFARRAM     000000
__Lnvbit                                       nvbit        000000
__Lnvrram                                      nvrram       000000
__Lparam                                       rparam       000000
__Lpowerup                                     powerup      000000
__Lram                                         ram          000000
__Lramtop                                      ramtop       002000
__Lrbit                                        rbit         000000
__Lrbss                                        rbss         000000
__Lrdata                                       rdata        000000
__Lreset_vec                                   reset_vec    000000
__Lrparam                                      rparam       000000
__Lsfr                                         sfr          000000
__Lsmallconst                                  smallconst   000000
__Lspace_0                                     (abs)        000000
__Lspace_1                                     (abs)        000000
__Lspace_2                                     (abs)        000000
__Lspace_4                                     (abs)        000000
__Lstack                                       stack        000000
__Lstruct                                      struct       000000
__Ltemp                                        temp         000000
__Ltext                                        text         000000
__Ltext0                                       text0        000000
__Ltext1                                       text1        000000
__Ltext10                                      text10       000000
__Ltext100                                     text100      000000
__Ltext101                                     text101      000000
__Ltext102                                     text102      000000
__Ltext103                                     text103      000000
__Ltext104                                     text104      000000
__Ltext105                                     text105      000000
__Ltext106                                     text106      000000
__Ltext107                                     text107      000000
__Ltext108                                     text108      000000
__Ltext109                                     text109      000000
__Ltext11                                      text11       000000
__Ltext110                                     text110      000000
__Ltext111                                     text111      000000
__Ltext112                                     text112      000000
__Ltext113                                     text113      000000
__Ltext114                                     text114      000000
__Ltext115                                     text115      000000
__Ltext116                                     text116      000000
__Ltext117                                     text117      000000
__Ltext118                                     text118      000000
__Ltext119                                     text119      000000
__Ltext12                                      text12       000000
__Ltext120                                     text120      000000
__Ltext121                                     text121      000000
__Ltext122                                     text122      000000
__Ltext13                                      text13       000000
__Ltext14                                      text14       000000
__Ltext15                                      text15       000000
[...]
efgtoa@pp                                      cstackBANK0  00008D
efgtoa@sign                                    cstackBANK0  000099
efgtoa@t                                       cstackBANK0  00008B
efgtoa@u                                       cstackBANK0  0000B3
efgtoa@w                                       cstackBANK0  00009E
end_of_initialization                          cinit        013562
fh_po@a_data                                   cstackCOMRAM 00002E
fh_pr@a_data                                   cstackCOMRAM 00002E
floorf@F526                                    bssBANK1     000158
floorf@e                                       cstackBANK0  00006A
floorf@m                                       cstackBANK0  000066
floorf@u                                       cstackBANK0  00006C
floorf@x                                       cstackCOMRAM 000030
fputc@c                                        cstackCOMRAM 000019
fputc@fp                                       cstackCOMRAM 00001B
fputs@c                                        cstackCOMRAM 000028
fputs@fp                                       cstackCOMRAM 000024
fputs@i                                        cstackCOMRAM 000029
fputs@s                                        cstackCOMRAM 000022
intlevel0                                      text         000000
intlevel1                                      text         000000
intlevel2                                      text         000000
intlevel3                                      text         000000
isa$std                                        (abs)        000001
isa$xinst                                      (abs)        000000
isdigit@c                                      cstackCOMRAM 000017
isspace@c                                      cstackCOMRAM 000017
isupper@c                                      cstackCOMRAM 000017
ivt0x8_base                                    ivt0x8       000008
ivt0x8_undefint                                ivt0x8       0000AC
linux_getc@a_data                              cstackCOMRAM 000018
linux_putc@a_len                               cstackCOMRAM 000030
linux_putc@data                                cstackCOMRAM 00002E
main@dac_v                                     cstackBANK2  0002C4
main@mode_sw                                   cstackBANK2  0002C3
memcpy@d                                       cstackCOMRAM 00001E
memcpy@d1                                      cstackCOMRAM 000017
memcpy@n                                       cstackCOMRAM 00001B
memcpy@s                                       cstackCOMRAM 000020
memcpy@s1                                      cstackCOMRAM 000019
memcpy@tmp                                     cstackCOMRAM 00001D
memset@c                                       cstackCOMRAM 000019
memset@dest                                    cstackCOMRAM 000017
memset@k                                       cstackCOMRAM 00001F
memset@n                                       cstackCOMRAM 00001B
memset@s                                       cstackCOMRAM 000021
pad@buf                                        cstackCOMRAM 00002D
pad@fp                                         cstackCOMRAM 00002B
pad@i                                          cstackBANK0  000060
pad@p                                          cstackCOMRAM 00002F
pad@w                                          cstackBANK0  000062
printf@ap                                      cstackBANK1  0001F6
printf@fmt                                     cstackBANK1  0001E4
putch@txData                                   cstackCOMRAM 000018
puts@s                                         cstackCOMRAM 00002B
ringBufS_flush@_this                           cstackCOMRAM 000023
ringBufS_flush@clearBuffer                     cstackCOMRAM 000025
ringBufS_init@_this                            cstackCOMRAM 000023
ringBufS_put_dma@_this                         cstackCOMRAM 000017
ringBufS_put_dma@c                             cstackCOMRAM 000019
ringBufS_put_dma_cpy@_this                     cstackCOMRAM 000022
ringBufS_put_dma_cpy@len                       cstackCOMRAM 000026
ringBufS_put_dma_cpy@ptr                       cstackCOMRAM 000024
send_lcd_cmd@cmd                               cstackCOMRAM 00001B
send_lcd_cmd_dma@strPtr                        cstackCOMRAM 000027
send_lcd_cmd_long@cmd                          cstackCOMRAM 00001B
send_lcd_data@data                             cstackCOMRAM 00001B
send_lcd_data_dma@strPtr                       cstackCOMRAM 000026
sprintf@ap                                     cstackBANK1  0001EC
sprintf@f                                      cstackBANK1  0001EE
sprintf@fmt                                    cstackBANK1  0001E6
sprintf@s                                      cstackBANK1  0001E4
stackhi                                        (abs)        000000
stacklo                                        (abs)        000000
start                                          init         0000AE
start_initialization                           cinit        0134BE
stoa@F1164                                     dataBANK1    0001C5
stoa@cp                                        cstackBANK0  00006B
stoa@fp                                        cstackCOMRAM 000022
stoa@i                                         cstackBANK0  000067
stoa@l                                         cstackBANK0  00006F
stoa@nuls                                      cstackBANK0  000060
stoa@p                                         cstackBANK0  00006D
stoa@s                                         cstackCOMRAM 000024
stoa@w                                         cstackBANK0  000069
strcpy@d                                       cstackCOMRAM 00001F
strcpy@dest                                    cstackCOMRAM 000017
strcpy@s                                       cstackCOMRAM 00001D
strcpy@src                                     cstackCOMRAM 000019
strlen@a                                       cstackCOMRAM 000019
strlen@s                                       cstackCOMRAM 000017
strncmp@_l                                     cstackCOMRAM 00001B
strncmp@_r                                     cstackCOMRAM 00001D
strncmp@l                                      cstackCOMRAM 000023
strncmp@n                                      cstackCOMRAM 00001F
strncmp@r                                      cstackCOMRAM 000025
tolower@c                                      cstackCOMRAM 00001D
utoa@d                                         cstackBANK0  000066
utoa@fp                                        cstackBANK0  000064
utoa@i                                         cstackBANK0  000082
utoa@n                                         cstackBANK0  00007A
utoa@p                                         cstackBANK0  000076
utoa@w                                         cstackBANK0  000078
vfpfcnvrt@ap                                   cstackBANK0  0000BA
vfpfcnvrt@c                                    cstackBANK0  0000CE
vfpfcnvrt@cp                                   cstackBANK0  0000C8
vfpfcnvrt@ct                                   cstackBANK0  0000D3
vfpfcnvrt@done                                 cstackBANK0  0000CA
vfpfcnvrt@f                                    cstackBANK0  0000CF
vfpfcnvrt@fmt                                  cstackBANK0  0000B9
vfpfcnvrt@fp                                   cstackBANK0  0000B7
vfpfcnvrt@llu                                  cstackBANK0  0000C0
vfprintf@ap                                    cstackBANK0  0000DA
vfprintf@cfmt                                  cstackBANK0  0000DC
vfprintf@fmt                                   cstackBANK0  0000D8
vfprintf@fp                                    cstackBANK0  0000D6
wdtdelay@dcount                                bssBANK0     0000DE
wdtdelay@delay                                 cstackCOMRAM 000017


MODULE INFORMATION

Module		Function		Class		Link	Load	Size
/opt/microchip/xc8/v2.36/pic/sources/c99/common/__fpclassifyf.c
		___fpclassifyf 		CODE           	12FA8	0000	204

/opt/microchip/xc8/v2.36/pic/sources/c99/common/__fpclassifyf.c estimated size: 204

/opt/microchip/xc8/v2.36/pic/sources/c99/common/memset.c
		_memset        		CODE           	12970	0000	332

/opt/microchip/xc8/v2.36/pic/sources/c99/common/memset.c estimated size: 332

/opt/microchip/xc8/v2.36/pic/sources/c99/common/isupper.c
		_isupper       		CODE           	1429E	0000	48

/opt/microchip/xc8/v2.36/pic/sources/c99/common/isupper.c estimated size: 48

ringbufs.c
		_ringBufS_init 		CODE           	144EA	0000	30
		_ringBufS_flush		CODE           	13B64	0000	84
		_ringBufS_put_dma_cpy		CODE           	13C0A	0000	82
		_ringBufS_put_dma		CODE           	13C5C	0000	82

ringbufs.c estimated size: 278

timers.c
		_Timers_Isr    		CODE           	13CAE	0000	82

timers.c estimated size: 82

disp_led.c
		_display_led   		CODE           	131EE	0000	184

disp_led.c estimated size: 184

mcc_generated_files/tmr6.c
		_TMR6_CallBack 		CODE           	143FE	0000	36
		_TMR6_ISR      		CODE           	14200	0000	58
		_TMR6_Initialize		CODE           	1432C	0000	46
		_TMR6_SetInterruptHandler		CODE           	146A6	0000	14
		_TMR6_DefaultInterruptHandler		CODE           	14734	0000	2

mcc_generated_files/tmr6.c estimated size: 156

mcc_generated_files/pwm6.c
		_PWM6_LoadDutyValue		CODE           	1423A	0000	50
		_PWM6_Initialize		CODE           	145C8	0000	24

mcc_generated_files/pwm6.c estimated size: 74

/opt/microchip/xc8/v2.36/pic/sources/c99/common/doprnt.c
		_vfpfcnvrt     		CODE           	109BC	0000	1788
		_efgtoa        		CODE           	10000	0000	2492
		_pad           		CODE           	1360A	0000	158
		_vfprintf      		CODE           	13AB8	0000	86
		_stoa          		CODE           	12820	0000	336
		_utoa          		CODE           	12212	0000	432

/opt/microchip/xc8/v2.36/pic/sources/c99/common/doprnt.c estimated size: 5292

/opt/microchip/xc8/v2.36/pic/sources/c99/common/flneg.c
		___flneg       		CODE           	142FE	0000	46

/opt/microchip/xc8/v2.36/pic/sources/c99/common/flneg.c estimated size: 46

/opt/microchip/xc8/v2.36/pic/sources/c99/common/nf_fputc.c
		_fputc         		CODE           	1335C	0000	180

/opt/microchip/xc8/v2.36/pic/sources/c99/common/nf_fputc.c estimated size: 180

/opt/microchip/xc8/v2.36/pic/sources/c99/common/atoi.c
		_atoi          		CODE           	12ABC	0000	320

/opt/microchip/xc8/v2.36/pic/sources/c99/common/atoi.c estimated size: 320

/opt/microchip/xc8/v2.36/pic/sources/c99/common/fleq.c
		___fleq        		CODE           	136A8	0000	138

/opt/microchip/xc8/v2.36/pic/sources/c99/common/fleq.c estimated size: 138

mcc_generated_files/tmr2.c
		_TMR2_Initialize		CODE           	14508	0000	30

mcc_generated_files/tmr2.c estimated size: 30

mcc_generated_files/interrupt_manager.c
		_INTERRUPT_Initialize		CODE           	13E28	0000	70
		_Default_ISR   		CODE           	14738	0000	2

mcc_generated_files/interrupt_manager.c estimated size: 72

/opt/microchip/xc8/v2.36/pic/sources/c99/common/Umul16.c
		___wmul        		CODE           	14388	0000	42

/opt/microchip/xc8/v2.36/pic/sources/c99/common/Umul16.c estimated size: 42

/opt/microchip/xc8/v2.36/pic/sources/c99/common/puts.c
		_puts          		CODE           	1418C	0000	58

/opt/microchip/xc8/v2.36/pic/sources/c99/common/puts.c estimated size: 58

/opt/microchip/xc8/v2.36/pic/sources/c99/common/lomod.c
		___lomod       		CODE           	13410	0000	174

/opt/microchip/xc8/v2.36/pic/sources/c99/common/lomod.c estimated size: 174

eadog.c
		_init_display  		CODE           	13074	0000	192
		_eaDogM_WriteCommand		CODE           	146F8	0000	10
		_source_dma_done		CODE           	14728	0000	6
		_wdtdelay      		CODE           	14152	0000	58
		_send_lcd_cmd  		CODE           	14118	0000	58
		_send_lcd_cmd_dma		CODE           	14544	0000	28
		_send_lcd_data 		CODE           	1448A	0000	32
		_send_lcd_data_dma		CODE           	13FEE	0000	60
		_wait_lcd_set  		CODE           	14716	0000	6
		_wait_lcd_done 		CODE           	14636	0000	14
		_send_lcd_cmd_long		CODE           	140DE	0000	58
		_start_lcd     		CODE           	1472E	0000	4
		_eaDogM_WriteString		CODE           	137B6	0000	126

eadog.c estimated size: 652

/opt/microchip/xc8/v2.36/pic/sources/c99/common/isspace.c
		_isspace       		CODE           	13EF6	0000	62

/opt/microchip/xc8/v2.36/pic/sources/c99/common/isspace.c estimated size: 62

mcc_generated_files/pin_manager.c
		_PIN_MANAGER_Initialize		CODE           	12EDA	0000	206

mcc_generated_files/pin_manager.c estimated size: 206

mcc_generated_files/spi1.c
		_SPI1_Initialize		CODE           	14596	0000	26
		_SPI1_ExchangeByte		CODE           	1457C	0000	26

mcc_generated_files/spi1.c estimated size: 52

/opt/microchip/xc8/v2.36/pic/sources/c99/common/memcpy.c
		_memcpy        		CODE           	13B0E	0000	86

/opt/microchip/xc8/v2.36/pic/sources/c99/common/memcpy.c estimated size: 86

/opt/microchip/xc8/v2.36/pic/sources/c99/common/tolower.c
		_tolower       		CODE           	140A4	0000	58

/opt/microchip/xc8/v2.36/pic/sources/c99/common/tolower.c estimated size: 58

/opt/microchip/xc8/v2.36/pic/sources/c99/common/strncmp.c
		_strncmp       		CODE           	1256C	0000	354

/opt/microchip/xc8/v2.36/pic/sources/c99/common/strncmp.c estimated size: 354

/opt/microchip/xc8/v2.36/pic/sources/c99/common/sprcmul.c
		___flmul       		CODE           	114B8	0000	850

/opt/microchip/xc8/v2.36/pic/sources/c99/common/sprcmul.c estimated size: 850

/opt/microchip/xc8/v2.36/pic/sources/c99/common/awmod.c
		___awmod       		CODE           	13922	0000	112

/opt/microchip/xc8/v2.36/pic/sources/c99/common/awmod.c estimated size: 112

/opt/microchip/xc8/v2.36/pic/sources/c99/common/sprcdiv.c
		___fldiv       		CODE           	11DCE	0000	648

/opt/microchip/xc8/v2.36/pic/sources/c99/common/sprcdiv.c estimated size: 648

mcc_generated_files/dma1.c
		_DMA1_Initialize		CODE           	13A5A	0000	94
		_DMA1_SetSCNTIInterruptHandler		CODE           	146D0	0000	14
		_DMA1_DefaultInterruptHandler		CODE           	14740	0000	2
		_DMA1_DMASCNTI_ISR		CODE           	13EB4	0000	66

mcc_generated_files/dma1.c estimated size: 176

mcc_generated_files/uart1.c
		_UART1_rx_vect_isr		CODE           	14068	0000	60
		_UART1_Write   		CODE           	1402A	0000	60
		_putch         		CODE           	14702	0000	10
		_UART1_SetFramingErrorHandler		CODE           	1468A	0000	14
		_UART1_SetOverrunErrorHandler		CODE           	1467C	0000	14
		_UART1_tx_vect_isr		CODE           	13FB0	0000	62
		_UART1_Receive_ISR		CODE           	13568	0000	162
		_UART1_SetRxInterruptHandler		CODE           	1466E	0000	14
		_UART1_SetTxInterruptHandler		CODE           	14660	0000	14
		_UART1_Initialize		CODE           	132A6	0000	182
		_UART1_SetErrorHandler		CODE           	14698	0000	14
		_UART1_Transmit_ISR		CODE           	1435A	0000	46
		_UART1_Read    		CODE           	13F34	0000	62
		_UART1_DefaultFramingErrorHandler		CODE           	1473C	0000	2
		_UART1_is_rx_ready		CODE           	14652	0000	14
		_UART1_DefaultErrorHandler		CODE           	14722	0000	6
		_UART1_RxDataHandler		CODE           	14468	0000	34
		_UART1_DefaultOverrunErrorHandler		CODE           	1473A	0000	2

mcc_generated_files/uart1.c estimated size: 772

mcc_generated_files/tmr5.c
		_TMR5_ISR      		CODE           	13D00	0000	78
		_TMR5_Initialize		CODE           	13D9A	0000	72
		_TMR5_SetInterruptHandler		CODE           	146B4	0000	14
		_TMR5_DefaultInterruptHandler		CODE           	1473E	0000	2
		_TMR5_WriteTimer		CODE           	14422	0000	36

mcc_generated_files/tmr5.c estimated size: 202

/opt/microchip/xc8/v2.36/pic/sources/c99/common/printf.c
		_printf        		CODE           	143B2	0000	40

/opt/microchip/xc8/v2.36/pic/sources/c99/common/printf.c estimated size: 40

/opt/microchip/xc8/v2.36/pic/sources/c99/common/lodiv.c
		___lodiv       		CODE           	12E0C	0000	206

/opt/microchip/xc8/v2.36/pic/sources/c99/common/lodiv.c estimated size: 206

shared
		_cmdm          		MEDIUMCONST    	FEE0	0000	28
		__initialization		CODE           	134BE	0000	164
		_spi1_configuration		MEDIUMCONST    	0000	0000	0

shared estimated size: 192

mcc_generated_files/pwm5.c
		_PWM5_LoadDutyValue		CODE           	1426C	0000	50
		_PWM5_Initialize		CODE           	145E0	0000	24

mcc_generated_files/pwm5.c estimated size: 74

mcc_generated_files/mcc.c
		_SystemArbiter_Initialize		CODE           	146C2	0000	14
		_PMD_Initialize		CODE           	14446	0000	34
		_OSCILLATOR_Initialize		CODE           	14560	0000	28
		_SYSTEM_Initialize		CODE           	13F72	0000	62

mcc_generated_files/mcc.c estimated size: 138

/opt/microchip/xc8/v2.36/pic/sources/c99/common/strlen.c
		_strlen        		CODE           	13D4E	0000	76

/opt/microchip/xc8/v2.36/pic/sources/c99/common/strlen.c estimated size: 76

/opt/microchip/xc8/v2.36/pic/sources/c99/common/flge.c
		___flge        		CODE           	12D3C	0000	208

/opt/microchip/xc8/v2.36/pic/sources/c99/common/flge.c estimated size: 208

/opt/microchip/xc8/v2.36/pic/sources/c99/common/floorf.c
		_floorf        		CODE           	123C2	0000	426

/opt/microchip/xc8/v2.36/pic/sources/c99/common/floorf.c estimated size: 426

/opt/microchip/xc8/v2.36/pic/sources/c99/common/nf_fputs.c
		_fputs         		CODE           	13992	0000	104

/opt/microchip/xc8/v2.36/pic/sources/c99/common/nf_fputs.c estimated size: 104

/opt/microchip/xc8/v2.36/pic/sources/c99/common/strcpy.c
		_strcpy        		CODE           	139FA	0000	96

/opt/microchip/xc8/v2.36/pic/sources/c99/common/strcpy.c estimated size: 96

/opt/microchip/xc8/v2.36/pic/sources/c99/common/awdiv.c
		___awdiv       		CODE           	13732	0000	132

/opt/microchip/xc8/v2.36/pic/sources/c99/common/awdiv.c estimated size: 132

/opt/microchip/xc8/v2.36/pic/sources/c99/common/fltol.c
		___fltol       		CODE           	13134	0000	186

/opt/microchip/xc8/v2.36/pic/sources/c99/common/fltol.c estimated size: 186

/opt/microchip/xc8/v2.36/pic/sources/c99/common/isdigit.c
		_isdigit       		CODE           	142CE	0000	48

/opt/microchip/xc8/v2.36/pic/sources/c99/common/isdigit.c estimated size: 48

/opt/microchip/xc8/v2.36/pic/sources/c99/common/sprcadd.c
		___flsub       		CODE           	13DE2	0000	70
		___fladd       		CODE           	1180A	0000	780

/opt/microchip/xc8/v2.36/pic/sources/c99/common/sprcadd.c estimated size: 850

mcc_generated_files/dac1.c
		_DAC1_GetOutput		CODE           	1471C	0000	6
		_DAC1_SetOutput		CODE           	1470C	0000	10
		_DAC1_Initialize		CODE           	146EC	0000	12

mcc_generated_files/dac1.c estimated size: 28

/opt/microchip/xc8/v2.36/pic/sources/c99/common/xxtofl.c
		___xxtofl      		CODE           	12BFC	0000	320

/opt/microchip/xc8/v2.36/pic/sources/c99/common/xxtofl.c estimated size: 320

mcc_generated_files/adcc.c
		_ADCC_DefaultInterruptHandler		CODE           	14732	0000	2
		_ADCC_GetConversionResult		CODE           	145F8	0000	22
		_ADCC_SetADIInterruptHandler		CODE           	146DE	0000	14
		_ADCC_ISR      		CODE           	13E70	0000	66
		_ADCC_Initialize		CODE           	138B0	0000	114

mcc_generated_files/adcc.c estimated size: 218

scdm.c
		_cli_read      		CODE           	126CE	0000	338
		_cli_init      		CODE           	13834	0000	124
		__cli_interpret_cmd		CODE           	12056	0000	444
		_linux_getc    		CODE           	143DA	0000	36
		_linux_putc    		CODE           	14644	0000	14
		_scmd_init     		CODE           	145B0	0000	24

scdm.c estimated size: 980

main.c
		_fh_po         		CODE           	1460E	0000	20
		_Led_Blink     		CODE           	14526	0000	30
		_main          		CODE           	11B16	0000	696
		_fh_pr         		CODE           	144AA	0000	32
		_Adc_Isr       		CODE           	141C6	0000	58
		_fh_ps         		CODE           	14622	0000	20

main.c estimated size: 856

/opt/microchip/xc8/v2.36/pic/sources/c99/common/nf_sprintf.c
		_sprintf       		CODE           	13BB8	0000	82

/opt/microchip/xc8/v2.36/pic/sources/c99/common/nf_sprintf.c estimated size: 82

