Microchip MPLAB XC8 Compiler V2.35

Linker command line:

-W-3 --edf=/opt/microchip/xc8/v2.35/pic/dat/en_msgs.txt -pivt0x8=08h -cn \
  -h+dist/default/production/ps_test.X.production.sym \
  --cmf=dist/default/production/ps_test.X.production.cmf -z -Q18F57K42 \
  -o/tmp/xcXDpEcdI --defsym=__MPLAB_BUILD=1 \
  -Mdist/default/production/ps_test.X.production.map \
  --md=/tmp/xcXfBmAHE.dat -E1 -ver=XC8 Compiler --acfsm=1493 \
  -ACODE=00h-01FFFFh -ACONST=00h-01FFFFh -ASMALLCONST=02000h-020FFhx480 \
  -AMEDIUMCONST=02000h-0FFFFh,012000h-01FFFFh -ACOMRAM=01h-05Fh \
  -AABS1=00h-01FFFh -ABIGRAM=01h-01FFFh -ARAM=060h-0FFh,0100h-01FFhx31 \
  -ABANK0=060h-0FFh -ABANK1=0100h-01FFh -ABANK2=0200h-02FFh \
  -ABANK3=0300h-03FFh -ABANK4=0400h-04FFh -ABANK5=0500h-05FFh \
  -ABANK6=0600h-06FFh -ABANK7=0700h-07FFh -ABANK8=0800h-08FFh \
  -ABANK9=0900h-09FFh -ABANK10=0A00h-0AFFh -ABANK11=0B00h-0BFFh \
  -ABANK12=0C00h-0CFFh -ABANK13=0D00h-0DFFh -ABANK14=0E00h-0EFFh \
  -ABANK15=0F00h-0FFFh -ABANK16=01000h-010FFh -ABANK17=01100h-011FFh \
  -ABANK18=01200h-012FFh -ABANK19=01300h-013FFh -ABANK20=01400h-014FFh \
  -ABANK21=01500h-015FFh -ABANK22=01600h-016FFh -ABANK23=01700h-017FFh \
  -ABANK24=01800h-018FFh -ABANK25=01900h-019FFh -ABANK26=01A00h-01AFFh \
  -ABANK27=01B00h-01BFFh -ABANK28=01C00h-01CFFh -ABANK29=01D00h-01DFFh \
  -ABANK30=01E00h-01EFFh -ABANK31=01F00h-01FFFh \
  -ASFR=03800h-038FFhx7,03F00h-03F5Fh,03F60h-03FFFh -ABIGSFR=03800h-03FFFh \
  -ACONFIG=0300000h-0300009h -AIDLOC=0200000h-020000Fh \
  -AEEDATA=0310000h-03103FFh -peeprom_data=EEDATA -preset_vec=00h \
  -ppowerup=CODE,init -pramtop=02000h -psmallconst=SMALLCONST \
  -pmediumconst=MEDIUMCONST -pconst=CONST -AFARRAM=00h-00h \
  -prdata=COMRAM,nvrram=COMRAM,nvbit=COMRAM,rbss=COMRAM,rbit=COMRAM \
  -pfarbss=FARRAM,fardata=FARRAM,nvFARRAM=FARRAM \
  -pintsave_regs=BIGRAM,bigbss=BIGRAM,bigdata=BIGRAM -pbss=RAM \
  -pidata=CODE,irdata=CODE,ibigdata=CODE,ifardata=CODE -prparam=COMRAM \
  /tmp/xcXncjpjm.o dist/default/production/ps_test.X.production.o 

Object code version is 3.11

Machine type is 18F57K42



                Name                               Link     Load   Length Selector   Space Scale
/tmp/xcXncjpjm.o
                idloc                            200000   200000       10        0       5
                config                           300000   300000        A        0       4
                init                                 AE       AE        4        4       0
                reset_vec                             0        0        4        0       0
dist/default/production/ps_test.X.production.o
                idloc                            200000   200000       10        0       5
                config                           300000   300000        A        0       4
                smallconst                         2000     2000       12     1000       0
                ivt0x8                                8        8       A6        4       0
                text56                             3076     3076       24      BB1       0
                text55                             2CBC     2CBC       46     1009       0
                text54                             31FA     31FA        2      BB1       0
                text53                             2BD8     2BD8       4E     1009       0
                text52                             3052     3052       24      BB1       0
                text51                             31EC     31EC        6      BB1       0
                text50                             31F8     31F8        2      BB1       0
                text49                             31F6     31F6        2      BB1       0
                text48                             2A52     2A52       A2     1009       0
                text47                             2EC4     2EC4       3E      BB1       0
                text46                             2FA8     2FA8       2E      BB1       0
                text45                             2E84     2E84       3E      BA1       0
                text44                             31F4     31F4        2      BB1       0
                text43                             31F2     31F2        2      BB1       0
                text42                             3100     3100       1E      BB1       0
                text41                             30DE     30DE       22      BB1       0
                text40                             2E44     2E44       3E      B91       0
                text39                             313A     313A       14      BB1       0
                text38                             31C0     31C0        E      BB1       0
                text37                             314E     314E       10      BB1       0
                text36                             31E2     31E2        A      BB1       0
                text35                             2B7C     2B7C       5C     1009       0
                text34                             31D8     31D8        A      BB1       0
                text33                             2D44     2D44       42     1009       0
                text32                             311E     311E       1C      BB1       0
                text31                             283A     283A       B6     1009       0
                text30                             30BC     30BC       22      BB1       0
                text29                             31B2     31B2        E      BB1       0
                text28                             2C26     2C26       4C     1009       0
                text27                             31A4     31A4        E      BB1       0
                text26                             2FD6     2FD6       2C      BB1       0
                text25                             3196     3196        E      BB1       0
                text24                             3188     3188        E      BB1       0
                text23                             317A     317A        E      BB1       0
                text22                             316C     316C        E      BB1       0
                text21                             315E     315E        E      BB1       0
                text20                             2784     2784       B6     1009       0
                text19                             302C     302C       26      BB1       0
                text18                             26CC     26CC       B8     1009       0
                text17                             2F02     2F02       3C      BB1       0
                text16                             31CE     31CE        A      BB1       0
                text15                             28F0     28F0       B4     1009       0
                text14                             2D86     2D86       40     1009       0
                text13                             2F3E     2F3E       3A      BB1       0
                text12                             3002     3002       2A      BB1       0
                text11                             2F78     2F78       30      BB1       0
                text10                             2E04     2E04       3E     1009       0
                text9                              23A2     23A2      132     1009       0
                text8                              25FE     25FE       CE     1009       0
                text7                              29A4     29A4       AE     1009       0
                text6                              309A     309A       22      BB1       0
                text5                              2AF4     2AF4       88     1009       0
                text4                              2204     2204      19E     1009       0
                text3                              2012     2012      1F2     1009       0
                text2                              2C72     2C72       4A     1009       0
                text1                              2DC6     2DC6       3E     1009       0
                text0                              24D4     24D4      12A     1009       0
                cstackCOMRAM                          1        1       45        1       1
                cstackBANK0                          AC       AC       29       60       1
                bssBANK2                            200      200       80      200       1
                bssBANK1                            100      100       C0      100       1
                bssBANK0                             60       60       4C       60       1
                bssCOMRAM                            46       46        D        1       1
                cinit                              2D02     2D02       42     1009       0

TOTAL           Name                               Link     Load   Length     Space
        CLASS   CODE           
                init                                 AE       AE        4         0
                reset_vec                             0        0        4         0
                ivt0x8                                8        8       A6         0
                text56                             3076     3076       24         0
                text55                             2CBC     2CBC       46         0
                text54                             31FA     31FA        2         0
                text53                             2BD8     2BD8       4E         0
                text52                             3052     3052       24         0
                text51                             31EC     31EC        6         0
                text50                             31F8     31F8        2         0
                text49                             31F6     31F6        2         0
                text48                             2A52     2A52       A2         0
                text47                             2EC4     2EC4       3E         0
                text46                             2FA8     2FA8       2E         0
                text45                             2E84     2E84       3E         0
                text44                             31F4     31F4        2         0
                text43                             31F2     31F2        2         0
                text42                             3100     3100       1E         0
                text41                             30DE     30DE       22         0
                text40                             2E44     2E44       3E         0
                text39                             313A     313A       14         0
                text38                             31C0     31C0        E         0
                text37                             314E     314E       10         0
                text36                             31E2     31E2        A         0
                text35                             2B7C     2B7C       5C         0
                text34                             31D8     31D8        A         0
                text33                             2D44     2D44       42         0
                text32                             311E     311E       1C         0
                text31                             283A     283A       B6         0
                text30                             30BC     30BC       22         0
                text29                             31B2     31B2        E         0
                text28                             2C26     2C26       4C         0
                text27                             31A4     31A4        E         0
                text26                             2FD6     2FD6       2C         0
                text25                             3196     3196        E         0
                text24                             3188     3188        E         0
                text23                             317A     317A        E         0
                text22                             316C     316C        E         0
                text21                             315E     315E        E         0
                text20                             2784     2784       B6         0
                text19                             302C     302C       26         0
                text18                             26CC     26CC       B8         0
                text17                             2F02     2F02       3C         0
                text16                             31CE     31CE        A         0
                text15                             28F0     28F0       B4         0
                text14                             2D86     2D86       40         0
                text13                             2F3E     2F3E       3A         0
                text12                             3002     3002       2A         0
                text11                             2F78     2F78       30         0
                text10                             2E04     2E04       3E         0
                text9                              23A2     23A2      132         0
                text8                              25FE     25FE       CE         0
                text7                              29A4     29A4       AE         0
                text6                              309A     309A       22         0
                text5                              2AF4     2AF4       88         0
                text4                              2204     2204      19E         0
                text3                              2012     2012      1F2         0
                text2                              2C72     2C72       4A         0
                text1                              2DC6     2DC6       3E         0
                text0                              24D4     24D4      12A         0
                cinit                              2D02     2D02       42         0

        CLASS   CONST          

        CLASS   SMALLCONST     
                smallconst                         2000     2000       12         0

        CLASS   MEDIUMCONST    

        CLASS   COMRAM         
                cstackCOMRAM                          1        1       45         1
                bssCOMRAM                            46       46        D         1

        CLASS   ABS1           

        CLASS   BIGRAM         

        CLASS   RAM            

        CLASS   BANK0          
                cstackBANK0                          AC       AC       29         1
                bssBANK0                             60       60       4C         1

        CLASS   BANK1          
                bssBANK1                            100      100       C0         1

        CLASS   BANK2          
                bssBANK2                            200      200       80         1

        CLASS   BANK3          

        CLASS   BANK4          

        CLASS   BANK5          

        CLASS   BANK6          

        CLASS   BANK7          

        CLASS   BANK8          

        CLASS   BANK9          

        CLASS   BANK10         

        CLASS   BANK11         

        CLASS   BANK12         

        CLASS   BANK13         

        CLASS   BANK14         

        CLASS   BANK15         

        CLASS   BANK16         

        CLASS   BANK17         

        CLASS   BANK18         

        CLASS   BANK19         

        CLASS   BANK20         

        CLASS   BANK21         

        CLASS   BANK22         

        CLASS   BANK23         

        CLASS   BANK24         

        CLASS   BANK25         

        CLASS   BANK26         

        CLASS   BANK27         

        CLASS   BANK28         

        CLASS   BANK29         

        CLASS   BANK30         

        CLASS   BANK31         

        CLASS   SFR            

        CLASS   BIGSFR         

        CLASS   CONFIG         
                config                           300000   300000        A         4

        CLASS   IDLOC          
                idloc                            200000   200000       10         5

        CLASS   EEDATA         

        CLASS   FARRAM         

        CLASS   HEAP           

        CLASS   STACK          



SEGMENTS        Name                           Load    Length   Top    Selector   Space  Class

                reset_vec                      000000  000004  000004         0       0  CODE    
                text3                          002012  000E30  002E42      1009       0  CODE    
                text45                         002E84  00003E  002EC2       BA1       0  CODE    
                text40                         002E44  00003E  002E82       B91       0  CODE    
                text47                         002EC4  000338  0031FC       BB1       0  CODE    
                cstackCOMRAM                   000001  000052  000053         1       1  COMRAM  
                ivt0x8                         000008  0000AA  0000B2         4       0  CODE    
                smallconst                     002000  000012  002012      1000       0  SMALLCON
                bssBANK0                       000060  000075  0000D5        60       1  BANK0   
                bssBANK1                       000100  0000C0  0001C0       100       1  BANK1   
                bssBANK2                       000200  000080  000280       200       1  BANK2   


UNUSED ADDRESS RANGES

        Name                Unused          Largest block    Delta
        BANK0            0000D5-0000FF               2B
        BANK1            0001C0-0001FF               40
        BANK10           000A00-000AFF              100
        BANK11           000B00-000BFF              100
        BANK12           000C00-000CFF              100
        BANK13           000D00-000DFF              100
        BANK14           000E00-000EFF              100
        BANK15           000F00-000FFF              100
        BANK16           001000-0010FF              100
        BANK17           001100-0011FF              100
        BANK18           001200-0012FF              100
        BANK19           001300-0013FF              100
        BANK2            000280-0002FF               80
        BANK20           001400-0014FF              100
        BANK21           001500-0015FF              100
        BANK22           001600-0016FF              100
        BANK23           001700-0017FF              100
        BANK24           001800-0018FF              100
        BANK25           001900-0019FF              100
        BANK26           001A00-001AFF              100
        BANK27           001B00-001BFF              100
        BANK28           001C00-001CFF              100
        BANK29           001D00-001DFF              100
        BANK3            000300-0003FF              100
        BANK30           001E00-001EFF              100
        BANK31           001F00-001FFF              100
        BANK4            000400-0004FF              100
        BANK5            000500-0005FF              100
        BANK6            000600-0006FF              100
        BANK7            000700-0007FF              100
        BANK8            000800-0008FF              100
        BANK9            000900-0009FF              100
        BIGRAM           000053-00005F                D
                         0000D5-0000FF               2B
                         0001C0-0001FF               40
                         000280-001FFF             1D80
        BIGSFR           003800-003FFF              800
        CODE             000004-000007                4
                         0000B2-001FFF             1F4E
                         002E42-002E43                2
                         002E82-002E83                2
                         002EC2-002EC3                2
                         0031FC-01FFFF            1CE04
        COMRAM           000053-00005F                D
        CONST            000004-000007                4
                         0000B2-001FFF             1F4E
                         002E42-002E43                2
                         002E82-002E83                2
                         002EC2-002EC3                2
                         0031FC-01FFFF            1CE04
        EEDATA           310000-3103FF              400
        MEDIUMCONST      002E42-002E43                2
                         002E82-002E83                2
                         002EC2-002EC3                2
                         0031FC-00FFFF             CE04
                         012000-01FFFF             E000
        RAM              0000D5-0000FF               2B
                         0001C0-0001FF               40
                         000280-001FFF              100
        SFR              003800-003FFF              100
        SMALLCONST       002E42-002E43                2
                         002E82-002E83                2
                         002EC2-002EC3                2
                         0031FC-01FFFF              100

                                  Symbol Table

?_ADCC_GetConversionResult                    cstackCOMRAM 00000E
?___lodiv                                     cstackCOMRAM 00000E
?___lomod                                     cstackCOMRAM 00000E
?___wmul                                      cstackCOMRAM 00000E
?_atoi                                        cstackCOMRAM 000015
?_fputc                                       cstackCOMRAM 000010
?_fputs                                       cstackCOMRAM 000019
?_isdigit                                     cstackCOMRAM 00000E
?_isspace                                     cstackCOMRAM 00000E
?_pad                                         cstackCOMRAM 000020
?_sprintf                                     cstackBANK0  0000C2
?_strlen                                      cstackCOMRAM 00000E
?_utoa                                        cstackCOMRAM 000029
?_vfpfcnvrt                                   cstackCOMRAM 00003A
?_vfprintf                                    cstackCOMRAM 000041
ADCC_StartConversion@channel                  cstackCOMRAM 00000E
DAC1_SetOutput@inputData                      cstackCOMRAM 00000E
INTERRUPT_Initialize@state                    cstackCOMRAM 00000E
IVTBASEH                                      (abs)        003FD6
IVTBASEL                                      (abs)        003FD5
IVTBASEU                                      (abs)        003FD7
TMR5_SetInterruptHandler@InterruptHandler     cstackCOMRAM 00000E
TMR5_WriteTimer@timerVal                      cstackCOMRAM 000008
TMR6_ISR@CountCallBack                        bssBANK0     000087
TMR6_SetInterruptHandler@InterruptHandler     cstackCOMRAM 00000E
Timers_Isr@i                                  cstackCOMRAM 00000A
UART1_SetErrorHandler@interruptHandler        cstackCOMRAM 00000E
UART1_SetFramingErrorHandler@interruptHandler cstackCOMRAM 00000E
UART1_SetOverrunErrorHandler@interruptHandler cstackCOMRAM 00000E
UART1_SetRxInterruptHandler@InterruptHandler  cstackCOMRAM 00000E
UART1_SetTxInterruptHandler@InterruptHandler  cstackCOMRAM 00000E
UART1_Write@txData                            cstackCOMRAM 00000E
_ADACCH                                       (abs)        003EE9
_ADACCL                                       (abs)        003EE8
_ADACCU                                       (abs)        003EEA
_ADACQH                                       (abs)        003EF4
_ADACQL                                       (abs)        003EF3
_ADACT                                        (abs)        003EFE
_ADCAP                                        (abs)        003EF5
_ADCC_GetConversionResult                     text39       00313A
_ADCC_Initialize                              text35       002B7C
_ADCC_IsConversionDone                        text38       0031C0
_ADCC_StartConversion                         text37       00314E
_ADCLK                                        (abs)        003EFF
_ADCNT                                        (abs)        003EEB
_ADCON0                                       (abs)        003EF8
_ADCON0bits                                   (abs)        003EF8
_ADCON1                                       (abs)        003EF9
_ADCON2                                       (abs)        003EFA
_ADCON3                                       (abs)        003EFB
_ADERRH                                       (abs)        003EE3
_ADERRL                                       (abs)        003EE2
_ADFLTRH                                      (abs)        003EE7
_ADFLTRL                                      (abs)        003EE6
_ADLTHH                                       (abs)        003EDF
_ADLTHL                                       (abs)        003EDE
_ADPCH                                        (abs)        003EF1
_ADPREH                                       (abs)        003EF7
_ADPREL                                       (abs)        003EF6
_ADPREVH                                      (abs)        003EEE
_ADPREVL                                      (abs)        003EED
_ADREF                                        (abs)        003EFD
_ADRESH                                       (abs)        003EF0
_ADRESL                                       (abs)        003EEF
_ADRPT                                        (abs)        003EEC
_ADSTAT                                       (abs)        003EFC
_ADSTPTH                                      (abs)        003EE5
_ADSTPTL                                      (abs)        003EE4
_ADUTHH                                       (abs)        003EE1
_ADUTHL                                       (abs)        003EE0
_ANSELA                                       (abs)        003A40
_ANSELB                                       (abs)        003A50
_ANSELC                                       (abs)        003A60
_ANSELD                                       (abs)        003A70
_ANSELE                                       (abs)        003A80
_ANSELF                                       (abs)        003A90
_DAC1CON0                                     (abs)        003E9E
_DAC1CON1                                     (abs)        003E9C
_DAC1_Initialize                              text34       0031D8
_DAC1_SetOutput                               text36       0031E2
_Default_ISR                                  text44       0031F4
_GIE                                          (abs)        01FE97
_INLVLA                                       (abs)        003A44
_INLVLB                                       (abs)        003A54
_INLVLC                                       (abs)        003A64
_INLVLD                                       (abs)        003A74
_INLVLE                                       (abs)        003A84
_INLVLF                                       (abs)        003A94
_INTCON0bits                                  (abs)        003FD2
_INTERRUPT_Initialize                         text33       002D44
_IPR3bits                                     (abs)        003983
_IPR8bits                                     (abs)        003988
_IPR9bits                                     (abs)        003989
_IVTBASEH                                     (abs)        003FD6
_IVTBASEL                                     (abs)        003FD5
_IVTBASEU                                     (abs)        003FD7
_IVTLOCK                                      (abs)        003FD4
_IVTLOCKbits                                  (abs)        003FD4
_LATA                                         (abs)        003FBA
_LATB                                         (abs)        003FBB
_LATC                                         (abs)        003FBC
_LATD                                         (abs)        003FBD
_LATDbits                                     (abs)        003FBD
_LATE                                         (abs)        003FBE
_LATEbits                                     (abs)        003FBE
_LATF                                         (abs)        003FBF
_LATFbits                                     (abs)        003FBF
_Led_Blink                                    text42       003100
_ODCONA                                       (abs)        003A42
_ODCONB                                       (abs)        003A52
_ODCONC                                       (abs)        003A62
_ODCOND                                       (abs)        003A72
_ODCONE                                       (abs)        003A82
_ODCONF                                       (abs)        003A92
_OSCCON1                                      (abs)        0039D9
_OSCCON3                                      (abs)        0039DB
_OSCEN                                        (abs)        0039DD
_OSCFRQ                                       (abs)        0039DF
_OSCILLATOR_Initialize                        text32       00311E
_OSCTUNE                                      (abs)        0039DE
_PIE3bits                                     (abs)        003993
_PIE8bits                                     (abs)        003998
_PIE9bits                                     (abs)        003999
_PIN_MANAGER_Initialize                       text31       00283A
_PIR8bits                                     (abs)        0039A8
_PIR9bits                                     (abs)        0039A9
_PLLR                                         (abs)        01CEE0
_PMD0                                         (abs)        0039C0
_PMD1                                         (abs)        0039C1
_PMD2                                         (abs)        0039C2
_PMD3                                         (abs)        0039C3
_PMD4                                         (abs)        0039C4
_PMD5                                         (abs)        0039C5
_PMD6                                         (abs)        0039C6
_PMD7                                         (abs)        0039C7
_PMD_Initialize                               text30       0030BC
_RB1I2C                                       (abs)        003A5A
_RB2I2C                                       (abs)        003A5B
_RC3I2C                                       (abs)        003A6A
_RC4I2C                                       (abs)        003A6B
_RC6PPS                                       (abs)        003A16
_RD0I2C                                       (abs)        003A7A
_RD1I2C                                       (abs)        003A7B
_SLRCONA                                      (abs)        003A43
_SLRCONB                                      (abs)        003A53
_SLRCONC                                      (abs)        003A63
_SLRCOND                                      (abs)        003A73
_SLRCONE                                      (abs)        003A83
_SLRCONF                                      (abs)        003A93
_SYSTEM_Initialize                            text19       00302C
_T5CLK                                        (abs)        003F9D
_T5CON                                        (abs)        003F9A
_T5CONbits                                    (abs)        003F9A
_T5GATE                                       (abs)        003F9C
_T5GCON                                       (abs)        003F9B
_T6CLKCON                                     (abs)        003F96
_T6CON                                        (abs)        003F94
_T6HLT                                        (abs)        003F95
_T6PR                                         (abs)        003F93
_T6RST                                        (abs)        003F97
_T6TMR                                        (abs)        003F92
_TMR5H                                        (abs)        003F99
_TMR5L                                        (abs)        003F98
_TMR5_DefaultInterruptHandler                 text54       0031FA
_TMR5_ISR                                     text53       002BD8
_TMR5_Initialize                              text28       002C26
_TMR5_InterruptHandler                        bssBANK0     00006C
_TMR5_SetInterruptHandler                     text29       0031B2
_TMR5_WriteTimer                              text56       003076
_TMR6_CallBack                                text41       0030DE
_TMR6_DefaultInterruptHandler                 text43       0031F2
_TMR6_ISR                                     text40       002E44
_TMR6_Initialize                              text26       002FD6
_TMR6_InterruptHandler                        bssBANK0     000078
_TMR6_SetInterruptHandler                     text27       0031A4
_TRISA                                        (abs)        003FC2
_TRISB                                        (abs)        003FC3
_TRISC                                        (abs)        003FC4
_TRISD                                        (abs)        003FC5
_TRISE                                        (abs)        003FC6
_TRISF                                        (abs)        003FC7
_Timers_Isr                                   text55       002CBC
_U1BRGH                                       (abs)        003DF6
_U1BRGL                                       (abs)        003DF5
_U1CON0                                       (abs)        003DF2
_U1CON1                                       (abs)        003DF3
_U1CON2                                       (abs)        003DF4
_U1ERRIE                                      (abs)        003DFA
_U1ERRIR                                      (abs)        003DF9
_U1ERRIRbits                                  (abs)        003DF9
_U1FIFO                                       (abs)        003DF7
_U1P1H                                        (abs)        003DED
_U1P1L                                        (abs)        003DEC
_U1P2H                                        (abs)        003DEF
_U1P2L                                        (abs)        003DEE
_U1P3H                                        (abs)        003DF1
_U1P3L                                        (abs)        003DF0
_U1RXB                                        (abs)        003DE8
_U1RXPPS                                      (abs)        003AE5
_U1TXB                                        (abs)        003DEA
_U1UIR                                        (abs)        003DF8
_UART1_DefaultErrorHandler                    text51       0031EC
_UART1_DefaultFramingErrorHandler             text50       0031F8
_UART1_DefaultOverrunErrorHandler             text49       0031F6
_UART1_ErrorHandler                           bssBANK0     00006F
_UART1_FramingErrorHandler                    bssBANK0     000075
_UART1_Initialize                             text20       002784
_UART1_OverrunErrorHandler                    bssBANK0     000072
_UART1_Receive_ISR                            text48       002A52
_UART1_RxDataHandler                          text52       003052
_UART1_RxInterruptHandler                     bssBANK0     00007E
_UART1_SetErrorHandler                        text25       003196
_UART1_SetFramingErrorHandler                 text24       003188
_UART1_SetOverrunErrorHandler                 text23       00317A
_UART1_SetRxInterruptHandler                  text22       00316C
_UART1_SetTxInterruptHandler                  text21       00315E
_UART1_Transmit_ISR                           text46       002FA8
_UART1_TxInterruptHandler                     bssBANK0     00007B
_UART1_Write                                  text17       002F02
_UART1_rx_vect_isr                            text47       002EC4
_UART1_tx_vect_isr                            text45       002E84
_WPUA                                         (abs)        003A41
_WPUB                                         (abs)        003A51
_WPUC                                         (abs)        003A61
_WPUD                                         (abs)        003A71
_WPUE                                         (abs)        003A81
_WPUF                                         (abs)        003A91
__HRAM                                        (abs)        000000
__Habs1                                       abs1         000000
__Hbank0                                      bank0        000000
__Hbank1                                      bank1        000000
__Hbank10                                     bank10       000000
__Hbank11                                     bank11       000000
__Hbank12                                     bank12       000000
__Hbank13                                     bank13       000000
__Hbank14                                     bank14       000000
__Hbank15                                     bank15       000000
__Hbank16                                     bank16       000000
__Hbank17                                     bank17       000000
__Hbank18                                     bank18       000000
__Hbank19                                     bank19       000000
__Hbank2                                      bank2        000000
__Hbank20                                     bank20       000000
__Hbank21                                     bank21       000000
__Hbank22                                     bank22       000000
__Hbank23                                     bank23       000000
__Hbank24                                     bank24       000000
__Hbank25                                     bank25       000000
__Hbank26                                     bank26       000000
__Hbank27                                     bank27       000000
__Hbank28                                     bank28       000000
__Hbank29                                     bank29       000000
__Hbank3                                      bank3        000000
__Hbank30                                     bank30       000000
__Hbank31                                     bank31       000000
__Hbank4                                      bank4        000000
__Hbank5                                      bank5        000000
__Hbank6                                      bank6        000000
__Hbank7                                      bank7        000000
__Hbank8                                      bank8        000000
__Hbank9                                      bank9        000000
__Hbigbss                                     bigbss       000000
__Hbigdata                                    bigdata      000000
__Hbigram                                     bigram       000000
__Hbigsfr                                     bigsfr       000000
__Hbss                                        bss          000000
__HbssBANK0                                   bssBANK0     000000
__HbssBANK1                                   bssBANK1     000000
__HbssBANK2                                   bssBANK2     000000
__HbssCOMRAM                                  bssCOMRAM    000000
__Hcinit                                      cinit        000000
__Hclrtext                                    clrtext      000000
__Hcomram                                     comram       000000
__Hconfig                                     config       30000A
__Hconst                                      const        000000
__HcstackBANK0                                cstackBANK0  000000
__HcstackCOMRAM                               cstackCOMRAM 000000
__Hdata                                       data         000000
__Heeprom_data                                eeprom_data  000000
__Hfarbss                                     farbss       000000
__Hfardata                                    fardata      000000
__Hheap                                       heap         000000
__Hibigdata                                   ibigdata     000000
__Hidata                                      idata        000000
__Hidloc                                      idloc        200010
__Hifardata                                   ifardata     000000
__Hinit                                       init         0000B2
__Hintsave_regs                               intsave_regs 000000
__Hirdata                                     irdata       000000
__Hivt0x8                                     ivt0x8       0000AE
__Hmediumconst                                mediumconst  000000
__HnvFARRAM                                   nvFARRAM     000000
__Hnvbit                                      nvbit        000000
__Hnvrram                                     nvrram       000000
__Hparam                                      rparam       000000
__Hpowerup                                    powerup      000000
__Hram                                        ram          000000
__Hramtop                                     ramtop       002000
__Hrbit                                       rbit         000000
__Hrbss                                       rbss         000000
__Hrdata                                      rdata        000000
__Hreset_vec                                  reset_vec    000004
__Hrparam                                     rparam       000000
__Hsfr                                        sfr          000000
__Hsmallconst                                 smallconst   002012
__Hspace_0                                    (abs)        0031FC
__Hspace_1                                    (abs)        000280
__Hspace_2                                    (abs)        000000
__Hspace_4                                    (abs)        60000A
__Hstack                                      stack        000000
__Hstruct                                     struct       000000
__Htemp                                       temp         000000
__Htext                                       text         000000
__Htext0                                      text0        000000
__Htext1                                      text1        000000
__Htext10                                     text10       000000
__Htext11                                     text11       000000
__Htext12                                     text12       000000
__Htext13                                     text13       000000
__Htext14                                     text14       000000
__Htext15                                     text15       000000
__Htext16                                     text16       000000
__Htext17                                     text17       000000
__Htext18                                     text18       000000
__Htext19                                     text19       000000
__Htext2                                      text2        000000
__Htext20                                     text20       000000
__Htext21                                     text21       000000
__Htext22                                     text22       000000
__Htext23                                     text23       000000
__Htext24                                     text24       000000
__Htext25                                     text25       000000
__Htext26                                     text26       000000
__Htext27                                     text27       000000
__Htext28                                     text28       000000
__Htext29                                     text29       000000
__Htext3                                      text3        000000
__Htext30                                     text30       000000
__Htext31                                     text31       000000
__Htext32                                     text32       000000
__Htext33                                     text33       000000
__Htext34                                     text34       000000
__Htext35                                     text35       000000
__Htext36                                     text36       000000
__Htext37                                     text37       000000
__Htext38                                     text38       000000
__Htext39                                     text39       000000
__Htext4                                      text4        000000
__Htext40                                     text40       000000
__Htext41                                     text41       000000
__Htext42                                     text42       000000
__Htext43                                     text43       000000
__Htext44                                     text44       000000
__Htext45                                     text45       000000
__Htext46                                     text46       000000
__Htext47                                     text47       000000
__Htext48                                     text48       000000
__Htext49                                     text49       000000
__Htext5                                      text5        000000
__Htext50                                     text50       000000
__Htext51                                     text51       000000
__Htext52                                     text52       000000
__Htext53                                     text53       000000
__Htext54                                     text54       000000
__Htext55                                     text55       000000
__Htext56                                     text56       000000
__Htext57                                     text57       000000
__Htext6                                      text6        000000
__Htext7                                      text7        000000
__Htext8                                      text8        000000
__Htext9                                      text9        000000
__LRAM                                        (abs)        000001
__Labs1                                       abs1         000000
__Lbank0                                      bank0        000000
__Lbank1                                      bank1        000000
__Lbank10                                     bank10       000000
__Lbank11                                     bank11       000000
__Lbank12                                     bank12       000000
__Lbank13                                     bank13       000000
__Lbank14                                     bank14       000000
__Lbank15                                     bank15       000000
__Lbank16                                     bank16       000000
__Lbank17                                     bank17       000000
__Lbank18                                     bank18       000000
__Lbank19                                     bank19       000000
__Lbank2                                      bank2        000000
__Lbank20                                     bank20       000000
__Lbank21                                     bank21       000000
__Lbank22                                     bank22       000000
__Lbank23                                     bank23       000000
__Lbank24                                     bank24       000000
__Lbank25                                     bank25       000000
__Lbank26                                     bank26       000000
__Lbank27                                     bank27       000000
__Lbank28                                     bank28       000000
__Lbank29                                     bank29       000000
__Lbank3                                      bank3        000000
__Lbank30                                     bank30       000000
__Lbank31                                     bank31       000000
__Lbank4                                      bank4        000000
__Lbank5                                      bank5        000000
__Lbank6                                      bank6        000000
__Lbank7                                      bank7        000000
__Lbank8                                      bank8        000000
__Lbank9                                      bank9        000000
__Lbigbss                                     bigbss       000000
__Lbigdata                                    bigdata      000000
__Lbigram                                     bigram       000000
__Lbigsfr                                     bigsfr       000000
__Lbss                                        bss          000000
__LbssBANK0                                   bssBANK0     000000
__LbssBANK1                                   bssBANK1     000000
__LbssBANK2                                   bssBANK2     000000
__LbssCOMRAM                                  bssCOMRAM    000000
__Lcinit                                      cinit        000000
__Lclrtext                                    clrtext      000000
__Lcomram                                     comram       000000
__Lconfig                                     config       000000
__Lconst                                      const        000000
__LcstackBANK0                                cstackBANK0  000000
__LcstackCOMRAM                               cstackCOMRAM 000000
__Ldata                                       data         000000
__Leeprom_data                                eeprom_data  000000
__Lfarbss                                     farbss       000000
__Lfardata                                    fardata      000000
__Lheap                                       heap         000000
__Libigdata                                   ibigdata     000000
__Lidata                                      idata        000000
__Lidloc                                      idloc        000000
__Lifardata                                   ifardata     000000
__Linit                                       init         0000AE
__Lintsave_regs                               intsave_regs 000000
__Lirdata                                     irdata       000000
__Livt0x8                                     ivt0x8       000008
__Lmediumconst                                mediumconst  000000
__LnvFARRAM                                   nvFARRAM     000000
__Lnvbit                                      nvbit        000000
__Lnvrram                                     nvrram       000000
__Lparam                                      rparam       000000
__Lpowerup                                    powerup      000000
__Lram                                        ram          000000
__Lramtop                                     ramtop       002000
__Lrbit                                       rbit         000000
__Lrbss                                       rbss         000000
__Lrdata                                      rdata        000000
__Lreset_vec                                  reset_vec    000000
__Lrparam                                     rparam       000000
__Lsfr                                        sfr          000000
__Lsmallconst                                 smallconst   002000
__Lspace_0                                    (abs)        000000
__Lspace_1                                    (abs)        000000
__Lspace_2                                    (abs)        000000
__Lspace_4                                    (abs)        000000
__Lstack                                      stack        000000
__Lstruct                                     struct       000000
__Ltemp                                       temp         000000
__Ltext                                       text         000000
__Ltext0                                      text0        000000
__Ltext1                                      text1        000000
__Ltext10                                     text10       000000
__Ltext11                                     text11       000000
__Ltext12                                     text12       000000
__Ltext13                                     text13       000000
__Ltext14                                     text14       000000
__Ltext15                                     text15       000000
__Ltext16                                     text16       000000
__Ltext17                                     text17       000000
__Ltext18                                     text18       000000
__Ltext19                                     text19       000000
__Ltext2                                      text2        000000
__Ltext20                                     text20       000000
__Ltext21                                     text21       000000
__Ltext22                                     text22       000000
__Ltext23                                     text23       000000
__Ltext24                                     text24       000000
__Ltext25                                     text25       000000
__Ltext26                                     text26       000000
__Ltext27                                     text27       000000
__Ltext28                                     text28       000000
__Ltext29                                     text29       000000
__Ltext3                                      text3        000000
__Ltext30                                     text30       000000
__Ltext31                                     text31       000000
__Ltext32                                     text32       000000
__Ltext33                                     text33       000000
__Ltext34                                     text34       000000
__Ltext35                                     text35       000000
__Ltext36                                     text36       000000
__Ltext37                                     text37       000000
__Ltext38                                     text38       000000
__Ltext39                                     text39       000000
__Ltext4                                      text4        000000
__Ltext40                                     text40       000000
__Ltext41                                     text41       000000
__Ltext42                                     text42       000000
__Ltext43                                     text43       000000
__Ltext44                                     text44       000000
__Ltext45                                     text45       000000
__Ltext46                                     text46       000000
__Ltext47                                     text47       000000
__Ltext48                                     text48       000000
__Ltext49                                     text49       000000
__Ltext5                                      text5        000000
__Ltext50                                     text50       000000
__Ltext51                                     text51       000000
__Ltext52                                     text52       000000
__Ltext53                                     text53       000000
__Ltext54                                     text54       000000
__Ltext55                                     text55       000000
__Ltext56                                     text56       000000
__Ltext57                                     text57       000000
__Ltext6                                      text6        000000
__Ltext7                                      text7        000000
__Ltext8                                      text8        000000
__Ltext9                                      text9        000000
__S0                                          (abs)        0031FC
__S1                                          (abs)        000280
__S4                                          (abs)        000000
__S5                                          (abs)        000000
___heap_hi                                    (abs)        000000
___heap_lo                                    (abs)        000000
___inthi_sp                                   stack        000000
___intlo_sp                                   stack        000000
___lodiv                                      text8        0025FE
___lodiv@counter                              cstackCOMRAM 000026
___lodiv@dividend                             cstackCOMRAM 00000E
___lodiv@divisor                              cstackCOMRAM 000016
___lodiv@quotient                             cstackCOMRAM 00001E
___lomod                                      text7        0029A4
___lomod@counter                              cstackCOMRAM 00001E
___lomod@dividend                             cstackCOMRAM 00000E
___lomod@divisor                              cstackCOMRAM 000016
___param_bank                                 (abs)        000000
___rparam_used                                (abs)        000001
___sp                                         stack        000000
___wmul                                       text12       003002
___wmul@multiplicand                          cstackCOMRAM 000010
___wmul@multiplier                            cstackCOMRAM 00000E
___wmul@product                               cstackCOMRAM 000012
__accesstop                                   (abs)        000060
__activetblptr                                (abs)        000003
__end_of_ADCC_GetConversionResult             text39       00314E
__end_of_ADCC_Initialize                      text35       002BD8
__end_of_ADCC_IsConversionDone                text38       0031CE
__end_of_ADCC_StartConversion                 text37       00315E
__end_of_DAC1_Initialize                      text34       0031E2
__end_of_DAC1_SetOutput                       text36       0031EC
__end_of_Default_ISR                          text44       0031F6
__end_of_INTERRUPT_Initialize                 text33       002D86
__end_of_Led_Blink                            text42       00311E
__end_of_OSCILLATOR_Initialize                text32       00313A
__end_of_PIN_MANAGER_Initialize               text31       0028F0
__end_of_PMD_Initialize                       text30       0030DE
__end_of_SYSTEM_Initialize                    text19       003052
__end_of_TMR5_DefaultInterruptHandler         text54       0031FC
__end_of_TMR5_ISR                             text53       002C26
__end_of_TMR5_Initialize                      text28       002C72
__end_of_TMR5_SetInterruptHandler             text29       0031C0
__end_of_TMR5_WriteTimer                      text56       00309A
__end_of_TMR6_CallBack                        text41       003100
__end_of_TMR6_DefaultInterruptHandler         text43       0031F4
__end_of_TMR6_ISR                             text40       002E82
__end_of_TMR6_Initialize                      text26       003002
__end_of_TMR6_SetInterruptHandler             text27       0031B2
__end_of_Timers_Isr                           text55       002D02
__end_of_UART1_DefaultErrorHandler            text51       0031F2
__end_of_UART1_DefaultFramingErrorHandler     text50       0031FA
__end_of_UART1_DefaultOverrunErrorHandler     text49       0031F8
__end_of_UART1_Initialize                     text20       00283A
__end_of_UART1_Receive_ISR                    text48       002AF4
__end_of_UART1_RxDataHandler                  text52       003076
__end_of_UART1_SetErrorHandler                text25       0031A4
__end_of_UART1_SetFramingErrorHandler         text24       003196
__end_of_UART1_SetOverrunErrorHandler         text23       003188
__end_of_UART1_SetRxInterruptHandler          text22       00317A
__end_of_UART1_SetTxInterruptHandler          text21       00316C
__end_of_UART1_Transmit_ISR                   text46       002FD6
__end_of_UART1_Write                          text17       002F3E
__end_of_UART1_rx_vect_isr                    text47       002F02
__end_of_UART1_tx_vect_isr                    text45       002EC2
__end_of___lodiv                              text8        0026CC
__end_of___lomod                              text7        002A52
__end_of___wmul                               text12       00302C
__end_of__initialization                      cinit        002D3E
__end_of_atoi                                 text9        0024D4
__end_of_display_led                          text18       002784
__end_of_fputc                                text15       0029A4
__end_of_fputs                                text14       002DC6
__end_of_isdigit                              text11       002FA8
__end_of_isspace                              text10       002E42
__end_of_main                                 text0        0025FE
__end_of_pad                                  text5        002B7C
__end_of_putch                                text16       0031D8
__end_of_puts                                 text13       002F78
__end_of_sprintf                              text1        002E04
__end_of_strlen                               text6        0030BC
__end_of_utoa                                 text4        0023A2
__end_of_vfpfcnvrt                            text3        002204
__end_of_vfprintf                             text2        002CBC
__initialization                              cinit        002D02
__mediumconst                                 mediumconst  000000
__pbssBANK0                                   bssBANK0     000060
__pbssBANK1                                   bssBANK1     000100
__pbssBANK2                                   bssBANK2     000200
__pbssCOMRAM                                  bssCOMRAM    000046
__pcinit                                      cinit        002D02
__pcstackBANK0                                cstackBANK0  0000AC
__pcstackCOMRAM                               cstackCOMRAM 000001
__pivt0x8                                     ivt0x8       000008
__psmallconst                                 smallconst   002000
__ptext0                                      text0        0024D4
__ptext1                                      text1        002DC6
__ptext10                                     text10       002E04
__ptext11                                     text11       002F78
__ptext12                                     text12       003002
__ptext13                                     text13       002F3E
__ptext14                                     text14       002D86
__ptext15                                     text15       0028F0
__ptext16                                     text16       0031CE
__ptext17                                     text17       002F02
__ptext18                                     text18       0026CC
__ptext19                                     text19       00302C
__ptext2                                      text2        002C72
__ptext20                                     text20       002784
__ptext21                                     text21       00315E
__ptext22                                     text22       00316C
__ptext23                                     text23       00317A
__ptext24                                     text24       003188
__ptext25                                     text25       003196
__ptext26                                     text26       002FD6
__ptext27                                     text27       0031A4
__ptext28                                     text28       002C26
__ptext29                                     text29       0031B2
__ptext3                                      text3        002012
__ptext30                                     text30       0030BC
__ptext31                                     text31       00283A
__ptext32                                     text32       00311E
__ptext33                                     text33       002D44
__ptext34                                     text34       0031D8
__ptext35                                     text35       002B7C
__ptext36                                     text36       0031E2
__ptext37                                     text37       00314E
__ptext38                                     text38       0031C0
__ptext39                                     text39       00313A
__ptext4                                      text4        002204
__ptext40                                     text40       002E44
__ptext41                                     text41       0030DE
__ptext42                                     text42       003100
__ptext43                                     text43       0031F2
__ptext44                                     text44       0031F4
__ptext45                                     text45       002E84
__ptext46                                     text46       002FA8
__ptext47                                     text47       002EC4
__ptext48                                     text48       002A52
__ptext49                                     text49       0031F6
__ptext5                                      text5        002AF4
__ptext50                                     text50       0031F8
__ptext51                                     text51       0031EC
__ptext52                                     text52       003052
__ptext53                                     text53       002BD8
__ptext54                                     text54       0031FA
__ptext55                                     text55       002CBC
__ptext56                                     text56       003076
__ptext57                                     text57       000000
__ptext6                                      text6        00309A
__ptext7                                      text7        0029A4
__ptext8                                      text8        0025FE
__ptext9                                      text9        0023A2
__ramtop                                      ramtop       002000
__smallconst                                  smallconst   002000
_ana0                                         bssCOMRAM    00004C
_ana1                                         bssCOMRAM    00004A
_atoi                                         text9        0023A2
_buff1                                        bssBANK2     000200
_dbuf                                         bssBANK0     00008C
_disp_tick                                    bssCOMRAM    00004E
_display_led                                  text18       0026CC
_flags                                        bssCOMRAM    000048
_fputc                                        text15       0028F0
_fputs                                        text14       002D86
_isdigit                                      text11       002F78
_isspace                                      text10       002E04
_isspace$2194                                 cstackCOMRAM 000014
_main                                         text0        0024D4
_nout                                         bssBANK0     000081
_pad                                          text5        002AF4
_prec                                         bssCOMRAM    000046
_putch                                        text16       0031CE
_puts                                         text13       002F3E
_puts$2249                                    cstackCOMRAM 000022
_sprintf                                      text1        002DC6
_strlen                                       text6        00309A
_tickCount                                    bssBANK0     000060
_timer5ReloadVal                              bssBANK0     000085
_uart1RxBuffer                                bssBANK1     000140
_uart1RxCount                                 bssBANK0     00008A
_uart1RxHead                                  bssCOMRAM    00004F
_uart1RxLastError                             bssBANK0     000089
_uart1RxStatusBuffer                          bssBANK1     000100
_uart1RxTail                                  bssBANK0     00008B
_uart1TxBuffer                                bssBANK1     000180
_uart1TxBufferRemaining                       bssCOMRAM    000050
_uart1TxHead                                  bssCOMRAM    000052
_uart1TxTail                                  bssCOMRAM    000051
_utoa                                         text4        002204
_vfpfcnvrt                                    text3        002012
_vfprintf                                     text2        002C72
_width                                        bssBANK0     000083
atoi@n                                        cstackCOMRAM 00001D
atoi@neg                                      cstackCOMRAM 00001B
atoi@s                                        cstackCOMRAM 000015
display_led@led                               cstackCOMRAM 000010
end_of_initialization                         cinit        002D3E
fputc@c                                       cstackCOMRAM 000010
fputc@fp                                      cstackCOMRAM 000012
fputs@c                                       cstackCOMRAM 00001D
fputs@fp                                      cstackCOMRAM 00001B
fputs@i                                       cstackCOMRAM 00001E
fputs@s                                       cstackCOMRAM 000019
intlevel0                                     text         000000
intlevel1                                     text         000000
intlevel2                                     text         000000
intlevel3                                     text         000000
isa$std                                       (abs)        000001
isa$xinst                                     (abs)        000000
isdigit@c                                     cstackCOMRAM 00000E
isspace@c                                     cstackCOMRAM 00000E
ivt0x8_base                                   ivt0x8       000008
ivt0x8_undefint                               ivt0x8       0000AC
main@dac_v                                    cstackCOMRAM 000045
pad@buf                                       cstackCOMRAM 000021
pad@fp                                        cstackCOMRAM 000020
pad@i                                         cstackCOMRAM 000025
pad@p                                         cstackCOMRAM 000022
pad@w                                         cstackCOMRAM 000027
putch@txData                                  cstackCOMRAM 00000F
puts@s                                        cstackCOMRAM 000020
sprintf@ap                                    cstackBANK0  0000C9
sprintf@f                                     cstackBANK0  0000CA
sprintf@fmt                                   cstackBANK0  0000C4
sprintf@s                                     cstackBANK0  0000C2
stackhi                                       (abs)        000000
stacklo                                       (abs)        000000
start                                         init         0000AE
start_initialization                          cinit        002D02
strlen@a                                      cstackCOMRAM 000010
strlen@s                                      cstackCOMRAM 00000E
utoa@d                                        cstackCOMRAM 00002A
utoa@fp                                       cstackCOMRAM 000029
utoa@i                                        cstackBANK0  0000B8
utoa@n                                        cstackBANK0  0000B0
utoa@p                                        cstackBANK0  0000AC
utoa@w                                        cstackBANK0  0000AE
vfpfcnvrt@ap                                  cstackCOMRAM 00003C
vfpfcnvrt@fmt                                 cstackCOMRAM 00003B
vfpfcnvrt@fp                                  cstackCOMRAM 00003A
vfpfcnvrt@llu                                 cstackBANK0  0000BA
vfprintf@ap                                   cstackCOMRAM 000043
vfprintf@cfmt                                 cstackCOMRAM 000044
vfprintf@fmt                                  cstackCOMRAM 000042
vfprintf@fp                                   cstackCOMRAM 000041


MODULE INFORMATION

Module		Function		Class		Link	Load	Size
/opt/microchip/xc8/v2.35/pic/sources/c99/common/lomod.c
		___lomod       		CODE           	29A4	0000	174

/opt/microchip/xc8/v2.35/pic/sources/c99/common/lomod.c estimated size: 174

timers.c
		_Timers_Isr    		CODE           	2CBC	0000	70

timers.c estimated size: 70

/opt/microchip/xc8/v2.35/pic/sources/c99/common/atoi.c
		_atoi          		CODE           	23A2	0000	306

/opt/microchip/xc8/v2.35/pic/sources/c99/common/atoi.c estimated size: 306

disp_led.c
		_display_led   		CODE           	26CC	0000	184

disp_led.c estimated size: 184

mcc_generated_files/tmr6.c
		_TMR6_CallBack 		CODE           	30DE	0000	34
		_TMR6_ISR      		CODE           	2E44	0000	62
		_TMR6_Initialize		CODE           	2FD6	0000	44
		_TMR6_SetInterruptHandler		CODE           	31A4	0000	14
		_TMR6_DefaultInterruptHandler		CODE           	31F2	0000	2

mcc_generated_files/tmr6.c estimated size: 156

mcc_generated_files/interrupt_manager.c
		_INTERRUPT_Initialize		CODE           	2D44	0000	66
		_Default_ISR   		CODE           	31F4	0000	2

mcc_generated_files/interrupt_manager.c estimated size: 68

/opt/microchip/xc8/v2.35/pic/sources/c99/common/strlen.c
		_strlen        		CODE           	309A	0000	34

/opt/microchip/xc8/v2.35/pic/sources/c99/common/strlen.c estimated size: 34

mcc_generated_files/pin_manager.c
		_PIN_MANAGER_Initialize		CODE           	283A	0000	182

mcc_generated_files/pin_manager.c estimated size: 182

/opt/microchip/xc8/v2.35/pic/sources/c99/common/lodiv.c
		___lodiv       		CODE           	25FE	0000	206

/opt/microchip/xc8/v2.35/pic/sources/c99/common/lodiv.c estimated size: 206

/opt/microchip/xc8/v2.35/pic/sources/c99/common/isspace.c
		_isspace       		CODE           	2E04	0000	62

/opt/microchip/xc8/v2.35/pic/sources/c99/common/isspace.c estimated size: 62

/opt/microchip/xc8/v2.35/pic/sources/c99/common/nf_fputs.c
		_fputs         		CODE           	2D86	0000	64

/opt/microchip/xc8/v2.35/pic/sources/c99/common/nf_fputs.c estimated size: 64

/opt/microchip/xc8/v2.35/pic/sources/c99/common/doprnt.c
		_vfpfcnvrt     		CODE           	2012	0000	498
		_pad           		CODE           	2AF4	0000	136
		_vfprintf      		CODE           	2C72	0000	74
		_utoa          		CODE           	2204	0000	414

/opt/microchip/xc8/v2.35/pic/sources/c99/common/doprnt.c estimated size: 1122

mcc_generated_files/uart1.c
		_UART1_rx_vect_isr		CODE           	2EC4	0000	62
		_UART1_Write   		CODE           	2F02	0000	60
		_putch         		CODE           	31CE	0000	10
		_UART1_SetFramingErrorHandler		CODE           	3188	0000	14
		_UART1_SetOverrunErrorHandler		CODE           	317A	0000	14
		_UART1_tx_vect_isr		CODE           	2E84	0000	62
		_UART1_Receive_ISR		CODE           	2A52	0000	162
		_UART1_SetRxInterruptHandler		CODE           	316C	0000	14
		_UART1_SetTxInterruptHandler		CODE           	315E	0000	14
		_UART1_Initialize		CODE           	2784	0000	182
		_UART1_SetErrorHandler		CODE           	3196	0000	14
		_UART1_Transmit_ISR		CODE           	2FA8	0000	46
		_UART1_DefaultFramingErrorHandler		CODE           	31F8	0000	2
		_UART1_DefaultErrorHandler		CODE           	31EC	0000	6
		_UART1_RxDataHandler		CODE           	3052	0000	36
		_UART1_DefaultOverrunErrorHandler		CODE           	31F6	0000	2

mcc_generated_files/uart1.c estimated size: 700

/opt/microchip/xc8/v2.35/pic/sources/c99/common/Umul16.c
		___wmul        		CODE           	3002	0000	42

/opt/microchip/xc8/v2.35/pic/sources/c99/common/Umul16.c estimated size: 42

mcc_generated_files/tmr5.c
		_TMR5_ISR      		CODE           	2BD8	0000	78
		_TMR5_Initialize		CODE           	2C26	0000	76
		_TMR5_SetInterruptHandler		CODE           	31B2	0000	14
		_TMR5_DefaultInterruptHandler		CODE           	31FA	0000	2
		_TMR5_WriteTimer		CODE           	3076	0000	36

mcc_generated_files/tmr5.c estimated size: 206

shared
		__initialization		CODE           	2D02	0000	60

shared estimated size: 60

mcc_generated_files/mcc.c
		_PMD_Initialize		CODE           	30BC	0000	34
		_OSCILLATOR_Initialize		CODE           	311E	0000	28
		_SYSTEM_Initialize		CODE           	302C	0000	38

mcc_generated_files/mcc.c estimated size: 100

mcc_generated_files/dac1.c
		_DAC1_SetOutput		CODE           	31E2	0000	10
		_DAC1_Initialize		CODE           	31D8	0000	10

mcc_generated_files/dac1.c estimated size: 20

mcc_generated_files/adcc.c
		_ADCC_GetConversionResult		CODE           	313A	0000	20
		_ADCC_StartConversion		CODE           	314E	0000	16
		_ADCC_Initialize		CODE           	2B7C	0000	92
		_ADCC_IsConversionDone		CODE           	31C0	0000	14

mcc_generated_files/adcc.c estimated size: 142

/opt/microchip/xc8/v2.35/pic/sources/c99/common/isdigit.c
		_isdigit       		CODE           	2F78	0000	48

/opt/microchip/xc8/v2.35/pic/sources/c99/common/isdigit.c estimated size: 48

/opt/microchip/xc8/v2.35/pic/sources/c99/common/puts.c
		_puts          		CODE           	2F3E	0000	58

/opt/microchip/xc8/v2.35/pic/sources/c99/common/puts.c estimated size: 58

main.c
		_Led_Blink     		CODE           	3100	0000	30
		_main          		CODE           	24D4	0000	298

main.c estimated size: 328

/opt/microchip/xc8/v2.35/pic/sources/c99/common/nf_sprintf.c
		_sprintf       		CODE           	2DC6	0000	62

/opt/microchip/xc8/v2.35/pic/sources/c99/common/nf_sprintf.c estimated size: 62

/opt/microchip/xc8/v2.35/pic/sources/c99/common/nf_fputc.c
		_fputc         		CODE           	28F0	0000	180

/opt/microchip/xc8/v2.35/pic/sources/c99/common/nf_fputc.c estimated size: 180

