Microchip MPLAB XC8 Compiler V2.36

Linker command line:

-W-3 --edf=/opt/microchip/xc8/v2.36/pic/dat/en_msgs.txt -pivt0x8=08h -cn \
  -h+dist/default/production/ps_test.X.production.sym \
  --cmf=dist/default/production/ps_test.X.production.cmf -z -Q18F57K42 \
  -o/tmp/xcXFgEaAK --defsym=__MPLAB_BUILD=1 \
  -Mdist/default/production/ps_test.X.production.map \
  --md=/tmp/xcXhHCfJp.dat -E1 -ver=XC8 Compiler --acfsm=1493 \
  -ACODE=00h-01FFFFh -ACONST=00h-01FFFFh -ASMALLCONST=02000h-020FFhx480 \
  -AMEDIUMCONST=02000h-0FFFFh,012000h-01FFFFh -ACOMRAM=01h-05Fh \
  -AABS1=00h-01FFFh -ABIGRAM=01h-01FFFh -ARAM=060h-0FFh,0100h-01FFhx31 \
  -ABANK0=060h-0FFh -ABANK1=0100h-01FFh -ABANK2=0200h-02FFh \
  -ABANK3=0300h-03FFh -ABANK4=0400h-04FFh -ABANK5=0500h-05FFh \
  -ABANK6=0600h-06FFh -ABANK7=0700h-07FFh -ABANK8=0800h-08FFh \
  -ABANK9=0900h-09FFh -ABANK10=0A00h-0AFFh -ABANK11=0B00h-0BFFh \
  -ABANK12=0C00h-0CFFh -ABANK13=0D00h-0DFFh -ABANK14=0E00h-0EFFh \
  -ABANK15=0F00h-0FFFh -ABANK16=01000h-010FFh -ABANK17=01100h-011FFh \
  -ABANK18=01200h-012FFh -ABANK19=01300h-013FFh -ABANK20=01400h-014FFh \
  -ABANK21=01500h-015FFh -ABANK22=01600h-016FFh -ABANK23=01700h-017FFh \
  -ABANK24=01800h-018FFh -ABANK25=01900h-019FFh -ABANK26=01A00h-01AFFh \
  -ABANK27=01B00h-01BFFh -ABANK28=01C00h-01CFFh -ABANK29=01D00h-01DFFh \
  -ABANK30=01E00h-01EFFh -ABANK31=01F00h-01FFFh \
  -ASFR=03800h-038FFhx7,03F00h-03F5Fh,03F60h-03FFFh -ABIGSFR=03800h-03FFFh \
  -ACONFIG=0300000h-0300009h -AIDLOC=0200000h-020000Fh \
  -AEEDATA=0310000h-03103FFh -peeprom_data=EEDATA -preset_vec=00h \
  -ppowerup=CODE,init -pramtop=02000h -psmallconst=SMALLCONST \
  -pmediumconst=MEDIUMCONST -pconst=CONST -AFARRAM=00h-00h \
  -prdata=COMRAM,nvrram=COMRAM,nvbit=COMRAM,rbss=COMRAM,rbit=COMRAM \
  -pfarbss=FARRAM,fardata=FARRAM,nvFARRAM=FARRAM \
  -pintsave_regs=BIGRAM,bigbss=BIGRAM,bigdata=BIGRAM -pbss=RAM \
  -pidata=CODE,irdata=CODE,ibigdata=CODE,ifardata=CODE -prparam=COMRAM \
  /tmp/xcXGjamMl.o dist/default/production/ps_test.X.production.o 

Object code version is 3.11

Machine type is 18F57K42



                Name                               Link     Load   Length Selector   Space Scale
/tmp/xcXGjamMl.o
                idloc                            200000   200000       10        0       5
                config                           300000   300000        A        0       4
                init                                 AE       AE        4        4       0
                reset_vec                             0        0        4        0       0
dist/default/production/ps_test.X.production.o
                idloc                            200000   200000       10        0       5
                config                           300000   300000        A        0       4
                mediumconst                        FE00     FE00      200     7F00       0
                ivt0x8                                8        8       A6        4       0
                text136                           14C7E    14C7E        6     A35A       0
                text135                           144B4    144B4       3C     511E       0
                text134                           14C5E    14C5E        8     A35A       0
                text133                           14478    14478       3C     511E       0
                text132                           14C88    14C88        4     A35A       0
                text131                           14C98    14C98        2     A35A       0
                text130                           142C0    142C0       42     50B0       0
                text129                           1489E    1489E       24     A35A       0
                text128                           13FE0    13FE0       52     8000       0
                text127                           14C96    14C96        2     A35A       0
                text126                           14034    14034       4E     500D       0
                text125                           14C94    14C94        2     A35A       0
                text124                           14C92    14C92        2     A35A       0
                text123                           1498C    1498C       20     A35A       0
                text122                           1487A    1487A       24     A35A       0
                text121                           14614    14614       3A     5185       0
                text120                           14B20    14B20       16     A35A       0
                text119                           13AE0    13AE0       76     8000       0
                text118                           14C90    14C90        2     A35A       0
                text117                           1427C    1427C       42     509F       0
                text116                           1494A    1494A       22     A35A       0
                text115                           14C78    14C78        6     A35A       0
                text114                           14C8E    14C8E        2     A35A       0
                text113                           14C8C    14C8C        2     A35A       0
                text112                           137FC    137FC       A2     8000       0
                text111                           141A8    141A8       48     500D       0
                text110                           147D4    147D4       2E     A35A       0
                text109                           14160    14160       48     500D       0
                text108                           14C72    14C72        6     A35A       0
                text107                           14C54    14C54        A     A35A       0
                text106                           14A06    14A06       1E     A35A       0
                text105                           146E6    146E6       32     A35A       0
                text104                           146B4    146B4       32     A35A       0
                text103                           14C30    14C30        E     A35A       0
                text102                           13B56    13B56       72     8000       0
                text101                           14C3E    14C3E        C     A35A       0
                text100                           14C22    14C22        E     A35A       0
                text99                            13E36    13E36       5E     8000       0
                text98                            140CE    140CE       4A     500D       0
                text97                            14A40    14A40       1C     A35A       0
                text96                            132CA    132CA       CE     8000       0
                text95                            14928    14928       22     A35A       0
                text94                            14B08    14B08       18     A35A       0
                text93                            14AF0    14AF0       18     A35A       0
                text92                            14A76    14A76       1A     A35A       0
                text91                            14C14    14C14        E     A35A       0
                text90                            149E8    149E8       1E     A35A       0
                text89                            14C06    14C06        E     A35A       0
                text88                            14118    14118       48     500D       0
                text87                            14BF8    14BF8        E     A35A       0
                text86                            147A6    147A6       2E     A35A       0
                text85                            14BEA    14BEA        E     A35A       0
                text84                            14BDC    14BDC        E     A35A       0
                text83                            14BCE    14BCE        E     A35A       0
                text82                            14BC0    14BC0        E     A35A       0
                text81                            14BB2    14BB2        E     A35A       0
                text80                            14BA4    14BA4        E     A35A       0
                text79                            14B96    14B96        E     A35A       0
                text78                            13050    13050       DC     8000       0
                text77                            143FC    143FC       3E     50B0       0
                text76                            12CD4    12CD4      142     8000       0
                text75                            14302    14302       40     50B0       0
                text74                            1443A    1443A       3C     50B0       0
                text73                            14C4A    14C4A        A     A35A       0
                text72                            13696    13696       B8     8000       0
                text71                            13CA4    13CA4       6C     8000       0
                text70                            145D8    145D8       3A     511E       0
                text69                            14AD8    14AD8       18     A35A       0
                text68                            14906    14906       22     A35A       0
                text67                            14A24    14A24       1C     A35A       0
                text66                            14B4A    14B4A       14     A35A       0
                text65                            14B36    14B36       14     A35A       0
                text64                            14AC0    14AC0       18     A35A       0
                text63                            14AA8    14AA8       18     A35A       0
                text62                            148E4    148E4       22     A35A       0
                text61                            148C2    148C2       22     A35A       0
                text60                            14082    14082       4C     500D       0
                text59                            12778    12778      16A     8000       0
                text58                            12260    12260      1BE     8000       0
                text57                            143BE    143BE       3E     50B0       0
                text56                            14B88    14B88        E     A35A       0
                text55                            14856    14856       24     A35A       0
                text54                            14B7A    14B7A        E     A35A       0
                text53                            12B86    12B86      14E     8000       0
                text52                            128E2    128E2      154     8000       0
                text51                            135DE    135DE       B8     8000       0
                text50                            13EE8    13EE8       54     8000       0
                text49                            13F8E    13F8E       52     8000       0
                text48                            14C6C    14C6C        6     A35A       0
                text47                            14C66    14C66        6     A35A       0
                text46                            14380    14380       3E     50B0       0
                text45                            14B6C    14B6C        E     A35A       0
                text44                            149CA    149CA       1E     A35A       0
                text43                            14B5E    14B5E        E     A35A       0
                text42                            13C38    13C38       6C     8000       0
                text41                            13E94    13E94       54     8000       0
                text40                            13938    13938       9A     8000       0
                text39                            13D10    13D10       64     8000       0
                text38                            149AC    149AC       1E     A35A       0
                text37                            14A5C    14A5C       1A     A35A       0
                text36                            1459E    1459E       3A     511E       0
                text35                            14564    14564       3A     511E       0
                text34                            1452A    1452A       3A     511E       0
                text33                            1496C    1496C       20     A35A       0
                text32                            13464    13464       C0     8000       0
                text31                            1482C    1482C       2A     A35A       0
                text30                            14748    14748       30     A35A       0
                text29                            14342    14342       3E     50B0       0
                text28                            12E16    12E16      140     8000       0
                text27                            13A5C    13A5C       84     8000       0
                text26                            13BC8    13BC8       70     8000       0
                text25                            11FD8    11FD8      288     8000       0
                text24                            139D2    139D2       8A     8000       0
                text23                            1312C    1312C       D0     8000       0
                text22                            1197C    1197C      350     8000       0
                text21                            14778    14778       2E     A35A       0
                text20                            11CCC    11CCC      30C     8000       0
                text19                            141F0    141F0       46     500D       0
                text18                            13524    13524       BA     8000       0
                text17                            13398    13398       CC     8000       0
                text16                            125CE    125CE      1AA     8000       0
                text15                            1389E    1389E       9A     8000       0
                text14                            13D74    13D74       62     8000       0
                text13                            14718    14718       30     A35A       0
                text12                            144F0    144F0       3A     511E       0
                text11                            10000    10000      9B8     8000       0
                text10                            12A36    12A36      150     8000       0
                text9                             131FC    131FC       CE     8000       0
                text8                             1374E    1374E       AE     8000       0
                text7                             1241E    1241E      1B0     8000       0
                text6                             109B8    109B8      6F0     8000       0
                text5                             13DD6    13DD6       60     8000       0
                text4                             14802    14802       2A     A35A       0
                text3                             14236    14236       44     500D       0
                text2                             14A90    14A90       18     A35A       0
                text1                             13F3C    13F3C       52     8000       0
                text0                             110A8    110A8      4D4     8000       0
                cstackCOMRAM                          1        1       26        1       1
                cstackBANK0                          60       60       90       60       1
                cstackBANK1                         1FB      1FB        4      100       1
                cstackBANK2                         2C2      2C2       1B      200       1
                dataBIGRAM                          583      583      400      583       1
                bssBANK5                            500      500       83      500       1
                bssBANK4                            400      400       FF      400       1
                bssBANK3                            300      300       C3      300       1
                dataBANK2                           290      290       32      200       1
                bssBANK2                            200      200       90      200       1
                dataBANK1                           1C8      1C8       33      100       1
                bssBANK1                            100      100       C8      100       1
                dataBANK0                            FC       FC        4       60       1
                bssBANK0                             F0       F0        C       60       1
                bssCOMRAM                            27       27       1C        1       1
                cinit                             12F56    12F56       FA     8000       0
                idataBANK2                        14681    14681       32     5185       0
                idataBANK1                        1464E    1464E       33     5185       0
                idataBANK0                        14C84    14C84        4     A35A       0
                idataBIGRAM                       1157C    1157C      400     8000       0

TOTAL           Name                               Link     Load   Length     Space
        CLASS   CODE           
                init                                 AE       AE        4         0
                reset_vec                             0        0        4         0
                ivt0x8                                8        8       A6         0
                text136                           14C7E    14C7E        6         0
                text135                           144B4    144B4       3C         0
                text134                           14C5E    14C5E        8         0
                text133                           14478    14478       3C         0
                text132                           14C88    14C88        4         0
                text131                           14C98    14C98        2         0
                text130                           142C0    142C0       42         0
                text129                           1489E    1489E       24         0
                text128                           13FE0    13FE0       52         0
                text127                           14C96    14C96        2         0
                text126                           14034    14034       4E         0
                text125                           14C94    14C94        2         0
                text124                           14C92    14C92        2         0
                text123                           1498C    1498C       20         0
                text122                           1487A    1487A       24         0
                text121                           14614    14614       3A         0
                text120                           14B20    14B20       16         0
                text119                           13AE0    13AE0       76         0
                text118                           14C90    14C90        2         0
                text117                           1427C    1427C       42         0
                text116                           1494A    1494A       22         0
                text115                           14C78    14C78        6         0
                text114                           14C8E    14C8E        2         0
                text113                           14C8C    14C8C        2         0
                text112                           137FC    137FC       A2         0
                text111                           141A8    141A8       48         0
                text110                           147D4    147D4       2E         0
                text109                           14160    14160       48         0
                text108                           14C72    14C72        6         0
                text107                           14C54    14C54        A         0
                text106                           14A06    14A06       1E         0
                text105                           146E6    146E6       32         0
                text104                           146B4    146B4       32         0
                text103                           14C30    14C30        E         0
                text102                           13B56    13B56       72         0
                text101                           14C3E    14C3E        C         0
                text100                           14C22    14C22        E         0
                text99                            13E36    13E36       5E         0
                text98                            140CE    140CE       4A         0
                text97                            14A40    14A40       1C         0
                text96                            132CA    132CA       CE         0
                text95                            14928    14928       22         0
                text94                            14B08    14B08       18         0
                text93                            14AF0    14AF0       18         0
                text92                            14A76    14A76       1A         0
                text91                            14C14    14C14        E         0
                text90                            149E8    149E8       1E         0
                text89                            14C06    14C06        E         0
                text88                            14118    14118       48         0
                text87                            14BF8    14BF8        E         0
                text86                            147A6    147A6       2E         0
                text85                            14BEA    14BEA        E         0
                text84                            14BDC    14BDC        E         0
                text83                            14BCE    14BCE        E         0
                text82                            14BC0    14BC0        E         0
                text81                            14BB2    14BB2        E         0
                text80                            14BA4    14BA4        E         0
                text79                            14B96    14B96        E         0
                text78                            13050    13050       DC         0
                text77                            143FC    143FC       3E         0
                text76                            12CD4    12CD4      142         0
                text75                            14302    14302       40         0
                text74                            1443A    1443A       3C         0
                text73                            14C4A    14C4A        A         0
                text72                            13696    13696       B8         0
                text71                            13CA4    13CA4       6C         0
                text70                            145D8    145D8       3A         0
                text69                            14AD8    14AD8       18         0
                text68                            14906    14906       22         0
                text67                            14A24    14A24       1C         0
                text66                            14B4A    14B4A       14         0
                text65                            14B36    14B36       14         0
                text64                            14AC0    14AC0       18         0
                text63                            14AA8    14AA8       18         0
                text62                            148E4    148E4       22         0
                text61                            148C2    148C2       22         0
                text60                            14082    14082       4C         0
                text59                            12778    12778      16A         0
                text58                            12260    12260      1BE         0
                text57                            143BE    143BE       3E         0
                text56                            14B88    14B88        E         0
                text55                            14856    14856       24         0
                text54                            14B7A    14B7A        E         0
                text53                            12B86    12B86      14E         0
                text52                            128E2    128E2      154         0
                text51                            135DE    135DE       B8         0
                text50                            13EE8    13EE8       54         0
                text49                            13F8E    13F8E       52         0
                text48                            14C6C    14C6C        6         0
                text47                            14C66    14C66        6         0
                text46                            14380    14380       3E         0
                text45                            14B6C    14B6C        E         0
                text44                            149CA    149CA       1E         0
                text43                            14B5E    14B5E        E         0
                text42                            13C38    13C38       6C         0
                text41                            13E94    13E94       54         0
                text40                            13938    13938       9A         0
                text39                            13D10    13D10       64         0
                text38                            149AC    149AC       1E         0
                text37                            14A5C    14A5C       1A         0
                text36                            1459E    1459E       3A         0
                text35                            14564    14564       3A         0
                text34                            1452A    1452A       3A         0
                text33                            1496C    1496C       20         0
                text32                            13464    13464       C0         0
                text31                            1482C    1482C       2A         0
                text30                            14748    14748       30         0
                text29                            14342    14342       3E         0
                text28                            12E16    12E16      140         0
                text27                            13A5C    13A5C       84         0
                text26                            13BC8    13BC8       70         0
                text25                            11FD8    11FD8      288         0
                text24                            139D2    139D2       8A         0
                text23                            1312C    1312C       D0         0
                text22                            1197C    1197C      350         0
                text21                            14778    14778       2E         0
                text20                            11CCC    11CCC      30C         0
                text19                            141F0    141F0       46         0
                text18                            13524    13524       BA         0
                text17                            13398    13398       CC         0
                text16                            125CE    125CE      1AA         0
                text15                            1389E    1389E       9A         0
                text14                            13D74    13D74       62         0
                text13                            14718    14718       30         0
                text12                            144F0    144F0       3A         0
                text11                            10000    10000      9B8         0
                text10                            12A36    12A36      150         0
                text9                             131FC    131FC       CE         0
                text8                             1374E    1374E       AE         0
                text7                             1241E    1241E      1B0         0
                text6                             109B8    109B8      6F0         0
                text5                             13DD6    13DD6       60         0
                text4                             14802    14802       2A         0
                text3                             14236    14236       44         0
                text2                             14A90    14A90       18         0
                text1                             13F3C    13F3C       52         0
                text0                             110A8    110A8      4D4         0
                cinit                             12F56    12F56       FA         0
                idataBANK2                        14681    14681       32         0
                idataBANK1                        1464E    1464E       33         0
                idataBANK0                        14C84    14C84        4         0
                idataBIGRAM                       1157C    1157C      400         0

        CLASS   CONST          

        CLASS   SMALLCONST     

        CLASS   MEDIUMCONST    
                mediumconst                        FE00     FE00      200         0

        CLASS   COMRAM         
                cstackCOMRAM                          1        1       26         1
                bssCOMRAM                            27       27       1C         1

        CLASS   ABS1           

        CLASS   BIGRAM         
                dataBIGRAM                          583      583      400         1

        CLASS   RAM            

        CLASS   BANK0          
                cstackBANK0                          60       60       90         1
                dataBANK0                            FC       FC        4         1
                bssBANK0                             F0       F0        C         1

        CLASS   BANK1          
                cstackBANK1                         1FB      1FB        4         1
                dataBANK1                           1C8      1C8       33         1
                bssBANK1                            100      100       C8         1

        CLASS   BANK2          
                cstackBANK2                         2C2      2C2       1B         1
                dataBANK2                           290      290       32         1
                bssBANK2                            200      200       90         1

        CLASS   BANK3          
                bssBANK3                            300      300       C3         1

        CLASS   BANK4          
                bssBANK4                            400      400       FF         1

        CLASS   BANK5          
                bssBANK5                            500      500       83         1

        CLASS   BANK6          

        CLASS   BANK7          

        CLASS   BANK8          

        CLASS   BANK9          

        CLASS   BANK10         

        CLASS   BANK11         

        CLASS   BANK12         

        CLASS   BANK13         

        CLASS   BANK14         

        CLASS   BANK15         

        CLASS   BANK16         

        CLASS   BANK17         

        CLASS   BANK18         

        CLASS   BANK19         

        CLASS   BANK20         

        CLASS   BANK21         

        CLASS   BANK22         

        CLASS   BANK23         

        CLASS   BANK24         

        CLASS   BANK25         

        CLASS   BANK26         

        CLASS   BANK27         

        CLASS   BANK28         

        CLASS   BANK29         

        CLASS   BANK30         

        CLASS   BANK31         

        CLASS   SFR            

        CLASS   BIGSFR         

        CLASS   CONFIG         
                config                           300000   300000        A         4

        CLASS   IDLOC          
                idloc                            200000   200000       10         5

        CLASS   EEDATA         

        CLASS   FARRAM         

        CLASS   HEAP           

        CLASS   STACK          



SEGMENTS        Name                           Load    Length   Top    Selector   Space  Class

                text11                         010000  004032  014032      8000       0  CODE    
                dataBIGRAM                     000583  000400  000983       583       1  BIGRAM  
                text117                        01427C  000042  0142BE      509F       0  CODE    
                text126                        014034  000246  01427A      500D       0  CODE    
                text121                        014614  00009F  0146B3      5185       0  CODE    
                text133                        014478  00019A  014612      511E       0  CODE    
                reset_vec                      000000  000004  000004         0       0  CODE    
                text104                        0146B4  0005E6  014C9A      A35A       0  CODE    
                text130                        0142C0  0001B6  014476      50B0       0  CODE    
                cstackBANK0                    000060  0000A0  000100        60       1  BANK0   
                bssBANK4                       000400  0000FF  0004FF       400       1  BANK4   
                mediumconst                    00FE00  000200  010000      7F00       0  MEDIUMCO
                cstackCOMRAM                   000001  000042  000043         1       1  COMRAM  
                bssBANK1                       000100  0000FF  0001FF       100       1  BANK1   
                bssBANK3                       000300  0000C3  0003C3       300       1  BANK3   
                ivt0x8                         000008  0000AA  0000B2         4       0  CODE    
                bssBANK2                       000200  0000DD  0002DD       200       1  BANK2   
                bssBANK5                       000500  000083  000583       500       1  BANK5   


UNUSED ADDRESS RANGES

        Name                Unused          Largest block    Delta
        BANK1            0001FF-0001FF                1
        BANK10           000A00-000AFF              100
        BANK11           000B00-000BFF              100
        BANK12           000C00-000CFF              100
        BANK13           000D00-000DFF              100
        BANK14           000E00-000EFF              100
        BANK15           000F00-000FFF              100
        BANK16           001000-0010FF              100
        BANK17           001100-0011FF              100
        BANK18           001200-0012FF              100
        BANK19           001300-0013FF              100
        BANK2            0002DD-0002FF               23
        BANK20           001400-0014FF              100
        BANK21           001500-0015FF              100
        BANK22           001600-0016FF              100
        BANK23           001700-0017FF              100
        BANK24           001800-0018FF              100
        BANK25           001900-0019FF              100
        BANK26           001A00-001AFF              100
        BANK27           001B00-001BFF              100
        BANK28           001C00-001CFF              100
        BANK29           001D00-001DFF              100
        BANK3            0003C3-0003FF               3D
        BANK30           001E00-001EFF              100
        BANK31           001F00-001FFF              100
        BANK4            0004FF-0004FF                1
        BANK9            000983-0009FF               7D
        BIGRAM           000043-00005F               1D
                         0001FF-0001FF                1
                         0002DD-0002FF               23
                         0003C3-0003FF               3D
                         0004FF-0004FF                1
                         000983-001FFF             167D
        BIGSFR           003800-003FFF              800
        CODE             000004-000007                4
                         0000B2-00FDFF             FD4E
                         014032-014033                2
                         01427A-01427B                2
                         0142BE-0142BF                2
                         014476-014477                2
                         014612-014613                2
                         0146B3-0146B3                1
                         014C9A-01FFFF             B366
        COMRAM           000043-00005F               1D
        CONST            000004-000007                4
                         0000B2-00FDFF             FD4E
                         014032-014033                2
                         01427A-01427B                2
                         0142BE-0142BF                2
                         014476-014477                2
                         014612-014613                2
                         0146B3-0146B3                1
                         014C9A-01FFFF             B366
        EEDATA           310000-3103FF              400
        MEDIUMCONST      002000-00FDFF             DE00
                         014032-014033                2
                         01427A-01427B                2
                         0142BE-0142BF                2
                         014476-014477                2
                         014612-014613                2
                         0146B3-0146B3                1
                         014C9A-01FFFF             B366
        RAM              0001FF-0001FF                1
                         0002DD-0002FF               23
                         0003C3-0003FF               3D
                         0004FF-0004FF                1
                         000983-001FFF              100
        SFR              003800-003FFF              100
        SMALLCONST       002000-00FDFF              100
                         014032-014033                2
                         01427A-01427B                2
                         0142BE-0142BF                2
                         014476-014477                2
                         014612-014613                2
                         0146B3-0146B3                1
                         014C9A-01FFFF              100

                                  Symbol Table

?_ADCC_GetConversionResult                             cstackCOMRAM 000001
?___awdiv                                              cstackCOMRAM 00001E
?___awmod                                              cstackCOMRAM 00001E
?___fladd                                              cstackCOMRAM 00001E
?___fldiv                                              cstackCOMRAM 00001E
?___flmul                                              cstackBANK0  000066
?___flneg                                              cstackCOMRAM 00001E
?___flsub                                              cstackBANK0  00007F
?___fltol                                              cstackCOMRAM 00001E
?___fpclassifyf                                        cstackCOMRAM 00001E
?___lodiv                                              cstackBANK0  000060
?___lomod                                              cstackBANK0  000060
?___wmul                                               cstackCOMRAM 00001E
?___xxtofl                                             cstackCOMRAM 00001E
?_atoi                                                 cstackCOMRAM 000025
?_efgtoa                                               cstackBANK0  00008B
?_floorf                                               cstackBANK0  000071
?_fputc                                                cstackCOMRAM 000020
?_fputs                                                cstackBANK0  000065
?_isdigit                                              cstackCOMRAM 00001E
?_isspace                                              cstackCOMRAM 00001E
?_isupper                                              cstackCOMRAM 00001E
?_pad                                                  cstackBANK0  00006C
?_printf                                               cstackBANK2  0002C2
?_sprintf                                              cstackBANK2  0002C2
?_stoa                                                 cstackBANK0  000065
?_strlen                                               cstackCOMRAM 00001E
?_strncmp                                              cstackBANK0  000060
?_tolower                                              cstackCOMRAM 000024
?_utoa                                                 cstackBANK0  000076
?_vfpfcnvrt                                            cstackBANK0  0000C9
?_vfprintf                                             cstackBANK0  0000E8
ADCC_SetADIInterruptHandler@InterruptHandler           cstackCOMRAM 00001E
Adc_Isr@c_adc_chan                                     bssCOMRAM    00003A
DAC1_SetOutput@inputData                               cstackCOMRAM 00001E
DATAEE_ReadByte@bAdd                                   cstackCOMRAM 00001E
DATAEE_WriteByte@GIEBitValue                           cstackCOMRAM 000021
DATAEE_WriteByte@bAdd                                  cstackCOMRAM 00001E
DATAEE_WriteByte@bData                                 cstackCOMRAM 000020
DMA1_SetSCNTIInterruptHandler@InterruptHandler         cstackCOMRAM 00001E
INTERRUPT_Initialize@state                             cstackCOMRAM 00001E
IVTBASEH                                               (abs)        003FD6
IVTBASEL                                               (abs)        003FD5
IVTBASEU                                               (abs)        003FD7
PWM5_LoadDutyValue@dutyValue                           cstackCOMRAM 00001E
PWM6_LoadDutyValue@dutyValue                           cstackCOMRAM 00001E
SPI1_ExchangeByte@data                                 cstackCOMRAM 00001E
TMR5_SetInterruptHandler@InterruptHandler              cstackCOMRAM 00001E
TMR5_WriteTimer@timerVal                               cstackCOMRAM 00000C
TMR6_ISR@CountCallBack                                 bssCOMRAM    000037
TMR6_SetInterruptHandler@InterruptHandler              cstackCOMRAM 00001E
Timers_Isr@i                                           cstackCOMRAM 00000E
UART1_Read@readValue                                   cstackCOMRAM 00001E
UART1_SetErrorHandler@interruptHandler                 cstackCOMRAM 00001E
UART1_SetFramingErrorHandler@interruptHandler          cstackCOMRAM 00001E
UART1_SetFramingErrorInterruptHandler@InterruptHandler cstackCOMRAM 00001E
UART1_SetOverrunErrorHandler@interruptHandler          cstackCOMRAM 00001E
UART1_SetRxInterruptHandler@InterruptHandler           cstackCOMRAM 00001E
UART1_SetTxInterruptHandler@InterruptHandler           cstackCOMRAM 00001E
UART1_SetUartInterruptHandler@InterruptHandler         cstackCOMRAM 00001E
UART1_Write@txData                                     cstackCOMRAM 00001E
_ADACCH                                                (abs)        003EE9
_ADACCL                                                (abs)        003EE8
_ADACCU                                                (abs)        003EEA
_ADACQH                                                (abs)        003EF4
_ADACQL                                                (abs)        003EF3
_ADACT                                                 (abs)        003EFE
_ADCAP                                                 (abs)        003EF5
_ADCC_ADI_InterruptHandler                             bssBANK0     0000F0
_ADCC_DefaultInterruptHandler                          text118      014C90
_ADCC_GetConversionResult                              text120      014B20
_ADCC_ISR                                              text117      01427C
_ADCC_Initialize                                       text102      013B56
_ADCC_SetADIInterruptHandler                           text103      014C30
_ADCLK                                                 (abs)        003EFF
_ADCNT                                                 (abs)        003EEB
_ADCON0                                                (abs)        003EF8
_ADCON1                                                (abs)        003EF9
_ADCON2                                                (abs)        003EFA
_ADCON3                                                (abs)        003EFB
_ADERRH                                                (abs)        003EE3
_ADERRL                                                (abs)        003EE2
_ADFLTRH                                               (abs)        003EE7
_ADFLTRL                                               (abs)        003EE6
_ADLTHH                                                (abs)        003EDF
_ADLTHL                                                (abs)        003EDE
_ADPCH                                                 (abs)        003EF1
_ADPREH                                                (abs)        003EF7
_ADPREL                                                (abs)        003EF6
_ADPREVH                                               (abs)        003EEE
_ADPREVL                                               (abs)        003EED
_ADREF                                                 (abs)        003EFD
_ADRESH                                                (abs)        003EF0
_ADRESL                                                (abs)        003EEF
_ADRPT                                                 (abs)        003EEC
_ADSTAT                                                (abs)        003EFC
_ADSTPTH                                               (abs)        003EE5
_ADSTPTL                                               (abs)        003EE4
_ADUTHH                                                (abs)        003EE1
_ADUTHL                                                (abs)        003EE0
_ANSELA                                                (abs)        003A40
_ANSELB                                                (abs)        003A50
_ANSELC                                                (abs)        003A60
_ANSELD                                                (abs)        003A70
_ANSELE                                                (abs)        003A80
_ANSELF                                                (abs)        003A90
_Adc_Isr                                               text119      013AE0
_CCPTMRS1bits                                          (abs)        003F5F
_DAC1CON0                                              (abs)        003E9E
_DAC1CON1                                              (abs)        003E9C
_DAC1_GetOutput                                        text108      014C72
_DAC1_Initialize                                       text101      014C3E
_DAC1_SetOutput                                        text107      014C54
_DATAEE_ReadByte                                       text106      014A06
_DATAEE_WriteByte                                      text75       014302
_DMA1AIRQ                                              (abs)        003BFE
_DMA1CON0                                              (abs)        003BFC
_DMA1CON0bits                                          (abs)        003BFC
_DMA1CON1                                              (abs)        003BFD
_DMA1CON1bits                                          (abs)        003BFD
_DMA1DPTR                                              (abs)        003BEC
_DMA1DSA                                               (abs)        003BF0
_DMA1DSZ                                               (abs)        003BEE
_DMA1PR                                                (abs)        0039F3
_DMA1SIRQ                                              (abs)        003BFF
_DMA1SPTR                                              (abs)        003BF4
_DMA1SSA                                               (abs)        003BF9
_DMA1SSZ                                               (abs)        003BF7
_DMA1_DMASCNTI_ISR                                     text130      0142C0
_DMA1_DefaultInterruptHandler                          text131      014C98
_DMA1_Initialize                                       text99       013E36
_DMA1_SCNTI_InterruptHandler                           bssBANK1     0001B3
_DMA1_SetSCNTIInterruptHandler                         text100      014C22
_DMA2CON0bits                                          (abs)        003BDC
_DMA2CON1bits                                          (abs)        003BDD
_DMA2DSA                                               (abs)        003BD0
_DMA2DSZ                                               (abs)        003BCE
_DMA2SSA                                               (abs)        003BD9
_DMA2SSZ                                               (abs)        003BD7
_Default_ISR                                           text125      014C94
_GIE                                                   (abs)        01FE97
_INLVLA                                                (abs)        003A44
_INLVLB                                                (abs)        003A54
_INLVLC                                                (abs)        003A64
_INLVLD                                                (abs)        003A74
_INLVLE                                                (abs)        003A84
_INLVLF                                                (abs)        003A94
_INTCON0bits                                           (abs)        003FD2
_INTERRUPT_Initialize                                  text98       0140CE
_IPR1bits                                              (abs)        003981
_IPR2bits                                              (abs)        003982
_IPR3bits                                              (abs)        003983
_IPR8bits                                              (abs)        003988
_IPR9bits                                              (abs)        003989
_IVTBASEH                                              (abs)        003FD6
_IVTBASEL                                              (abs)        003FD5
_IVTBASEU                                              (abs)        003FD7
_IVTLOCK                                               (abs)        003FD4
_IVTLOCKbits                                           (abs)        003FD4
_LATA                                                  (abs)        003FBA
_LATAbits                                              (abs)        003FBA
_LATB                                                  (abs)        003FBB
_LATC                                                  (abs)        003FBC
_LATCbits                                              (abs)        003FBC
_LATD                                                  (abs)        003FBD
_LATDbits                                              (abs)        003FBD
_LATE                                                  (abs)        003FBE
_LATEbits                                              (abs)        003FBE
_LATF                                                  (abs)        003FBF
_LATFbits                                              (abs)        003FBF
_Led_Blink                                             text123      01498C
_NVMADRH                                               (abs)        0039E1
_NVMADRL                                               (abs)        0039E0
_NVMCON1bits                                           (abs)        0039E5
_NVMCON2                                               (abs)        0039E6
_NVMDAT                                                (abs)        0039E3
_ODCONA                                                (abs)        003A42
_ODCONB                                                (abs)        003A52
_ODCONC                                                (abs)        003A62
_ODCOND                                                (abs)        003A72
_ODCONE                                                (abs)        003A82
_ODCONF                                                (abs)        003A92
_OSCCON1                                               (abs)        0039D9
_OSCCON3                                               (abs)        0039DB
_OSCEN                                                 (abs)        0039DD
_OSCFRQ                                                (abs)        0039DF
_OSCILLATOR_Initialize                                 text97       014A40
_OSCTUNE                                               (abs)        0039DE
_PIE1bits                                              (abs)        003991
_PIE2bits                                              (abs)        003992
_PIE3bits                                              (abs)        003993
_PIE8bits                                              (abs)        003998
_PIE9bits                                              (abs)        003999
_PIN_MANAGER_Initialize                                text96       0132CA
_PIR0bits                                              (abs)        0039A0
_PIR1bits                                              (abs)        0039A1
_PIR2bits                                              (abs)        0039A2
_PIR4bits                                              (abs)        0039A4
_PIR8bits                                              (abs)        0039A8
_PIR9bits                                              (abs)        0039A9
_PLLR                                                  (abs)        01CEE0
_PMD0                                                  (abs)        0039C0
_PMD1                                                  (abs)        0039C1
_PMD2                                                  (abs)        0039C2
_PMD3                                                  (abs)        0039C3
_PMD4                                                  (abs)        0039C4
_PMD5                                                  (abs)        0039C5
_PMD6                                                  (abs)        0039C6
_PMD7                                                  (abs)        0039C7
_PMD_Initialize                                        text95       014928
_PORTAbits                                             (abs)        003FCA
_PORTBbits                                             (abs)        003FCB
_PRLOCK                                                (abs)        0039EF
_PRLOCKbits                                            (abs)        0039EF
_PWM5CON                                               (abs)        003F6E
_PWM5DCH                                               (abs)        003F6D
_PWM5DCL                                               (abs)        003F6C
_PWM5_Initialize                                       text94       014B08
_PWM5_LoadDutyValue                                    text105      0146E6
_PWM6CON                                               (abs)        003F6A
_PWM6DCH                                               (abs)        003F69
_PWM6DCL                                               (abs)        003F68
_PWM6_Initialize                                       text93       014AF0
_PWM6_LoadDutyValue                                    text104      0146B4
_RB1I2C                                                (abs)        003A5A
_RB2I2C                                                (abs)        003A5B
_RC3I2C                                                (abs)        003A6A
_RC3PPS                                                (abs)        003A13
_RC4I2C                                                (abs)        003A6B
_RC5PPS                                                (abs)        003A15
_RC6PPS                                                (abs)        003A16
_RD0I2C                                                (abs)        003A7A
_RD1I2C                                                (abs)        003A7B
_RD2PPS                                                (abs)        003A1A
_RF2PPS                                                (abs)        003A2A
_SLRCONA                                               (abs)        003A43
_SLRCONB                                               (abs)        003A53
_SLRCONC                                               (abs)        003A63
_SLRCOND                                               (abs)        003A73
_SLRCONE                                               (abs)        003A83
_SLRCONF                                               (abs)        003A93
_SPI1BAUD                                              (abs)        003D19
_SPI1CLK                                               (abs)        003D1C
_SPI1CON0                                              (abs)        003D14
_SPI1CON0bits                                          (abs)        003D14
_SPI1CON1                                              (abs)        003D15
_SPI1CON2                                              (abs)        003D16
_SPI1INTFbits                                          (abs)        003D1A
_SPI1RXB                                               (abs)        003D10
_SPI1SCKPPS                                            (abs)        003ADE
_SPI1SDIPPS                                            (abs)        003ADF
_SPI1STATUSbits                                        (abs)        003D17
_SPI1TCNTL                                             (abs)        003D12
_SPI1TXB                                               (abs)        003D11
_SPI1_ExchangeByte                                     text37       014A5C
_SPI1_Initialize                                       text92       014A76
_SYSTEM_Initialize                                     text77       0143FC
_SrcVarName0                                           bssBANK1     0001BE
_SystemArbiter_Initialize                              text91       014C14
_T2CLKCON                                              (abs)        003FAE
_T2CON                                                 (abs)        003FAC
_T2HLT                                                 (abs)        003FAD
_T2PR                                                  (abs)        003FAB
_T2RST                                                 (abs)        003FAF
_T2TMR                                                 (abs)        003FAA
_T5CLK                                                 (abs)        003F9D
_T5CON                                                 (abs)        003F9A
_T5CONbits                                             (abs)        003F9A
_T5GATE                                                (abs)        003F9C
_T5GCON                                                (abs)        003F9B
_T6CLKCON                                              (abs)        003F96
_T6CON                                                 (abs)        003F94
_T6HLT                                                 (abs)        003F95
_T6PR                                                  (abs)        003F93
_T6RST                                                 (abs)        003F97
_T6TMR                                                 (abs)        003F92
_TABLAT                                                (abs)        003FF5
_TBLPTRH                                               (abs)        003FF7
_TBLPTRL                                               (abs)        003FF6
_TBLPTRU                                               (abs)        003FF8
_TMR2_Initialize                                       text90       0149E8
_TMR5H                                                 (abs)        003F99
_TMR5L                                                 (abs)        003F98
_TMR5_DefaultInterruptHandler                          text127      014C96
_TMR5_ISR                                              text126      014034
_TMR5_Initialize                                       text88       014118
_TMR5_InterruptHandler                                 bssBANK1     0001B6
_TMR5_SetInterruptHandler                              text89       014C06
_TMR5_WriteTimer                                       text129      01489E
_TMR6_CallBack                                         text122      01487A
_TMR6_DefaultInterruptHandler                          text124      014C92
_TMR6_ISR                                              text121      014614
_TMR6_Initialize                                       text86       0147A6
_TMR6_InterruptHandler                                 bssBANK1     0001B9
_TMR6_SetInterruptHandler                              text87       014BF8
_TRISA                                                 (abs)        003FC2
_TRISB                                                 (abs)        003FC3
_TRISC                                                 (abs)        003FC4
_TRISCbits                                             (abs)        003FC4
_TRISD                                                 (abs)        003FC5
_TRISE                                                 (abs)        003FC6
_TRISF                                                 (abs)        003FC7
_Timers_Isr                                            text128      013FE0
_U1BRGH                                                (abs)        003DF6
_U1BRGL                                                (abs)        003DF5
_U1CON0                                                (abs)        003DF2
_U1CON1                                                (abs)        003DF3
_U1CON2                                                (abs)        003DF4
_U1ERRIE                                               (abs)        003DFA
_U1ERRIR                                               (abs)        003DF9
_U1ERRIRbits                                           (abs)        003DF9
_U1FIFO                                                (abs)        003DF7
_U1P1H                                                 (abs)        003DED
_U1P1L                                                 (abs)        003DEC
_U1P2H                                                 (abs)        003DEF
_U1P2L                                                 (abs)        003DEE
_U1P3H                                                 (abs)        003DF1
_U1P3L                                                 (abs)        003DF0
_U1RXB                                                 (abs)        003DE8
_U1RXPPS                                               (abs)        003AE5
_U1TXB                                                 (abs)        003DEA
_U1UIR                                                 (abs)        003DF8
_U1UIRbits                                             (abs)        003DF8
_UART1_DefaultErrorHandler                             text115      014C78
_UART1_DefaultFramingErrorHandler                      text114      014C8E
_UART1_DefaultOverrunErrorHandler                      text113      014C8C
_UART1_ErrorHandler                                    bssBANK1     0001AA
_UART1_FramingErrorHandler                             bssBANK1     0001B0
_UART1_FramingErrorInterruptHandler                    bssCOMRAM    00002A
_UART1_FramingError_ISR                                text134      014C5E
_UART1_Initialize                                      text78       013050
_UART1_OverrunErrorHandler                             bssBANK1     0001AD
_UART1_Read                                            text57       0143BE
_UART1_Receive_ISR                                     text112      0137FC
_UART1_RxDataHandler                                   text116      01494A
_UART1_RxInterruptHandler                              bssCOMRAM    000030
_UART1_SetErrorHandler                                 text85       014BEA
_UART1_SetFramingErrorHandler                          text84       014BDC
_UART1_SetFramingErrorInterruptHandler                 text83       014BCE
_UART1_SetOverrunErrorHandler                          text82       014BC0
_UART1_SetRxInterruptHandler                           text81       014BB2
_UART1_SetTxInterruptHandler                           text80       014BA4
_UART1_SetUartInterruptHandler                         text79       014B96
_UART1_Transmit_ISR                                    text110      0147D4
_UART1_TxInterruptHandler                              bssCOMRAM    00002D
_UART1_UARTInterruptHandler                            bssCOMRAM    000027
_UART1_UartInterrupt_ISR                               text136      014C7E
_UART1_Write                                           text74       01443A
_UART1_framing_err_vect_isr                            text133      014478
_UART1_is_rx_ready                                     text56       014B88
_UART1_rx_vect_isr                                     text111      0141A8
_UART1_tx_vect_isr                                     text109      014160
_UART1_vect_isr                                        text135      0144B4
_WPUA                                                  (abs)        003A41
_WPUB                                                  (abs)        003A51
_WPUC                                                  (abs)        003A61
_WPUD                                                  (abs)        003A71
_WPUE                                                  (abs)        003A81
_WPUF                                                  (abs)        003A91
__HRAM                                                 (abs)        000000
__Habs1                                                abs1         000000
__Hbank0                                               bank0        000000
__Hbank1                                               bank1        000000
__Hbank10                                              bank10       000000
__Hbank11                                              bank11       000000
__Hbank12                                              bank12       000000
__Hbank13                                              bank13       000000
__Hbank14                                              bank14       000000
__Hbank15                                              bank15       000000
__Hbank16                                              bank16       000000
__Hbank17                                              bank17       000000
__Hbank18                                              bank18       000000
__Hbank19                                              bank19       000000
__Hbank2                                               bank2        000000
__Hbank20                                              bank20       000000
__Hbank21                                              bank21       000000
__Hbank22                                              bank22       000000
__Hbank23                                              bank23       000000
__Hbank24                                              bank24       000000
__Hbank25                                              bank25       000000
__Hbank26                                              bank26       000000
__Hbank27                                              bank27       000000
__Hbank28                                              bank28       000000
__Hbank29                                              bank29       000000
__Hbank3                                               bank3        000000
__Hbank30                                              bank30       000000
__Hbank31                                              bank31       000000
__Hbank4                                               bank4        000000
__Hbank5                                               bank5        000000
__Hbank6                                               bank6        000000
__Hbank7                                               bank7        000000
__Hbank8                                               bank8        000000
__Hbank9                                               bank9        000000
__Hbigbss                                              bigbss       000000
__Hbigdata                                             bigdata      000000
__Hbigram                                              bigram       000000
__Hbigsfr                                              bigsfr       000000
__Hbss                                                 bss          000000
__HbssBANK0                                            bssBANK0     000000
__HbssBANK1                                            bssBANK1     000000
__HbssBANK2                                            bssBANK2     000000
__HbssBANK3                                            bssBANK3     000000
__HbssBANK4                                            bssBANK4     000000
__HbssBANK5                                            bssBANK5     000000
__HbssCOMRAM                                           bssCOMRAM    000000
__Hcinit                                               cinit        000000
__Hclrtext                                             clrtext      000000
__Hcomram                                              comram       000000
__Hconfig                                              config       30000A
__Hconst                                               const        000000
__HcstackBANK0                                         cstackBANK0  000000
__HcstackBANK1                                         cstackBANK1  000000
__HcstackBANK2                                         cstackBANK2  000000
__HcstackCOMRAM                                        cstackCOMRAM 000000
__Hdata                                                data         000000
__HdataBANK0                                           dataBANK0    000000
__HdataBANK1                                           dataBANK1    000000
__HdataBANK2                                           dataBANK2    000000
__HdataBIGRAM                                          dataBIGRAM   000000
__Heeprom_data                                         eeprom_data  000000
__Hfarbss                                              farbss       000000
__Hfardata                                             fardata      000000
__Hheap                                                heap         000000
__Hibigdata                                            ibigdata     000000
__Hidata                                               idata        000000
__HidataBANK0                                          idataBANK0   000000
__HidataBANK1                                          idataBANK1   000000
__HidataBANK2                                          idataBANK2   000000
__HidataBIGRAM                                         idataBIGRAM  000000
__Hidloc                                               idloc        200010
__Hifardata                                            ifardata     000000
__Hinit                                                init         0000B2
__Hintsave_regs                                        intsave_regs 000000
__Hirdata                                              irdata       000000
__Hivt0x8                                              ivt0x8       0000AE
__Hmediumconst                                         mediumconst  010000
__HnvFARRAM                                            nvFARRAM     000000
__Hnvbit                                               nvbit        000000
__Hnvrram                                              nvrram       000000
__Hparam                                               rparam       000000
__Hpowerup                                             powerup      000000
__Hram                                                 ram          000000
__Hramtop                                              ramtop       002000
__Hrbit                                                rbit         000000
__Hrbss                                                rbss         000000
__Hrdata                                               rdata        000000
__Hreset_vec                                           reset_vec    000004
__Hrparam                                              rparam       000000
__Hsfr                                                 sfr          000000
__Hsmallconst                                          smallconst   000000
__Hspace_0                                             (abs)        014C9A
__Hspace_1                                             (abs)        000983
__Hspace_2                                             (abs)        000000
__Hspace_4                                             (abs)        60000A
__Hstack                                               stack        000000
__Hstruct                                              struct       000000
__Htemp                                                temp         000000
__Htext                                                text         000000
__Htext0                                               text0        000000
__Htext1                                               text1        000000
__Htext10                                              text10       000000
__Htext100                                             text100      000000
__Htext101                                             text101      000000
__Htext102                                             text102      000000
__Htext103                                             text103      000000
__Htext104                                             text104      000000
__Htext105                                             text105      000000
__Htext106                                             text106      000000
__Htext107                                             text107      000000
__Htext108                                             text108      000000
__Htext109                                             text109      000000
__Htext11                                              text11       000000
__Htext110                                             text110      000000
__Htext111                                             text111      000000
__Htext112                                             text112      000000
__Htext113                                             text113      000000
__Htext114                                             text114      000000
__Htext115                                             text115      000000
__Htext116                                             text116      000000
__Htext117                                             text117      000000
__Htext118                                             text118      000000
__Htext119                                             text119      000000
__Htext12                                              text12       000000
__Htext120                                             text120      000000
__Htext121                                             text121      000000
__Htext122                                             text122      000000
__Htext123                                             text123      000000
__Htext124                                             text124      000000
__Htext125                                             text125      000000
__Htext126                                             text126      000000
__Htext127                                             text127      000000
__Htext128                                             text128      000000
__Htext129                                             text129      000000
__Htext13                                              text13       000000
__Htext130                                             text130      000000
__Htext131                                             text131      000000
__Htext132                                             text132      000000
__Htext133                                             text133      000000
__Htext134                                             text134      000000
__Htext135                                             text135      000000
__Htext136                                             text136      000000
__Htext137                                             text137      000000
__Htext14                                              text14       000000
__Htext15                                              text15       000000
__Htext16                                              text16       000000
__Htext17                                              text17       000000
__Htext18                                              text18       000000
__Htext19                                              text19       000000
__Htext2                                               text2        000000
__Htext20                                              text20       000000
__Htext21                                              text21       000000
__Htext22                                              text22       000000
__Htext23                                              text23       000000
__Htext24                                              text24       000000
__Htext25                                              text25       000000
__Htext26                                              text26       000000
__Htext27                                              text27       000000
__Htext28                                              text28       000000
__Htext29                                              text29       000000
__Htext3                                               text3        000000
__Htext30                                              text30       000000
__Htext31                                              text31       000000
__Htext32                                              text32       000000
__Htext33                                              text33       000000
__Htext34                                              text34       000000
__Htext35                                              text35       000000
__Htext36                                              text36       000000
__Htext37                                              text37       000000
__Htext38                                              text38       000000
__Htext39                                              text39       000000
__Htext4                                               text4        000000
__Htext40                                              text40       000000
__Htext41                                              text41       000000
__Htext42                                              text42       000000
__Htext43                                              text43       000000
__Htext44                                              text44       000000
__Htext45                                              text45       000000
__Htext46                                              text46       000000
__Htext47                                              text47       000000
__Htext48                                              text48       000000
__Htext49                                              text49       000000
__Htext5                                               text5        000000
__Htext50                                              text50       000000
__Htext51                                              text51       000000
__Htext52                                              text52       000000
__Htext53                                              text53       000000
__Htext54                                              text54       000000
__Htext55                                              text55       000000
[...]
isdigit@c                                              cstackCOMRAM 00001E
isspace@c                                              cstackCOMRAM 00001E
isupper@c                                              cstackCOMRAM 00001E
ivt0x8_base                                            ivt0x8       000008
ivt0x8_undefint                                        ivt0x8       0000AC
linux_getc@a_data                                      cstackCOMRAM 00001F
linux_putc@a_len                                       cstackBANK0  000070
linux_putc@data                                        cstackBANK0  00006E
main@i                                                 cstackBANK2  0002DC
main@lcd_update                                        cstackBANK2  0002DB
memcpy@d                                               cstackBANK0  000061
memcpy@d1                                              cstackCOMRAM 00001E
memcpy@n                                               cstackCOMRAM 000022
memcpy@s                                               cstackBANK0  000063
memcpy@s1                                              cstackCOMRAM 000020
memcpy@tmp                                             cstackBANK0  000060
memset@c                                               cstackCOMRAM 000020
memset@dest                                            cstackCOMRAM 00001E
memset@k                                               cstackBANK0  000060
memset@n                                               cstackCOMRAM 000022
memset@s                                               cstackBANK0  000062
pad@buf                                                cstackBANK0  00006E
pad@fp                                                 cstackBANK0  00006C
pad@i                                                  cstackBANK0  000072
pad@p                                                  cstackBANK0  000070
pad@w                                                  cstackBANK0  000074
printf@ap                                              cstackBANK1  0001FB
printf@fmt                                             cstackBANK2  0002C2
putch@txData                                           cstackCOMRAM 00001F
puts@s                                                 cstackBANK0  00006C
ringBufS_flush@_this                                   cstackBANK0  000064
ringBufS_flush@clearBuffer                             cstackBANK0  000066
ringBufS_init@_this                                    cstackBANK0  000064
ringBufS_put_dma@_this                                 cstackCOMRAM 00001E
ringBufS_put_dma@c                                     cstackCOMRAM 000020
ringBufS_put_dma_cpy@_this                             cstackBANK0  000065
ringBufS_put_dma_cpy@len                               cstackBANK0  000069
ringBufS_put_dma_cpy@ptr                               cstackBANK0  000067
send_lcd_cmd@cmd                                       cstackCOMRAM 000022
send_lcd_cmd_dma@strPtr                                cstackBANK0  000067
send_lcd_cmd_long@cmd                                  cstackCOMRAM 000022
send_lcd_data@data                                     cstackCOMRAM 000022
send_lcd_data_dma@strPtr                               cstackCOMRAM 000026
sprintf@ap                                             cstackBANK2  0002CE
sprintf@f                                              cstackBANK2  0002D0
sprintf@fmt                                            cstackBANK2  0002C4
sprintf@s                                              cstackBANK2  0002C2
stackhi                                                (abs)        000000
stacklo                                                (abs)        000000
start                                                  init         0000AE
start_initialization                                   cinit        012F56
stoa@F1164                                             dataBANK1    0001C8
stoa@cp                                                cstackBANK0  000074
stoa@fp                                                cstackBANK0  000065
stoa@i                                                 cstackBANK0  000070
stoa@l                                                 cstackBANK0  000078
stoa@nuls                                              cstackBANK0  000069
stoa@p                                                 cstackBANK0  000076
stoa@s                                                 cstackBANK0  000067
stoa@w                                                 cstackBANK0  000072
strcpy@d                                               cstackBANK0  000062
strcpy@dest                                            cstackCOMRAM 00001E
strcpy@s                                               cstackBANK0  000060
strcpy@src                                             cstackCOMRAM 000020
strlen@a                                               cstackCOMRAM 000020
strlen@s                                               cstackCOMRAM 00001E
strncmp@_l                                             cstackBANK0  000060
strncmp@_r                                             cstackBANK0  000062
strncmp@l                                              cstackBANK0  000066
strncmp@n                                              cstackBANK0  000064
strncmp@r                                              cstackBANK0  000068
tolower@c                                              cstackCOMRAM 000024
utoa@d                                                 cstackBANK0  000078
utoa@fp                                                cstackBANK0  000076
utoa@i                                                 cstackBANK0  000094
utoa@n                                                 cstackBANK0  00008C
utoa@p                                                 cstackBANK0  000088
utoa@w                                                 cstackBANK0  00008A
vfpfcnvrt@ap                                           cstackBANK0  0000CC
vfpfcnvrt@c                                            cstackBANK0  0000E0
vfpfcnvrt@cp                                           cstackBANK0  0000DA
vfpfcnvrt@ct                                           cstackBANK0  0000E5
vfpfcnvrt@done                                         cstackBANK0  0000DC
vfpfcnvrt@f                                            cstackBANK0  0000E1
vfpfcnvrt@fmt                                          cstackBANK0  0000CB
vfpfcnvrt@fp                                           cstackBANK0  0000C9
vfpfcnvrt@llu                                          cstackBANK0  0000D2
vfprintf@ap                                            cstackBANK0  0000EC
vfprintf@cfmt                                          cstackBANK0  0000EE
vfprintf@fmt                                           cstackBANK0  0000EA
vfprintf@fp                                            cstackBANK0  0000E8
wdtdelay@dcount                                        bssBANK1     00019E
wdtdelay@delay                                         cstackCOMRAM 00001E


MODULE INFORMATION

Module		Function		Class		Link	Load	Size
/opt/microchip/xc8/v2.36/pic/sources/c99/common/__fpclassifyf.c
		___fpclassifyf 		CODE           	13398	0000	204

/opt/microchip/xc8/v2.36/pic/sources/c99/common/__fpclassifyf.c estimated size: 204

/opt/microchip/xc8/v2.36/pic/sources/c99/common/memset.c
		_memset        		CODE           	12B86	0000	334

/opt/microchip/xc8/v2.36/pic/sources/c99/common/memset.c estimated size: 334

/opt/microchip/xc8/v2.36/pic/sources/c99/common/isupper.c
		_isupper       		CODE           	14718	0000	48

/opt/microchip/xc8/v2.36/pic/sources/c99/common/isupper.c estimated size: 48

ringbufs.c
		_ringBufS_init 		CODE           	149AC	0000	30
		_ringBufS_flush		CODE           	13EE8	0000	84
		_ringBufS_put_dma_cpy		CODE           	13E94	0000	84
		_ringBufS_put_dma		CODE           	13F8E	0000	82

ringbufs.c estimated size: 280

timers.c
		_Timers_Isr    		CODE           	13FE0	0000	82

timers.c estimated size: 82

disp_led.c
		_display_led   		CODE           	135DE	0000	184

disp_led.c estimated size: 184

mcc_generated_files/tmr6.c
		_TMR6_CallBack 		CODE           	1487A	0000	36
		_TMR6_ISR      		CODE           	14614	0000	58
		_TMR6_Initialize		CODE           	147A6	0000	46
		_TMR6_SetInterruptHandler		CODE           	14BF8	0000	14
		_TMR6_DefaultInterruptHandler		CODE           	14C92	0000	2

mcc_generated_files/tmr6.c estimated size: 156

mcc_generated_files/pwm6.c
		_PWM6_LoadDutyValue		CODE           	146B4	0000	50
		_PWM6_Initialize		CODE           	14AF0	0000	24

mcc_generated_files/pwm6.c estimated size: 74

/opt/microchip/xc8/v2.36/pic/sources/c99/common/doprnt.c
		_vfpfcnvrt     		CODE           	109B8	0000	1776
		_efgtoa        		CODE           	10000	0000	2488
		_pad           		CODE           	1389E	0000	154
		_vfprintf      		CODE           	13DD6	0000	96
		_stoa          		CODE           	12A36	0000	336
		_utoa          		CODE           	1241E	0000	432

/opt/microchip/xc8/v2.36/pic/sources/c99/common/doprnt.c estimated size: 5282

/opt/microchip/xc8/v2.36/pic/sources/c99/common/flneg.c
		___flneg       		CODE           	14778	0000	46

/opt/microchip/xc8/v2.36/pic/sources/c99/common/flneg.c estimated size: 46

/opt/microchip/xc8/v2.36/pic/sources/c99/common/nf_fputc.c
		_fputc         		CODE           	13696	0000	184

/opt/microchip/xc8/v2.36/pic/sources/c99/common/nf_fputc.c estimated size: 184

/opt/microchip/xc8/v2.36/pic/sources/c99/common/atoi.c
		_atoi          		CODE           	12E16	0000	320

/opt/microchip/xc8/v2.36/pic/sources/c99/common/atoi.c estimated size: 320

/opt/microchip/xc8/v2.36/pic/sources/c99/common/fleq.c
		___fleq        		CODE           	139D2	0000	138

/opt/microchip/xc8/v2.36/pic/sources/c99/common/fleq.c estimated size: 138

mcc_generated_files/tmr2.c
		_TMR2_Initialize		CODE           	149E8	0000	30

mcc_generated_files/tmr2.c estimated size: 30

mcc_generated_files/interrupt_manager.c
		_INTERRUPT_Initialize		CODE           	140CE	0000	74
		_Default_ISR   		CODE           	14C94	0000	2

mcc_generated_files/interrupt_manager.c estimated size: 76

/opt/microchip/xc8/v2.36/pic/sources/c99/common/Umul16.c
		___wmul        		CODE           	1482C	0000	42

/opt/microchip/xc8/v2.36/pic/sources/c99/common/Umul16.c estimated size: 42

/opt/microchip/xc8/v2.36/pic/sources/c99/common/puts.c
		_puts          		CODE           	145D8	0000	58

/opt/microchip/xc8/v2.36/pic/sources/c99/common/puts.c estimated size: 58

/opt/microchip/xc8/v2.36/pic/sources/c99/common/lomod.c
		___lomod       		CODE           	1374E	0000	174

/opt/microchip/xc8/v2.36/pic/sources/c99/common/lomod.c estimated size: 174

eadog.c
		_init_display  		CODE           	13464	0000	192
		_eaDogM_WriteCommand		CODE           	14B5E	0000	14
		_source_dma_done		CODE           	14C88	0000	4
		_wdtdelay      		CODE           	1459E	0000	58
		_send_lcd_cmd  		CODE           	14564	0000	58
		_send_lcd_cmd_dma		CODE           	149CA	0000	30
		_send_lcd_data 		CODE           	1496C	0000	32
		_send_lcd_data_dma		CODE           	14380	0000	62
		_wait_lcd_set  		CODE           	14C66	0000	6
		_eaDogM_WriteStringAtPos		CODE           	13D10	0000	100
		_wait_lcd_done 		CODE           	14B6C	0000	14
		_send_lcd_cmd_long		CODE           	1452A	0000	58
		_start_lcd     		CODE           	14C6C	0000	6
		_eaDogM_WriteString		CODE           	13938	0000	154

eadog.c estimated size: 788

/opt/microchip/xc8/v2.36/pic/sources/c99/common/isspace.c
		_isspace       		CODE           	14342	0000	62

/opt/microchip/xc8/v2.36/pic/sources/c99/common/isspace.c estimated size: 62

mcc_generated_files/pin_manager.c
		_PIN_MANAGER_Initialize		CODE           	132CA	0000	206

mcc_generated_files/pin_manager.c estimated size: 206

mcc_generated_files/spi1.c
		_SPI1_Initialize		CODE           	14A76	0000	26
		_SPI1_ExchangeByte		CODE           	14A5C	0000	26

mcc_generated_files/spi1.c estimated size: 52

/opt/microchip/xc8/v2.36/pic/sources/c99/common/memcpy.c
		_memcpy        		CODE           	13C38	0000	108

/opt/microchip/xc8/v2.36/pic/sources/c99/common/memcpy.c estimated size: 108

/opt/microchip/xc8/v2.36/pic/sources/c99/common/tolower.c
		_tolower       		CODE           	144F0	0000	58

/opt/microchip/xc8/v2.36/pic/sources/c99/common/tolower.c estimated size: 58

/opt/microchip/xc8/v2.36/pic/sources/c99/common/strncmp.c
		_strncmp       		CODE           	12778	0000	362

/opt/microchip/xc8/v2.36/pic/sources/c99/common/strncmp.c estimated size: 362

/opt/microchip/xc8/v2.36/pic/sources/c99/common/sprcmul.c
		___flmul       		CODE           	1197C	0000	848

/opt/microchip/xc8/v2.36/pic/sources/c99/common/sprcmul.c estimated size: 848

/opt/microchip/xc8/v2.36/pic/sources/c99/common/awmod.c
		___awmod       		CODE           	13BC8	0000	112

/opt/microchip/xc8/v2.36/pic/sources/c99/common/awmod.c estimated size: 112

/opt/microchip/xc8/v2.36/pic/sources/c99/common/sprcdiv.c
		___fldiv       		CODE           	11FD8	0000	648

/opt/microchip/xc8/v2.36/pic/sources/c99/common/sprcdiv.c estimated size: 648

mcc_generated_files/dma1.c
		_DMA1_Initialize		CODE           	13E36	0000	94
		_DMA1_SetSCNTIInterruptHandler		CODE           	14C22	0000	14
		_DMA1_DefaultInterruptHandler		CODE           	14C98	0000	2
		_DMA1_DMASCNTI_ISR		CODE           	142C0	0000	66

mcc_generated_files/dma1.c estimated size: 176

mcc_generated_files/uart1.c
		_UART1_FramingError_ISR		CODE           	14C5E	0000	8
		_UART1_rx_vect_isr		CODE           	141A8	0000	72
		_UART1_Write   		CODE           	1443A	0000	60
		_putch         		CODE           	14C4A	0000	10
		_UART1_UartInterrupt_ISR		CODE           	14C7E	0000	6
		_UART1_SetFramingErrorHandler		CODE           	14BDC	0000	14
		_UART1_SetOverrunErrorHandler		CODE           	14BC0	0000	14
		_UART1_tx_vect_isr		CODE           	14160	0000	72
		_UART1_Receive_ISR		CODE           	137FC	0000	162
		_UART1_SetRxInterruptHandler		CODE           	14BB2	0000	14
		_UART1_SetTxInterruptHandler		CODE           	14BA4	0000	14
		_UART1_Initialize		CODE           	13050	0000	220
		_UART1_SetErrorHandler		CODE           	14BEA	0000	14
		_UART1_Transmit_ISR		CODE           	147D4	0000	46
		_UART1_Read    		CODE           	143BE	0000	62
		_UART1_vect_isr		CODE           	144B4	0000	60
		_UART1_DefaultFramingErrorHandler		CODE           	14C8E	0000	2
		_UART1_SetFramingErrorInterruptHandler		CODE           	14BCE	0000	14
		_UART1_SetUartInterruptHandler		CODE           	14B96	0000	14
		_UART1_is_rx_ready		CODE           	14B88	0000	14
		_UART1_DefaultErrorHandler		CODE           	14C78	0000	6
		_UART1_framing_err_vect_isr		CODE           	14478	0000	60
		_UART1_RxDataHandler		CODE           	1494A	0000	34
		_UART1_DefaultOverrunErrorHandler		CODE           	14C8C	0000	2

mcc_generated_files/uart1.c estimated size: 994

mcc_generated_files/tmr5.c
		_TMR5_ISR      		CODE           	14034	0000	78
		_TMR5_Initialize		CODE           	14118	0000	72
		_TMR5_SetInterruptHandler		CODE           	14C06	0000	14
		_TMR5_DefaultInterruptHandler		CODE           	14C96	0000	2
		_TMR5_WriteTimer		CODE           	1489E	0000	36

mcc_generated_files/tmr5.c estimated size: 202

/opt/microchip/xc8/v2.36/pic/sources/c99/common/printf.c
		_printf        		CODE           	14802	0000	42

/opt/microchip/xc8/v2.36/pic/sources/c99/common/printf.c estimated size: 42

/opt/microchip/xc8/v2.36/pic/sources/c99/common/lodiv.c
		___lodiv       		CODE           	131FC	0000	206

/opt/microchip/xc8/v2.36/pic/sources/c99/common/lodiv.c estimated size: 206

shared
		_cmdm          		MEDIUMCONST    	FE06	0000	28
		__initialization		CODE           	12F56	0000	244
		_spi1_configuration		MEDIUMCONST    	0000	0000	0

shared estimated size: 272

mcc_generated_files/pwm5.c
		_PWM5_LoadDutyValue		CODE           	146E6	0000	50
		_PWM5_Initialize		CODE           	14B08	0000	24

mcc_generated_files/pwm5.c estimated size: 74

mcc_generated_files/mcc.c
		_SystemArbiter_Initialize		CODE           	14C14	0000	14
		_PMD_Initialize		CODE           	14928	0000	34
		_OSCILLATOR_Initialize		CODE           	14A40	0000	28
		_SYSTEM_Initialize		CODE           	143FC	0000	62

mcc_generated_files/mcc.c estimated size: 138

/opt/microchip/xc8/v2.36/pic/sources/c99/common/strlen.c
		_strlen        		CODE           	14082	0000	76

/opt/microchip/xc8/v2.36/pic/sources/c99/common/strlen.c estimated size: 76

/opt/microchip/xc8/v2.36/pic/sources/c99/common/flge.c
		___flge        		CODE           	1312C	0000	208

/opt/microchip/xc8/v2.36/pic/sources/c99/common/flge.c estimated size: 208

/opt/microchip/xc8/v2.36/pic/sources/c99/common/floorf.c
		_floorf        		CODE           	125CE	0000	426

/opt/microchip/xc8/v2.36/pic/sources/c99/common/floorf.c estimated size: 426

/opt/microchip/xc8/v2.36/pic/sources/c99/common/nf_fputs.c
		_fputs         		CODE           	13CA4	0000	108

/opt/microchip/xc8/v2.36/pic/sources/c99/common/nf_fputs.c estimated size: 108

/opt/microchip/xc8/v2.36/pic/sources/c99/common/strcpy.c
		_strcpy        		CODE           	13D74	0000	98

/opt/microchip/xc8/v2.36/pic/sources/c99/common/strcpy.c estimated size: 98

/opt/microchip/xc8/v2.36/pic/sources/c99/common/awdiv.c
		___awdiv       		CODE           	13A5C	0000	132

/opt/microchip/xc8/v2.36/pic/sources/c99/common/awdiv.c estimated size: 132

/opt/microchip/xc8/v2.36/pic/sources/c99/common/fltol.c
		___fltol       		CODE           	13524	0000	186

/opt/microchip/xc8/v2.36/pic/sources/c99/common/fltol.c estimated size: 186

/opt/microchip/xc8/v2.36/pic/sources/c99/common/isdigit.c
		_isdigit       		CODE           	14748	0000	48

/opt/microchip/xc8/v2.36/pic/sources/c99/common/isdigit.c estimated size: 48

mcc_generated_files/memory.c
		_DATAEE_WriteByte		CODE           	14302	0000	64
		_DATAEE_ReadByte		CODE           	14A06	0000	30

mcc_generated_files/memory.c estimated size: 94

/opt/microchip/xc8/v2.36/pic/sources/c99/common/sprcadd.c
		___flsub       		CODE           	141F0	0000	70
		___fladd       		CODE           	11CCC	0000	780

/opt/microchip/xc8/v2.36/pic/sources/c99/common/sprcadd.c estimated size: 850

mcc_generated_files/dac1.c
		_DAC1_GetOutput		CODE           	14C72	0000	6
		_DAC1_SetOutput		CODE           	14C54	0000	10
		_DAC1_Initialize		CODE           	14C3E	0000	12

mcc_generated_files/dac1.c estimated size: 28

/opt/microchip/xc8/v2.36/pic/sources/c99/common/xxtofl.c
		___xxtofl      		CODE           	12CD4	0000	322

/opt/microchip/xc8/v2.36/pic/sources/c99/common/xxtofl.c estimated size: 322

mcc_generated_files/adcc.c
		_ADCC_DefaultInterruptHandler		CODE           	14C90	0000	2
		_ADCC_GetConversionResult		CODE           	14B20	0000	22
		_ADCC_SetADIInterruptHandler		CODE           	14C30	0000	14
		_ADCC_ISR      		CODE           	1427C	0000	66
		_ADCC_Initialize		CODE           	13B56	0000	114

mcc_generated_files/adcc.c estimated size: 218

scdm.c
		_cli_read      		CODE           	128E2	0000	340
		_cli_init      		CODE           	14236	0000	68
		__cli_interpret_cmd		CODE           	12260	0000	446
		_linux_getc    		CODE           	14856	0000	36
		_linux_putc    		CODE           	14B7A	0000	14
		_scmd_init     		CODE           	14A90	0000	24

scdm.c estimated size: 928

main.c
		_fh_po         		CODE           	14B4A	0000	20
		_fh_pu         		CODE           	14AD8	0000	24
		_Led_Blink     		CODE           	1498C	0000	32
		_main          		CODE           	110A8	0000	1236
		_fh_pd         		CODE           	14AC0	0000	24
		_fh_p0         		CODE           	148E4	0000	34
		_fh_pp         		CODE           	14B36	0000	20
		_fh_p1         		CODE           	148C2	0000	34
		_fh_pl         		CODE           	14AA8	0000	24
		_fh_pr         		CODE           	14906	0000	34
		_Adc_Isr       		CODE           	13AE0	0000	118
		_fh_ps         		CODE           	14A24	0000	28

main.c estimated size: 1628

/opt/microchip/xc8/v2.36/pic/sources/c99/common/nf_sprintf.c
		_sprintf       		CODE           	13F3C	0000	82

/opt/microchip/xc8/v2.36/pic/sources/c99/common/nf_sprintf.c estimated size: 82

