Microchip MPLAB XC8 Compiler V2.46

Linker command line:

-W-3 --edf=/opt/microchip/xc8/v2.46/pic/dat/20240104201356_en.msgs \
  -pivt0x8=08h -cn -h+dist/default/production/ps_test.X.production.sym \
  --cmf=dist/default/production/ps_test.X.production.cmf -z -Q18F57K42 \
  -o/tmp/xcXBFADmL/driver_tmp_3.o --defsym=__MPLAB_BUILD=1 \
  --fixupoverflow=error -Mdist/default/production/ps_test.X.production.map \
  --md=/tmp/xcXBFADmL/driver_tmp_0.dat -E1 -ver=XC8 Compiler --acfsm=1493 \
  -ACODE=00h-01FFFFh -ACONST=00h-01FFFFh -ASMALLCONST=02000h-020FFhx480 \
  -AMEDIUMCONST=02000h-0FFFFh,012000h-01FFFFh -ACOMRAM=01h-05Fh \
  -AABS1=00h-01FFFh -ABIGRAM=01h-01FFFh -ARAM=060h-0FFh,0100h-01FFhx31 \
  -ABANK0=060h-0FFh -ABANK1=0100h-01FFh -ABANK2=0200h-02FFh \
  -ABANK3=0300h-03FFh -ABANK4=0400h-04FFh -ABANK5=0500h-05FFh \
  -ABANK6=0600h-06FFh -ABANK7=0700h-07FFh -ABANK8=0800h-08FFh \
  -ABANK9=0900h-09FFh -ABANK10=0A00h-0AFFh -ABANK11=0B00h-0BFFh \
  -ABANK12=0C00h-0CFFh -ABANK13=0D00h-0DFFh -ABANK14=0E00h-0EFFh \
  -ABANK15=0F00h-0FFFh -ABANK16=01000h-010FFh -ABANK17=01100h-011FFh \
  -ABANK18=01200h-012FFh -ABANK19=01300h-013FFh -ABANK20=01400h-014FFh \
  -ABANK21=01500h-015FFh -ABANK22=01600h-016FFh -ABANK23=01700h-017FFh \
  -ABANK24=01800h-018FFh -ABANK25=01900h-019FFh -ABANK26=01A00h-01AFFh \
  -ABANK27=01B00h-01BFFh -ABANK28=01C00h-01CFFh -ABANK29=01D00h-01DFFh \
  -ABANK30=01E00h-01EFFh -ABANK31=01F00h-01FFFh \
  -ASFR=03800h-038FFhx7,03F00h-03F5Fh,03F60h-03FFFh -ABIGSFR=03800h-03FFFh \
  -ACONFIG=0300000h-0300009h -AIDLOC=0200000h-020000Fh \
  -AEEDATA=0310000h-03103FFh -peeprom_data=EEDATA -preset_vec=00h \
  -ppowerup=CODE,init -pramtop=02000h -psmallconst=SMALLCONST \
  -pmediumconst=MEDIUMCONST -pconst=CONST -AFARRAM=00h-00h \
  -prdata=COMRAM,nvrram=COMRAM,nvbit=COMRAM,rbss=COMRAM,rbit=COMRAM \
  -pfarbss=FARRAM,fardata=FARRAM,nvFARRAM=FARRAM \
  -pintsave_regs=BIGRAM,bigbss=BIGRAM,bigdata=BIGRAM -pbss=RAM \
  -pidata=CODE,irdata=CODE,ibigdata=CODE,ifardata=CODE -prparam=COMRAM \
  /tmp/xcXBFADmL/driver_tmp_14.o \
  dist/default/production/ps_test.X.production.o 

Object code version is 3.11

Machine type is 18F57K42



                Name                               Link     Load   Length Selector   Space Scale
/tmp/xcXBFADmL/driver_tmp_14.o
                idloc                            200000   200000       10        0       5
                config                           300000   300000        A        0       4
                init                                 AE       AE        4        4       0
                reset_vec                             0        0        4        0       0
dist/default/production/ps_test.X.production.o
                idloc                            200000   200000       10        0       5
                config                           300000   300000        A        0       4
                mediumconst                        FDCA     FDCA      236     7EE5       0
                ivt0x8                                8        8       A6        4       0
                text138                           14B98    14B98        6     5109       0
                text137                           14424    14424       3E     5109       0
                text136                           14B7E    14B7E        8     5109       0
                text135                           143E4    143E4       3E     50F9       0
                text134                           142E4    142E4       42     50B9       0
                text133                           14BAA    14BAA        4     5109       0
                text132                           14BC2    14BC2        2     52EF       0
                text131                           14BC0    14BC0        2     52EF       0
                text130                           142A0    142A0       42     50A8       0
                text129                           14826    14826       24     5109       0
                text128                           13E06    13E06       52     8000       0
                text127                           14BBE    14BBE        2     52EF       0
                text126                           13F44    13F44       4E     8000       0
                text125                           14BBC    14BBC        2     52EF       0
                text124                           14BB8    14BB8        2     5109       0
                text123                           148CE    148CE       20     5109       0
                text122                           14802    14802       24     5109       0
                text121                           14514    14514       3A     5109       0
                text120                           14A2C    14A2C       16     5109       0
                text119                           12FF0    12FF0       E0     8000       0
                text118                           14BB6    14BB6        2     5109       0
                text117                           1425C    1425C       42     5097       0
                text116                           1486C    1486C       22     5109       0
                text115                           14B92    14B92        6     5109       0
                text114                           14BB4    14BB4        2     5109       0
                text113                           14BB2    14BB2        2     5109       0
                text112                           13872    13872       9C     8000       0
                text111                           140BC    140BC       48     502F       0
                text110                           14672    14672       2E     5109       0
                text109                           14028    14028       4A     8000       0
                text108                           14B8C    14B8C        6     5109       0
                text107                           14B6C    14B6C        A     5109       0
                text106                           1490C    1490C       1E     5109       0
                text105                           145B2    145B2       32     5109       0
                text104                           14580    14580       32     5109       0
                text103                           14B52    14B52        E     5109       0
                text102                           13A8E    13A8E       74     8000       0
                text101                           14B60    14B60        C     5109       0
                text100                           14B44    14B44        E     5109       0
                text99                            14B36    14B36        E     5109       0
                text98                            13B02    13B02       72     8000       0
                text97                            13F92    13F92       4C     8000       0
                text96                            1497E    1497E       1C     5109       0
                text95                            13272    13272       CE     8000       0
                text94                            1484A    1484A       22     5109       0
                text93                            14A14    14A14       18     5109       0
                text92                            149FC    149FC       18     5109       0
                text91                            1499A    1499A       1A     5109       0
                text90                            14B28    14B28        E     5109       0
                text89                            148EE    148EE       1E     5109       0
                text88                            14B1A    14B1A        E     5109       0
                text87                            13EF6    13EF6       4E     8000       0
                text86                            14B0C    14B0C        E     5109       0
                text85                            14614    14614       30     5109       0
                text84                            14AFE    14AFE        E     5109       0
                text83                            14AF0    14AF0        E     5109       0
                text82                            14AE2    14AE2        E     5109       0
                text81                            14AD4    14AD4        E     5109       0
                text80                            14AC6    14AC6        E     5109       0
                text79                            14AB8    14AB8        E     5109       0
                text78                            14AAA    14AAA        E     5109       0
                text77                            12F02    12F02       EE     8000       0
                text76                            143A4    143A4       3E     50B9       0
                text75                            145E4    145E4       30     5109       0
                text74                            147DE    147DE       24     5109       0
                text73                            14748    14748       28     5109       0
                text72                            14326    14326       40     50B9       0
                text71                            1471E    1471E       2A     5109       0
                text70                            13D02    13D02       5A     8000       0
                text69                            1449E    1449E       3C     5109       0
                text68                            14A9C    14A9C        E     5109       0
                text67                            13B74    13B74       6E     8000       0
                text66                            14962    14962       1C     5109       0
                text65                            14770    14770       26     5109       0
                text64                            148AE    148AE       20     5109       0
                text63                            149E4    149E4       18     5109       0
                text62                            149CC    149CC       18     5109       0
                text61                            14946    14946       1C     5109       0
                text60                            1492A    1492A       1C     5109       0
                text59                            146F4    146F4       2A     5109       0
                text58                            146CA    146CA       2A     5109       0
                text57                            13E58    13E58       50     8000       0
                text56                            1370C    1370C       B8     8000       0
                text55                            12670    12670      1EA     8000       0
                text54                            14366    14366       3E     50B9       0
                text53                            14A8E    14A8E        E     5109       0
                text52                            147BA    147BA       24     5109       0
                text51                            14A80    14A80        E     5109       0
                text50                            1454E    1454E       32     5109       0
                text49                            12C9E    12C9E      140     8000       0
                text48                            13652    13652       BA     8000       0
                text47                            14A72    14A72        E     5109       0
                text46                            14A64    14A64        E     5109       0
                text45                            14BA6    14BA6        4     5109       0
                text44                            14B86    14B86        6     5109       0
                text43                            14072    14072       48     8000       0
                text42                            14796    14796       24     5109       0
                text41                            14BA2    14BA2        4     5109       0
                text40                            14190    14190       46     502F       0
                text39                            14A42    14A42       14     5109       0
                text38                            14A56    14A56        E     5109       0
                text37                            13EA8    13EA8       4E     8000       0
                text36                            13998    13998       80     8000       0
                text35                            13BE2    13BE2       66     8000       0
                text34                            13C48    13C48       60     8000       0
                text33                            1488E    1488E       20     5109       0
                text32                            14B76    14B76        8     5109       0
                text31                            130D0    130D0       D2     8000       0
                text30                            123E8    123E8      288     8000       0
                text29                            1390E    1390E       8A     8000       0
                text28                            131A2    131A2       D0     8000       0
                text27                            11ABC    11ABC      350     8000       0
                text26                            14644    14644       2E     5109       0
                text25                            11E0C    11E0C      30C     8000       0
                text24                            1414A    1414A       46     502F       0
                text23                            13598    13598       BA     8000       0
                text22                            13340    13340       CC     8000       0
                text21                            1285A    1285A      1AA     8000       0
                text20                            13FDE    13FDE       4A     8000       0
                text19                            137C4    137C4       AE     8000       0
                text18                            144DA    144DA       3A     5109       0
                text17                            13A18    13A18       76     8000       0
                text16                            14462    14462       3C     5109       0
                text15                            10000    10000      864     8000       0
                text14                            1340C    1340C       C8     8000       0
                text13                            12A04    12A04      158     8000       0
                text12                            13DB4    13DB4       52     8000       0
                text11                            14218    14218       42     502F       0
                text10                            134D4    134D4       C4     8000       0
                text9                             10F4A    10F4A      420     8000       0
                text8                             14104    14104       46     502F       0
                text7                             146A0    146A0       2A     5109       0
                text6                             12B5C    12B5C      142     8000       0
                text5                             1176A    1176A      352     8000       0
                text4                             12118    12118      2D0     8000       0
                text3                             141D6    141D6       42     502F       0
                text2                             149B4    149B4       18     5109       0
                text1                             13D5C    13D5C       58     8000       0
                text0                             10864    10864      6E6     8000       0
                cstackCOMRAM                         21       21       1F        1       1
                cstackBANK0                          60       60       94       60       1
                cstackBANK1                         1EB      1EB       10      100       1
                cstackBANK2                         2DA      2DA       26      200       1
                dataBIGRAM                         1543     1543      400      583       1
                bssBIGRAM                           583      583      FC0      583       1
                bssBANK5                            500      500       83      500       1
                bssBANK4                            400      400       FF      400       1
                bssBANK3                            300      300       83      300       1
                dataBANK2                           280      280       5A      200       1
                bssBANK2                            200      200       80      200       1
                dataBANK1                           1FB      1FB        4      100       1
                bssBANK1                            100      100       EB      100       1
                dataBANK0                            FB       FB        2       60       1
                bssBANK0                             F4       F4        7       60       1
                dataCOMRAM                           40       40        2        1       1
                bssCOMRAM                             1        1       20        1       1
                cinit                             12DDE    12DDE      124     8000       0
                idataBANK2                        13CA8    13CA8       5A     8000       0
                idataBANK1                        14B9E    14B9E        4     5109       0
                idataBANK0                        14BB0    14BB0        2     5109       0
                idataBIGRAM                       1136A    1136A      400     8000       0
                idataCOMRAM                       14BAE    14BAE        2     5109       0

TOTAL           Name                               Link     Load   Length     Space
        CLASS   CODE           
                init                                 AE       AE        4         0
                reset_vec                             0        0        4         0
                ivt0x8                                8        8       A6         0
                text138                           14B98    14B98        6         0
                text137                           14424    14424       3E         0
                text136                           14B7E    14B7E        8         0
                text135                           143E4    143E4       3E         0
                text134                           142E4    142E4       42         0
                text133                           14BAA    14BAA        4         0
                text132                           14BC2    14BC2        2         0
                text131                           14BC0    14BC0        2         0
                text130                           142A0    142A0       42         0
                text129                           14826    14826       24         0
                text128                           13E06    13E06       52         0
                text127                           14BBE    14BBE        2         0
                text126                           13F44    13F44       4E         0
                text125                           14BBC    14BBC        2         0
                text124                           14BB8    14BB8        2         0
                text123                           148CE    148CE       20         0
                text122                           14802    14802       24         0
                text121                           14514    14514       3A         0
                text120                           14A2C    14A2C       16         0
                text119                           12FF0    12FF0       E0         0
                text118                           14BB6    14BB6        2         0
                text117                           1425C    1425C       42         0
                text116                           1486C    1486C       22         0
                text115                           14B92    14B92        6         0
                text114                           14BB4    14BB4        2         0
                text113                           14BB2    14BB2        2         0
                text112                           13872    13872       9C         0
                text111                           140BC    140BC       48         0
                text110                           14672    14672       2E         0
                text109                           14028    14028       4A         0
                text108                           14B8C    14B8C        6         0
                text107                           14B6C    14B6C        A         0
                text106                           1490C    1490C       1E         0
                text105                           145B2    145B2       32         0
                text104                           14580    14580       32         0
                text103                           14B52    14B52        E         0
                text102                           13A8E    13A8E       74         0
                text101                           14B60    14B60        C         0
                text100                           14B44    14B44        E         0
                text99                            14B36    14B36        E         0
                text98                            13B02    13B02       72         0
                text97                            13F92    13F92       4C         0
                text96                            1497E    1497E       1C         0
                text95                            13272    13272       CE         0
                text94                            1484A    1484A       22         0
                text93                            14A14    14A14       18         0
                text92                            149FC    149FC       18         0
                text91                            1499A    1499A       1A         0
                text90                            14B28    14B28        E         0
                text89                            148EE    148EE       1E         0
                text88                            14B1A    14B1A        E         0
                text87                            13EF6    13EF6       4E         0
                text86                            14B0C    14B0C        E         0
                text85                            14614    14614       30         0
                text84                            14AFE    14AFE        E         0
                text83                            14AF0    14AF0        E         0
                text82                            14AE2    14AE2        E         0
                text81                            14AD4    14AD4        E         0
                text80                            14AC6    14AC6        E         0
                text79                            14AB8    14AB8        E         0
                text78                            14AAA    14AAA        E         0
                text77                            12F02    12F02       EE         0
                text76                            143A4    143A4       3E         0
                text75                            145E4    145E4       30         0
                text74                            147DE    147DE       24         0
                text73                            14748    14748       28         0
                text72                            14326    14326       40         0
                text71                            1471E    1471E       2A         0
                text70                            13D02    13D02       5A         0
                text69                            1449E    1449E       3C         0
                text68                            14A9C    14A9C        E         0
                text67                            13B74    13B74       6E         0
                text66                            14962    14962       1C         0
                text65                            14770    14770       26         0
                text64                            148AE    148AE       20         0
                text63                            149E4    149E4       18         0
                text62                            149CC    149CC       18         0
                text61                            14946    14946       1C         0
                text60                            1492A    1492A       1C         0
                text59                            146F4    146F4       2A         0
                text58                            146CA    146CA       2A         0
                text57                            13E58    13E58       50         0
                text56                            1370C    1370C       B8         0
                text55                            12670    12670      1EA         0
                text54                            14366    14366       3E         0
                text53                            14A8E    14A8E        E         0
                text52                            147BA    147BA       24         0
                text51                            14A80    14A80        E         0
                text50                            1454E    1454E       32         0
                text49                            12C9E    12C9E      140         0
                text48                            13652    13652       BA         0
                text47                            14A72    14A72        E         0
                text46                            14A64    14A64        E         0
                text45                            14BA6    14BA6        4         0
                text44                            14B86    14B86        6         0
                text43                            14072    14072       48         0
                text42                            14796    14796       24         0
                text41                            14BA2    14BA2        4         0
                text40                            14190    14190       46         0
                text39                            14A42    14A42       14         0
                text38                            14A56    14A56        E         0
                text37                            13EA8    13EA8       4E         0
                text36                            13998    13998       80         0
                text35                            13BE2    13BE2       66         0
                text34                            13C48    13C48       60         0
                text33                            1488E    1488E       20         0
                text32                            14B76    14B76        8         0
                text31                            130D0    130D0       D2         0
                text30                            123E8    123E8      288         0
                text29                            1390E    1390E       8A         0
                text28                            131A2    131A2       D0         0
                text27                            11ABC    11ABC      350         0
                text26                            14644    14644       2E         0
                text25                            11E0C    11E0C      30C         0
                text24                            1414A    1414A       46         0
                text23                            13598    13598       BA         0
                text22                            13340    13340       CC         0
                text21                            1285A    1285A      1AA         0
                text20                            13FDE    13FDE       4A         0
                text19                            137C4    137C4       AE         0
                text18                            144DA    144DA       3A         0
                text17                            13A18    13A18       76         0
                text16                            14462    14462       3C         0
                text15                            10000    10000      864         0
                text14                            1340C    1340C       C8         0
                text13                            12A04    12A04      158         0
                text12                            13DB4    13DB4       52         0
                text11                            14218    14218       42         0
                text10                            134D4    134D4       C4         0
                text9                             10F4A    10F4A      420         0
                text8                             14104    14104       46         0
                text7                             146A0    146A0       2A         0
                text6                             12B5C    12B5C      142         0
                text5                             1176A    1176A      352         0
                text4                             12118    12118      2D0         0
                text3                             141D6    141D6       42         0
                text2                             149B4    149B4       18         0
                text1                             13D5C    13D5C       58         0
                text0                             10864    10864      6E6         0
                cinit                             12DDE    12DDE      124         0
                idataBANK2                        13CA8    13CA8       5A         0
                idataBANK1                        14B9E    14B9E        4         0
                idataBANK0                        14BB0    14BB0        2         0
                idataBIGRAM                       1136A    1136A      400         0
                idataCOMRAM                       14BAE    14BAE        2         0

        CLASS   CONST          

        CLASS   SMALLCONST     

        CLASS   MEDIUMCONST    
                mediumconst                        FDCA     FDCA      236         0

        CLASS   COMRAM         
                cstackCOMRAM                         21       21       1F         1
                dataCOMRAM                           40       40        2         1
                bssCOMRAM                             1        1       20         1

        CLASS   ABS1           

        CLASS   BIGRAM         
                dataBIGRAM                         1543     1543      400         1
                bssBIGRAM                           583      583      FC0         1

        CLASS   RAM            

        CLASS   BANK0          
                cstackBANK0                          60       60       94         1
                dataBANK0                            FB       FB        2         1
                bssBANK0                             F4       F4        7         1

        CLASS   BANK1          
                cstackBANK1                         1EB      1EB       10         1
                dataBANK1                           1FB      1FB        4         1
                bssBANK1                            100      100       EB         1

        CLASS   BANK2          
                cstackBANK2                         2DA      2DA       26         1
                dataBANK2                           280      280       5A         1
                bssBANK2                            200      200       80         1

        CLASS   BANK3          
                bssBANK3                            300      300       83         1

        CLASS   BANK4          
                bssBANK4                            400      400       FF         1

        CLASS   BANK5          
                bssBANK5                            500      500       83         1

        CLASS   BANK6          

        CLASS   BANK7          

        CLASS   BANK8          

        CLASS   BANK9          

        CLASS   BANK10         

        CLASS   BANK11         

        CLASS   BANK12         

        CLASS   BANK13         

        CLASS   BANK14         

        CLASS   BANK15         

        CLASS   BANK16         

        CLASS   BANK17         

        CLASS   BANK18         

        CLASS   BANK19         

        CLASS   BANK20         

        CLASS   BANK21         

        CLASS   BANK22         

        CLASS   BANK23         

        CLASS   BANK24         

        CLASS   BANK25         

        CLASS   BANK26         

        CLASS   BANK27         

        CLASS   BANK28         

        CLASS   BANK29         

        CLASS   BANK30         

        CLASS   BANK31         

        CLASS   SFR            

        CLASS   BIGSFR         

        CLASS   CONFIG         
                config                           300000   300000        A         4

        CLASS   IDLOC          
                idloc                            200000   200000       10         5

        CLASS   EEDATA         

        CLASS   FARRAM         

        CLASS   HEAP           

        CLASS   STACK          



SEGMENTS        Name                           Load    Length   Top    Selector   Space  Class

                bssBIGRAM                      000583  0013C0  001943       583       1  BIGRAM  
                text15                         010000  0040BA  0140BA      8000       0  CODE    
                text117                        01425C  000042  01429E      5097       0  CODE    
                text111                        0140BC  00019E  01425A      502F       0  CODE    
                text137                        014424  000796  014BBA      5109       0  CODE    
                text135                        0143E4  00003E  014422      50F9       0  CODE    
                reset_vec                      000000  000004  000004         0       0  CODE    
                text125                        014BBC  000008  014BC4      52EF       0  CODE    
                text134                        0142E4  0000FE  0143E2      50B9       0  CODE    
                text130                        0142A0  000042  0142E2      50A8       0  CODE    
                bssBANK4                       000400  0000FF  0004FF       400       1  BANK4   
                cstackBANK0                    000060  00009D  0000FD        60       1  BANK0   
                bssBANK1                       000100  0000FF  0001FF       100       1  BANK1   
                bssCOMRAM                      000001  000041  000042         1       1  COMRAM  
                mediumconst                    00FDCA  000236  010000      7EE5       0  MEDIUMCO
                bssBANK3                       000300  000083  000383       300       1  BANK3   
                ivt0x8                         000008  0000AA  0000B2         4       0  CODE    
                bssBANK5                       000500  000083  000583       500       1  BANK5   
                bssBANK2                       000200  000100  000300       200       1  BANK2   


UNUSED ADDRESS RANGES

        Name                Unused          Largest block    Delta
        BANK0            0000FD-0000FF                3
        BANK1            0001FF-0001FF                1
        BANK25           001943-0019FF               BD
        BANK26           001A00-001AFF              100
        BANK27           001B00-001BFF              100
        BANK28           001C00-001CFF              100
        BANK29           001D00-001DFF              100
        BANK3            000383-0003FF               7D
        BANK30           001E00-001EFF              100
        BANK31           001F00-001FFF              100
        BANK4            0004FF-0004FF                1
        BIGRAM           000042-00005F               1E
                         0000FD-0000FF                3
                         0001FF-0001FF                1
                         000383-0003FF               7D
                         0004FF-0004FF                1
                         001943-001FFF              6BD
        BIGSFR           003800-003FFF              800
        CODE             000004-000007                4
                         0000B2-00FDC9             FD18
                         0140BA-0140BB                2
                         01425A-01425B                2
                         01429E-01429F                2
                         0142E2-0142E3                2
                         0143E2-0143E3                2
                         014422-014423                2
                         014BBA-014BBB                2
                         014BC4-01FFFF             B43C
        COMRAM           000042-00005F               1E
        CONST            000004-000007                4
                         0000B2-00FDC9             FD18
                         0140BA-0140BB                2
                         01425A-01425B                2
                         01429E-01429F                2
                         0142E2-0142E3                2
                         0143E2-0143E3                2
                         014422-014423                2
                         014BBA-014BBB                2
                         014BC4-01FFFF             B43C
        EEDATA           310000-3103FF              400
        MEDIUMCONST      002000-00FDC9             DDCA
                         0140BA-0140BB                2
                         01425A-01425B                2
                         01429E-01429F                2
                         0142E2-0142E3                2
                         0143E2-0143E3                2
                         014422-014423                2
                         014BBA-014BBB                2
                         014BC4-01FFFF             B43C
        RAM              0000FD-0000FF                3
                         0001FF-0001FF                1
                         000383-0003FF               7D
                         0004FF-0004FF                1
                         001943-001FFF              100
        SFR              003800-003FFF              100
        SMALLCONST       002000-00FDC9              100
                         0140BA-0140BB                2
                         01425A-01425B                2
                         01429E-01429F                2
                         0142E2-0142E3                2
                         0143E2-0143E3                2
                         014422-014423                2
                         014BBA-014BBB                2
                         014BC4-01FFFF              100

                                  Symbol Table

?_ADCC_GetConversionResult                             cstackCOMRAM 000021
?___fladd                                              cstackBANK0  000090
?___fldiv                                              cstackBANK0  000077
?___flmul                                              cstackBANK0  000077
?___flneg                                              cstackBANK0  000063
?___flsub                                              cstackBANK0  0000A0
?___fltol                                              cstackBANK0  000063
?___fpclassifyf                                        cstackBANK0  000063
?___lwdiv                                              cstackBANK0  000063
?___lwmod                                              cstackBANK0  000063
?___wmul                                               cstackBANK0  000063
?___xxtofl                                             cstackBANK0  000069
?_floorf                                               cstackBANK0  000090
?_labs                                                 cstackBANK0  000063
?_printf                                               cstackBANK2  0002DA
?_read_prec_or_width                                   cstackBANK0  000069
?_sprintf                                              cstackBANK1  0001EB
?_sqrtf                                                cstackBANK0  000063
?_strlen                                               cstackBANK0  000063
?_strncmp                                              cstackBANK0  000067
?_vfprintf                                             cstackBANK0  0000EC
ADCC_SetADIInterruptHandler@InterruptHandler           cstackBANK0  000063
Adc_Isr@c_adc_chan                                     bssCOMRAM    000014
DAC1_SetOutput@inputData                               cstackCOMRAM 00003F
DATAEE_ReadByte@bAdd                                   cstackBANK0  000063
DATAEE_WriteByte@GIEBitValue                           cstackCOMRAM 00003F
DATAEE_WriteByte@bAdd                                  cstackBANK0  000063
DATAEE_WriteByte@bData                                 cstackBANK0  000065
DMA1_SetDMAPriority@priority                           cstackCOMRAM 00003F
DMA1_SetDestinationSize@size                           cstackBANK0  000063
DMA1_SetORIInterruptHandler@InterruptHandler           cstackBANK0  000063
DMA1_SetSCNTIInterruptHandler@InterruptHandler         cstackBANK0  000063
DMA1_SetSourceSize@size                                cstackBANK0  000063
INTERRUPT_Initialize@state                             cstackCOMRAM 00003F
IVTBASEH                                               (abs)        003FD6
IVTBASEL                                               (abs)        003FD5
IVTBASEU                                               (abs)        003FD7
PWM5_LoadDutyValue@dutyValue                           cstackBANK0  000063
PWM6_LoadDutyValue@dutyValue                           cstackBANK0  000063
StartTimer@count                                       cstackBANK0  000063
StartTimer@timer                                       cstackCOMRAM 00003F
TMR5_SetInterruptHandler@InterruptHandler              cstackBANK0  000063
TMR5_WriteTimer@timerVal                               cstackCOMRAM 00002E
TMR6_ISR@CountCallBack                                 bssCOMRAM    000010
TMR6_SetInterruptHandler@InterruptHandler              cstackBANK0  000063
TimerDone@timer                                        cstackCOMRAM 00003F
Timers_Isr@i                                           cstackCOMRAM 000030
UART1_Read@readValue                                   cstackCOMRAM 00003F
UART1_SetErrorHandler@interruptHandler                 cstackBANK0  000063
UART1_SetFramingErrorHandler@interruptHandler          cstackBANK0  000063
UART1_SetFramingErrorInterruptHandler@InterruptHandler cstackBANK0  000063
UART1_SetOverrunErrorHandler@interruptHandler          cstackBANK0  000063
UART1_SetRxInterruptHandler@InterruptHandler           cstackBANK0  000063
UART1_SetTxInterruptHandler@InterruptHandler           cstackBANK0  000063
UART1_SetUartInterruptHandler@InterruptHandler         cstackBANK0  000063
UART1_Write@txData                                     cstackCOMRAM 00003F
WaitMs@numMilliseconds                                 cstackBANK0  000067
_ADACCH                                                (abs)        003EE9
_ADACCL                                                (abs)        003EE8
_ADACCU                                                (abs)        003EEA
_ADACQH                                                (abs)        003EF4
_ADACQL                                                (abs)        003EF3
_ADACT                                                 (abs)        003EFE
_ADCAP                                                 (abs)        003EF5
_ADCC_ADI_InterruptHandler                             bssBANK1     00018D
_ADCC_DefaultInterruptHandler                          text118      014BB6
_ADCC_GetConversionResult                              text120      014A2C
_ADCC_ISR                                              text117      01425C
_ADCC_Initialize                                       text102      013A8E
_ADCC_SetADIInterruptHandler                           text103      014B52
_ADCLK                                                 (abs)        003EFF
_ADCNT                                                 (abs)        003EEB
_ADCON0                                                (abs)        003EF8
_ADCON1                                                (abs)        003EF9
_ADCON2                                                (abs)        003EFA
_ADCON3                                                (abs)        003EFB
_ADERRH                                                (abs)        003EE3
_ADERRL                                                (abs)        003EE2
_ADFLTRH                                               (abs)        003EE7
_ADFLTRL                                               (abs)        003EE6
_ADLTHH                                                (abs)        003EDF
_ADLTHL                                                (abs)        003EDE
_ADPCH                                                 (abs)        003EF1
_ADPREH                                                (abs)        003EF7
_ADPREL                                                (abs)        003EF6
_ADPREVH                                               (abs)        003EEE
_ADPREVL                                               (abs)        003EED
_ADREF                                                 (abs)        003EFD
_ADRESH                                                (abs)        003EF0
_ADRESL                                                (abs)        003EEF
_ADRPT                                                 (abs)        003EEC
_ADSTAT                                                (abs)        003EFC
_ADSTPTH                                               (abs)        003EE5
_ADSTPTL                                               (abs)        003EE4
_ADUTHH                                                (abs)        003EE1
_ADUTHL                                                (abs)        003EE0
_ANSELA                                                (abs)        003A40
_ANSELB                                                (abs)        003A50
_ANSELC                                                (abs)        003A60
_ANSELD                                                (abs)        003A70
_ANSELE                                                (abs)        003A80
_ANSELF                                                (abs)        003A90
_Adc_Isr                                               text119      012FF0
_CCPTMRS1bits                                          (abs)        003F5F
_DAC1CON0                                              (abs)        003E9E
_DAC1CON1                                              (abs)        003E9C
_DAC1_GetOutput                                        text108      014B8C
_DAC1_Initialize                                       text101      014B60
_DAC1_SetOutput                                        text107      014B6C
_DATAEE_ReadByte                                       text106      01490C
_DATAEE_WriteByte                                      text72       014326
_DMA1AIRQ                                              (abs)        003BFE
_DMA1CON0                                              (abs)        003BFC
_DMA1CON0bits                                          (abs)        003BFC
_DMA1CON1                                              (abs)        003BFD
_DMA1CON1bits                                          (abs)        003BFD
_DMA1DPTR                                              (abs)        003BEC
_DMA1DSA                                               (abs)        003BF0
_DMA1DSZ                                               (abs)        003BEE
_DMA1PR                                                (abs)        0039F3
_DMA1SIRQ                                              (abs)        003BFF
_DMA1SPTR                                              (abs)        003BF4
_DMA1SSA                                               (abs)        003BF9
_DMA1SSZ                                               (abs)        003BF7
_DMA1_DMAORI_ISR                                       text134      0142E4
_DMA1_DMASCNTI_ISR                                     text130      0142A0
_DMA1_DefaultInterruptHandler                          text132      014BC2
_DMA1_Initialize                                       text98       013B02
_DMA1_ORI_InterruptHandler                             bssBANK1     000181
_DMA1_SCNTI_InterruptHandler                           bssBANK1     000184
_DMA1_SetDMAPriority                                   text33       01488E
_DMA1_SetDestinationSize                               text47       014A72
_DMA1_SetORIInterruptHandler                           text100      014B44
_DMA1_SetSCNTIInterruptHandler                         text99       014B36
_DMA1_SetSourceSize                                    text46       014A64
_DMA1_StartTransferWithTrigger                         text45       014BA6
_DMA1_StopTransfer                                     text32       014B76
_DMA2CON0bits                                          (abs)        003BDC
_DMA2CON1bits                                          (abs)        003BDD
_DMA2DSA                                               (abs)        003BD0
_DMA2DSZ                                               (abs)        003BCE
_DMA2SSA                                               (abs)        003BD9
_DMA2SSZ                                               (abs)        003BD7
_Default_ISR                                           text125      014BBC
_GIE                                                   (abs)        01FE97
_INLVLA                                                (abs)        003A44
_INLVLB                                                (abs)        003A54
_INLVLC                                                (abs)        003A64
_INLVLD                                                (abs)        003A74
_INLVLE                                                (abs)        003A84
_INLVLF                                                (abs)        003A94
_INTCON0bits                                           (abs)        003FD2
_INTERRUPT_Initialize                                  text97       013F92
_IPR1bits                                              (abs)        003981
_IPR2bits                                              (abs)        003982
_IPR3bits                                              (abs)        003983
_IPR8bits                                              (abs)        003988
_IPR9bits                                              (abs)        003989
_IVTBASEH                                              (abs)        003FD6
_IVTBASEL                                              (abs)        003FD5
_IVTBASEU                                              (abs)        003FD7
_IVTLOCK                                               (abs)        003FD4
_IVTLOCKbits                                           (abs)        003FD4
_LATA                                                  (abs)        003FBA
_LATAbits                                              (abs)        003FBA
_LATB                                                  (abs)        003FBB
_LATC                                                  (abs)        003FBC
_LATCbits                                              (abs)        003FBC
_LATD                                                  (abs)        003FBD
_LATDbits                                              (abs)        003FBD
_LATE                                                  (abs)        003FBE
_LATEbits                                              (abs)        003FBE
_LATF                                                  (abs)        003FBF
_LATFbits                                              (abs)        003FBF
_Led_Blink                                             text123      0148CE
_NVMADRH                                               (abs)        0039E1
_NVMADRL                                               (abs)        0039E0
_NVMCON1bits                                           (abs)        0039E5
_NVMCON2                                               (abs)        0039E6
_NVMDAT                                                (abs)        0039E3
_ODCONA                                                (abs)        003A42
_ODCONB                                                (abs)        003A52
_ODCONC                                                (abs)        003A62
_ODCOND                                                (abs)        003A72
_ODCONE                                                (abs)        003A82
_ODCONF                                                (abs)        003A92
_OSCCON1                                               (abs)        0039D9
_OSCCON3                                               (abs)        0039DB
_OSCEN                                                 (abs)        0039DD
_OSCFRQ                                                (abs)        0039DF
_OSCILLATOR_Initialize                                 text96       01497E
_OSCTUNE                                               (abs)        0039DE
_PIE1bits                                              (abs)        003991
_PIE2bits                                              (abs)        003992
_PIE3bits                                              (abs)        003993
_PIE8bits                                              (abs)        003998
_PIE9bits                                              (abs)        003999
_PIN_MANAGER_Initialize                                text95       013272
_PIR0bits                                              (abs)        0039A0
_PIR1bits                                              (abs)        0039A1
_PIR2bits                                              (abs)        0039A2
_PIR4bits                                              (abs)        0039A4
_PIR8bits                                              (abs)        0039A8
_PIR9bits                                              (abs)        0039A9
_PLLR                                                  (abs)        01CEE0
_PMD0                                                  (abs)        0039C0
_PMD1                                                  (abs)        0039C1
_PMD2                                                  (abs)        0039C2
_PMD3                                                  (abs)        0039C3
_PMD4                                                  (abs)        0039C4
_PMD5                                                  (abs)        0039C5
_PMD6                                                  (abs)        0039C6
_PMD7                                                  (abs)        0039C7
_PMD_Initialize                                        text94       01484A
_PORTAbits                                             (abs)        003FCA
_PORTBbits                                             (abs)        003FCB
_PRLOCK                                                (abs)        0039EF
_PRLOCKbits                                            (abs)        0039EF
_PWM5CON                                               (abs)        003F6E
_PWM5DCH                                               (abs)        003F6D
_PWM5DCL                                               (abs)        003F6C
_PWM5_Initialize                                       text93       014A14
_PWM5_LoadDutyValue                                    text105      0145B2
_PWM6CON                                               (abs)        003F6A
_PWM6DCH                                               (abs)        003F69
_PWM6DCL                                               (abs)        003F68
_PWM6_Initialize                                       text92       0149FC
_PWM6_LoadDutyValue                                    text104      014580
_RB1I2C                                                (abs)        003A5A
_RB2I2C                                                (abs)        003A5B
_RC3I2C                                                (abs)        003A6A
_RC3PPS                                                (abs)        003A13
_RC4I2C                                                (abs)        003A6B
_RC5PPS                                                (abs)        003A15
_RC6PPS                                                (abs)        003A16
_RD0I2C                                                (abs)        003A7A
_RD1I2C                                                (abs)        003A7B
_RD2PPS                                                (abs)        003A1A
_RF2PPS                                                (abs)        003A2A
_SLRCONA                                               (abs)        003A43
_SLRCONB                                               (abs)        003A53
_SLRCONC                                               (abs)        003A63
_SLRCOND                                               (abs)        003A73
_SLRCONE                                               (abs)        003A83
_SLRCONF                                               (abs)        003A93
_SPI1BAUD                                              (abs)        003D19
_SPI1CLK                                               (abs)        003D1C
_SPI1CON0                                              (abs)        003D14
_SPI1CON0bits                                          (abs)        003D14
_SPI1CON1                                              (abs)        003D15
_SPI1CON2                                              (abs)        003D16
_SPI1INTFbits                                          (abs)        003D1A
_SPI1RXB                                               (abs)        003D10
_SPI1SCKPPS                                            (abs)        003ADE
_SPI1SDIPPS                                            (abs)        003ADF
_SPI1STATUSbits                                        (abs)        003D17
_SPI1TCNTL                                             (abs)        003D12
_SPI1TXB                                               (abs)        003D11
_SPI1_Initialize                                       text91       01499A
_SYSTEM_Initialize                                     text76       0143A4
_SrcVarName0                                           bssBANK2     000260
_StartTimer                                            text75       0145E4
_SystemArbiter_Initialize                              text90       014B28
_T2CLKCON                                              (abs)        003FAE
_T2CON                                                 (abs)        003FAC
_T2HLT                                                 (abs)        003FAD
_T2PR                                                  (abs)        003FAB
_T2RST                                                 (abs)        003FAF
_T2TMR                                                 (abs)        003FAA
_T5CLK                                                 (abs)        003F9D
_T5CON                                                 (abs)        003F9A
_T5CONbits                                             (abs)        003F9A
_T5GATE                                                (abs)        003F9C
_T5GCON                                                (abs)        003F9B
_T6CLKCON                                              (abs)        003F96
_T6CON                                                 (abs)        003F94
_T6HLT                                                 (abs)        003F95
_T6PR                                                  (abs)        003F93
_T6RST                                                 (abs)        003F97
_T6TMR                                                 (abs)        003F92
_TABLAT                                                (abs)        003FF5
_TBLPTRH                                               (abs)        003FF7
_TBLPTRL                                               (abs)        003FF6
_TBLPTRU                                               (abs)        003FF8
_TMR2_Initialize                                       text89       0148EE
_TMR5H                                                 (abs)        003F99
_TMR5L                                                 (abs)        003F98
_TMR5_DefaultInterruptHandler                          text127      014BBE
_TMR5_ISR                                              text126      013F44
_TMR5_Initialize                                       text87       013EF6
_TMR5_InterruptHandler                                 bssBANK1     000187
_TMR5_SetInterruptHandler                              text88       014B1A
_TMR5_WriteTimer                                       text129      014826
_TMR6_CallBack                                         text122      014802
_TMR6_DefaultInterruptHandler                          text124      014BB8
_TMR6_ISR                                              text121      014514
_TMR6_Initialize                                       text85       014614
_TMR6_InterruptHandler                                 bssBANK1     00018A
_TMR6_SetInterruptHandler                              text86       014B0C
_TRISA                                                 (abs)        003FC2
_TRISB                                                 (abs)        003FC3
_TRISC                                                 (abs)        003FC4
_TRISCbits                                             (abs)        003FC4
_TRISD                                                 (abs)        003FC5
_TRISE                                                 (abs)        003FC6
_TRISF                                                 (abs)        003FC7
_TimerDone                                             text74       0147DE
_Timers_Isr                                            text128      013E06
_U1BRGH                                                (abs)        003DF6
_U1BRGL                                                (abs)        003DF5
_U1CON0                                                (abs)        003DF2
_U1CON1                                                (abs)        003DF3
_U1CON2                                                (abs)        003DF4
_U1ERRIE                                               (abs)        003DFA
_U1ERRIR                                               (abs)        003DF9
_U1ERRIRbits                                           (abs)        003DF9
_U1FIFO                                                (abs)        003DF7
_U1P1H                                                 (abs)        003DED
_U1P1L                                                 (abs)        003DEC
_U1P2H                                                 (abs)        003DEF
_U1P2L                                                 (abs)        003DEE
_U1P3H                                                 (abs)        003DF1
_U1P3L                                                 (abs)        003DF0
_U1RXB                                                 (abs)        003DE8
_U1RXPPS                                               (abs)        003AE5
_U1TXB                                                 (abs)        003DEA
_U1UIR                                                 (abs)        003DF8
_U1UIRbits                                             (abs)        003DF8
_UART1_DefaultErrorHandler                             text115      014B92
_UART1_DefaultFramingErrorHandler                      text114      014BB4
_UART1_DefaultOverrunErrorHandler                      text113      014BB2
_UART1_ErrorHandler                                    bssBANK1     000178
_UART1_FramingErrorHandler                             bssBANK1     00017E
_UART1_FramingErrorInterruptHandler                    bssBANK1     000193
_UART1_FramingError_ISR                                text136      014B7E
_UART1_Initialize                                      text77       012F02
_UART1_OverrunErrorHandler                             bssBANK1     00017B
_UART1_Read                                            text54       014366
_UART1_Receive_ISR                                     text112      013872
_UART1_RxDataHandler                                   text116      01486C
_UART1_RxInterruptHandler                              bssCOMRAM    00000B
_UART1_SetErrorHandler                                 text84       014AFE
_UART1_SetFramingErrorHandler                          text83       014AF0
_UART1_SetFramingErrorInterruptHandler                 text82       014AE2
_UART1_SetOverrunErrorHandler                          text81       014AD4
_UART1_SetRxInterruptHandler                           text80       014AC6
_UART1_SetTxInterruptHandler                           text79       014AB8
_UART1_SetUartInterruptHandler                         text78       014AAA
_UART1_Transmit_ISR                                    text110      014672
_UART1_TxInterruptHandler                              bssBANK1     000196
_UART1_UARTInterruptHandler                            bssBANK1     000190
_UART1_UartInterrupt_ISR                               text138      014B98
_UART1_Write                                           text69       01449E
_UART1_framing_err_vect_isr                            text135      0143E4
_UART1_is_rx_ready                                     text53       014A8E
_UART1_rx_vect_isr                                     text111      0140BC
_UART1_tx_vect_isr                                     text109      014028
_UART1_vect_isr                                        text137      014424
_WPUA                                                  (abs)        003A41
_WPUB                                                  (abs)        003A51
_WPUC                                                  (abs)        003A61
_WPUD                                                  (abs)        003A71
_WPUE                                                  (abs)        003A81
_WPUF                                                  (abs)        003A91
_WaitMs                                                text73       014748
__HRAM                                                 (abs)        000000
__H__absolute__                                        __absolute__ 000000
__Habs1                                                abs1         000000
__Hbank0                                               bank0        000000
__Hbank1                                               bank1        000000
__Hbank10                                              bank10       000000
__Hbank11                                              bank11       000000
__Hbank12                                              bank12       000000
__Hbank13                                              bank13       000000
__Hbank14                                              bank14       000000
__Hbank15                                              bank15       000000
__Hbank16                                              bank16       000000
__Hbank17                                              bank17       000000
__Hbank18                                              bank18       000000
__Hbank19                                              bank19       000000
__Hbank2                                               bank2        000000
__Hbank20                                              bank20       000000
__Hbank21                                              bank21       000000
__Hbank22                                              bank22       000000
__Hbank23                                              bank23       000000
__Hbank24                                              bank24       000000
__Hbank25                                              bank25       000000
__Hbank26                                              bank26       000000
__Hbank27                                              bank27       000000
__Hbank28                                              bank28       000000
__Hbank29                                              bank29       000000
__Hbank3                                               bank3        000000
__Hbank30                                              bank30       000000
__Hbank31                                              bank31       000000
__Hbank4                                               bank4        000000
__Hbank5                                               bank5        000000
__Hbank6                                               bank6        000000
__Hbank7                                               bank7        000000
__Hbank8                                               bank8        000000
__Hbank9                                               bank9        000000
__Hbigbss                                              bigbss       000000
__Hbigdata                                             bigdata      000000
__Hbigram                                              bigram       000000
__Hbigsfr                                              bigsfr       000000
__Hbss                                                 bss          000000
__HbssBANK0                                            bssBANK0     000000
__HbssBANK1                                            bssBANK1     000000
__HbssBANK2                                            bssBANK2     000000
__HbssBANK3                                            bssBANK3     000000
__HbssBANK4                                            bssBANK4     000000
__HbssBANK5                                            bssBANK5     000000
__HbssBIGRAM                                           bssBIGRAM    000000
__HbssCOMRAM                                           bssCOMRAM    000000
__Hcinit                                               cinit        000000
__Hclrtext                                             clrtext      000000
__Hcomram                                              comram       000000
__Hconfig                                              config       30000A
__Hconst                                               const        000000
__HcstackBANK0                                         cstackBANK0  000000
__HcstackBANK1                                         cstackBANK1  000000
__HcstackBANK2                                         cstackBANK2  000000
__HcstackCOMRAM                                        cstackCOMRAM 000000
__Hdata                                                data         000000
__HdataBANK0                                           dataBANK0    000000
__HdataBANK1                                           dataBANK1    000000
__HdataBANK2                                           dataBANK2    000000
__HdataBIGRAM                                          dataBIGRAM   000000
__HdataCOMRAM                                          dataCOMRAM   000000
__Heeprom_data                                         eeprom_data  000000
__Hfarbss                                              farbss       000000
__Hfardata                                             fardata      000000
__Hheap                                                heap         000000
__Hibigdata                                            ibigdata     000000
__Hidata                                               idata        000000
__HidataBANK0                                          idataBANK0   000000
__HidataBANK1                                          idataBANK1   000000
__HidataBANK2                                          idataBANK2   000000
__HidataBIGRAM                                         idataBIGRAM  000000
__HidataCOMRAM                                         idataCOMRAM  000000
__Hidloc                                               idloc        200010
__Hifardata                                            ifardata     000000
__Hinit                                                init         0000B2
__Hintsave_regs                                        intsave_regs 000000
__Hirdata                                              irdata       000000
__Hivt0x8                                              ivt0x8       0000AE
__Hmediumconst                                         mediumconst  010000
__HnvFARRAM                                            nvFARRAM     000000
__Hnvbit                                               nvbit        000000
__Hnvrram                                              nvrram       000000
__Hparam                                               rparam       000000
__Hpowerup                                             powerup      000000
__Hram                                                 ram          000000
__Hramtop                                              ramtop       002000
__Hrbit                                                rbit         000000
__Hrbss                                                rbss         000000
__Hrdata                                               rdata        000000
__Hreset_vec                                           reset_vec    000004
__Hrparam                                              rparam       000000
__Hsfr                                                 sfr          000000
__Hsmallconst                                          smallconst   000000
__Hspace_0                                             (abs)        014BC4
__Hspace_1                                             (abs)        001943
__Hspace_2                                             (abs)        000000
__Hspace_4                                             (abs)        60000A
__Hstack                                               stack        000000
__Hstruct                                              struct       000000
__Htemp                                                temp         000000
__Htext                                                text         000000
__Htext0                                               text0        000000
__Htext1                                               text1        000000
__Htext10                                              text10       000000
__Htext100                                             text100      000000
__Htext101                                             text101      000000
__Htext102                                             text102      000000
__Htext103                                             text103      000000
__Htext104                                             text104      000000
__Htext105                                             text105      000000
__Htext106                                             text106      000000
__Htext107                                             text107      000000
__Htext108                                             text108      000000
__Htext109                                             text109      000000
__Htext11                                              text11       000000
__Htext110                                             text110      000000
__Htext111                                             text111      000000
__Htext112                                             text112      000000
__Htext113                                             text113      000000
__Htext114                                             text114      000000
__Htext115                                             text115      000000
__Htext116                                             text116      000000
__Htext117                                             text117      000000
__Htext118                                             text118      000000
__Htext119                                             text119      000000
__Htext12                                              text12       000000
__Htext120                                             text120      000000
__Htext121                                             text121      000000
__Htext122                                             text122      000000
__Htext123                                             text123      000000
__Htext124                                             text124      000000
__Htext125                                             text125      000000
__Htext126                                             text126      000000
__Htext127                                             text127      000000
__Htext128                                             text128      000000
__Htext129                                             text129      000000
__Htext13                                              text13       000000
__Htext130                                             text130      000000
__Htext131                                             text131      000000
__Htext132                                             text132      000000
__Htext133                                             text133      000000
__Htext134                                             text134      000000
__Htext135                                             text135      000000
__Htext136                                             text136      000000
__Htext137                                             text137      000000
__Htext138                                             text138      000000
__Htext14                                              text14       000000
__Htext15                                              text15       000000
__Htext16                                              text16       000000
__Htext17                                              text17       000000
__Htext18                                              text18       000000
__Htext19                                              text19       000000
__Htext2                                               text2        000000
__Htext20                                              text20       000000
__Htext21                                              text21       000000
__Htext22                                              text22       000000
__Htext23                                              text23       000000
__Htext24                                              text24       000000
__Htext25                                              text25       000000
__Htext26                                              text26       000000
__Htext27                                              text27       000000
__Htext28                                              text28       000000
__Htext29                                              text29       000000
__Htext3                                               text3        000000
__Htext30                                              text30       000000
__Htext31                                              text31       000000
__Htext32                                              text32       000000
__Htext33                                              text33       000000
__Htext34                                              text34       000000
__Htext35                                              text35       000000
__Htext36                                              text36       000000
__Htext37                                              text37       000000
__Htext38                                              text38       000000
__Htext39                                              text39       000000
__Htext4                                               text4        000000
[...]
floorf@e                                               cstackBANK0  00009E
floorf@m                                               cstackBANK0  00009A
floorf@u                                               cstackBANK0  0000A0
floorf@x                                               cstackBANK0  000090
fputc@c                                                cstackBANK0  000064
fputc@fp                                               cstackBANK0  000066
fputs@c                                                cstackBANK0  000071
fputs@fp                                               cstackBANK0  00006F
fputs@i                                                cstackBANK0  000072
fputs@s                                                cstackBANK0  00006D
intlevel0                                              text         000000
intlevel1                                              text         000000
intlevel2                                              text         000000
intlevel3                                              text         000000
isa$std                                                (abs)        000001
isa$xinst                                              (abs)        000000
ivt0x8_base                                            ivt0x8       000008
ivt0x8_undefint                                        ivt0x8       0000AC
labs@a                                                 cstackBANK0  000063
linux_getc@a_data                                      cstackBANK0  000063
linux_putc@a_len                                       cstackBANK0  000068
linux_putc@data                                        cstackBANK0  000066
main@i                                                 cstackBANK2  0002FF
main@lcd_update                                        cstackBANK2  0002FE
memcpy@d                                               cstackBANK0  00006A
memcpy@d1                                              cstackBANK0  000063
memcpy@n                                               cstackBANK0  000067
memcpy@s                                               cstackBANK0  00006C
memcpy@s1                                              cstackBANK0  000065
memcpy@tmp                                             cstackBANK0  000069
memset@c                                               cstackBANK0  000065
memset@dest                                            cstackBANK0  000063
memset@n                                               cstackBANK0  000067
memset@p                                               cstackBANK0  000069
pad@buf                                                cstackBANK0  000076
pad@fp                                                 cstackBANK0  000074
pad@i                                                  cstackBANK0  00007B
pad@p                                                  cstackBANK0  000078
printf@ap                                              cstackBANK1  0001EB
printf@fmt                                             cstackBANK2  0002DA
ps_math@chan                                           cstackBANK0  0000AC
ps_math@i                                              cstackBANK0  0000B3
ps_math@n                                              cstackBANK0  0000B1
ps_math@scale                                          cstackBANK0  0000A8
putch@txData                                           cstackBANK0  000063
puts@s                                                 cstackBANK0  000064
read_prec_or_width@ap                                  cstackBANK0  00006A
read_prec_or_width@c                                   cstackBANK0  00006E
read_prec_or_width@fmt                                 cstackBANK0  000069
read_prec_or_width@n                                   cstackBANK0  00006F
send_lcd_cmd_dma@strPtr                                cstackBANK0  000067
send_lcd_data_dma@strPtr                               cstackCOMRAM 00003F
send_lcd_pos_dma@strPtr                                cstackCOMRAM 00003F
sprintf@ap                                             cstackBANK2  0002DA
sprintf@f                                              cstackBANK2  0002DC
sprintf@fmt                                            cstackBANK1  0001ED
sprintf@s                                              cstackBANK1  0001EB
sqrtf@i                                                cstackBANK0  000070
sqrtf@ix                                               cstackBANK0  000084
sqrtf@m                                                cstackBANK0  00007C
sqrtf@q                                                cstackBANK0  000074
sqrtf@r                                                cstackBANK0  000080
sqrtf@s                                                cstackBANK0  00006C
sqrtf@t                                                cstackBANK0  000078
sqrtf@x                                                cstackBANK0  000063
stackhi                                                (abs)        000000
stacklo                                                (abs)        000000
start                                                  init         0000AE
start_initialization                                   cinit        012DDE
stoa@cp                                                cstackBANK0  000077
stoa@fp                                                cstackBANK0  00006D
stoa@l                                                 cstackBANK0  000079
stoa@p                                                 cstackBANK0  000073
stoa@s                                                 cstackBANK0  00006F
stoa@w                                                 cstackBANK0  000075
strcpy@d                                               cstackBANK0  000067
strcpy@dest                                            cstackBANK0  000063
strcpy@src                                             cstackBANK0  000065
strlen@a                                               cstackBANK0  000065
strlen@s                                               cstackBANK0  000063
strncmp@l                                              cstackBANK0  000067
strncmp@n                                              cstackBANK0  00006B
strncmp@r                                              cstackBANK0  000069
utoa@d                                                 cstackBANK0  00007F
utoa@fp                                                cstackBANK0  00007D
utoa@i                                                 cstackBANK0  000085
utoa@p                                                 cstackBANK0  000083
utoa@w                                                 cstackBANK0  000081
vfpfcnvrt@ap                                           cstackBANK0  0000E0
vfpfcnvrt@c                                            cstackBANK0  0000E8
vfpfcnvrt@convarg                                      cstackBANK0  0000E4
vfpfcnvrt@cp                                           cstackBANK0  0000EA
vfpfcnvrt@done                                         cstackBANK0  0000E9
vfpfcnvrt@fmt                                          cstackBANK0  0000DF
vfpfcnvrt@fp                                           cstackBANK0  0000DD
vfprintf@ap                                            cstackBANK0  0000F0
vfprintf@cfmt                                          cstackBANK0  0000F2
vfprintf@fmt                                           cstackBANK0  0000EE
vfprintf@fp                                            cstackBANK0  0000EC
wdtdelay@dcount                                        bssBANK1     000154
wdtdelay@delay                                         cstackBANK0  000063


MODULE INFORMATION

Module		Function		Class		Link	Load	Size
/opt/microchip/xc8/v2.46/pic/sources/c99/common/lwmod.c
		___lwmod       		CODE           	14218	0000	66

/opt/microchip/xc8/v2.46/pic/sources/c99/common/lwmod.c estimated size: 66

timers.c
		_Timers_Isr    		CODE           	13E06	0000	82
		_WaitMs        		CODE           	14748	0000	40
		_StartTimer    		CODE           	145E4	0000	48
		_TimerDone     		CODE           	147DE	0000	36

timers.c estimated size: 206

disp_led.c
		_display_led   		CODE           	13652	0000	186

disp_led.c estimated size: 186

/opt/microchip/xc8/v2.46/pic/sources/c99/common/doprnt.c
		_read_prec_or_width		CODE           	1340C	0000	200
		_vfpfcnvrt     		CODE           	10F4A	0000	1056
		_efgtoa        		CODE           	10000	0000	2148
		_pad           		CODE           	13A18	0000	118
		_vfprintf      		CODE           	14104	0000	70
		_stoa          		CODE           	12A04	0000	344
		_utoa          		CODE           	134D4	0000	196

/opt/microchip/xc8/v2.46/pic/sources/c99/common/doprnt.c estimated size: 4132

/opt/microchip/xc8/v2.46/pic/sources/c99/common/memcpy.c
		_memcpy        		CODE           	13EA8	0000	78

/opt/microchip/xc8/v2.46/pic/sources/c99/common/memcpy.c estimated size: 78

mcc_generated_files/tmr6.c
		_TMR6_CallBack 		CODE           	14802	0000	36
		_TMR6_ISR      		CODE           	14514	0000	58
		_TMR6_Initialize		CODE           	14614	0000	48
		_TMR6_SetInterruptHandler		CODE           	14B0C	0000	14
		_TMR6_DefaultInterruptHandler		CODE           	14BB8	0000	2

mcc_generated_files/tmr6.c estimated size: 158

mcc_generated_files/pwm6.c
		_PWM6_LoadDutyValue		CODE           	14580	0000	50
		_PWM6_Initialize		CODE           	149FC	0000	24

mcc_generated_files/pwm6.c estimated size: 74

/opt/microchip/xc8/v2.46/pic/sources/c99/common/Umul16.c
		___wmul        		CODE           	1471E	0000	42

/opt/microchip/xc8/v2.46/pic/sources/c99/common/Umul16.c estimated size: 42

/opt/microchip/xc8/v2.46/pic/sources/c99/common/fltol.c
		___fltol       		CODE           	13598	0000	186

/opt/microchip/xc8/v2.46/pic/sources/c99/common/fltol.c estimated size: 186

mcc_generated_files/tmr2.c
		_TMR2_Initialize		CODE           	148EE	0000	30

mcc_generated_files/tmr2.c estimated size: 30

mcc_generated_files/interrupt_manager.c
		_INTERRUPT_Initialize		CODE           	13F92	0000	76
		_Default_ISR   		CODE           	14BBC	0000	2

mcc_generated_files/interrupt_manager.c estimated size: 78

/opt/microchip/xc8/v2.46/pic/sources/c99/common/__fpclassifyf.c
		___fpclassifyf 		CODE           	13340	0000	204

/opt/microchip/xc8/v2.46/pic/sources/c99/common/__fpclassifyf.c estimated size: 204

/opt/microchip/xc8/v2.46/pic/sources/c99/common/nf_sprintf.c
		_sprintf       		CODE           	13D5C	0000	88

/opt/microchip/xc8/v2.46/pic/sources/c99/common/nf_sprintf.c estimated size: 88

/opt/microchip/xc8/v2.46/pic/sources/c99/common/fleq.c
		___fleq        		CODE           	1390E	0000	138

/opt/microchip/xc8/v2.46/pic/sources/c99/common/fleq.c estimated size: 138

/opt/microchip/xc8/v2.46/pic/sources/c99/common/puts.c
		_puts          		CODE           	13B74	0000	110

/opt/microchip/xc8/v2.46/pic/sources/c99/common/puts.c estimated size: 110

eadog.c
		_clear_lcd_done		CODE           	14BAA	0000	4
		_init_display  		CODE           	130D0	0000	210
		_eaDogM_WriteCommand		CODE           	14A56	0000	14
		_wdtdelay      		CODE           	14072	0000	72
		_send_lcd_cmd_dma		CODE           	14A42	0000	20
		_send_lcd_pos_dma		CODE           	13BE2	0000	102
		_send_lcd_data_dma		CODE           	14190	0000	70
		_wait_lcd_set  		CODE           	14BA2	0000	4
		_eaDogM_WriteStringAtPos		CODE           	13C48	0000	96
		_wait_lcd_done 		CODE           	14796	0000	36
		_spi_byte      		CODE           	14BC0	0000	2
		_start_lcd     		CODE           	14B86	0000	6
		_eaDogM_WriteString		CODE           	13998	0000	128

eadog.c estimated size: 764

mcc_generated_files/pin_manager.c
		_PIN_MANAGER_Initialize		CODE           	13272	0000	206

mcc_generated_files/pin_manager.c estimated size: 206

/opt/microchip/xc8/v2.46/pic/sources/c99/common/nf_fputs.c
		_fputs         		CODE           	144DA	0000	58

/opt/microchip/xc8/v2.46/pic/sources/c99/common/nf_fputs.c estimated size: 58

/opt/microchip/xc8/v2.46/pic/sources/c99/common/sqrtf.c
		_sqrtf         		CODE           	1176A	0000	850

/opt/microchip/xc8/v2.46/pic/sources/c99/common/sqrtf.c estimated size: 850

/opt/microchip/xc8/v2.46/pic/sources/c99/common/lwdiv.c
		___lwdiv       		CODE           	13DB4	0000	82

/opt/microchip/xc8/v2.46/pic/sources/c99/common/lwdiv.c estimated size: 82

mcc_generated_files/spi1.c
		_SPI1_Initialize		CODE           	1499A	0000	26

mcc_generated_files/spi1.c estimated size: 26

/opt/microchip/xc8/v2.46/pic/sources/c99/common/sprcmul.c
		___flmul       		CODE           	11ABC	0000	848

/opt/microchip/xc8/v2.46/pic/sources/c99/common/sprcmul.c estimated size: 848

/opt/microchip/xc8/v2.46/pic/sources/c99/common/sprcdiv.c
		___fldiv       		CODE           	123E8	0000	648

/opt/microchip/xc8/v2.46/pic/sources/c99/common/sprcdiv.c estimated size: 648

mcc_generated_files/dma1.c
		_DMA1_Initialize		CODE           	13B02	0000	114
		_DMA1_StartTransferWithTrigger		CODE           	14BA6	0000	4
		_DMA1_SetSCNTIInterruptHandler		CODE           	14B36	0000	14
		_DMA1_SetSourceSize		CODE           	14A64	0000	14
		_DMA1_StopTransfer		CODE           	14B76	0000	8
		_DMA1_DMAORI_ISR		CODE           	142E4	0000	66
		_DMA1_DefaultInterruptHandler		CODE           	14BC2	0000	2
		_DMA1_SetDMAPriority		CODE           	1488E	0000	32
		_DMA1_SetDestinationSize		CODE           	14A72	0000	14
		_DMA1_DMASCNTI_ISR		CODE           	142A0	0000	66
		_DMA1_SetORIInterruptHandler		CODE           	14B44	0000	14

mcc_generated_files/dma1.c estimated size: 348

/opt/microchip/xc8/v2.46/pic/sources/c99/common/flneg.c
		___flneg       		CODE           	14644	0000	46

/opt/microchip/xc8/v2.46/pic/sources/c99/common/flneg.c estimated size: 46

/opt/microchip/xc8/v2.46/pic/sources/c99/common/xxtofl.c
		___xxtofl      		CODE           	12B5C	0000	322

/opt/microchip/xc8/v2.46/pic/sources/c99/common/xxtofl.c estimated size: 322

/opt/microchip/xc8/v2.46/pic/sources/c99/common/printf.c
		_printf        		CODE           	146A0	0000	42

/opt/microchip/xc8/v2.46/pic/sources/c99/common/printf.c estimated size: 42

mcc_generated_files/uart1.c
		_UART1_FramingError_ISR		CODE           	14B7E	0000	8
		_UART1_rx_vect_isr		CODE           	140BC	0000	72
		_UART1_Write   		CODE           	1449E	0000	60
		_putch         		CODE           	14A9C	0000	14
		_UART1_UartInterrupt_ISR		CODE           	14B98	0000	6
		_UART1_SetFramingErrorHandler		CODE           	14AF0	0000	14
		_UART1_SetOverrunErrorHandler		CODE           	14AD4	0000	14
		_UART1_tx_vect_isr		CODE           	14028	0000	74
		_UART1_Receive_ISR		CODE           	13872	0000	156
		_UART1_SetRxInterruptHandler		CODE           	14AC6	0000	14
		_UART1_SetTxInterruptHandler		CODE           	14AB8	0000	14
		_UART1_Initialize		CODE           	12F02	0000	238
		_UART1_SetErrorHandler		CODE           	14AFE	0000	14
		_UART1_Transmit_ISR		CODE           	14672	0000	46
		_UART1_Read    		CODE           	14366	0000	62
		_UART1_vect_isr		CODE           	14424	0000	62
		_UART1_DefaultFramingErrorHandler		CODE           	14BB4	0000	2
		_UART1_SetFramingErrorInterruptHandler		CODE           	14AE2	0000	14
		_UART1_SetUartInterruptHandler		CODE           	14AAA	0000	14
		_UART1_is_rx_ready		CODE           	14A8E	0000	14
		_UART1_DefaultErrorHandler		CODE           	14B92	0000	6
		_UART1_framing_err_vect_isr		CODE           	143E4	0000	62
		_UART1_RxDataHandler		CODE           	1486C	0000	34
		_UART1_DefaultOverrunErrorHandler		CODE           	14BB2	0000	2

mcc_generated_files/uart1.c estimated size: 1016

/opt/microchip/xc8/v2.46/pic/sources/c99/common/labs.c
		_labs          		CODE           	13FDE	0000	74

/opt/microchip/xc8/v2.46/pic/sources/c99/common/labs.c estimated size: 74

/opt/microchip/xc8/v2.46/pic/sources/c99/common/strncmp.c
		_strncmp       		CODE           	1370C	0000	184

/opt/microchip/xc8/v2.46/pic/sources/c99/common/strncmp.c estimated size: 184

mcc_generated_files/tmr5.c
		_TMR5_ISR      		CODE           	13F44	0000	78
		_TMR5_Initialize		CODE           	13EF6	0000	78
		_TMR5_SetInterruptHandler		CODE           	14B1A	0000	14
		_TMR5_DefaultInterruptHandler		CODE           	14BBE	0000	2
		_TMR5_WriteTimer		CODE           	14826	0000	36

mcc_generated_files/tmr5.c estimated size: 208

shared
		_cmdm          		MEDIUMCONST    	FDD0	0000	28
		__initialization		CODE           	12DDE	0000	286
		_build_version 		MEDIUMCONST    	FDEC	0000	14
		_spi1_configuration		MEDIUMCONST    	0000	0000	0

shared estimated size: 328

/opt/microchip/xc8/v2.46/pic/sources/c99/common/strlen.c
		_strlen        		CODE           	13E58	0000	80

/opt/microchip/xc8/v2.46/pic/sources/c99/common/strlen.c estimated size: 80

mcc_generated_files/pwm5.c
		_PWM5_LoadDutyValue		CODE           	145B2	0000	50
		_PWM5_Initialize		CODE           	14A14	0000	24

mcc_generated_files/pwm5.c estimated size: 74

/opt/microchip/xc8/v2.46/pic/sources/c99/common/floorf.c
		_floorf        		CODE           	1285A	0000	426

/opt/microchip/xc8/v2.46/pic/sources/c99/common/floorf.c estimated size: 426

mcc_generated_files/mcc.c
		_SystemArbiter_Initialize		CODE           	14B28	0000	14
		_PMD_Initialize		CODE           	1484A	0000	34
		_OSCILLATOR_Initialize		CODE           	1497E	0000	28
		_SYSTEM_Initialize		CODE           	143A4	0000	62

mcc_generated_files/mcc.c estimated size: 138

/opt/microchip/xc8/v2.46/pic/sources/c99/common/strcpy.c
		_strcpy        		CODE           	14462	0000	60

/opt/microchip/xc8/v2.46/pic/sources/c99/common/strcpy.c estimated size: 60

/opt/microchip/xc8/v2.46/pic/sources/c99/common/memset.c
		_memset        		CODE           	1454E	0000	50

/opt/microchip/xc8/v2.46/pic/sources/c99/common/memset.c estimated size: 50

/opt/microchip/xc8/v2.46/pic/sources/c99/common/flge.c
		___flge        		CODE           	131A2	0000	208

/opt/microchip/xc8/v2.46/pic/sources/c99/common/flge.c estimated size: 208

/opt/microchip/xc8/v2.46/pic/sources/c99/common/nf_fputc.c
		_fputc         		CODE           	137C4	0000	174

/opt/microchip/xc8/v2.46/pic/sources/c99/common/nf_fputc.c estimated size: 174

mcc_generated_files/memory.c
		_DATAEE_WriteByte		CODE           	14326	0000	64
		_DATAEE_ReadByte		CODE           	1490C	0000	30

mcc_generated_files/memory.c estimated size: 94

/opt/microchip/xc8/v2.46/pic/sources/c99/common/sprcadd.c
		___flsub       		CODE           	1414A	0000	70
		___fladd       		CODE           	11E0C	0000	780

/opt/microchip/xc8/v2.46/pic/sources/c99/common/sprcadd.c estimated size: 850

mcc_generated_files/dac1.c
		_DAC1_GetOutput		CODE           	14B8C	0000	6
		_DAC1_SetOutput		CODE           	14B6C	0000	10
		_DAC1_Initialize		CODE           	14B60	0000	12

mcc_generated_files/dac1.c estimated size: 28

mcc_generated_files/adcc.c
		_ADCC_DefaultInterruptHandler		CODE           	14BB6	0000	2
		_ADCC_GetConversionResult		CODE           	14A2C	0000	22
		_ADCC_SetADIInterruptHandler		CODE           	14B52	0000	14
		_ADCC_ISR      		CODE           	1425C	0000	66
		_ADCC_Initialize		CODE           	13A8E	0000	116

mcc_generated_files/adcc.c estimated size: 220

scdm.c
		_cli_read      		CODE           	12C9E	0000	320
		_cli_init      		CODE           	141D6	0000	66
		__cli_interpret_cmd		CODE           	12670	0000	490
		_linux_getc    		CODE           	147BA	0000	36
		_linux_putc    		CODE           	14A80	0000	14
		_scmd_init     		CODE           	149B4	0000	24

scdm.c estimated size: 950

main.c
		_fh_po         		CODE           	149E4	0000	24
		_fh_pu         		CODE           	14962	0000	28
		_Led_Blink     		CODE           	148CE	0000	32
		_main          		CODE           	10864	0000	1766
		_fh_pd         		CODE           	14946	0000	28
		_ps_math       		CODE           	12118	0000	720
		_fh_p0         		CODE           	146F4	0000	42
		_fh_pp         		CODE           	149CC	0000	24
		_fh_p1         		CODE           	146CA	0000	42
		_fh_pl         		CODE           	1492A	0000	28
		_fh_pr         		CODE           	14770	0000	38
		_clear_stat_buffer		CODE           	13D02	0000	90
		_Adc_Isr       		CODE           	12FF0	0000	224
		_fh_ps         		CODE           	148AE	0000	32

main.c estimated size: 3118

