Microchip MPLAB XC8 Compiler V2.36

Linker command line:

-W-3 --edf=/opt/microchip/xc8/v2.36/pic/dat/en_msgs.txt -pivt0x8=08h -cn \
  -h+dist/default/production/ps_test.X.production.sym \
  --cmf=dist/default/production/ps_test.X.production.cmf -z -Q18F57K42 \
  -o/tmp/xcXLPpBpa --defsym=__MPLAB_BUILD=1 \
  -Mdist/default/production/ps_test.X.production.map \
  --md=/tmp/xcXbOfHFm.dat -E1 -ver=XC8 Compiler --acfsm=1493 \
  -ACODE=00h-01FFFFh -ACONST=00h-01FFFFh -ASMALLCONST=02000h-020FFhx480 \
  -AMEDIUMCONST=02000h-0FFFFh,012000h-01FFFFh -ACOMRAM=01h-05Fh \
  -AABS1=00h-01FFFh -ABIGRAM=01h-01FFFh -ARAM=060h-0FFh,0100h-01FFhx31 \
  -ABANK0=060h-0FFh -ABANK1=0100h-01FFh -ABANK2=0200h-02FFh \
  -ABANK3=0300h-03FFh -ABANK4=0400h-04FFh -ABANK5=0500h-05FFh \
  -ABANK6=0600h-06FFh -ABANK7=0700h-07FFh -ABANK8=0800h-08FFh \
  -ABANK9=0900h-09FFh -ABANK10=0A00h-0AFFh -ABANK11=0B00h-0BFFh \
  -ABANK12=0C00h-0CFFh -ABANK13=0D00h-0DFFh -ABANK14=0E00h-0EFFh \
  -ABANK15=0F00h-0FFFh -ABANK16=01000h-010FFh -ABANK17=01100h-011FFh \
  -ABANK18=01200h-012FFh -ABANK19=01300h-013FFh -ABANK20=01400h-014FFh \
  -ABANK21=01500h-015FFh -ABANK22=01600h-016FFh -ABANK23=01700h-017FFh \
  -ABANK24=01800h-018FFh -ABANK25=01900h-019FFh -ABANK26=01A00h-01AFFh \
  -ABANK27=01B00h-01BFFh -ABANK28=01C00h-01CFFh -ABANK29=01D00h-01DFFh \
  -ABANK30=01E00h-01EFFh -ABANK31=01F00h-01FFFh \
  -ASFR=03800h-038FFhx7,03F00h-03F5Fh,03F60h-03FFFh -ABIGSFR=03800h-03FFFh \
  -ACONFIG=0300000h-0300009h -AIDLOC=0200000h-020000Fh \
  -AEEDATA=0310000h-03103FFh -peeprom_data=EEDATA -preset_vec=00h \
  -ppowerup=CODE,init -pramtop=02000h -psmallconst=SMALLCONST \
  -pmediumconst=MEDIUMCONST -pconst=CONST -AFARRAM=00h-00h \
  -prdata=COMRAM,nvrram=COMRAM,nvbit=COMRAM,rbss=COMRAM,rbit=COMRAM \
  -pfarbss=FARRAM,fardata=FARRAM,nvFARRAM=FARRAM \
  -pintsave_regs=BIGRAM,bigbss=BIGRAM,bigdata=BIGRAM -pbss=RAM \
  -pidata=CODE,irdata=CODE,ibigdata=CODE,ifardata=CODE -prparam=COMRAM \
  /tmp/xcXIdepKB.o dist/default/production/ps_test.X.production.o 

Object code version is 3.11

Machine type is 18F57K42



                Name                               Link     Load   Length Selector   Space Scale
/tmp/xcXIdepKB.o
                idloc                            200000   200000       10        0       5
                config                           300000   300000        A        0       4
                init                                 AE       AE        4        4       0
                reset_vec                             0        0        4        0       0
dist/default/production/ps_test.X.production.o
                idloc                            200000   200000       10        0       5
                config                           300000   300000        A        0       4
                mediumconst                        FDF8     FDF8      208     7EFC       0
                ivt0x8                                8        8       A6        4       0
                text139                           14F14    14F14        6     A775       0
                text138                           147DC    147DC       3C     51E8       0
                text137                           14EF4    14EF4        8     A775       0
                text136                           147A0    147A0       3C     51E8       0
                text135                           14F1A    14F1A        4     A775       0
                text134                           14F30    14F30        2     53CB       0
                text133                           14568    14568       42     515A       0
                text132                           14B54    14B54       24     51E8       0
                text131                           1419E    1419E       52     8000       0
                text130                           14F2E    14F2E        2     53CB       0
                text129                           1432C    1432C       4E     50CB       0
                text128                           14F2C    14F2C        2     53CB       0
                text127                           14F28    14F28        2     A775       0
                text126                           14C20    14C20       20     51E8       0
                text125                           14B30    14B30       24     51E8       0
                text124                           1488C    1488C       3A     51E8       0
                text123                           14DAC    14DAC       16     51E8       0
                text122                           13308    13308       E8     8000       0
                text121                           14F26    14F26        2     A775       0
                text120                           14524    14524       42     50CB       0
                text119                           14BDE    14BDE       22     51E8       0
                text118                           14F0E    14F0E        6     A775       0
                text117                           14F24    14F24        2     A775       0
                text116                           14F22    14F22        2     A775       0
                text115                           13AC2    13AC2       A2     8000       0
                text114                           14454    14454       48     50CB       0
                text113                           14A1C    14A1C       2E     51E8       0
                text112                           1440C    1440C       48     50CB       0
                text111                           14F08    14F08        6     A775       0
                text110                           14EEA    14EEA        A     A775       0
                text109                           14C9A    14C9A       1E     51E8       0
                text108                           1495C    1495C       32     51E8       0
                text107                           1492A    1492A       32     51E8       0
                text106                           14EB8    14EB8        E     51E8       0
                text105                           13D08    13D08       74     8000       0
                text104                           14ED2    14ED2        C     51E8       0
                text103                           14EAA    14EAA        E     51E8       0
                text102                           13F8A    13F8A       60     8000       0
                text101                           1437A    1437A       4A     50CB       0
                text100                           14CB8    14CB8       1C     51E8       0
                text99                            1358E    1358E       CE     8000       0
                text98                            14BBC    14BBC       22     51E8       0
                text97                            14D52    14D52       18     51E8       0
                text96                            14D3A    14D3A       18     51E8       0
                text95                            14D08    14D08       1A     51E8       0
                text94                            14E9C    14E9C        E     51E8       0
                text93                            14C7C    14C7C       1E     51E8       0
                text92                            14E8E    14E8E        E     51E8       0
                text91                            142DC    142DC       4E     8000       0
                text90                            14E80    14E80        E     51E8       0
                text89                            149BE    149BE       30     51E8       0
                text88                            14E72    14E72        E     51E8       0
                text87                            14E64    14E64        E     51E8       0
                text86                            14E56    14E56        E     51E8       0
                text85                            14E48    14E48        E     51E8       0
                text84                            14E3A    14E3A        E     51E8       0
                text83                            14E2C    14E2C        E     51E8       0
                text82                            14E1E    14E1E        E     51E8       0
                text81                            1321A    1321A       EE     8000       0
                text80                            14724    14724       3E     515A       0
                text79                            1498E    1498E       30     51E8       0
                text78                            14B0C    14B0C       24     51E8       0
                text77                            14A9C    14A9C       28     51E8       0
                text76                            12E74    12E74      142     8000       0
                text75                            1462A    1462A       40     515A       0
                text74                            14762    14762       3C     515A       0
                text73                            14EC6    14EC6        C     51E8       0
                text72                            1395E    1395E       B6     8000       0
                text71                            13E5A    13E5A       6A     8000       0
                text70                            14852    14852       3A     51E8       0
                text69                            14D96    14D96       16     51E8       0
                text68                            14C5E    14C5E       1E     51E8       0
                text67                            14CEE    14CEE       1A     51E8       0
                text66                            14DD4    14DD4       12     51E8       0
                text65                            14DC2    14DC2       12     51E8       0
                text64                            14D80    14D80       16     51E8       0
                text63                            14D6A    14D6A       16     51E8       0
                text62                            14B9A    14B9A       22     51E8       0
                text61                            14B78    14B78       22     51E8       0
                text60                            141F0    141F0       50     8000       0
                text59                            12920    12920      16C     8000       0
                text58                            1240E    1240E      1B8     8000       0
                text57                            146E6    146E6       3E     515A       0
                text56                            14E10    14E10        E     51E8       0
                text55                            14AE8    14AE8       24     51E8       0
                text54                            14E02    14E02        E     51E8       0
                text53                            12BDE    12BDE      14C     8000       0
                text52                            12A8C    12A8C      152     8000       0
                text51                            138A4    138A4       BA     8000       0
                text50                            1414A    1414A       54     8000       0
                text49                            140F6    140F6       54     8000       0
                text48                            14F02    14F02        6     A775       0
                text47                            14EFC    14EFC        6     A775       0
                text46                            145EA    145EA       40     515A       0
                text45                            14DF4    14DF4        E     51E8       0
                text44                            14C40    14C40       1E     51E8       0
                text43                            14DE6    14DE6        E     51E8       0
                text42                            1428E    1428E       4E     8000       0
                text41                            140A2    140A2       54     8000       0
                text40                            13DEC    13DEC       6E     8000       0
                text39                            13EC4    13EC4       64     8000       0
                text38                            14C00    14C00       20     51E8       0
                text37                            14CD4    14CD4       1A     51E8       0
                text36                            143C4    143C4       48     50CB       0
                text35                            146A8    146A8       3E     515A       0
                text34                            1466A    1466A       3E     515A       0
                text33                            14AC4    14AC4       24     51E8       0
                text32                            13728    13728       C2     8000       0
                text31                            14A4A    14A4A       2A     51E8       0
                text30                            148F8    148F8       32     51E8       0
                text29                            145AA    145AA       40     515A       0
                text28                            12FB6    12FB6      140     8000       0
                text27                            13C84    13C84       84     8000       0
                text26                            13D7C    13D7C       70     8000       0
                text25                            12186    12186      288     8000       0
                text24                            13BFA    13BFA       8A     8000       0
                text23                            133F0    133F0       D0     8000       0
                text22                            11B2A    11B2A      350     8000       0
                text21                            149EE    149EE       2E     51E8       0
                text20                            11E7A    11E7A      30C     8000       0
                text19                            1449C    1449C       46     50CB       0
                text18                            137EA    137EA       BA     8000       0
                text17                            1365C    1365C       CC     8000       0
                text16                            12776    12776      1AA     8000       0
                text15                            13B64    13B64       96     8000       0
                text14                            13F28    13F28       62     8000       0
                text13                            148C6    148C6       32     51E8       0
                text12                            14818    14818       3A     51E8       0
                text11                            10000    10000      9B8     8000       0
                text10                            12D2A    12D2A      14A     8000       0
                text9                             134C0    134C0       CE     8000       0
                text8                             13A14    13A14       AE     8000       0
                text7                             125C6    125C6      1B0     8000       0
                text6                             109B8    109B8      6EC     8000       0
                text5                             13FEA    13FEA       5E     8000       0
                text4                             14A74    14A74       28     51E8       0
                text3                             144E2    144E2       42     50CB       0
                text2                             14D22    14D22       18     51E8       0
                text1                             14240    14240       4E     8000       0
                text0                             110A4    110A4      686     8000       0
                cstackCOMRAM                          1        1       20        1       1
                cstackBANK0                          60       60       94       60       1
                cstackBANK1                         19D      19D       23      100       1
                dataBIGRAM                         1543     1543      400      583       1
                bssBIGRAM                           583      583      FC0      583       1
                bssBANK5                            500      500       83      500       1
                bssBANK4                            400      400       FF      400       1
                bssBANK3                            300      300       83      300       1
                dataBANK2                           280      280       5A      200       1
                bssBANK2                            200      200       80      200       1
                dataBANK1                           1C0      1C0        B      100       1
                bssBANK1                            100      100       9D      100       1
                dataBANK0                            FD       FD        2       60       1
                bssBANK0                             F4       F4        9       60       1
                dataCOMRAM                           3F       3F        2        1       1
                bssCOMRAM                            21       21       1E        1       1
                cinit                             130F6    130F6      124     8000       0
                idataBANK2                        14048    14048       5A     8000       0
                idataBANK1                        14EDE    14EDE        B     51E8       0
                idataBANK0                        14F20    14F20        2     A775       0
                idataBIGRAM                       1172A    1172A      400     8000       0
                idataCOMRAM                       14F1E    14F1E        2     A775       0

TOTAL           Name                               Link     Load   Length     Space
        CLASS   CODE           
                init                                 AE       AE        4         0
                reset_vec                             0        0        4         0
                ivt0x8                                8        8       A6         0
                text139                           14F14    14F14        6         0
                text138                           147DC    147DC       3C         0
                text137                           14EF4    14EF4        8         0
                text136                           147A0    147A0       3C         0
                text135                           14F1A    14F1A        4         0
                text134                           14F30    14F30        2         0
                text133                           14568    14568       42         0
                text132                           14B54    14B54       24         0
                text131                           1419E    1419E       52         0
                text130                           14F2E    14F2E        2         0
                text129                           1432C    1432C       4E         0
                text128                           14F2C    14F2C        2         0
                text127                           14F28    14F28        2         0
                text126                           14C20    14C20       20         0
                text125                           14B30    14B30       24         0
                text124                           1488C    1488C       3A         0
                text123                           14DAC    14DAC       16         0
                text122                           13308    13308       E8         0
                text121                           14F26    14F26        2         0
                text120                           14524    14524       42         0
                text119                           14BDE    14BDE       22         0
                text118                           14F0E    14F0E        6         0
                text117                           14F24    14F24        2         0
                text116                           14F22    14F22        2         0
                text115                           13AC2    13AC2       A2         0
                text114                           14454    14454       48         0
                text113                           14A1C    14A1C       2E         0
                text112                           1440C    1440C       48         0
                text111                           14F08    14F08        6         0
                text110                           14EEA    14EEA        A         0
                text109                           14C9A    14C9A       1E         0
                text108                           1495C    1495C       32         0
                text107                           1492A    1492A       32         0
                text106                           14EB8    14EB8        E         0
                text105                           13D08    13D08       74         0
                text104                           14ED2    14ED2        C         0
                text103                           14EAA    14EAA        E         0
                text102                           13F8A    13F8A       60         0
                text101                           1437A    1437A       4A         0
                text100                           14CB8    14CB8       1C         0
                text99                            1358E    1358E       CE         0
                text98                            14BBC    14BBC       22         0
                text97                            14D52    14D52       18         0
                text96                            14D3A    14D3A       18         0
                text95                            14D08    14D08       1A         0
                text94                            14E9C    14E9C        E         0
                text93                            14C7C    14C7C       1E         0
                text92                            14E8E    14E8E        E         0
                text91                            142DC    142DC       4E         0
                text90                            14E80    14E80        E         0
                text89                            149BE    149BE       30         0
                text88                            14E72    14E72        E         0
                text87                            14E64    14E64        E         0
                text86                            14E56    14E56        E         0
                text85                            14E48    14E48        E         0
                text84                            14E3A    14E3A        E         0
                text83                            14E2C    14E2C        E         0
                text82                            14E1E    14E1E        E         0
                text81                            1321A    1321A       EE         0
                text80                            14724    14724       3E         0
                text79                            1498E    1498E       30         0
                text78                            14B0C    14B0C       24         0
                text77                            14A9C    14A9C       28         0
                text76                            12E74    12E74      142         0
                text75                            1462A    1462A       40         0
                text74                            14762    14762       3C         0
                text73                            14EC6    14EC6        C         0
                text72                            1395E    1395E       B6         0
                text71                            13E5A    13E5A       6A         0
                text70                            14852    14852       3A         0
                text69                            14D96    14D96       16         0
                text68                            14C5E    14C5E       1E         0
                text67                            14CEE    14CEE       1A         0
                text66                            14DD4    14DD4       12         0
                text65                            14DC2    14DC2       12         0
                text64                            14D80    14D80       16         0
                text63                            14D6A    14D6A       16         0
                text62                            14B9A    14B9A       22         0
                text61                            14B78    14B78       22         0
                text60                            141F0    141F0       50         0
                text59                            12920    12920      16C         0
                text58                            1240E    1240E      1B8         0
                text57                            146E6    146E6       3E         0
                text56                            14E10    14E10        E         0
                text55                            14AE8    14AE8       24         0
                text54                            14E02    14E02        E         0
                text53                            12BDE    12BDE      14C         0
                text52                            12A8C    12A8C      152         0
                text51                            138A4    138A4       BA         0
                text50                            1414A    1414A       54         0
                text49                            140F6    140F6       54         0
                text48                            14F02    14F02        6         0
                text47                            14EFC    14EFC        6         0
                text46                            145EA    145EA       40         0
                text45                            14DF4    14DF4        E         0
                text44                            14C40    14C40       1E         0
                text43                            14DE6    14DE6        E         0
                text42                            1428E    1428E       4E         0
                text41                            140A2    140A2       54         0
                text40                            13DEC    13DEC       6E         0
                text39                            13EC4    13EC4       64         0
                text38                            14C00    14C00       20         0
                text37                            14CD4    14CD4       1A         0
                text36                            143C4    143C4       48         0
                text35                            146A8    146A8       3E         0
                text34                            1466A    1466A       3E         0
                text33                            14AC4    14AC4       24         0
                text32                            13728    13728       C2         0
                text31                            14A4A    14A4A       2A         0
                text30                            148F8    148F8       32         0
                text29                            145AA    145AA       40         0
                text28                            12FB6    12FB6      140         0
                text27                            13C84    13C84       84         0
                text26                            13D7C    13D7C       70         0
                text25                            12186    12186      288         0
                text24                            13BFA    13BFA       8A         0
                text23                            133F0    133F0       D0         0
                text22                            11B2A    11B2A      350         0
                text21                            149EE    149EE       2E         0
                text20                            11E7A    11E7A      30C         0
                text19                            1449C    1449C       46         0
                text18                            137EA    137EA       BA         0
                text17                            1365C    1365C       CC         0
                text16                            12776    12776      1AA         0
                text15                            13B64    13B64       96         0
                text14                            13F28    13F28       62         0
                text13                            148C6    148C6       32         0
                text12                            14818    14818       3A         0
                text11                            10000    10000      9B8         0
                text10                            12D2A    12D2A      14A         0
                text9                             134C0    134C0       CE         0
                text8                             13A14    13A14       AE         0
                text7                             125C6    125C6      1B0         0
                text6                             109B8    109B8      6EC         0
                text5                             13FEA    13FEA       5E         0
                text4                             14A74    14A74       28         0
                text3                             144E2    144E2       42         0
                text2                             14D22    14D22       18         0
                text1                             14240    14240       4E         0
                text0                             110A4    110A4      686         0
                cinit                             130F6    130F6      124         0
                idataBANK2                        14048    14048       5A         0
                idataBANK1                        14EDE    14EDE        B         0
                idataBANK0                        14F20    14F20        2         0
                idataBIGRAM                       1172A    1172A      400         0
                idataCOMRAM                       14F1E    14F1E        2         0

        CLASS   CONST          

        CLASS   SMALLCONST     

        CLASS   MEDIUMCONST    
                mediumconst                        FDF8     FDF8      208         0

        CLASS   COMRAM         
                cstackCOMRAM                          1        1       20         1
                dataCOMRAM                           3F       3F        2         1
                bssCOMRAM                            21       21       1E         1

        CLASS   ABS1           

        CLASS   BIGRAM         
                dataBIGRAM                         1543     1543      400         1
                bssBIGRAM                           583      583      FC0         1

        CLASS   RAM            

        CLASS   BANK0          
                cstackBANK0                          60       60       94         1
                dataBANK0                            FD       FD        2         1
                bssBANK0                             F4       F4        9         1

        CLASS   BANK1          
                cstackBANK1                         19D      19D       23         1
                dataBANK1                           1C0      1C0        B         1
                bssBANK1                            100      100       9D         1

        CLASS   BANK2          
                dataBANK2                           280      280       5A         1
                bssBANK2                            200      200       80         1

        CLASS   BANK3          
                bssBANK3                            300      300       83         1

        CLASS   BANK4          
                bssBANK4                            400      400       FF         1

        CLASS   BANK5          
                bssBANK5                            500      500       83         1

        CLASS   BANK6          

        CLASS   BANK7          

        CLASS   BANK8          

        CLASS   BANK9          

        CLASS   BANK10         

        CLASS   BANK11         

        CLASS   BANK12         

        CLASS   BANK13         

        CLASS   BANK14         

        CLASS   BANK15         

        CLASS   BANK16         

        CLASS   BANK17         

        CLASS   BANK18         

        CLASS   BANK19         

        CLASS   BANK20         

        CLASS   BANK21         

        CLASS   BANK22         

        CLASS   BANK23         

        CLASS   BANK24         

        CLASS   BANK25         

        CLASS   BANK26         

        CLASS   BANK27         

        CLASS   BANK28         

        CLASS   BANK29         

        CLASS   BANK30         

        CLASS   BANK31         

        CLASS   SFR            

        CLASS   BIGSFR         

        CLASS   CONFIG         
                config                           300000   300000        A         4

        CLASS   IDLOC          
                idloc                            200000   200000       10         5

        CLASS   EEDATA         

        CLASS   FARRAM         

        CLASS   HEAP           

        CLASS   STACK          



SEGMENTS        Name                           Load    Length   Top    Selector   Space  Class

                bssBIGRAM                      000583  0013C0  001943       583       1  BIGRAM  
                text11                         010000  00432A  01432A      8000       0  CODE    
                text129                        01432C  00023A  014566      50CB       0  CODE    
                text133                        014568  000236  01479E      515A       0  CODE    
                text110                        014EEA  000040  014F2A      A775       0  CODE    
                text136                        0147A0  000749  014EE9      51E8       0  CODE    
                reset_vec                      000000  000004  000004         0       0  CODE    
                text128                        014F2C  000006  014F32      53CB       0  CODE    
                cstackCOMRAM                   000001  000040  000041         1       1  COMRAM  
                bssBANK1                       000100  0000CB  0001CB       100       1  BANK1   
                cstackBANK0                    000060  00009F  0000FF        60       1  BANK0   
                bssBANK4                       000400  0000FF  0004FF       400       1  BANK4   
                ivt0x8                         000008  0000AA  0000B2         4       0  CODE    
                mediumconst                    00FDF8  000208  010000      7EFC       0  MEDIUMCO
                bssBANK2                       000200  0000DA  0002DA       200       1  BANK2   
                bssBANK5                       000500  000083  000583       500       1  BANK5   
                bssBANK3                       000300  000083  000383       300       1  BANK3   


UNUSED ADDRESS RANGES

        Name                Unused          Largest block    Delta
        BANK0            0000FF-0000FF                1
        BANK1            0001CB-0001FF               35
        BANK2            0002DA-0002FF               26
        BANK25           001943-0019FF               BD
        BANK26           001A00-001AFF              100
        BANK27           001B00-001BFF              100
        BANK28           001C00-001CFF              100
        BANK29           001D00-001DFF              100
        BANK3            000383-0003FF               7D
        BANK30           001E00-001EFF              100
        BANK31           001F00-001FFF              100
        BANK4            0004FF-0004FF                1
        BIGRAM           000041-00005F               1F
                         0000FF-0000FF                1
                         0001CB-0001FF               35
                         0002DA-0002FF               26
                         000383-0003FF               7D
                         0004FF-0004FF                1
                         001943-001FFF              6BD
        BIGSFR           003800-003FFF              800
        CODE             000004-000007                4
                         0000B2-00FDF7             FD46
                         01432A-01432B                2
                         014566-014567                2
                         01479E-01479F                2
                         014EE9-014EE9                1
                         014F2A-014F2B                2
                         014F32-01FFFF             B0CE
        COMRAM           000041-00005F               1F
        CONST            000004-000007                4
                         0000B2-00FDF7             FD46
                         01432A-01432B                2
                         014566-014567                2
                         01479E-01479F                2
                         014EE9-014EE9                1
                         014F2A-014F2B                2
                         014F32-01FFFF             B0CE
        EEDATA           310000-3103FF              400
        MEDIUMCONST      002000-00FDF7             DDF8
                         01432A-01432B                2
                         014566-014567                2
                         01479E-01479F                2
                         014EE9-014EE9                1
                         014F2A-014F2B                2
                         014F32-01FFFF             B0CE
        RAM              0000FF-0000FF                1
                         0001CB-0001FF               35
                         0002DA-0002FF               26
                         000383-0003FF               7D
                         0004FF-0004FF                1
                         001943-001FFF              100
        SFR              003800-003FFF              100
        SMALLCONST       002000-00FDF7              100
                         01432A-01432B                2
                         014566-014567                2
                         01479E-01479F                2
                         014EE9-014EE9                1
                         014F2A-014F2B                2
                         014F32-01FFFF              100

                                  Symbol Table

?_ADCC_GetConversionResult                             cstackCOMRAM 000001
?___awdiv                                              cstackBANK0  000060
?___awmod                                              cstackBANK0  000060
?___fladd                                              cstackBANK0  000060
?___fldiv                                              cstackBANK0  000060
?___flmul                                              cstackBANK0  00006E
?___flneg                                              cstackBANK0  000060
?___flsub                                              cstackBANK0  000087
?___fltol                                              cstackBANK0  000060
?___fpclassifyf                                        cstackBANK0  000060
?___lodiv                                              cstackBANK0  000060
?___lomod                                              cstackBANK0  000060
?___wmul                                               cstackBANK0  000060
?___xxtofl                                             cstackBANK0  000060
?_atoi                                                 cstackBANK0  000066
?_efgtoa                                               cstackBANK0  000093
?_floorf                                               cstackBANK0  000079
?_fputc                                                cstackBANK0  000061
?_fputs                                                cstackBANK0  00006A
?_isdigit                                              cstackBANK0  000060
?_isspace                                              cstackBANK0  000060
?_isupper                                              cstackBANK0  000060
?_pad                                                  cstackBANK0  000073
?_printf                                               cstackBANK1  0001A3
?_sprintf                                              cstackBANK1  0001A3
?_stoa                                                 cstackBANK0  00006A
?_strlen                                               cstackBANK0  000060
?_strncmp                                              cstackBANK0  000064
?_tolower                                              cstackBANK0  000066
?_utoa                                                 cstackBANK0  00007E
?_vfpfcnvrt                                            cstackBANK0  0000D1
?_vfprintf                                             cstackBANK1  00019D
ADCC_SetADIInterruptHandler@InterruptHandler           cstackBANK0  000060
Adc_Isr@c_adc_chan                                     bssCOMRAM    000033
DAC1_SetOutput@inputData                               cstackCOMRAM 000020
DATAEE_ReadByte@bAdd                                   cstackBANK0  000060
DATAEE_WriteByte@GIEBitValue                           cstackCOMRAM 000020
DATAEE_WriteByte@bAdd                                  cstackBANK0  000060
DATAEE_WriteByte@bData                                 cstackBANK0  000062
DMA1_SetSCNTIInterruptHandler@InterruptHandler         cstackBANK0  000060
INTERRUPT_Initialize@state                             cstackCOMRAM 000020
IVTBASEH                                               (abs)        003FD6
IVTBASEL                                               (abs)        003FD5
IVTBASEU                                               (abs)        003FD7
PWM5_LoadDutyValue@dutyValue                           cstackBANK0  000060
PWM6_LoadDutyValue@dutyValue                           cstackBANK0  000060
SPI1_ExchangeByte@data                                 cstackCOMRAM 000020
StartTimer@count                                       cstackBANK0  000060
StartTimer@timer                                       cstackCOMRAM 000020
TMR5_SetInterruptHandler@InterruptHandler              cstackBANK0  000060
TMR5_WriteTimer@timerVal                               cstackCOMRAM 00000E
TMR6_ISR@CountCallBack                                 bssCOMRAM    000031
TMR6_SetInterruptHandler@InterruptHandler              cstackBANK0  000060
TimerDone@timer                                        cstackCOMRAM 000020
Timers_Isr@i                                           cstackCOMRAM 000010
UART1_Read@readValue                                   cstackCOMRAM 000020
UART1_SetErrorHandler@interruptHandler                 cstackBANK0  000060
UART1_SetFramingErrorHandler@interruptHandler          cstackBANK0  000060
UART1_SetFramingErrorInterruptHandler@InterruptHandler cstackBANK0  000060
UART1_SetOverrunErrorHandler@interruptHandler          cstackBANK0  000060
UART1_SetRxInterruptHandler@InterruptHandler           cstackBANK0  000060
UART1_SetTxInterruptHandler@InterruptHandler           cstackBANK0  000060
UART1_SetUartInterruptHandler@InterruptHandler         cstackBANK0  000060
UART1_Write@txData                                     cstackCOMRAM 000020
WaitMs@numMilliseconds                                 cstackBANK0  000064
_ADACCH                                                (abs)        003EE9
_ADACCL                                                (abs)        003EE8
_ADACCU                                                (abs)        003EEA
_ADACQH                                                (abs)        003EF4
_ADACQL                                                (abs)        003EF3
_ADACT                                                 (abs)        003EFE
_ADCAP                                                 (abs)        003EF5
_ADCC_ADI_InterruptHandler                             bssBANK1     00013E
_ADCC_DefaultInterruptHandler                          text121      014F26
_ADCC_GetConversionResult                              text123      014DAC
_ADCC_ISR                                              text120      014524
_ADCC_Initialize                                       text105      013D08
_ADCC_SetADIInterruptHandler                           text106      014EB8
_ADCLK                                                 (abs)        003EFF
_ADCNT                                                 (abs)        003EEB
_ADCON0                                                (abs)        003EF8
_ADCON1                                                (abs)        003EF9
_ADCON2                                                (abs)        003EFA
_ADCON3                                                (abs)        003EFB
_ADERRH                                                (abs)        003EE3
_ADERRL                                                (abs)        003EE2
_ADFLTRH                                               (abs)        003EE7
_ADFLTRL                                               (abs)        003EE6
_ADLTHH                                                (abs)        003EDF
_ADLTHL                                                (abs)        003EDE
_ADPCH                                                 (abs)        003EF1
_ADPREH                                                (abs)        003EF7
_ADPREL                                                (abs)        003EF6
_ADPREVH                                               (abs)        003EEE
_ADPREVL                                               (abs)        003EED
_ADREF                                                 (abs)        003EFD
_ADRESH                                                (abs)        003EF0
_ADRESL                                                (abs)        003EEF
_ADRPT                                                 (abs)        003EEC
_ADSTAT                                                (abs)        003EFC
_ADSTPTH                                               (abs)        003EE5
_ADSTPTL                                               (abs)        003EE4
_ADUTHH                                                (abs)        003EE1
_ADUTHL                                                (abs)        003EE0
_ANSELA                                                (abs)        003A40
_ANSELB                                                (abs)        003A50
_ANSELC                                                (abs)        003A60
_ANSELD                                                (abs)        003A70
_ANSELE                                                (abs)        003A80
_ANSELF                                                (abs)        003A90
_Adc_Isr                                               text122      013308
_CCPTMRS1bits                                          (abs)        003F5F
_DAC1CON0                                              (abs)        003E9E
_DAC1CON1                                              (abs)        003E9C
_DAC1_GetOutput                                        text111      014F08
_DAC1_Initialize                                       text104      014ED2
_DAC1_SetOutput                                        text110      014EEA
_DATAEE_ReadByte                                       text109      014C9A
_DATAEE_WriteByte                                      text75       01462A
_DMA1AIRQ                                              (abs)        003BFE
_DMA1CON0                                              (abs)        003BFC
_DMA1CON0bits                                          (abs)        003BFC
_DMA1CON1                                              (abs)        003BFD
_DMA1CON1bits                                          (abs)        003BFD
_DMA1DPTR                                              (abs)        003BEC
_DMA1DSA                                               (abs)        003BF0
_DMA1DSZ                                               (abs)        003BEE
_DMA1PR                                                (abs)        0039F3
_DMA1SIRQ                                              (abs)        003BFF
_DMA1SPTR                                              (abs)        003BF4
_DMA1SSA                                               (abs)        003BF9
_DMA1SSZ                                               (abs)        003BF7
_DMA1_DMASCNTI_ISR                                     text133      014568
_DMA1_DefaultInterruptHandler                          text134      014F30
_DMA1_Initialize                                       text102      013F8A
_DMA1_SCNTI_InterruptHandler                           bssBANK1     000135
_DMA1_SetSCNTIInterruptHandler                         text103      014EAA
_DMA2CON0bits                                          (abs)        003BDC
_DMA2CON1bits                                          (abs)        003BDD
_DMA2DSA                                               (abs)        003BD0
_DMA2DSZ                                               (abs)        003BCE
_DMA2SSA                                               (abs)        003BD9
_DMA2SSZ                                               (abs)        003BD7
_Default_ISR                                           text128      014F2C
_GIE                                                   (abs)        01FE97
_INLVLA                                                (abs)        003A44
_INLVLB                                                (abs)        003A54
_INLVLC                                                (abs)        003A64
_INLVLD                                                (abs)        003A74
_INLVLE                                                (abs)        003A84
_INLVLF                                                (abs)        003A94
_INTCON0bits                                           (abs)        003FD2
_INTERRUPT_Initialize                                  text101      01437A
_IPR1bits                                              (abs)        003981
_IPR2bits                                              (abs)        003982
_IPR3bits                                              (abs)        003983
_IPR8bits                                              (abs)        003988
_IPR9bits                                              (abs)        003989
_IVTBASEH                                              (abs)        003FD6
_IVTBASEL                                              (abs)        003FD5
_IVTBASEU                                              (abs)        003FD7
_IVTLOCK                                               (abs)        003FD4
_IVTLOCKbits                                           (abs)        003FD4
_LATA                                                  (abs)        003FBA
_LATAbits                                              (abs)        003FBA
_LATB                                                  (abs)        003FBB
_LATC                                                  (abs)        003FBC
_LATCbits                                              (abs)        003FBC
_LATD                                                  (abs)        003FBD
_LATDbits                                              (abs)        003FBD
_LATE                                                  (abs)        003FBE
_LATEbits                                              (abs)        003FBE
_LATF                                                  (abs)        003FBF
_LATFbits                                              (abs)        003FBF
_Led_Blink                                             text126      014C20
_NVMADRH                                               (abs)        0039E1
_NVMADRL                                               (abs)        0039E0
_NVMCON1bits                                           (abs)        0039E5
_NVMCON2                                               (abs)        0039E6
_NVMDAT                                                (abs)        0039E3
_ODCONA                                                (abs)        003A42
_ODCONB                                                (abs)        003A52
_ODCONC                                                (abs)        003A62
_ODCOND                                                (abs)        003A72
_ODCONE                                                (abs)        003A82
_ODCONF                                                (abs)        003A92
_OSCCON1                                               (abs)        0039D9
_OSCCON3                                               (abs)        0039DB
_OSCEN                                                 (abs)        0039DD
_OSCFRQ                                                (abs)        0039DF
_OSCILLATOR_Initialize                                 text100      014CB8
_OSCTUNE                                               (abs)        0039DE
_PIE1bits                                              (abs)        003991
_PIE2bits                                              (abs)        003992
_PIE3bits                                              (abs)        003993
_PIE8bits                                              (abs)        003998
_PIE9bits                                              (abs)        003999
_PIN_MANAGER_Initialize                                text99       01358E
_PIR0bits                                              (abs)        0039A0
_PIR1bits                                              (abs)        0039A1
_PIR2bits                                              (abs)        0039A2
_PIR4bits                                              (abs)        0039A4
_PIR8bits                                              (abs)        0039A8
_PIR9bits                                              (abs)        0039A9
_PLLR                                                  (abs)        01CEE0
_PMD0                                                  (abs)        0039C0
_PMD1                                                  (abs)        0039C1
_PMD2                                                  (abs)        0039C2
_PMD3                                                  (abs)        0039C3
_PMD4                                                  (abs)        0039C4
_PMD5                                                  (abs)        0039C5
_PMD6                                                  (abs)        0039C6
_PMD7                                                  (abs)        0039C7
_PMD_Initialize                                        text98       014BBC
_PORTAbits                                             (abs)        003FCA
_PORTBbits                                             (abs)        003FCB
_PRLOCK                                                (abs)        0039EF
_PRLOCKbits                                            (abs)        0039EF
_PWM5CON                                               (abs)        003F6E
_PWM5DCH                                               (abs)        003F6D
_PWM5DCL                                               (abs)        003F6C
_PWM5_Initialize                                       text97       014D52
_PWM5_LoadDutyValue                                    text108      01495C
_PWM6CON                                               (abs)        003F6A
_PWM6DCH                                               (abs)        003F69
_PWM6DCL                                               (abs)        003F68
_PWM6_Initialize                                       text96       014D3A
_PWM6_LoadDutyValue                                    text107      01492A
_RB1I2C                                                (abs)        003A5A
_RB2I2C                                                (abs)        003A5B
_RC3I2C                                                (abs)        003A6A
_RC3PPS                                                (abs)        003A13
_RC4I2C                                                (abs)        003A6B
_RC5PPS                                                (abs)        003A15
_RC6PPS                                                (abs)        003A16
_RD0I2C                                                (abs)        003A7A
_RD1I2C                                                (abs)        003A7B
_RD2PPS                                                (abs)        003A1A
_RF2PPS                                                (abs)        003A2A
_SLRCONA                                               (abs)        003A43
_SLRCONB                                               (abs)        003A53
_SLRCONC                                               (abs)        003A63
_SLRCOND                                               (abs)        003A73
_SLRCONE                                               (abs)        003A83
_SLRCONF                                               (abs)        003A93
_SPI1BAUD                                              (abs)        003D19
_SPI1CLK                                               (abs)        003D1C
_SPI1CON0                                              (abs)        003D14
_SPI1CON0bits                                          (abs)        003D14
_SPI1CON1                                              (abs)        003D15
_SPI1CON2                                              (abs)        003D16
_SPI1INTFbits                                          (abs)        003D1A
_SPI1RXB                                               (abs)        003D10
_SPI1SCKPPS                                            (abs)        003ADE
_SPI1SDIPPS                                            (abs)        003ADF
_SPI1STATUSbits                                        (abs)        003D17
_SPI1TCNTL                                             (abs)        003D12
_SPI1TXB                                               (abs)        003D11
_SPI1_ExchangeByte                                     text37       014CD4
_SPI1_Initialize                                       text95       014D08
_SYSTEM_Initialize                                     text80       014724
_SrcVarName0                                           bssBANK1     000193
_StartTimer                                            text79       01498E
_SystemArbiter_Initialize                              text94       014E9C
_T2CLKCON                                              (abs)        003FAE
_T2CON                                                 (abs)        003FAC
_T2HLT                                                 (abs)        003FAD
_T2PR                                                  (abs)        003FAB
_T2RST                                                 (abs)        003FAF
_T2TMR                                                 (abs)        003FAA
_T5CLK                                                 (abs)        003F9D
_T5CON                                                 (abs)        003F9A
_T5CONbits                                             (abs)        003F9A
_T5GATE                                                (abs)        003F9C
_T5GCON                                                (abs)        003F9B
_T6CLKCON                                              (abs)        003F96
_T6CON                                                 (abs)        003F94
_T6HLT                                                 (abs)        003F95
_T6PR                                                  (abs)        003F93
_T6RST                                                 (abs)        003F97
_T6TMR                                                 (abs)        003F92
_TABLAT                                                (abs)        003FF5
_TBLPTRH                                               (abs)        003FF7
_TBLPTRL                                               (abs)        003FF6
_TBLPTRU                                               (abs)        003FF8
_TMR2_Initialize                                       text93       014C7C
_TMR5H                                                 (abs)        003F99
_TMR5L                                                 (abs)        003F98
_TMR5_DefaultInterruptHandler                          text130      014F2E
_TMR5_ISR                                              text129      01432C
_TMR5_Initialize                                       text91       0142DC
_TMR5_InterruptHandler                                 bssBANK1     000138
_TMR5_SetInterruptHandler                              text92       014E8E
_TMR5_WriteTimer                                       text132      014B54
_TMR6_CallBack                                         text125      014B30
_TMR6_DefaultInterruptHandler                          text127      014F28
_TMR6_ISR                                              text124      01488C
_TMR6_Initialize                                       text89       0149BE
_TMR6_InterruptHandler                                 bssBANK1     00013B
_TMR6_SetInterruptHandler                              text90       014E80
_TRISA                                                 (abs)        003FC2
_TRISB                                                 (abs)        003FC3
_TRISC                                                 (abs)        003FC4
_TRISCbits                                             (abs)        003FC4
_TRISD                                                 (abs)        003FC5
_TRISE                                                 (abs)        003FC6
_TRISF                                                 (abs)        003FC7
_TimerDone                                             text78       014B0C
_Timers_Isr                                            text131      01419E
_U1BRGH                                                (abs)        003DF6
_U1BRGL                                                (abs)        003DF5
_U1CON0                                                (abs)        003DF2
_U1CON1                                                (abs)        003DF3
_U1CON2                                                (abs)        003DF4
_U1ERRIE                                               (abs)        003DFA
_U1ERRIR                                               (abs)        003DF9
_U1ERRIRbits                                           (abs)        003DF9
_U1FIFO                                                (abs)        003DF7
_U1P1H                                                 (abs)        003DED
_U1P1L                                                 (abs)        003DEC
_U1P2H                                                 (abs)        003DEF
_U1P2L                                                 (abs)        003DEE
_U1P3H                                                 (abs)        003DF1
_U1P3L                                                 (abs)        003DF0
_U1RXB                                                 (abs)        003DE8
_U1RXPPS                                               (abs)        003AE5
_U1TXB                                                 (abs)        003DEA
_U1UIR                                                 (abs)        003DF8
_U1UIRbits                                             (abs)        003DF8
_UART1_DefaultErrorHandler                             text118      014F0E
_UART1_DefaultFramingErrorHandler                      text117      014F24
_UART1_DefaultOverrunErrorHandler                      text116      014F22
_UART1_ErrorHandler                                    bssBANK1     00012C
_UART1_FramingErrorHandler                             bssBANK1     000132
_UART1_FramingErrorInterruptHandler                    bssCOMRAM    000024
_UART1_FramingError_ISR                                text137      014EF4
_UART1_Initialize                                      text81       01321A
_UART1_OverrunErrorHandler                             bssBANK1     00012F
_UART1_Read                                            text57       0146E6
_UART1_Receive_ISR                                     text115      013AC2
_UART1_RxDataHandler                                   text119      014BDE
_UART1_RxInterruptHandler                              bssCOMRAM    00002A
_UART1_SetErrorHandler                                 text88       014E72
_UART1_SetFramingErrorHandler                          text87       014E64
_UART1_SetFramingErrorInterruptHandler                 text86       014E56
_UART1_SetOverrunErrorHandler                          text85       014E48
_UART1_SetRxInterruptHandler                           text84       014E3A
_UART1_SetTxInterruptHandler                           text83       014E2C
_UART1_SetUartInterruptHandler                         text82       014E1E
_UART1_Transmit_ISR                                    text113      014A1C
_UART1_TxInterruptHandler                              bssCOMRAM    000027
_UART1_UARTInterruptHandler                            bssCOMRAM    000021
_UART1_UartInterrupt_ISR                               text139      014F14
_UART1_Write                                           text74       014762
_UART1_framing_err_vect_isr                            text136      0147A0
_UART1_is_rx_ready                                     text56       014E10
_UART1_rx_vect_isr                                     text114      014454
_UART1_tx_vect_isr                                     text112      01440C
_UART1_vect_isr                                        text138      0147DC
_WPUA                                                  (abs)        003A41
_WPUB                                                  (abs)        003A51
_WPUC                                                  (abs)        003A61
_WPUD                                                  (abs)        003A71
_WPUE                                                  (abs)        003A81
_WPUF                                                  (abs)        003A91
_WaitMs                                                text77       014A9C
__HRAM                                                 (abs)        000000
__Habs1                                                abs1         000000
__Hbank0                                               bank0        000000
__Hbank1                                               bank1        000000
__Hbank10                                              bank10       000000
__Hbank11                                              bank11       000000
__Hbank12                                              bank12       000000
__Hbank13                                              bank13       000000
__Hbank14                                              bank14       000000
__Hbank15                                              bank15       000000
__Hbank16                                              bank16       000000
__Hbank17                                              bank17       000000
__Hbank18                                              bank18       000000
__Hbank19                                              bank19       000000
__Hbank2                                               bank2        000000
__Hbank20                                              bank20       000000
__Hbank21                                              bank21       000000
__Hbank22                                              bank22       000000
__Hbank23                                              bank23       000000
__Hbank24                                              bank24       000000
__Hbank25                                              bank25       000000
__Hbank26                                              bank26       000000
__Hbank27                                              bank27       000000
__Hbank28                                              bank28       000000
__Hbank29                                              bank29       000000
__Hbank3                                               bank3        000000
__Hbank30                                              bank30       000000
__Hbank31                                              bank31       000000
__Hbank4                                               bank4        000000
__Hbank5                                               bank5        000000
__Hbank6                                               bank6        000000
__Hbank7                                               bank7        000000
__Hbank8                                               bank8        000000
__Hbank9                                               bank9        000000
__Hbigbss                                              bigbss       000000
__Hbigdata                                             bigdata      000000
__Hbigram                                              bigram       000000
__Hbigsfr                                              bigsfr       000000
__Hbss                                                 bss          000000
__HbssBANK0                                            bssBANK0     000000
__HbssBANK1                                            bssBANK1     000000
__HbssBANK2                                            bssBANK2     000000
__HbssBANK3                                            bssBANK3     000000
__HbssBANK4                                            bssBANK4     000000
__HbssBANK5                                            bssBANK5     000000
__HbssBIGRAM                                           bssBIGRAM    000000
__HbssCOMRAM                                           bssCOMRAM    000000
__Hcinit                                               cinit        000000
__Hclrtext                                             clrtext      000000
__Hcomram                                              comram       000000
__Hconfig                                              config       30000A
__Hconst                                               const        000000
__HcstackBANK0                                         cstackBANK0  000000
__HcstackBANK1                                         cstackBANK1  000000
__HcstackCOMRAM                                        cstackCOMRAM 000000
__Hdata                                                data         000000
__HdataBANK0                                           dataBANK0    000000
__HdataBANK1                                           dataBANK1    000000
__HdataBANK2                                           dataBANK2    000000
__HdataBIGRAM                                          dataBIGRAM   000000
__HdataCOMRAM                                          dataCOMRAM   000000
__Heeprom_data                                         eeprom_data  000000
__Hfarbss                                              farbss       000000
__Hfardata                                             fardata      000000
__Hheap                                                heap         000000
__Hibigdata                                            ibigdata     000000
__Hidata                                               idata        000000
__HidataBANK0                                          idataBANK0   000000
__HidataBANK1                                          idataBANK1   000000
__HidataBANK2                                          idataBANK2   000000
__HidataBIGRAM                                         idataBIGRAM  000000
__HidataCOMRAM                                         idataCOMRAM  000000
__Hidloc                                               idloc        200010
__Hifardata                                            ifardata     000000
__Hinit                                                init         0000B2
__Hintsave_regs                                        intsave_regs 000000
__Hirdata                                              irdata       000000
__Hivt0x8                                              ivt0x8       0000AE
__Hmediumconst                                         mediumconst  010000
__HnvFARRAM                                            nvFARRAM     000000
__Hnvbit                                               nvbit        000000
__Hnvrram                                              nvrram       000000
__Hparam                                               rparam       000000
__Hpowerup                                             powerup      000000
__Hram                                                 ram          000000
__Hramtop                                              ramtop       002000
__Hrbit                                                rbit         000000
__Hrbss                                                rbss         000000
__Hrdata                                               rdata        000000
__Hreset_vec                                           reset_vec    000004
__Hrparam                                              rparam       000000
__Hsfr                                                 sfr          000000
__Hsmallconst                                          smallconst   000000
__Hspace_0                                             (abs)        014F32
__Hspace_1                                             (abs)        001943
__Hspace_2                                             (abs)        000000
__Hspace_4                                             (abs)        60000A
__Hstack                                               stack        000000
__Hstruct                                              struct       000000
__Htemp                                                temp         000000
__Htext                                                text         000000
__Htext0                                               text0        000000
__Htext1                                               text1        000000
__Htext10                                              text10       000000
__Htext100                                             text100      000000
__Htext101                                             text101      000000
__Htext102                                             text102      000000
__Htext103                                             text103      000000
__Htext104                                             text104      000000
__Htext105                                             text105      000000
__Htext106                                             text106      000000
__Htext107                                             text107      000000
__Htext108                                             text108      000000
__Htext109                                             text109      000000
__Htext11                                              text11       000000
__Htext110                                             text110      000000
__Htext111                                             text111      000000
__Htext112                                             text112      000000
__Htext113                                             text113      000000
__Htext114                                             text114      000000
__Htext115                                             text115      000000
__Htext116                                             text116      000000
__Htext117                                             text117      000000
__Htext118                                             text118      000000
__Htext119                                             text119      000000
__Htext12                                              text12       000000
__Htext120                                             text120      000000
__Htext121                                             text121      000000
__Htext122                                             text122      000000
__Htext123                                             text123      000000
__Htext124                                             text124      000000
__Htext125                                             text125      000000
__Htext126                                             text126      000000
__Htext127                                             text127      000000
__Htext128                                             text128      000000
__Htext129                                             text129      000000
__Htext13                                              text13       000000
__Htext130                                             text130      000000
__Htext131                                             text131      000000
__Htext132                                             text132      000000
__Htext133                                             text133      000000
__Htext134                                             text134      000000
__Htext135                                             text135      000000
__Htext136                                             text136      000000
__Htext137                                             text137      000000
__Htext138                                             text138      000000
__Htext139                                             text139      000000
__Htext14                                              text14       000000
__Htext140                                             text140      000000
__Htext15                                              text15       000000
__Htext16                                              text16       000000
__Htext17                                              text17       000000
__Htext18                                              text18       000000
__Htext19                                              text19       000000
__Htext2                                               text2        000000
__Htext20                                              text20       000000
__Htext21                                              text21       000000
__Htext22                                              text22       000000
__Htext23                                              text23       000000
__Htext24                                              text24       000000
__Htext25                                              text25       000000
__Htext26                                              text26       000000
__Htext27                                              text27       000000
__Htext28                                              text28       000000
__Htext29                                              text29       000000
__Htext3                                               text3        000000
__Htext30                                              text30       000000
__Htext31                                              text31       000000
__Htext32                                              text32       000000
__Htext33                                              text33       000000
__Htext34                                              text34       000000
__Htext35                                              text35       000000
__Htext36                                              text36       000000
__Htext37                                              text37       000000
__Htext38                                              text38       000000
__Htext39                                              text39       000000
__Htext4                                               text4        000000
__Htext40                                              text40       000000
__Htext41                                              text41       000000
__Htext42                                              text42       000000
__Htext43                                              text43       000000
__Htext44                                              text44       000000
__Htext45                                              text45       000000
__Htext46                                              text46       000000
[...]
isupper@c                                              cstackBANK0  000060
ivt0x8_base                                            ivt0x8       000008
ivt0x8_undefint                                        ivt0x8       0000AC
linux_getc@a_data                                      cstackBANK0  000060
linux_putc@a_len                                       cstackBANK0  000078
linux_putc@data                                        cstackBANK0  000076
main@i                                                 cstackBANK1  0001BF
main@lcd_update                                        cstackBANK1  0001BE
memcpy@d                                               cstackBANK0  000067
memcpy@d1                                              cstackBANK0  000060
memcpy@n                                               cstackBANK0  000064
memcpy@s                                               cstackBANK0  000069
memcpy@s1                                              cstackBANK0  000062
memcpy@tmp                                             cstackBANK0  000066
memset@c                                               cstackBANK0  000062
memset@dest                                            cstackBANK0  000060
memset@k                                               cstackBANK0  000068
memset@n                                               cstackBANK0  000064
memset@s                                               cstackBANK0  00006A
pad@buf                                                cstackBANK0  000075
pad@fp                                                 cstackBANK0  000073
pad@i                                                  cstackBANK0  00007A
pad@p                                                  cstackBANK0  000077
pad@w                                                  cstackBANK0  00007C
printf@ap                                              cstackBANK0  0000F2
printf@fmt                                             cstackBANK1  0001A3
putch@txData                                           cstackBANK0  000060
puts@s                                                 cstackBANK0  000073
ringBufS_flush@_this                                   cstackBANK0  00006C
ringBufS_flush@clearBuffer                             cstackBANK0  00006E
ringBufS_init@_this                                    cstackBANK0  00006C
ringBufS_put_dma@_this                                 cstackBANK0  000060
ringBufS_put_dma@c                                     cstackBANK0  000062
ringBufS_put_dma_cpy@_this                             cstackBANK0  00006B
ringBufS_put_dma_cpy@len                               cstackBANK0  00006F
ringBufS_put_dma_cpy@ptr                               cstackBANK0  00006D
send_lcd_cmd@cmd                                       cstackBANK0  000064
send_lcd_cmd_dma@strPtr                                cstackBANK0  000070
send_lcd_cmd_long@cmd                                  cstackBANK0  000064
send_lcd_data@data                                     cstackBANK0  000064
send_lcd_data_dma@strPtr                               cstackBANK0  00006F
sprintf@ap                                             cstackBANK1  0001AF
sprintf@f                                              cstackBANK1  0001B1
sprintf@fmt                                            cstackBANK1  0001A5
sprintf@s                                              cstackBANK1  0001A3
stackhi                                                (abs)        000000
stacklo                                                (abs)        000000
start                                                  init         0000AE
start_initialization                                   cinit        0130F6
stoa@F1164                                             dataBANK1    0001C0
stoa@cp                                                cstackBANK0  00007A
stoa@fp                                                cstackBANK0  00006A
stoa@i                                                 cstackBANK0  000076
stoa@l                                                 cstackBANK0  00007E
stoa@nuls                                              cstackBANK0  00006F
stoa@p                                                 cstackBANK0  00007C
stoa@s                                                 cstackBANK0  00006C
stoa@w                                                 cstackBANK0  000078
strcpy@d                                               cstackBANK0  000068
strcpy@dest                                            cstackBANK0  000060
strcpy@s                                               cstackBANK0  000066
strcpy@src                                             cstackBANK0  000062
strlen@a                                               cstackBANK0  000062
strlen@s                                               cstackBANK0  000060
strncmp@_l                                             cstackBANK0  000064
strncmp@_r                                             cstackBANK0  000066
strncmp@l                                              cstackBANK0  00006C
strncmp@n                                              cstackBANK0  000068
strncmp@r                                              cstackBANK0  00006E
tolower@c                                              cstackBANK0  000066
utoa@d                                                 cstackBANK0  000080
utoa@fp                                                cstackBANK0  00007E
utoa@i                                                 cstackBANK0  00009C
utoa@n                                                 cstackBANK0  000094
utoa@p                                                 cstackBANK0  000090
utoa@w                                                 cstackBANK0  000092
vfpfcnvrt@ap                                           cstackBANK0  0000D4
vfpfcnvrt@c                                            cstackBANK0  0000E8
vfpfcnvrt@cp                                           cstackBANK0  0000E2
vfpfcnvrt@ct                                           cstackBANK0  0000E9
vfpfcnvrt@done                                         cstackBANK0  0000E4
vfpfcnvrt@f                                            cstackBANK0  0000EC
vfpfcnvrt@fmt                                          cstackBANK0  0000D3
vfpfcnvrt@fp                                           cstackBANK0  0000D1
vfpfcnvrt@llu                                          cstackBANK0  0000DA
vfprintf@ap                                            cstackBANK1  0001A1
vfprintf@cfmt                                          cstackBANK0  0000F0
vfprintf@fmt                                           cstackBANK1  00019F
vfprintf@fp                                            cstackBANK1  00019D
wdtdelay@dcount                                        bssBANK1     000120
wdtdelay@delay                                         cstackBANK0  000060


MODULE INFORMATION

Module		Function		Class		Link	Load	Size
/opt/microchip/xc8/v2.36/pic/sources/c99/common/__fpclassifyf.c
		___fpclassifyf 		CODE           	1365C	0000	204

/opt/microchip/xc8/v2.36/pic/sources/c99/common/__fpclassifyf.c estimated size: 204

/opt/microchip/xc8/v2.36/pic/sources/c99/common/memset.c
		_memset        		CODE           	12BDE	0000	332

/opt/microchip/xc8/v2.36/pic/sources/c99/common/memset.c estimated size: 332

/opt/microchip/xc8/v2.36/pic/sources/c99/common/isupper.c
		_isupper       		CODE           	148C6	0000	50

/opt/microchip/xc8/v2.36/pic/sources/c99/common/isupper.c estimated size: 50

ringbufs.c
		_ringBufS_init 		CODE           	14C00	0000	32
		_ringBufS_flush		CODE           	1414A	0000	84
		_ringBufS_put_dma_cpy		CODE           	140A2	0000	84
		_ringBufS_put_dma		CODE           	140F6	0000	84

ringbufs.c estimated size: 284

timers.c
		_Timers_Isr    		CODE           	1419E	0000	82
		_WaitMs        		CODE           	14A9C	0000	40
		_StartTimer    		CODE           	1498E	0000	48
		_TimerDone     		CODE           	14B0C	0000	36

timers.c estimated size: 206

disp_led.c
		_display_led   		CODE           	138A4	0000	186

disp_led.c estimated size: 186

mcc_generated_files/tmr6.c
		_TMR6_CallBack 		CODE           	14B30	0000	36
		_TMR6_ISR      		CODE           	1488C	0000	58
		_TMR6_Initialize		CODE           	149BE	0000	48
		_TMR6_SetInterruptHandler		CODE           	14E80	0000	14
		_TMR6_DefaultInterruptHandler		CODE           	14F28	0000	2

mcc_generated_files/tmr6.c estimated size: 158

mcc_generated_files/pwm6.c
		_PWM6_LoadDutyValue		CODE           	1492A	0000	50
		_PWM6_Initialize		CODE           	14D3A	0000	24

mcc_generated_files/pwm6.c estimated size: 74

/opt/microchip/xc8/v2.36/pic/sources/c99/common/doprnt.c
		_vfpfcnvrt     		CODE           	109B8	0000	1772
		_efgtoa        		CODE           	10000	0000	2488
		_pad           		CODE           	13B64	0000	150
		_vfprintf      		CODE           	13FEA	0000	94
		_stoa          		CODE           	12D2A	0000	330
		_utoa          		CODE           	125C6	0000	432

/opt/microchip/xc8/v2.36/pic/sources/c99/common/doprnt.c estimated size: 5266

/opt/microchip/xc8/v2.36/pic/sources/c99/common/flneg.c
		___flneg       		CODE           	149EE	0000	46

/opt/microchip/xc8/v2.36/pic/sources/c99/common/flneg.c estimated size: 46

/opt/microchip/xc8/v2.36/pic/sources/c99/common/nf_fputc.c
		_fputc         		CODE           	1395E	0000	182

/opt/microchip/xc8/v2.36/pic/sources/c99/common/nf_fputc.c estimated size: 182

/opt/microchip/xc8/v2.36/pic/sources/c99/common/atoi.c
		_atoi          		CODE           	12FB6	0000	320

/opt/microchip/xc8/v2.36/pic/sources/c99/common/atoi.c estimated size: 320

/opt/microchip/xc8/v2.36/pic/sources/c99/common/fleq.c
		___fleq        		CODE           	13BFA	0000	138

/opt/microchip/xc8/v2.36/pic/sources/c99/common/fleq.c estimated size: 138

mcc_generated_files/tmr2.c
		_TMR2_Initialize		CODE           	14C7C	0000	30

mcc_generated_files/tmr2.c estimated size: 30

mcc_generated_files/interrupt_manager.c
		_INTERRUPT_Initialize		CODE           	1437A	0000	74
		_Default_ISR   		CODE           	14F2C	0000	2

mcc_generated_files/interrupt_manager.c estimated size: 76

/opt/microchip/xc8/v2.36/pic/sources/c99/common/Umul16.c
		___wmul        		CODE           	14A4A	0000	42

/opt/microchip/xc8/v2.36/pic/sources/c99/common/Umul16.c estimated size: 42

/opt/microchip/xc8/v2.36/pic/sources/c99/common/puts.c
		_puts          		CODE           	14852	0000	58

/opt/microchip/xc8/v2.36/pic/sources/c99/common/puts.c estimated size: 58

/opt/microchip/xc8/v2.36/pic/sources/c99/common/lomod.c
		___lomod       		CODE           	13A14	0000	174

/opt/microchip/xc8/v2.36/pic/sources/c99/common/lomod.c estimated size: 174

eadog.c
		_init_display  		CODE           	13728	0000	194
		_eaDogM_WriteCommand		CODE           	14DE6	0000	14
		_source_dma_done		CODE           	14F1A	0000	4
		_wdtdelay      		CODE           	143C4	0000	72
		_send_lcd_cmd  		CODE           	146A8	0000	62
		_send_lcd_cmd_dma		CODE           	14C40	0000	30
		_send_lcd_data 		CODE           	14AC4	0000	36
		_send_lcd_data_dma		CODE           	145EA	0000	64
		_wait_lcd_set  		CODE           	14EFC	0000	6
		_eaDogM_WriteStringAtPos		CODE           	13EC4	0000	100
		_wait_lcd_done 		CODE           	14DF4	0000	14
		_send_lcd_cmd_long		CODE           	1466A	0000	62
		_start_lcd     		CODE           	14F02	0000	6
		_eaDogM_WriteString		CODE           	13DEC	0000	110

eadog.c estimated size: 774

/opt/microchip/xc8/v2.36/pic/sources/c99/common/isspace.c
		_isspace       		CODE           	145AA	0000	64

/opt/microchip/xc8/v2.36/pic/sources/c99/common/isspace.c estimated size: 64

mcc_generated_files/pin_manager.c
		_PIN_MANAGER_Initialize		CODE           	1358E	0000	206

mcc_generated_files/pin_manager.c estimated size: 206

mcc_generated_files/spi1.c
		_SPI1_Initialize		CODE           	14D08	0000	26
		_SPI1_ExchangeByte		CODE           	14CD4	0000	26

mcc_generated_files/spi1.c estimated size: 52

/opt/microchip/xc8/v2.36/pic/sources/c99/common/memcpy.c
		_memcpy        		CODE           	1428E	0000	78

/opt/microchip/xc8/v2.36/pic/sources/c99/common/memcpy.c estimated size: 78

/opt/microchip/xc8/v2.36/pic/sources/c99/common/tolower.c
		_tolower       		CODE           	14818	0000	58

/opt/microchip/xc8/v2.36/pic/sources/c99/common/tolower.c estimated size: 58

/opt/microchip/xc8/v2.36/pic/sources/c99/common/strncmp.c
		_strncmp       		CODE           	12920	0000	364

/opt/microchip/xc8/v2.36/pic/sources/c99/common/strncmp.c estimated size: 364

/opt/microchip/xc8/v2.36/pic/sources/c99/common/sprcmul.c
		___flmul       		CODE           	11B2A	0000	848

/opt/microchip/xc8/v2.36/pic/sources/c99/common/sprcmul.c estimated size: 848

/opt/microchip/xc8/v2.36/pic/sources/c99/common/awmod.c
		___awmod       		CODE           	13D7C	0000	112

/opt/microchip/xc8/v2.36/pic/sources/c99/common/awmod.c estimated size: 112

/opt/microchip/xc8/v2.36/pic/sources/c99/common/sprcdiv.c
		___fldiv       		CODE           	12186	0000	648

/opt/microchip/xc8/v2.36/pic/sources/c99/common/sprcdiv.c estimated size: 648

mcc_generated_files/dma1.c
		_DMA1_Initialize		CODE           	13F8A	0000	96
		_DMA1_SetSCNTIInterruptHandler		CODE           	14EAA	0000	14
		_DMA1_DefaultInterruptHandler		CODE           	14F30	0000	2
		_DMA1_DMASCNTI_ISR		CODE           	14568	0000	66

mcc_generated_files/dma1.c estimated size: 178

mcc_generated_files/uart1.c
		_UART1_FramingError_ISR		CODE           	14EF4	0000	8
		_UART1_rx_vect_isr		CODE           	14454	0000	72
		_UART1_Write   		CODE           	14762	0000	60
		_putch         		CODE           	14EC6	0000	12
		_UART1_UartInterrupt_ISR		CODE           	14F14	0000	6
		_UART1_SetFramingErrorHandler		CODE           	14E64	0000	14
		_UART1_SetOverrunErrorHandler		CODE           	14E48	0000	14
		_UART1_tx_vect_isr		CODE           	1440C	0000	72
		_UART1_Receive_ISR		CODE           	13AC2	0000	162
		_UART1_SetRxInterruptHandler		CODE           	14E3A	0000	14
		_UART1_SetTxInterruptHandler		CODE           	14E2C	0000	14
		_UART1_Initialize		CODE           	1321A	0000	238
		_UART1_SetErrorHandler		CODE           	14E72	0000	14
		_UART1_Transmit_ISR		CODE           	14A1C	0000	46
		_UART1_Read    		CODE           	146E6	0000	62
		_UART1_vect_isr		CODE           	147DC	0000	60
		_UART1_DefaultFramingErrorHandler		CODE           	14F24	0000	2
		_UART1_SetFramingErrorInterruptHandler		CODE           	14E56	0000	14
		_UART1_SetUartInterruptHandler		CODE           	14E1E	0000	14
		_UART1_is_rx_ready		CODE           	14E10	0000	14
		_UART1_DefaultErrorHandler		CODE           	14F0E	0000	6
		_UART1_framing_err_vect_isr		CODE           	147A0	0000	60
		_UART1_RxDataHandler		CODE           	14BDE	0000	34
		_UART1_DefaultOverrunErrorHandler		CODE           	14F22	0000	2

mcc_generated_files/uart1.c estimated size: 1014

mcc_generated_files/tmr5.c
		_TMR5_ISR      		CODE           	1432C	0000	78
		_TMR5_Initialize		CODE           	142DC	0000	78
		_TMR5_SetInterruptHandler		CODE           	14E8E	0000	14
		_TMR5_DefaultInterruptHandler		CODE           	14F2E	0000	2
		_TMR5_WriteTimer		CODE           	14B54	0000	36

mcc_generated_files/tmr5.c estimated size: 208

/opt/microchip/xc8/v2.36/pic/sources/c99/common/printf.c
		_printf        		CODE           	14A74	0000	40

/opt/microchip/xc8/v2.36/pic/sources/c99/common/printf.c estimated size: 40

/opt/microchip/xc8/v2.36/pic/sources/c99/common/lodiv.c
		___lodiv       		CODE           	134C0	0000	206

/opt/microchip/xc8/v2.36/pic/sources/c99/common/lodiv.c estimated size: 206

shared
		_cmdm          		MEDIUMCONST    	FDFE	0000	28
		__initialization		CODE           	130F6	0000	286
		_build_version 		MEDIUMCONST    	FE1A	0000	14
		_spi1_configuration		MEDIUMCONST    	0000	0000	0

shared estimated size: 328

mcc_generated_files/pwm5.c
		_PWM5_LoadDutyValue		CODE           	1495C	0000	50
		_PWM5_Initialize		CODE           	14D52	0000	24

mcc_generated_files/pwm5.c estimated size: 74

mcc_generated_files/mcc.c
		_SystemArbiter_Initialize		CODE           	14E9C	0000	14
		_PMD_Initialize		CODE           	14BBC	0000	34
		_OSCILLATOR_Initialize		CODE           	14CB8	0000	28
		_SYSTEM_Initialize		CODE           	14724	0000	62

mcc_generated_files/mcc.c estimated size: 138

/opt/microchip/xc8/v2.36/pic/sources/c99/common/strlen.c
		_strlen        		CODE           	141F0	0000	80

/opt/microchip/xc8/v2.36/pic/sources/c99/common/strlen.c estimated size: 80

/opt/microchip/xc8/v2.36/pic/sources/c99/common/flge.c
		___flge        		CODE           	133F0	0000	208

/opt/microchip/xc8/v2.36/pic/sources/c99/common/flge.c estimated size: 208

/opt/microchip/xc8/v2.36/pic/sources/c99/common/floorf.c
		_floorf        		CODE           	12776	0000	426

/opt/microchip/xc8/v2.36/pic/sources/c99/common/floorf.c estimated size: 426

/opt/microchip/xc8/v2.36/pic/sources/c99/common/nf_fputs.c
		_fputs         		CODE           	13E5A	0000	106

/opt/microchip/xc8/v2.36/pic/sources/c99/common/nf_fputs.c estimated size: 106

/opt/microchip/xc8/v2.36/pic/sources/c99/common/strcpy.c
		_strcpy        		CODE           	13F28	0000	98

/opt/microchip/xc8/v2.36/pic/sources/c99/common/strcpy.c estimated size: 98

/opt/microchip/xc8/v2.36/pic/sources/c99/common/awdiv.c
		___awdiv       		CODE           	13C84	0000	132

/opt/microchip/xc8/v2.36/pic/sources/c99/common/awdiv.c estimated size: 132

/opt/microchip/xc8/v2.36/pic/sources/c99/common/fltol.c
		___fltol       		CODE           	137EA	0000	186

/opt/microchip/xc8/v2.36/pic/sources/c99/common/fltol.c estimated size: 186

/opt/microchip/xc8/v2.36/pic/sources/c99/common/isdigit.c
		_isdigit       		CODE           	148F8	0000	50

/opt/microchip/xc8/v2.36/pic/sources/c99/common/isdigit.c estimated size: 50

mcc_generated_files/memory.c
		_DATAEE_WriteByte		CODE           	1462A	0000	64
		_DATAEE_ReadByte		CODE           	14C9A	0000	30

mcc_generated_files/memory.c estimated size: 94

/opt/microchip/xc8/v2.36/pic/sources/c99/common/sprcadd.c
		___flsub       		CODE           	1449C	0000	70
		___fladd       		CODE           	11E7A	0000	780

/opt/microchip/xc8/v2.36/pic/sources/c99/common/sprcadd.c estimated size: 850

mcc_generated_files/dac1.c
		_DAC1_GetOutput		CODE           	14F08	0000	6
		_DAC1_SetOutput		CODE           	14EEA	0000	10
		_DAC1_Initialize		CODE           	14ED2	0000	12

mcc_generated_files/dac1.c estimated size: 28

/opt/microchip/xc8/v2.36/pic/sources/c99/common/xxtofl.c
		___xxtofl      		CODE           	12E74	0000	322

/opt/microchip/xc8/v2.36/pic/sources/c99/common/xxtofl.c estimated size: 322

mcc_generated_files/adcc.c
		_ADCC_DefaultInterruptHandler		CODE           	14F26	0000	2
		_ADCC_GetConversionResult		CODE           	14DAC	0000	22
		_ADCC_SetADIInterruptHandler		CODE           	14EB8	0000	14
		_ADCC_ISR      		CODE           	14524	0000	66
		_ADCC_Initialize		CODE           	13D08	0000	116

mcc_generated_files/adcc.c estimated size: 220

scdm.c
		_cli_read      		CODE           	12A8C	0000	338
		_cli_init      		CODE           	144E2	0000	66
		__cli_interpret_cmd		CODE           	1240E	0000	440
		_linux_getc    		CODE           	14AE8	0000	36
		_linux_putc    		CODE           	14E02	0000	14
		_scmd_init     		CODE           	14D22	0000	24

scdm.c estimated size: 918

main.c
		_fh_po         		CODE           	14DD4	0000	18
		_fh_pu         		CODE           	14D96	0000	22
		_Led_Blink     		CODE           	14C20	0000	32
		_main          		CODE           	110A4	0000	1670
		_fh_pd         		CODE           	14D80	0000	22
		_fh_p0         		CODE           	14B9A	0000	34
		_fh_pp         		CODE           	14DC2	0000	18
		_fh_p1         		CODE           	14B78	0000	34
		_fh_pl         		CODE           	14D6A	0000	22
		_fh_pr         		CODE           	14C5E	0000	30
		_Adc_Isr       		CODE           	13308	0000	232
		_fh_ps         		CODE           	14CEE	0000	26

main.c estimated size: 2160

/opt/microchip/xc8/v2.36/pic/sources/c99/common/nf_sprintf.c
		_sprintf       		CODE           	14240	0000	78

/opt/microchip/xc8/v2.36/pic/sources/c99/common/nf_sprintf.c estimated size: 78

