Microchip MPLAB XC8 Compiler V2.36

Linker command line:

-W-3 --edf=/opt/microchip/xc8/v2.36/pic/dat/en_msgs.txt -pivt0x8=08h -cn \
  -h+dist/default/production/ps_test.X.production.sym \
  --cmf=dist/default/production/ps_test.X.production.cmf -z -Q18F57K42 \
  -o/tmp/xcXFCJamk --defsym=__MPLAB_BUILD=1 \
  -Mdist/default/production/ps_test.X.production.map \
  --md=/tmp/xcXiLbkFA.dat -E1 -ver=XC8 Compiler --acfsm=1493 \
  -ACODE=00h-01FFFFh -ACONST=00h-01FFFFh -ASMALLCONST=02000h-020FFhx480 \
  -AMEDIUMCONST=02000h-0FFFFh,012000h-01FFFFh -ACOMRAM=01h-05Fh \
  -AABS1=00h-01FFFh -ABIGRAM=01h-01FFFh -ARAM=060h-0FFh,0100h-01FFhx31 \
  -ABANK0=060h-0FFh -ABANK1=0100h-01FFh -ABANK2=0200h-02FFh \
  -ABANK3=0300h-03FFh -ABANK4=0400h-04FFh -ABANK5=0500h-05FFh \
  -ABANK6=0600h-06FFh -ABANK7=0700h-07FFh -ABANK8=0800h-08FFh \
  -ABANK9=0900h-09FFh -ABANK10=0A00h-0AFFh -ABANK11=0B00h-0BFFh \
  -ABANK12=0C00h-0CFFh -ABANK13=0D00h-0DFFh -ABANK14=0E00h-0EFFh \
  -ABANK15=0F00h-0FFFh -ABANK16=01000h-010FFh -ABANK17=01100h-011FFh \
  -ABANK18=01200h-012FFh -ABANK19=01300h-013FFh -ABANK20=01400h-014FFh \
  -ABANK21=01500h-015FFh -ABANK22=01600h-016FFh -ABANK23=01700h-017FFh \
  -ABANK24=01800h-018FFh -ABANK25=01900h-019FFh -ABANK26=01A00h-01AFFh \
  -ABANK27=01B00h-01BFFh -ABANK28=01C00h-01CFFh -ABANK29=01D00h-01DFFh \
  -ABANK30=01E00h-01EFFh -ABANK31=01F00h-01FFFh \
  -ASFR=03800h-038FFhx7,03F00h-03F5Fh,03F60h-03FFFh -ABIGSFR=03800h-03FFFh \
  -ACONFIG=0300000h-0300009h -AIDLOC=0200000h-020000Fh \
  -AEEDATA=0310000h-03103FFh -peeprom_data=EEDATA -preset_vec=00h \
  -ppowerup=CODE,init -pramtop=02000h -psmallconst=SMALLCONST \
  -pmediumconst=MEDIUMCONST -pconst=CONST -AFARRAM=00h-00h \
  -prdata=COMRAM,nvrram=COMRAM,nvbit=COMRAM,rbss=COMRAM,rbit=COMRAM \
  -pfarbss=FARRAM,fardata=FARRAM,nvFARRAM=FARRAM \
  -pintsave_regs=BIGRAM,bigbss=BIGRAM,bigdata=BIGRAM -pbss=RAM \
  -pidata=CODE,irdata=CODE,ibigdata=CODE,ifardata=CODE -prparam=COMRAM \
  /tmp/xcXigpFmk.o dist/default/production/ps_test.X.production.o 

Object code version is 3.11

Machine type is 18F57K42



                Name                               Link     Load   Length Selector   Space Scale
/tmp/xcXigpFmk.o
                idloc                            200000   200000       10        0       5
                config                           300000   300000        A        0       4
                init                                 AE       AE        4        4       0
                reset_vec                             0        0        4        0       0
dist/default/production/ps_test.X.production.o
                idloc                            200000   200000       10        0       5
                config                           300000   300000        A        0       4
                mediumconst                        FE50     FE50      1B0     7F28       0
                ivt0x8                                8        8       A6        4       0
                text132                           14C0E    14C0E        6     A33F       0
                text131                           144EC    144EC       3C     50BF       0
                text130                           14BEE    14BEE        8     A33F       0
                text129                           144B0    144B0       3C     50BF       0
                text128                           14C18    14C18        4     A33F       0
                text127                           14C28    14C28        2     A33F       0
                text126                           142FC    142FC       42     50BF       0
                text125                           14890    14890       24     A33F       0
                text124                           1401C    1401C       52     8000       0
                text123                           14C26    14C26        2     A33F       0
                text122                           14070    14070       4E     501C       0
                text121                           14C24    14C24        2     A33F       0
                text120                           14C22    14C22        2     A33F       0
                text119                           1493A    1493A       20     A33F       0
                text118                           1486C    1486C       24     A33F       0
                text117                           14610    14610       3A     50BF       0
                text116                           14AB0    14AB0       16     A33F       0
                text115                           13B22    13B22       76     8000       0
                text114                           14C20    14C20        2     A33F       0
                text113                           142B8    142B8       42     50AE       0
                text112                           148F8    148F8       22     A33F       0
                text111                           14C08    14C08        6     A33F       0
                text110                           14C1E    14C1E        2     A33F       0
                text109                           14C1C    14C1C        2     A33F       0
                text108                           1383A    1383A       A2     8000       0
                text107                           141E4    141E4       48     501C       0
                text106                           1479E    1479E       2E     A33F       0
                text105                           1419C    1419C       48     501C       0
                text104                           14C02    14C02        6     A33F       0
                text103                           14BE4    14BE4        A     A33F       0
                text102                           146B0    146B0       32     A33F       0
                text101                           1467E    1467E       32     A33F       0
                text100                           14BC0    14BC0        E     A33F       0
                text99                            13B98    13B98       72     8000       0
                text98                            14BCE    14BCE        C     A33F       0
                text97                            14BB2    14BB2        E     A33F       0
                text96                            13E18    13E18       5E     8000       0
                text95                            1410A    1410A       4A     501C       0
                text94                            149D0    149D0       1C     A33F       0
                text93                            13308    13308       CE     8000       0
                text92                            148D6    148D6       22     A33F       0
                text91                            14A98    14A98       18     A33F       0
                text90                            14A80    14A80       18     A33F       0
                text89                            14A06    14A06       1A     A33F       0
                text88                            14BA4    14BA4        E     A33F       0
                text87                            14996    14996       1E     A33F       0
                text86                            14B96    14B96        E     A33F       0
                text85                            14154    14154       48     501C       0
                text84                            14B88    14B88        E     A33F       0
                text83                            14770    14770       2E     A33F       0
                text82                            14B7A    14B7A        E     A33F       0
                text81                            14B6C    14B6C        E     A33F       0
                text80                            14B5E    14B5E        E     A33F       0
                text79                            14B50    14B50        E     A33F       0
                text78                            14B42    14B42        E     A33F       0
                text77                            14B34    14B34        E     A33F       0
                text76                            14B26    14B26        E     A33F       0
                text75                            1308E    1308E       DC     8000       0
                text74                            143FA    143FA       3E     50BF       0
                text73                            12D12    12D12      142     8000       0
                text72                            14474    14474       3C     50BF       0
                text71                            14BDA    14BDA        A     A33F       0
                text70                            136D4    136D4       B8     8000       0
                text69                            13CE6    13CE6       6C     8000       0
                text68                            14438    14438       3C     50BF       0
                text67                            14A68    14A68       18     A33F       0
                text66                            148B4    148B4       22     A33F       0
                text65                            149B4    149B4       1C     A33F       0
                text64                            14ADA    14ADA       14     A33F       0
                text63                            14AC6    14AC6       14     A33F       0
                text62                            14A50    14A50       18     A33F       0
                text61                            14A38    14A38       18     A33F       0
                text60                            140BE    140BE       4C     501C       0
                text59                            127B8    127B8      16A     8000       0
                text58                            122A0    122A0      1BE     8000       0
                text57                            143BC    143BC       3E     50BF       0
                text56                            14B18    14B18        E     A33F       0
                text55                            14848    14848       24     A33F       0
                text54                            14B0A    14B0A        E     A33F       0
                text53                            12BC4    12BC4      14E     8000       0
                text52                            12922    12922      152     8000       0
                text51                            1361C    1361C       B8     8000       0
                text50                            13F24    13F24       54     8000       0
                text49                            13FCA    13FCA       52     8000       0
                text48                            14BFC    14BFC        6     A33F       0
                text47                            14BF6    14BF6        6     A33F       0
                text46                            1433E    1433E       40     50BF       0
                text45                            14AFC    14AFC        E     A33F       0
                text44                            14978    14978       1E     A33F       0
                text43                            14AEE    14AEE        E     A33F       0
                text42                            13C7A    13C7A       6C     8000       0
                text41                            13ED0    13ED0       54     8000       0
                text40                            138DC    138DC       9E     8000       0
                text39                            13D52    13D52       64     8000       0
                text38                            1495A    1495A       1E     A33F       0
                text37                            149EC    149EC       1A     A33F       0
                text36                            145D6    145D6       3A     50BF       0
                text35                            1459C    1459C       3A     50BF       0
                text34                            14562    14562       3A     50BF       0
                text33                            1491A    1491A       20     A33F       0
                text32                            134A2    134A2       C0     8000       0
                text31                            147F6    147F6       2A     A33F       0
                text30                            14712    14712       30     A33F       0
                text29                            1437E    1437E       3E     50BF       0
                text28                            12E54    12E54      140     8000       0
                text27                            13A9E    13A9E       84     8000       0
                text26                            13C0A    13C0A       70     8000       0
                text25                            12018    12018      288     8000       0
                text24                            13A14    13A14       8A     8000       0
                text23                            1316A    1316A       D0     8000       0
                text22                            119BC    119BC      350     8000       0
                text21                            14742    14742       2E     A33F       0
                text20                            11D0C    11D0C      30C     8000       0
                text19                            1422C    1422C       46     501C       0
                text18                            13562    13562       BA     8000       0
                text17                            133D6    133D6       CC     8000       0
                text16                            1260E    1260E      1AA     8000       0
                text15                            1397A    1397A       9A     8000       0
                text14                            13DB6    13DB6       62     8000       0
                text13                            146E2    146E2       30     A33F       0
                text12                            14528    14528       3A     50BF       0
                text11                            10000    10000      9B8     8000       0
                text10                            12A74    12A74      150     8000       0
                text9                             1323A    1323A       CE     8000       0
                text8                             1378C    1378C       AE     8000       0
                text7                             1245E    1245E      1B0     8000       0
                text6                             109B8    109B8      7C0     8000       0
                text5                             13E76    13E76       5A     8000       0
                text4                             147CC    147CC       2A     A33F       0
                text3                             14272    14272       44     501C       0
                text2                             14A20    14A20       18     A33F       0
                text1                             13F78    13F78       52     8000       0
                text0                             11178    11178      444     8000       0
                cstackCOMRAM                          1        1       25        1       1
                cstackBANK0                          60       60       8F       60       1
                cstackBANK1                         1F9      1F9        7      100       1
                cstackBANK3                         383      383       19      300       1
                dataBIGRAM                          583      583      400      583       1
                bssBANK5                            500      500       83      500       1
                bssBANK4                            400      400       FF      400       1
                bssBANK3                            300      300       83      300       1
                dataBANK2                           2D0      2D0       28      200       1
                bssBANK2                            200      200       D0      200       1
                dataBANK1                           1C6      1C6       33      100       1
                bssBANK1                            100      100       C6      100       1
                dataBANK0                            FC       FC        4       60       1
                bssBANK0                             EF       EF        D       60       1
                bssCOMRAM                            26       26       1D        1       1
                cinit                             12F94    12F94       FA     8000       0
                idataBANK2                        14820    14820       28     A33F       0
                idataBANK1                        1464A    1464A       33     50BF       0
                idataBANK0                        14C14    14C14        4     A33F       0
                idataBIGRAM                       115BC    115BC      400     8000       0

TOTAL           Name                               Link     Load   Length     Space
        CLASS   CODE           
                init                                 AE       AE        4         0
                reset_vec                             0        0        4         0
                ivt0x8                                8        8       A6         0
                text132                           14C0E    14C0E        6         0
                text131                           144EC    144EC       3C         0
                text130                           14BEE    14BEE        8         0
                text129                           144B0    144B0       3C         0
                text128                           14C18    14C18        4         0
                text127                           14C28    14C28        2         0
                text126                           142FC    142FC       42         0
                text125                           14890    14890       24         0
                text124                           1401C    1401C       52         0
                text123                           14C26    14C26        2         0
                text122                           14070    14070       4E         0
                text121                           14C24    14C24        2         0
                text120                           14C22    14C22        2         0
                text119                           1493A    1493A       20         0
                text118                           1486C    1486C       24         0
                text117                           14610    14610       3A         0
                text116                           14AB0    14AB0       16         0
                text115                           13B22    13B22       76         0
                text114                           14C20    14C20        2         0
                text113                           142B8    142B8       42         0
                text112                           148F8    148F8       22         0
                text111                           14C08    14C08        6         0
                text110                           14C1E    14C1E        2         0
                text109                           14C1C    14C1C        2         0
                text108                           1383A    1383A       A2         0
                text107                           141E4    141E4       48         0
                text106                           1479E    1479E       2E         0
                text105                           1419C    1419C       48         0
                text104                           14C02    14C02        6         0
                text103                           14BE4    14BE4        A         0
                text102                           146B0    146B0       32         0
                text101                           1467E    1467E       32         0
                text100                           14BC0    14BC0        E         0
                text99                            13B98    13B98       72         0
                text98                            14BCE    14BCE        C         0
                text97                            14BB2    14BB2        E         0
                text96                            13E18    13E18       5E         0
                text95                            1410A    1410A       4A         0
                text94                            149D0    149D0       1C         0
                text93                            13308    13308       CE         0
                text92                            148D6    148D6       22         0
                text91                            14A98    14A98       18         0
                text90                            14A80    14A80       18         0
                text89                            14A06    14A06       1A         0
                text88                            14BA4    14BA4        E         0
                text87                            14996    14996       1E         0
                text86                            14B96    14B96        E         0
                text85                            14154    14154       48         0
                text84                            14B88    14B88        E         0
                text83                            14770    14770       2E         0
                text82                            14B7A    14B7A        E         0
                text81                            14B6C    14B6C        E         0
                text80                            14B5E    14B5E        E         0
                text79                            14B50    14B50        E         0
                text78                            14B42    14B42        E         0
                text77                            14B34    14B34        E         0
                text76                            14B26    14B26        E         0
                text75                            1308E    1308E       DC         0
                text74                            143FA    143FA       3E         0
                text73                            12D12    12D12      142         0
                text72                            14474    14474       3C         0
                text71                            14BDA    14BDA        A         0
                text70                            136D4    136D4       B8         0
                text69                            13CE6    13CE6       6C         0
                text68                            14438    14438       3C         0
                text67                            14A68    14A68       18         0
                text66                            148B4    148B4       22         0
                text65                            149B4    149B4       1C         0
                text64                            14ADA    14ADA       14         0
                text63                            14AC6    14AC6       14         0
                text62                            14A50    14A50       18         0
                text61                            14A38    14A38       18         0
                text60                            140BE    140BE       4C         0
                text59                            127B8    127B8      16A         0
                text58                            122A0    122A0      1BE         0
                text57                            143BC    143BC       3E         0
                text56                            14B18    14B18        E         0
                text55                            14848    14848       24         0
                text54                            14B0A    14B0A        E         0
                text53                            12BC4    12BC4      14E         0
                text52                            12922    12922      152         0
                text51                            1361C    1361C       B8         0
                text50                            13F24    13F24       54         0
                text49                            13FCA    13FCA       52         0
                text48                            14BFC    14BFC        6         0
                text47                            14BF6    14BF6        6         0
                text46                            1433E    1433E       40         0
                text45                            14AFC    14AFC        E         0
                text44                            14978    14978       1E         0
                text43                            14AEE    14AEE        E         0
                text42                            13C7A    13C7A       6C         0
                text41                            13ED0    13ED0       54         0
                text40                            138DC    138DC       9E         0
                text39                            13D52    13D52       64         0
                text38                            1495A    1495A       1E         0
                text37                            149EC    149EC       1A         0
                text36                            145D6    145D6       3A         0
                text35                            1459C    1459C       3A         0
                text34                            14562    14562       3A         0
                text33                            1491A    1491A       20         0
                text32                            134A2    134A2       C0         0
                text31                            147F6    147F6       2A         0
                text30                            14712    14712       30         0
                text29                            1437E    1437E       3E         0
                text28                            12E54    12E54      140         0
                text27                            13A9E    13A9E       84         0
                text26                            13C0A    13C0A       70         0
                text25                            12018    12018      288         0
                text24                            13A14    13A14       8A         0
                text23                            1316A    1316A       D0         0
                text22                            119BC    119BC      350         0
                text21                            14742    14742       2E         0
                text20                            11D0C    11D0C      30C         0
                text19                            1422C    1422C       46         0
                text18                            13562    13562       BA         0
                text17                            133D6    133D6       CC         0
                text16                            1260E    1260E      1AA         0
                text15                            1397A    1397A       9A         0
                text14                            13DB6    13DB6       62         0
                text13                            146E2    146E2       30         0
                text12                            14528    14528       3A         0
                text11                            10000    10000      9B8         0
                text10                            12A74    12A74      150         0
                text9                             1323A    1323A       CE         0
                text8                             1378C    1378C       AE         0
                text7                             1245E    1245E      1B0         0
                text6                             109B8    109B8      7C0         0
                text5                             13E76    13E76       5A         0
                text4                             147CC    147CC       2A         0
                text3                             14272    14272       44         0
                text2                             14A20    14A20       18         0
                text1                             13F78    13F78       52         0
                text0                             11178    11178      444         0
                cinit                             12F94    12F94       FA         0
                idataBANK2                        14820    14820       28         0
                idataBANK1                        1464A    1464A       33         0
                idataBANK0                        14C14    14C14        4         0
                idataBIGRAM                       115BC    115BC      400         0

        CLASS   CONST          

        CLASS   SMALLCONST     

        CLASS   MEDIUMCONST    
                mediumconst                        FE50     FE50      1B0         0

        CLASS   COMRAM         
                cstackCOMRAM                          1        1       25         1
                bssCOMRAM                            26       26       1D         1

        CLASS   ABS1           

        CLASS   BIGRAM         
                dataBIGRAM                          583      583      400         1

        CLASS   RAM            

        CLASS   BANK0          
                cstackBANK0                          60       60       8F         1
                dataBANK0                            FC       FC        4         1
                bssBANK0                             EF       EF        D         1

        CLASS   BANK1          
                cstackBANK1                         1F9      1F9        7         1
                dataBANK1                           1C6      1C6       33         1
                bssBANK1                            100      100       C6         1

        CLASS   BANK2          
                dataBANK2                           2D0      2D0       28         1
                bssBANK2                            200      200       D0         1

        CLASS   BANK3          
                cstackBANK3                         383      383       19         1
                bssBANK3                            300      300       83         1

        CLASS   BANK4          
                bssBANK4                            400      400       FF         1

        CLASS   BANK5          
                bssBANK5                            500      500       83         1

        CLASS   BANK6          

        CLASS   BANK7          

        CLASS   BANK8          

        CLASS   BANK9          

        CLASS   BANK10         

        CLASS   BANK11         

        CLASS   BANK12         

        CLASS   BANK13         

        CLASS   BANK14         

        CLASS   BANK15         

        CLASS   BANK16         

        CLASS   BANK17         

        CLASS   BANK18         

        CLASS   BANK19         

        CLASS   BANK20         

        CLASS   BANK21         

        CLASS   BANK22         

        CLASS   BANK23         

        CLASS   BANK24         

        CLASS   BANK25         

        CLASS   BANK26         

        CLASS   BANK27         

        CLASS   BANK28         

        CLASS   BANK29         

        CLASS   BANK30         

        CLASS   BANK31         

        CLASS   SFR            

        CLASS   BIGSFR         

        CLASS   CONFIG         
                config                           300000   300000        A         4

        CLASS   IDLOC          
                idloc                            200000   200000       10         5

        CLASS   EEDATA         

        CLASS   FARRAM         

        CLASS   HEAP           

        CLASS   STACK          



SEGMENTS        Name                           Load    Length   Top    Selector   Space  Class

                text122                        014070  000246  0142B6      501C       0  CODE    
                reset_vec                      000000  000004  000004         0       0  CODE    
                dataBIGRAM                     000583  000400  000983       583       1  BIGRAM  
                text11                         010000  00406E  01406E      8000       0  CODE    
                text126                        0142FC  000381  01467D      50BF       0  CODE    
                text113                        0142B8  000042  0142FA      50AE       0  CODE    
                text101                        01467E  0005AC  014C2A      A33F       0  CODE    
                bssBANK4                       000400  0000FF  0004FF       400       1  BANK4   
                cstackBANK0                    000060  0000A0  000100        60       1  BANK0   
                ivt0x8                         000008  0000AA  0000B2         4       0  CODE    
                cstackCOMRAM                   000001  000042  000043         1       1  COMRAM  
                mediumconst                    00FE50  0001B0  010000      7F28       0  MEDIUMCO
                bssBANK1                       000100  000100  000200       100       1  BANK1   
                bssBANK3                       000300  00009C  00039C       300       1  BANK3   
                bssBANK5                       000500  000083  000583       500       1  BANK5   
                bssBANK2                       000200  0000F8  0002F8       200       1  BANK2   


UNUSED ADDRESS RANGES

        Name                Unused          Largest block    Delta
        BANK10           000A00-000AFF              100
        BANK11           000B00-000BFF              100
        BANK12           000C00-000CFF              100
        BANK13           000D00-000DFF              100
        BANK14           000E00-000EFF              100
        BANK15           000F00-000FFF              100
        BANK16           001000-0010FF              100
        BANK17           001100-0011FF              100
        BANK18           001200-0012FF              100
        BANK19           001300-0013FF              100
        BANK2            0002F8-0002FF                8
        BANK20           001400-0014FF              100
        BANK21           001500-0015FF              100
        BANK22           001600-0016FF              100
        BANK23           001700-0017FF              100
        BANK24           001800-0018FF              100
        BANK25           001900-0019FF              100
        BANK26           001A00-001AFF              100
        BANK27           001B00-001BFF              100
        BANK28           001C00-001CFF              100
        BANK29           001D00-001DFF              100
        BANK3            00039C-0003FF               64
        BANK30           001E00-001EFF              100
        BANK31           001F00-001FFF              100
        BANK4            0004FF-0004FF                1
        BANK9            000983-0009FF               7D
        BIGRAM           000043-00005F               1D
                         0002F8-0002FF                8
                         00039C-0003FF               64
                         0004FF-0004FF                1
                         000983-001FFF             167D
        BIGSFR           003800-003FFF              800
        CODE             000004-000007                4
                         0000B2-00FE4F             FD9E
                         01406E-01406F                2
                         0142B6-0142B7                2
                         0142FA-0142FB                2
                         01467D-01467D                1
                         014C2A-01FFFF             B3D6
        COMRAM           000043-00005F               1D
        CONST            000004-000007                4
                         0000B2-00FE4F             FD9E
                         01406E-01406F                2
                         0142B6-0142B7                2
                         0142FA-0142FB                2
                         01467D-01467D                1
                         014C2A-01FFFF             B3D6
        EEDATA           310000-3103FF              400
        MEDIUMCONST      002000-00FE4F             DE50
                         01406E-01406F                2
                         0142B6-0142B7                2
                         0142FA-0142FB                2
                         01467D-01467D                1
                         014C2A-01FFFF             B3D6
        RAM              0002F8-0002FF                8
                         00039C-0003FF               64
                         0004FF-0004FF                1
                         000983-001FFF              100
        SFR              003800-003FFF              100
        SMALLCONST       002000-00FE4F              100
                         01406E-01406F                2
                         0142B6-0142B7                2
                         0142FA-0142FB                2
                         01467D-01467D                1
                         014C2A-01FFFF              100

                                  Symbol Table

?_ADCC_GetConversionResult                             cstackCOMRAM 000001
?___awdiv                                              cstackCOMRAM 00001E
?___awmod                                              cstackCOMRAM 00001E
?___fladd                                              cstackCOMRAM 00001E
?___fldiv                                              cstackCOMRAM 00001E
?___flmul                                              cstackBANK0  000066
?___flneg                                              cstackCOMRAM 00001E
?___flsub                                              cstackBANK0  00007F
?___fltol                                              cstackCOMRAM 00001E
?___fpclassifyf                                        cstackCOMRAM 00001E
?___lodiv                                              cstackBANK0  000060
?___lomod                                              cstackBANK0  000060
?___wmul                                               cstackCOMRAM 00001E
?___xxtofl                                             cstackCOMRAM 00001E
?_atoi                                                 cstackBANK0  000060
?_efgtoa                                               cstackBANK0  00008B
?_floorf                                               cstackBANK0  000071
?_fputc                                                cstackCOMRAM 000020
?_fputs                                                cstackBANK0  000065
?_isdigit                                              cstackCOMRAM 00001E
?_isspace                                              cstackCOMRAM 00001E
?_isupper                                              cstackCOMRAM 00001E
?_pad                                                  cstackBANK0  00006C
?_printf                                               cstackBANK3  000383
?_sprintf                                              cstackBANK3  000383
?_stoa                                                 cstackBANK0  000065
?_strlen                                               cstackCOMRAM 00001E
?_strncmp                                              cstackBANK0  000060
?_tolower                                              cstackCOMRAM 000024
?_utoa                                                 cstackBANK0  000079
?_vfpfcnvrt                                            cstackBANK0  0000C9
?_vfprintf                                             cstackBANK0  0000E9
ADCC_SetADIInterruptHandler@InterruptHandler           cstackCOMRAM 00001E
Adc_Isr@c_adc_chan                                     bssCOMRAM    00003B
DAC1_SetOutput@inputData                               cstackCOMRAM 00001E
DMA1_SetSCNTIInterruptHandler@InterruptHandler         cstackCOMRAM 00001E
INTERRUPT_Initialize@state                             cstackCOMRAM 00001E
IVTBASEH                                               (abs)        003FD6
IVTBASEL                                               (abs)        003FD5
IVTBASEU                                               (abs)        003FD7
PWM5_LoadDutyValue@dutyValue                           cstackCOMRAM 00001E
PWM6_LoadDutyValue@dutyValue                           cstackCOMRAM 00001E
SPI1_ExchangeByte@data                                 cstackCOMRAM 00001E
TMR5_SetInterruptHandler@InterruptHandler              cstackCOMRAM 00001E
TMR5_WriteTimer@timerVal                               cstackCOMRAM 00000C
TMR6_ISR@CountCallBack                                 bssCOMRAM    000038
TMR6_SetInterruptHandler@InterruptHandler              cstackCOMRAM 00001E
Timers_Isr@i                                           cstackCOMRAM 00000E
UART1_Read@readValue                                   cstackCOMRAM 00001E
UART1_SetErrorHandler@interruptHandler                 cstackCOMRAM 00001E
UART1_SetFramingErrorHandler@interruptHandler          cstackCOMRAM 00001E
UART1_SetFramingErrorInterruptHandler@InterruptHandler cstackCOMRAM 00001E
UART1_SetOverrunErrorHandler@interruptHandler          cstackCOMRAM 00001E
UART1_SetRxInterruptHandler@InterruptHandler           cstackCOMRAM 00001E
UART1_SetTxInterruptHandler@InterruptHandler           cstackCOMRAM 00001E
UART1_SetUartInterruptHandler@InterruptHandler         cstackCOMRAM 00001E
UART1_Write@txData                                     cstackCOMRAM 00001E
_ADACCH                                                (abs)        003EE9
_ADACCL                                                (abs)        003EE8
_ADACCU                                                (abs)        003EEA
_ADACQH                                                (abs)        003EF4
_ADACQL                                                (abs)        003EF3
_ADACT                                                 (abs)        003EFE
_ADCAP                                                 (abs)        003EF5
_ADCC_ADI_InterruptHandler                             bssBANK0     0000EF
_ADCC_DefaultInterruptHandler                          text114      014C20
_ADCC_GetConversionResult                              text116      014AB0
_ADCC_ISR                                              text113      0142B8
_ADCC_Initialize                                       text99       013B98
_ADCC_SetADIInterruptHandler                           text100      014BC0
_ADCLK                                                 (abs)        003EFF
_ADCNT                                                 (abs)        003EEB
_ADCON0                                                (abs)        003EF8
_ADCON1                                                (abs)        003EF9
_ADCON2                                                (abs)        003EFA
_ADCON3                                                (abs)        003EFB
_ADERRH                                                (abs)        003EE3
_ADERRL                                                (abs)        003EE2
_ADFLTRH                                               (abs)        003EE7
_ADFLTRL                                               (abs)        003EE6
_ADLTHH                                                (abs)        003EDF
_ADLTHL                                                (abs)        003EDE
_ADPCH                                                 (abs)        003EF1
_ADPREH                                                (abs)        003EF7
_ADPREL                                                (abs)        003EF6
_ADPREVH                                               (abs)        003EEE
_ADPREVL                                               (abs)        003EED
_ADREF                                                 (abs)        003EFD
_ADRESH                                                (abs)        003EF0
_ADRESL                                                (abs)        003EEF
_ADRPT                                                 (abs)        003EEC
_ADSTAT                                                (abs)        003EFC
_ADSTPTH                                               (abs)        003EE5
_ADSTPTL                                               (abs)        003EE4
_ADUTHH                                                (abs)        003EE1
_ADUTHL                                                (abs)        003EE0
_ANSELA                                                (abs)        003A40
_ANSELB                                                (abs)        003A50
_ANSELC                                                (abs)        003A60
_ANSELD                                                (abs)        003A70
_ANSELE                                                (abs)        003A80
_ANSELF                                                (abs)        003A90
_Adc_Isr                                               text115      013B22
_CCPTMRS1bits                                          (abs)        003F5F
_DAC1CON0                                              (abs)        003E9E
_DAC1CON1                                              (abs)        003E9C
_DAC1_GetOutput                                        text104      014C02
_DAC1_Initialize                                       text98       014BCE
_DAC1_SetOutput                                        text103      014BE4
_DMA1AIRQ                                              (abs)        003BFE
_DMA1CON0                                              (abs)        003BFC
_DMA1CON0bits                                          (abs)        003BFC
_DMA1CON1                                              (abs)        003BFD
_DMA1CON1bits                                          (abs)        003BFD
_DMA1DPTR                                              (abs)        003BEC
_DMA1DSA                                               (abs)        003BF0
_DMA1DSZ                                               (abs)        003BEE
_DMA1PR                                                (abs)        0039F3
_DMA1SIRQ                                              (abs)        003BFF
_DMA1SPTR                                              (abs)        003BF4
_DMA1SSA                                               (abs)        003BF9
_DMA1SSZ                                               (abs)        003BF7
_DMA1_DMASCNTI_ISR                                     text126      0142FC
_DMA1_DefaultInterruptHandler                          text127      014C28
_DMA1_Initialize                                       text96       013E18
_DMA1_SCNTI_InterruptHandler                           bssBANK1     0001B3
_DMA1_SetSCNTIInterruptHandler                         text97       014BB2
_DMA2CON0bits                                          (abs)        003BDC
_DMA2CON1bits                                          (abs)        003BDD
_DMA2DSA                                               (abs)        003BD0
_DMA2DSZ                                               (abs)        003BCE
_DMA2SSA                                               (abs)        003BD9
_DMA2SSZ                                               (abs)        003BD7
_Default_ISR                                           text121      014C24
_GIE                                                   (abs)        01FE97
_INLVLA                                                (abs)        003A44
_INLVLB                                                (abs)        003A54
_INLVLC                                                (abs)        003A64
_INLVLD                                                (abs)        003A74
_INLVLE                                                (abs)        003A84
_INLVLF                                                (abs)        003A94
_INTCON0bits                                           (abs)        003FD2
_INTERRUPT_Initialize                                  text95       01410A
_IPR1bits                                              (abs)        003981
_IPR2bits                                              (abs)        003982
_IPR3bits                                              (abs)        003983
_IPR8bits                                              (abs)        003988
_IPR9bits                                              (abs)        003989
_IVTBASEH                                              (abs)        003FD6
_IVTBASEL                                              (abs)        003FD5
_IVTBASEU                                              (abs)        003FD7
_IVTLOCK                                               (abs)        003FD4
_IVTLOCKbits                                           (abs)        003FD4
_LATA                                                  (abs)        003FBA
_LATAbits                                              (abs)        003FBA
_LATB                                                  (abs)        003FBB
_LATC                                                  (abs)        003FBC
_LATCbits                                              (abs)        003FBC
_LATD                                                  (abs)        003FBD
_LATDbits                                              (abs)        003FBD
_LATE                                                  (abs)        003FBE
_LATEbits                                              (abs)        003FBE
_LATF                                                  (abs)        003FBF
_LATFbits                                              (abs)        003FBF
_Led_Blink                                             text119      01493A
_ODCONA                                                (abs)        003A42
_ODCONB                                                (abs)        003A52
_ODCONC                                                (abs)        003A62
_ODCOND                                                (abs)        003A72
_ODCONE                                                (abs)        003A82
_ODCONF                                                (abs)        003A92
_OSCCON1                                               (abs)        0039D9
_OSCCON3                                               (abs)        0039DB
_OSCEN                                                 (abs)        0039DD
_OSCFRQ                                                (abs)        0039DF
_OSCILLATOR_Initialize                                 text94       0149D0
_OSCTUNE                                               (abs)        0039DE
_PIE1bits                                              (abs)        003991
_PIE2bits                                              (abs)        003992
_PIE3bits                                              (abs)        003993
_PIE8bits                                              (abs)        003998
_PIE9bits                                              (abs)        003999
_PIN_MANAGER_Initialize                                text93       013308
_PIR1bits                                              (abs)        0039A1
_PIR2bits                                              (abs)        0039A2
_PIR4bits                                              (abs)        0039A4
_PIR8bits                                              (abs)        0039A8
_PIR9bits                                              (abs)        0039A9
_PLLR                                                  (abs)        01CEE0
_PMD0                                                  (abs)        0039C0
_PMD1                                                  (abs)        0039C1
_PMD2                                                  (abs)        0039C2
_PMD3                                                  (abs)        0039C3
_PMD4                                                  (abs)        0039C4
_PMD5                                                  (abs)        0039C5
_PMD6                                                  (abs)        0039C6
_PMD7                                                  (abs)        0039C7
_PMD_Initialize                                        text92       0148D6
_PORTAbits                                             (abs)        003FCA
_PORTBbits                                             (abs)        003FCB
_PRLOCK                                                (abs)        0039EF
_PRLOCKbits                                            (abs)        0039EF
_PWM5CON                                               (abs)        003F6E
_PWM5DCH                                               (abs)        003F6D
_PWM5DCL                                               (abs)        003F6C
_PWM5_Initialize                                       text91       014A98
_PWM5_LoadDutyValue                                    text102      0146B0
_PWM6CON                                               (abs)        003F6A
_PWM6DCH                                               (abs)        003F69
_PWM6DCL                                               (abs)        003F68
_PWM6_Initialize                                       text90       014A80
_PWM6_LoadDutyValue                                    text101      01467E
_RB1I2C                                                (abs)        003A5A
_RB2I2C                                                (abs)        003A5B
_RC3I2C                                                (abs)        003A6A
_RC3PPS                                                (abs)        003A13
_RC4I2C                                                (abs)        003A6B
_RC5PPS                                                (abs)        003A15
_RC6PPS                                                (abs)        003A16
_RD0I2C                                                (abs)        003A7A
_RD1I2C                                                (abs)        003A7B
_RD2PPS                                                (abs)        003A1A
_RF2PPS                                                (abs)        003A2A
_SLRCONA                                               (abs)        003A43
_SLRCONB                                               (abs)        003A53
_SLRCONC                                               (abs)        003A63
_SLRCOND                                               (abs)        003A73
_SLRCONE                                               (abs)        003A83
_SLRCONF                                               (abs)        003A93
_SPI1BAUD                                              (abs)        003D19
_SPI1CLK                                               (abs)        003D1C
_SPI1CON0                                              (abs)        003D14
_SPI1CON0bits                                          (abs)        003D14
_SPI1CON1                                              (abs)        003D15
_SPI1CON2                                              (abs)        003D16
_SPI1INTFbits                                          (abs)        003D1A
_SPI1RXB                                               (abs)        003D10
_SPI1SCKPPS                                            (abs)        003ADE
_SPI1SDIPPS                                            (abs)        003ADF
_SPI1STATUSbits                                        (abs)        003D17
_SPI1TCNTL                                             (abs)        003D12
_SPI1TXB                                               (abs)        003D11
_SPI1_ExchangeByte                                     text37       0149EC
_SPI1_Initialize                                       text89       014A06
_SYSTEM_Initialize                                     text74       0143FA
_SrcVarName0                                           bssBANK1     0001BC
_SystemArbiter_Initialize                              text88       014BA4
_T2CLKCON                                              (abs)        003FAE
_T2CON                                                 (abs)        003FAC
_T2HLT                                                 (abs)        003FAD
_T2PR                                                  (abs)        003FAB
_T2RST                                                 (abs)        003FAF
_T2TMR                                                 (abs)        003FAA
_T5CLK                                                 (abs)        003F9D
_T5CON                                                 (abs)        003F9A
_T5CONbits                                             (abs)        003F9A
_T5GATE                                                (abs)        003F9C
_T5GCON                                                (abs)        003F9B
_T6CLKCON                                              (abs)        003F96
_T6CON                                                 (abs)        003F94
_T6HLT                                                 (abs)        003F95
_T6PR                                                  (abs)        003F93
_T6RST                                                 (abs)        003F97
_T6TMR                                                 (abs)        003F92
_TMR2_Initialize                                       text87       014996
_TMR5H                                                 (abs)        003F99
_TMR5L                                                 (abs)        003F98
_TMR5_DefaultInterruptHandler                          text123      014C26
_TMR5_ISR                                              text122      014070
_TMR5_Initialize                                       text85       014154
_TMR5_InterruptHandler                                 bssBANK1     0001B6
_TMR5_SetInterruptHandler                              text86       014B96
_TMR5_WriteTimer                                       text125      014890
_TMR6_CallBack                                         text118      01486C
_TMR6_DefaultInterruptHandler                          text120      014C22
_TMR6_ISR                                              text117      014610
_TMR6_Initialize                                       text83       014770
_TMR6_InterruptHandler                                 bssBANK1     0001B9
_TMR6_SetInterruptHandler                              text84       014B88
_TRISA                                                 (abs)        003FC2
_TRISB                                                 (abs)        003FC3
_TRISC                                                 (abs)        003FC4
_TRISCbits                                             (abs)        003FC4
_TRISD                                                 (abs)        003FC5
_TRISE                                                 (abs)        003FC6
_TRISF                                                 (abs)        003FC7
_Timers_Isr                                            text124      01401C
_U1BRGH                                                (abs)        003DF6
_U1BRGL                                                (abs)        003DF5
_U1CON0                                                (abs)        003DF2
_U1CON1                                                (abs)        003DF3
_U1CON2                                                (abs)        003DF4
_U1ERRIE                                               (abs)        003DFA
_U1ERRIR                                               (abs)        003DF9
_U1ERRIRbits                                           (abs)        003DF9
_U1FIFO                                                (abs)        003DF7
_U1P1H                                                 (abs)        003DED
_U1P1L                                                 (abs)        003DEC
_U1P2H                                                 (abs)        003DEF
_U1P2L                                                 (abs)        003DEE
_U1P3H                                                 (abs)        003DF1
_U1P3L                                                 (abs)        003DF0
_U1RXB                                                 (abs)        003DE8
_U1RXPPS                                               (abs)        003AE5
_U1TXB                                                 (abs)        003DEA
_U1UIR                                                 (abs)        003DF8
_U1UIRbits                                             (abs)        003DF8
_UART1_DefaultErrorHandler                             text111      014C08
_UART1_DefaultFramingErrorHandler                      text110      014C1E
_UART1_DefaultOverrunErrorHandler                      text109      014C1C
_UART1_ErrorHandler                                    bssBANK1     0001AA
_UART1_FramingErrorHandler                             bssBANK1     0001B0
_UART1_FramingErrorInterruptHandler                    bssCOMRAM    000029
_UART1_FramingError_ISR                                text130      014BEE
_UART1_Initialize                                      text75       01308E
_UART1_OverrunErrorHandler                             bssBANK1     0001AD
_UART1_Read                                            text57       0143BC
_UART1_Receive_ISR                                     text108      01383A
_UART1_RxDataHandler                                   text112      0148F8
_UART1_RxInterruptHandler                              bssCOMRAM    00002F
_UART1_SetErrorHandler                                 text82       014B7A
_UART1_SetFramingErrorHandler                          text81       014B6C
_UART1_SetFramingErrorInterruptHandler                 text80       014B5E
_UART1_SetOverrunErrorHandler                          text79       014B50
_UART1_SetRxInterruptHandler                           text78       014B42
_UART1_SetTxInterruptHandler                           text77       014B34
_UART1_SetUartInterruptHandler                         text76       014B26
_UART1_Transmit_ISR                                    text106      01479E
_UART1_TxInterruptHandler                              bssCOMRAM    00002C
_UART1_UARTInterruptHandler                            bssCOMRAM    000026
_UART1_UartInterrupt_ISR                               text132      014C0E
_UART1_Write                                           text72       014474
_UART1_framing_err_vect_isr                            text129      0144B0
_UART1_is_rx_ready                                     text56       014B18
_UART1_rx_vect_isr                                     text107      0141E4
_UART1_tx_vect_isr                                     text105      01419C
_UART1_vect_isr                                        text131      0144EC
_WPUA                                                  (abs)        003A41
_WPUB                                                  (abs)        003A51
_WPUC                                                  (abs)        003A61
_WPUD                                                  (abs)        003A71
_WPUE                                                  (abs)        003A81
_WPUF                                                  (abs)        003A91
__HRAM                                                 (abs)        000000
__Habs1                                                abs1         000000
__Hbank0                                               bank0        000000
__Hbank1                                               bank1        000000
__Hbank10                                              bank10       000000
__Hbank11                                              bank11       000000
__Hbank12                                              bank12       000000
__Hbank13                                              bank13       000000
__Hbank14                                              bank14       000000
__Hbank15                                              bank15       000000
__Hbank16                                              bank16       000000
__Hbank17                                              bank17       000000
__Hbank18                                              bank18       000000
__Hbank19                                              bank19       000000
__Hbank2                                               bank2        000000
__Hbank20                                              bank20       000000
__Hbank21                                              bank21       000000
__Hbank22                                              bank22       000000
__Hbank23                                              bank23       000000
__Hbank24                                              bank24       000000
__Hbank25                                              bank25       000000
__Hbank26                                              bank26       000000
__Hbank27                                              bank27       000000
__Hbank28                                              bank28       000000
__Hbank29                                              bank29       000000
__Hbank3                                               bank3        000000
__Hbank30                                              bank30       000000
__Hbank31                                              bank31       000000
__Hbank4                                               bank4        000000
__Hbank5                                               bank5        000000
__Hbank6                                               bank6        000000
__Hbank7                                               bank7        000000
__Hbank8                                               bank8        000000
__Hbank9                                               bank9        000000
__Hbigbss                                              bigbss       000000
__Hbigdata                                             bigdata      000000
__Hbigram                                              bigram       000000
__Hbigsfr                                              bigsfr       000000
__Hbss                                                 bss          000000
__HbssBANK0                                            bssBANK0     000000
__HbssBANK1                                            bssBANK1     000000
__HbssBANK2                                            bssBANK2     000000
__HbssBANK3                                            bssBANK3     000000
__HbssBANK4                                            bssBANK4     000000
__HbssBANK5                                            bssBANK5     000000
__HbssCOMRAM                                           bssCOMRAM    000000
__Hcinit                                               cinit        000000
__Hclrtext                                             clrtext      000000
__Hcomram                                              comram       000000
__Hconfig                                              config       30000A
__Hconst                                               const        000000
__HcstackBANK0                                         cstackBANK0  000000
__HcstackBANK1                                         cstackBANK1  000000
__HcstackBANK3                                         cstackBANK3  000000
__HcstackCOMRAM                                        cstackCOMRAM 000000
__Hdata                                                data         000000
__HdataBANK0                                           dataBANK0    000000
__HdataBANK1                                           dataBANK1    000000
__HdataBANK2                                           dataBANK2    000000
__HdataBIGRAM                                          dataBIGRAM   000000
__Heeprom_data                                         eeprom_data  000000
__Hfarbss                                              farbss       000000
__Hfardata                                             fardata      000000
__Hheap                                                heap         000000
__Hibigdata                                            ibigdata     000000
__Hidata                                               idata        000000
__HidataBANK0                                          idataBANK0   000000
__HidataBANK1                                          idataBANK1   000000
__HidataBANK2                                          idataBANK2   000000
__HidataBIGRAM                                         idataBIGRAM  000000
__Hidloc                                               idloc        200010
__Hifardata                                            ifardata     000000
__Hinit                                                init         0000B2
__Hintsave_regs                                        intsave_regs 000000
__Hirdata                                              irdata       000000
__Hivt0x8                                              ivt0x8       0000AE
__Hmediumconst                                         mediumconst  010000
__HnvFARRAM                                            nvFARRAM     000000
__Hnvbit                                               nvbit        000000
__Hnvrram                                              nvrram       000000
__Hparam                                               rparam       000000
__Hpowerup                                             powerup      000000
__Hram                                                 ram          000000
__Hramtop                                              ramtop       002000
__Hrbit                                                rbit         000000
__Hrbss                                                rbss         000000
__Hrdata                                               rdata        000000
__Hreset_vec                                           reset_vec    000004
__Hrparam                                              rparam       000000
__Hsfr                                                 sfr          000000
__Hsmallconst                                          smallconst   000000
__Hspace_0                                             (abs)        014C2A
__Hspace_1                                             (abs)        000983
__Hspace_2                                             (abs)        000000
__Hspace_4                                             (abs)        60000A
__Hstack                                               stack        000000
__Hstruct                                              struct       000000
__Htemp                                                temp         000000
__Htext                                                text         000000
__Htext0                                               text0        000000
__Htext1                                               text1        000000
__Htext10                                              text10       000000
__Htext100                                             text100      000000
__Htext101                                             text101      000000
__Htext102                                             text102      000000
__Htext103                                             text103      000000
__Htext104                                             text104      000000
__Htext105                                             text105      000000
__Htext106                                             text106      000000
__Htext107                                             text107      000000
__Htext108                                             text108      000000
__Htext109                                             text109      000000
__Htext11                                              text11       000000
__Htext110                                             text110      000000
__Htext111                                             text111      000000
__Htext112                                             text112      000000
__Htext113                                             text113      000000
__Htext114                                             text114      000000
__Htext115                                             text115      000000
__Htext116                                             text116      000000
__Htext117                                             text117      000000
__Htext118                                             text118      000000
__Htext119                                             text119      000000
__Htext12                                              text12       000000
__Htext120                                             text120      000000
__Htext121                                             text121      000000
__Htext122                                             text122      000000
__Htext123                                             text123      000000
__Htext124                                             text124      000000
__Htext125                                             text125      000000
__Htext126                                             text126      000000
__Htext127                                             text127      000000
__Htext128                                             text128      000000
__Htext129                                             text129      000000
__Htext13                                              text13       000000
__Htext130                                             text130      000000
__Htext131                                             text131      000000
__Htext132                                             text132      000000
__Htext133                                             text133      000000
__Htext14                                              text14       000000
__Htext15                                              text15       000000
__Htext16                                              text16       000000
__Htext17                                              text17       000000
__Htext18                                              text18       000000
__Htext19                                              text19       000000
__Htext2                                               text2        000000
__Htext20                                              text20       000000
__Htext21                                              text21       000000
__Htext22                                              text22       000000
__Htext23                                              text23       000000
__Htext24                                              text24       000000
__Htext25                                              text25       000000
__Htext26                                              text26       000000
__Htext27                                              text27       000000
__Htext28                                              text28       000000
__Htext29                                              text29       000000
__Htext3                                               text3        000000
__Htext30                                              text30       000000
__Htext31                                              text31       000000
__Htext32                                              text32       000000
__Htext33                                              text33       000000
__Htext34                                              text34       000000
__Htext35                                              text35       000000
__Htext36                                              text36       000000
__Htext37                                              text37       000000
__Htext38                                              text38       000000
__Htext39                                              text39       000000
__Htext4                                               text4        000000
__Htext40                                              text40       000000
__Htext41                                              text41       000000
__Htext42                                              text42       000000
__Htext43                                              text43       000000
__Htext44                                              text44       000000
__Htext45                                              text45       000000
__Htext46                                              text46       000000
__Htext47                                              text47       000000
__Htext48                                              text48       000000
__Htext49                                              text49       000000
__Htext5                                               text5        000000
__Htext50                                              text50       000000
__Htext51                                              text51       000000
__Htext52                                              text52       000000
__Htext53                                              text53       000000
__Htext54                                              text54       000000
__Htext55                                              text55       000000
__Htext56                                              text56       000000
__Htext57                                              text57       000000
__Htext58                                              text58       000000
__Htext59                                              text59       000000
__Htext6                                               text6        000000
__Htext60                                              text60       000000
__Htext61                                              text61       000000
__Htext62                                              text62       000000
__Htext63                                              text63       000000
__Htext64                                              text64       000000
__Htext65                                              text65       000000
__Htext66                                              text66       000000
__Htext67                                              text67       000000
__Htext68                                              text68       000000
__Htext69                                              text69       000000
__Htext7                                               text7        000000
__Htext70                                              text70       000000
__Htext71                                              text71       000000
__Htext72                                              text72       000000
__Htext73                                              text73       000000
__Htext74                                              text74       000000
__Htext75                                              text75       000000
__Htext76                                              text76       000000
__Htext77                                              text77       000000
__Htext78                                              text78       000000
__Htext79                                              text79       000000
__Htext8                                               text8        000000
__Htext80                                              text80       000000
__Htext81                                              text81       000000
__Htext82                                              text82       000000
__Htext83                                              text83       000000
__Htext84                                              text84       000000
__Htext85                                              text85       000000
__Htext86                                              text86       000000
__Htext87                                              text87       000000
__Htext88                                              text88       000000
__Htext89                                              text89       000000
__Htext9                                               text9        000000
__Htext90                                              text90       000000
__Htext91                                              text91       000000
[...]
intlevel1                                              text         000000
intlevel2                                              text         000000
intlevel3                                              text         000000
isa$std                                                (abs)        000001
isa$xinst                                              (abs)        000000
isdigit@c                                              cstackCOMRAM 00001E
isspace@c                                              cstackCOMRAM 00001E
isupper@c                                              cstackCOMRAM 00001E
ivt0x8_base                                            ivt0x8       000008
ivt0x8_undefint                                        ivt0x8       0000AC
linux_getc@a_data                                      cstackCOMRAM 00001F
linux_putc@a_len                                       cstackBANK0  000071
linux_putc@data                                        cstackBANK0  00006F
main@lcd_update                                        cstackBANK1  0001FF
memcpy@d                                               cstackBANK0  000061
memcpy@d1                                              cstackCOMRAM 00001E
memcpy@n                                               cstackCOMRAM 000022
memcpy@s                                               cstackBANK0  000063
memcpy@s1                                              cstackCOMRAM 000020
memcpy@tmp                                             cstackBANK0  000060
memset@c                                               cstackCOMRAM 000020
memset@dest                                            cstackCOMRAM 00001E
memset@k                                               cstackBANK0  000060
memset@n                                               cstackCOMRAM 000022
memset@s                                               cstackBANK0  000062
pad@buf                                                cstackBANK0  00006E
pad@fp                                                 cstackBANK0  00006C
pad@i                                                  cstackBANK0  000073
pad@p                                                  cstackBANK0  000070
pad@w                                                  cstackBANK0  000075
printf@ap                                              cstackBANK1  0001FB
printf@fmt                                             cstackBANK3  000383
putch@txData                                           cstackCOMRAM 00001F
puts@s                                                 cstackBANK0  00006C
ringBufS_flush@_this                                   cstackBANK0  000064
ringBufS_flush@clearBuffer                             cstackBANK0  000066
ringBufS_init@_this                                    cstackBANK0  000064
ringBufS_put_dma@_this                                 cstackCOMRAM 00001E
ringBufS_put_dma@c                                     cstackCOMRAM 000020
ringBufS_put_dma_cpy@_this                             cstackBANK0  000065
ringBufS_put_dma_cpy@len                               cstackBANK0  000069
ringBufS_put_dma_cpy@ptr                               cstackBANK0  000067
send_lcd_cmd@cmd                                       cstackCOMRAM 000022
send_lcd_cmd_dma@strPtr                                cstackBANK0  000068
send_lcd_cmd_long@cmd                                  cstackCOMRAM 000022
send_lcd_data@data                                     cstackCOMRAM 000022
send_lcd_data_dma@strPtr                               cstackBANK0  000067
sprintf@ap                                             cstackBANK3  00038F
sprintf@f                                              cstackBANK3  000391
sprintf@fmt                                            cstackBANK3  000385
sprintf@s                                              cstackBANK3  000383
stackhi                                                (abs)        000000
stacklo                                                (abs)        000000
start                                                  init         0000AE
start_initialization                                   cinit        012F94
stoa@F1164                                             dataBANK1    0001C6
stoa@cp                                                cstackBANK0  000074
stoa@fp                                                cstackBANK0  000065
stoa@i                                                 cstackBANK0  000070
stoa@l                                                 cstackBANK0  000078
stoa@nuls                                              cstackBANK0  000069
stoa@p                                                 cstackBANK0  000076
stoa@s                                                 cstackBANK0  000067
stoa@w                                                 cstackBANK0  000072
strcpy@d                                               cstackBANK0  000062
strcpy@dest                                            cstackCOMRAM 00001E
strcpy@s                                               cstackBANK0  000060
strcpy@src                                             cstackCOMRAM 000020
strlen@a                                               cstackCOMRAM 000020
strlen@s                                               cstackCOMRAM 00001E
strncmp@_l                                             cstackBANK0  000060
strncmp@_r                                             cstackBANK0  000062
strncmp@l                                              cstackBANK0  000066
strncmp@n                                              cstackBANK0  000064
strncmp@r                                              cstackBANK0  000068
tolower@c                                              cstackCOMRAM 000024
utoa@d                                                 cstackBANK0  00007B
utoa@fp                                                cstackBANK0  000079
utoa@i                                                 cstackBANK0  000097
utoa@n                                                 cstackBANK0  00008F
utoa@p                                                 cstackBANK0  00008B
utoa@w                                                 cstackBANK0  00008D
vfpfcnvrt@ap                                           cstackBANK0  0000CD
vfpfcnvrt@c                                            cstackBANK0  0000E1
vfpfcnvrt@cp                                           cstackBANK0  0000DB
vfpfcnvrt@ct                                           cstackBANK0  0000E6
vfpfcnvrt@done                                         cstackBANK0  0000DD
vfpfcnvrt@f                                            cstackBANK0  0000E2
vfpfcnvrt@fmt                                          cstackBANK0  0000CB
vfpfcnvrt@fp                                           cstackBANK0  0000C9
vfpfcnvrt@llu                                          cstackBANK0  0000D3
vfprintf@ap                                            cstackBANK0  0000ED
vfprintf@cfmt                                          cstackBANK1  0001F9
vfprintf@fmt                                           cstackBANK0  0000EB
vfprintf@fp                                            cstackBANK0  0000E9
wdtdelay@dcount                                        bssBANK1     00019E
wdtdelay@delay                                         cstackCOMRAM 00001E


MODULE INFORMATION

Module		Function		Class		Link	Load	Size
/opt/microchip/xc8/v2.36/pic/sources/c99/common/__fpclassifyf.c
		___fpclassifyf 		CODE           	133D6	0000	204

/opt/microchip/xc8/v2.36/pic/sources/c99/common/__fpclassifyf.c estimated size: 204

/opt/microchip/xc8/v2.36/pic/sources/c99/common/memset.c
		_memset        		CODE           	12BC4	0000	334

/opt/microchip/xc8/v2.36/pic/sources/c99/common/memset.c estimated size: 334

/opt/microchip/xc8/v2.36/pic/sources/c99/common/isupper.c
		_isupper       		CODE           	146E2	0000	48

/opt/microchip/xc8/v2.36/pic/sources/c99/common/isupper.c estimated size: 48

ringbufs.c
		_ringBufS_init 		CODE           	1495A	0000	30
		_ringBufS_flush		CODE           	13F24	0000	84
		_ringBufS_put_dma_cpy		CODE           	13ED0	0000	84
		_ringBufS_put_dma		CODE           	13FCA	0000	82

ringbufs.c estimated size: 280

timers.c
		_Timers_Isr    		CODE           	1401C	0000	82

timers.c estimated size: 82

disp_led.c
		_display_led   		CODE           	1361C	0000	184

disp_led.c estimated size: 184

mcc_generated_files/tmr6.c
		_TMR6_CallBack 		CODE           	1486C	0000	36
		_TMR6_ISR      		CODE           	14610	0000	58
		_TMR6_Initialize		CODE           	14770	0000	46
		_TMR6_SetInterruptHandler		CODE           	14B88	0000	14
		_TMR6_DefaultInterruptHandler		CODE           	14C22	0000	2

mcc_generated_files/tmr6.c estimated size: 156

mcc_generated_files/pwm6.c
		_PWM6_LoadDutyValue		CODE           	1467E	0000	50
		_PWM6_Initialize		CODE           	14A80	0000	24

mcc_generated_files/pwm6.c estimated size: 74

/opt/microchip/xc8/v2.36/pic/sources/c99/common/doprnt.c
		_vfpfcnvrt     		CODE           	109B8	0000	1984
		_efgtoa        		CODE           	10000	0000	2488
		_pad           		CODE           	1397A	0000	154
		_vfprintf      		CODE           	13E76	0000	90
		_stoa          		CODE           	12A74	0000	336
		_utoa          		CODE           	1245E	0000	432

/opt/microchip/xc8/v2.36/pic/sources/c99/common/doprnt.c estimated size: 5484

/opt/microchip/xc8/v2.36/pic/sources/c99/common/flneg.c
		___flneg       		CODE           	14742	0000	46

/opt/microchip/xc8/v2.36/pic/sources/c99/common/flneg.c estimated size: 46

/opt/microchip/xc8/v2.36/pic/sources/c99/common/nf_fputc.c
		_fputc         		CODE           	136D4	0000	184

/opt/microchip/xc8/v2.36/pic/sources/c99/common/nf_fputc.c estimated size: 184

/opt/microchip/xc8/v2.36/pic/sources/c99/common/atoi.c
		_atoi          		CODE           	12E54	0000	320

/opt/microchip/xc8/v2.36/pic/sources/c99/common/atoi.c estimated size: 320

/opt/microchip/xc8/v2.36/pic/sources/c99/common/fleq.c
		___fleq        		CODE           	13A14	0000	138

/opt/microchip/xc8/v2.36/pic/sources/c99/common/fleq.c estimated size: 138

mcc_generated_files/tmr2.c
		_TMR2_Initialize		CODE           	14996	0000	30

mcc_generated_files/tmr2.c estimated size: 30

mcc_generated_files/interrupt_manager.c
		_INTERRUPT_Initialize		CODE           	1410A	0000	74
		_Default_ISR   		CODE           	14C24	0000	2

mcc_generated_files/interrupt_manager.c estimated size: 76

/opt/microchip/xc8/v2.36/pic/sources/c99/common/Umul16.c
		___wmul        		CODE           	147F6	0000	42

/opt/microchip/xc8/v2.36/pic/sources/c99/common/Umul16.c estimated size: 42

/opt/microchip/xc8/v2.36/pic/sources/c99/common/puts.c
		_puts          		CODE           	14438	0000	60

/opt/microchip/xc8/v2.36/pic/sources/c99/common/puts.c estimated size: 60

/opt/microchip/xc8/v2.36/pic/sources/c99/common/lomod.c
		___lomod       		CODE           	1378C	0000	174

/opt/microchip/xc8/v2.36/pic/sources/c99/common/lomod.c estimated size: 174

eadog.c
		_init_display  		CODE           	134A2	0000	192
		_eaDogM_WriteCommand		CODE           	14AEE	0000	14
		_source_dma_done		CODE           	14C18	0000	4
		_wdtdelay      		CODE           	145D6	0000	58
		_send_lcd_cmd  		CODE           	1459C	0000	58
		_send_lcd_cmd_dma		CODE           	14978	0000	30
		_send_lcd_data 		CODE           	1491A	0000	32
		_send_lcd_data_dma		CODE           	1433E	0000	64
		_wait_lcd_set  		CODE           	14BF6	0000	6
		_eaDogM_WriteStringAtPos		CODE           	13D52	0000	100
		_wait_lcd_done 		CODE           	14AFC	0000	14
		_send_lcd_cmd_long		CODE           	14562	0000	58
		_start_lcd     		CODE           	14BFC	0000	6
		_eaDogM_WriteString		CODE           	138DC	0000	158

eadog.c estimated size: 794

/opt/microchip/xc8/v2.36/pic/sources/c99/common/isspace.c
		_isspace       		CODE           	1437E	0000	62

/opt/microchip/xc8/v2.36/pic/sources/c99/common/isspace.c estimated size: 62

mcc_generated_files/pin_manager.c
		_PIN_MANAGER_Initialize		CODE           	13308	0000	206

mcc_generated_files/pin_manager.c estimated size: 206

mcc_generated_files/spi1.c
		_SPI1_Initialize		CODE           	14A06	0000	26
		_SPI1_ExchangeByte		CODE           	149EC	0000	26

mcc_generated_files/spi1.c estimated size: 52

/opt/microchip/xc8/v2.36/pic/sources/c99/common/memcpy.c
		_memcpy        		CODE           	13C7A	0000	108

/opt/microchip/xc8/v2.36/pic/sources/c99/common/memcpy.c estimated size: 108

/opt/microchip/xc8/v2.36/pic/sources/c99/common/tolower.c
		_tolower       		CODE           	14528	0000	58

/opt/microchip/xc8/v2.36/pic/sources/c99/common/tolower.c estimated size: 58

/opt/microchip/xc8/v2.36/pic/sources/c99/common/strncmp.c
		_strncmp       		CODE           	127B8	0000	362

/opt/microchip/xc8/v2.36/pic/sources/c99/common/strncmp.c estimated size: 362

/opt/microchip/xc8/v2.36/pic/sources/c99/common/sprcmul.c
		___flmul       		CODE           	119BC	0000	848

/opt/microchip/xc8/v2.36/pic/sources/c99/common/sprcmul.c estimated size: 848

/opt/microchip/xc8/v2.36/pic/sources/c99/common/awmod.c
		___awmod       		CODE           	13C0A	0000	112

/opt/microchip/xc8/v2.36/pic/sources/c99/common/awmod.c estimated size: 112

/opt/microchip/xc8/v2.36/pic/sources/c99/common/sprcdiv.c
		___fldiv       		CODE           	12018	0000	648

/opt/microchip/xc8/v2.36/pic/sources/c99/common/sprcdiv.c estimated size: 648

mcc_generated_files/dma1.c
		_DMA1_Initialize		CODE           	13E18	0000	94
		_DMA1_SetSCNTIInterruptHandler		CODE           	14BB2	0000	14
		_DMA1_DefaultInterruptHandler		CODE           	14C28	0000	2
		_DMA1_DMASCNTI_ISR		CODE           	142FC	0000	66

mcc_generated_files/dma1.c estimated size: 176

mcc_generated_files/uart1.c
		_UART1_FramingError_ISR		CODE           	14BEE	0000	8
		_UART1_rx_vect_isr		CODE           	141E4	0000	72
		_UART1_Write   		CODE           	14474	0000	60
		_putch         		CODE           	14BDA	0000	10
		_UART1_UartInterrupt_ISR		CODE           	14C0E	0000	6
		_UART1_SetFramingErrorHandler		CODE           	14B6C	0000	14
		_UART1_SetOverrunErrorHandler		CODE           	14B50	0000	14
		_UART1_tx_vect_isr		CODE           	1419C	0000	72
		_UART1_Receive_ISR		CODE           	1383A	0000	162
		_UART1_SetRxInterruptHandler		CODE           	14B42	0000	14
		_UART1_SetTxInterruptHandler		CODE           	14B34	0000	14
		_UART1_Initialize		CODE           	1308E	0000	220
		_UART1_SetErrorHandler		CODE           	14B7A	0000	14
		_UART1_Transmit_ISR		CODE           	1479E	0000	46
		_UART1_Read    		CODE           	143BC	0000	62
		_UART1_vect_isr		CODE           	144EC	0000	60
		_UART1_DefaultFramingErrorHandler		CODE           	14C1E	0000	2
		_UART1_SetFramingErrorInterruptHandler		CODE           	14B5E	0000	14
		_UART1_SetUartInterruptHandler		CODE           	14B26	0000	14
		_UART1_is_rx_ready		CODE           	14B18	0000	14
		_UART1_DefaultErrorHandler		CODE           	14C08	0000	6
		_UART1_framing_err_vect_isr		CODE           	144B0	0000	60
		_UART1_RxDataHandler		CODE           	148F8	0000	34
		_UART1_DefaultOverrunErrorHandler		CODE           	14C1C	0000	2

mcc_generated_files/uart1.c estimated size: 994

mcc_generated_files/tmr5.c
		_TMR5_ISR      		CODE           	14070	0000	78
		_TMR5_Initialize		CODE           	14154	0000	72
		_TMR5_SetInterruptHandler		CODE           	14B96	0000	14
		_TMR5_DefaultInterruptHandler		CODE           	14C26	0000	2
		_TMR5_WriteTimer		CODE           	14890	0000	36

mcc_generated_files/tmr5.c estimated size: 202

/opt/microchip/xc8/v2.36/pic/sources/c99/common/printf.c
		_printf        		CODE           	147CC	0000	42

/opt/microchip/xc8/v2.36/pic/sources/c99/common/printf.c estimated size: 42

/opt/microchip/xc8/v2.36/pic/sources/c99/common/lodiv.c
		___lodiv       		CODE           	1323A	0000	206

/opt/microchip/xc8/v2.36/pic/sources/c99/common/lodiv.c estimated size: 206

shared
		_cmdm          		MEDIUMCONST    	FE56	0000	28
		__initialization		CODE           	12F94	0000	244
		_spi1_configuration		MEDIUMCONST    	0000	0000	0

shared estimated size: 272

mcc_generated_files/pwm5.c
		_PWM5_LoadDutyValue		CODE           	146B0	0000	50
		_PWM5_Initialize		CODE           	14A98	0000	24

mcc_generated_files/pwm5.c estimated size: 74

mcc_generated_files/mcc.c
		_SystemArbiter_Initialize		CODE           	14BA4	0000	14
		_PMD_Initialize		CODE           	148D6	0000	34
		_OSCILLATOR_Initialize		CODE           	149D0	0000	28
		_SYSTEM_Initialize		CODE           	143FA	0000	62

mcc_generated_files/mcc.c estimated size: 138

/opt/microchip/xc8/v2.36/pic/sources/c99/common/strlen.c
		_strlen        		CODE           	140BE	0000	76

/opt/microchip/xc8/v2.36/pic/sources/c99/common/strlen.c estimated size: 76

/opt/microchip/xc8/v2.36/pic/sources/c99/common/flge.c
		___flge        		CODE           	1316A	0000	208

/opt/microchip/xc8/v2.36/pic/sources/c99/common/flge.c estimated size: 208

/opt/microchip/xc8/v2.36/pic/sources/c99/common/floorf.c
		_floorf        		CODE           	1260E	0000	426

/opt/microchip/xc8/v2.36/pic/sources/c99/common/floorf.c estimated size: 426

/opt/microchip/xc8/v2.36/pic/sources/c99/common/nf_fputs.c
		_fputs         		CODE           	13CE6	0000	108

/opt/microchip/xc8/v2.36/pic/sources/c99/common/nf_fputs.c estimated size: 108

/opt/microchip/xc8/v2.36/pic/sources/c99/common/strcpy.c
		_strcpy        		CODE           	13DB6	0000	98

/opt/microchip/xc8/v2.36/pic/sources/c99/common/strcpy.c estimated size: 98

/opt/microchip/xc8/v2.36/pic/sources/c99/common/awdiv.c
		___awdiv       		CODE           	13A9E	0000	132

/opt/microchip/xc8/v2.36/pic/sources/c99/common/awdiv.c estimated size: 132

/opt/microchip/xc8/v2.36/pic/sources/c99/common/fltol.c
		___fltol       		CODE           	13562	0000	186

/opt/microchip/xc8/v2.36/pic/sources/c99/common/fltol.c estimated size: 186

/opt/microchip/xc8/v2.36/pic/sources/c99/common/isdigit.c
		_isdigit       		CODE           	14712	0000	48

/opt/microchip/xc8/v2.36/pic/sources/c99/common/isdigit.c estimated size: 48

/opt/microchip/xc8/v2.36/pic/sources/c99/common/sprcadd.c
		___flsub       		CODE           	1422C	0000	70
		___fladd       		CODE           	11D0C	0000	780

/opt/microchip/xc8/v2.36/pic/sources/c99/common/sprcadd.c estimated size: 850

mcc_generated_files/dac1.c
		_DAC1_GetOutput		CODE           	14C02	0000	6
		_DAC1_SetOutput		CODE           	14BE4	0000	10
		_DAC1_Initialize		CODE           	14BCE	0000	12

mcc_generated_files/dac1.c estimated size: 28

/opt/microchip/xc8/v2.36/pic/sources/c99/common/xxtofl.c
		___xxtofl      		CODE           	12D12	0000	322

/opt/microchip/xc8/v2.36/pic/sources/c99/common/xxtofl.c estimated size: 322

mcc_generated_files/adcc.c
		_ADCC_DefaultInterruptHandler		CODE           	14C20	0000	2
		_ADCC_GetConversionResult		CODE           	14AB0	0000	22
		_ADCC_SetADIInterruptHandler		CODE           	14BC0	0000	14
		_ADCC_ISR      		CODE           	142B8	0000	66
		_ADCC_Initialize		CODE           	13B98	0000	114

mcc_generated_files/adcc.c estimated size: 218

scdm.c
		_cli_read      		CODE           	12922	0000	338
		_cli_init      		CODE           	14272	0000	68
		__cli_interpret_cmd		CODE           	122A0	0000	446
		_linux_getc    		CODE           	14848	0000	36
		_linux_putc    		CODE           	14B0A	0000	14
		_scmd_init     		CODE           	14A20	0000	24

scdm.c estimated size: 926

main.c
		_fh_po         		CODE           	14ADA	0000	20
		_fh_pu         		CODE           	14A68	0000	24
		_Led_Blink     		CODE           	1493A	0000	32
		_main          		CODE           	11178	0000	1092
		_fh_pd         		CODE           	14A50	0000	24
		_fh_pp         		CODE           	14AC6	0000	20
		_fh_pl         		CODE           	14A38	0000	24
		_fh_pr         		CODE           	148B4	0000	34
		_Adc_Isr       		CODE           	13B22	0000	118
		_fh_ps         		CODE           	149B4	0000	28

main.c estimated size: 1416

/opt/microchip/xc8/v2.36/pic/sources/c99/common/nf_sprintf.c
		_sprintf       		CODE           	13F78	0000	82

/opt/microchip/xc8/v2.36/pic/sources/c99/common/nf_sprintf.c estimated size: 82

