Microchip MPLAB XC8 Compiler V2.36

Linker command line:

-W-3 --edf=/opt/microchip/xc8/v2.36/pic/dat/en_msgs.txt -pivt0x8=08h -cn \
  -h+dist/default/production/ps_test.X.production.sym \
  --cmf=dist/default/production/ps_test.X.production.cmf -z -Q18F57K42 \
  -o/tmp/xcXkIcBjJ --defsym=__MPLAB_BUILD=1 \
  -Mdist/default/production/ps_test.X.production.map \
  --md=/tmp/xcXeKcoam.dat -E1 -ver=XC8 Compiler --acfsm=1493 \
  -ACODE=00h-01FFFFh -ACONST=00h-01FFFFh -ASMALLCONST=02000h-020FFhx480 \
  -AMEDIUMCONST=02000h-0FFFFh,012000h-01FFFFh -ACOMRAM=01h-05Fh \
  -AABS1=00h-01FFFh -ABIGRAM=01h-01FFFh -ARAM=060h-0FFh,0100h-01FFhx31 \
  -ABANK0=060h-0FFh -ABANK1=0100h-01FFh -ABANK2=0200h-02FFh \
  -ABANK3=0300h-03FFh -ABANK4=0400h-04FFh -ABANK5=0500h-05FFh \
  -ABANK6=0600h-06FFh -ABANK7=0700h-07FFh -ABANK8=0800h-08FFh \
  -ABANK9=0900h-09FFh -ABANK10=0A00h-0AFFh -ABANK11=0B00h-0BFFh \
  -ABANK12=0C00h-0CFFh -ABANK13=0D00h-0DFFh -ABANK14=0E00h-0EFFh \
  -ABANK15=0F00h-0FFFh -ABANK16=01000h-010FFh -ABANK17=01100h-011FFh \
  -ABANK18=01200h-012FFh -ABANK19=01300h-013FFh -ABANK20=01400h-014FFh \
  -ABANK21=01500h-015FFh -ABANK22=01600h-016FFh -ABANK23=01700h-017FFh \
  -ABANK24=01800h-018FFh -ABANK25=01900h-019FFh -ABANK26=01A00h-01AFFh \
  -ABANK27=01B00h-01BFFh -ABANK28=01C00h-01CFFh -ABANK29=01D00h-01DFFh \
  -ABANK30=01E00h-01EFFh -ABANK31=01F00h-01FFFh \
  -ASFR=03800h-038FFhx7,03F00h-03F5Fh,03F60h-03FFFh -ABIGSFR=03800h-03FFFh \
  -ACONFIG=0300000h-0300009h -AIDLOC=0200000h-020000Fh \
  -AEEDATA=0310000h-03103FFh -peeprom_data=EEDATA -preset_vec=00h \
  -ppowerup=CODE,init -pramtop=02000h -psmallconst=SMALLCONST \
  -pmediumconst=MEDIUMCONST -pconst=CONST -AFARRAM=00h-00h \
  -prdata=COMRAM,nvrram=COMRAM,nvbit=COMRAM,rbss=COMRAM,rbit=COMRAM \
  -pfarbss=FARRAM,fardata=FARRAM,nvFARRAM=FARRAM \
  -pintsave_regs=BIGRAM,bigbss=BIGRAM,bigdata=BIGRAM -pbss=RAM \
  -pidata=CODE,irdata=CODE,ibigdata=CODE,ifardata=CODE -prparam=COMRAM \
  /tmp/xcXdoEOpD.o dist/default/production/ps_test.X.production.o 

Object code version is 3.11

Machine type is 18F57K42



                Name                               Link     Load   Length Selector   Space Scale
/tmp/xcXdoEOpD.o
                idloc                            200000   200000       10        0       5
                config                           300000   300000        A        0       4
                init                                 AE       AE        4        4       0
                reset_vec                             0        0        4        0       0
dist/default/production/ps_test.X.production.o
                idloc                            200000   200000       10        0       5
                config                           300000   300000        A        0       4
                mediumconst                        FE92     FE92      16E     7F49       0
                ivt0x8                                8        8       A6        4       0
                text130                           149BE    149BE        6     503D       0
                text129                           142E4    142E4       3C     503D       0
                text128                           14998    14998        8     503D       0
                text127                           142A8    142A8       3C     503D       0
                text126                           149B8    149B8        6     503D       0
                text125                           149D4    149D4        2     5274       0
                text124                           140F4    140F4       42     503D       0
                text123                           14658    14658       24     503D       0
                text122                           13E16    13E16       52     8000       0
                text121                           149D2    149D2        2     5274       0
                text120                           13E68    13E68       4E     8000       0
                text119                           149D0    149D0        2     5274       0
                text118                           149CC    149CC        2     503D       0
                text117                           1475C    1475C       1E     503D       0
                text116                           14634    14634       24     503D       0
                text115                           14408    14408       3A     503D       0
                text114                           1485A    1485A       16     503D       0
                text113                           1398C    1398C       76     8000       0
                text112                           149CA    149CA        2     503D       0
                text111                           140B0    140B0       42     502C       0
                text110                           146C0    146C0       22     503D       0
                text109                           149B2    149B2        6     503D       0
                text108                           149C8    149C8        2     503D       0
                text107                           149C6    149C6        2     503D       0
                text106                           136BE    136BE       A2     8000       0
                text105                           13FDC    13FDC       48     8000       0
                text104                           14590    14590       2E     503D       0
                text103                           13F94    13F94       48     8000       0
                text102                           149AC    149AC        6     503D       0
                text101                           1498E    1498E        A     503D       0
                text100                           14474    14474       32     503D       0
                text99                            14442    14442       32     503D       0
                text98                            1496A    1496A        E     503D       0
                text97                            13A02    13A02       72     8000       0
                text96                            14978    14978        C     503D       0
                text95                            1495C    1495C        E     503D       0
                text94                            13BB2    13BB2       5E     8000       0
                text93                            13F02    13F02       4A     8000       0
                text92                            1477A    1477A       1C     503D       0
                text91                            1318C    1318C       CE     8000       0
                text90                            1469E    1469E       22     503D       0
                text89                            14842    14842       18     503D       0
                text88                            1482A    1482A       18     503D       0
                text87                            147B0    147B0       1A     503D       0
                text86                            1494E    1494E        E     503D       0
                text85                            1473E    1473E       1E     503D       0
                text84                            14940    14940        E     503D       0
                text83                            13F4C    13F4C       48     8000       0
                text82                            14932    14932        E     503D       0
                text81                            14562    14562       2E     503D       0
                text80                            14924    14924        E     503D       0
                text79                            14916    14916        E     503D       0
                text78                            14908    14908        E     503D       0
                text77                            148FA    148FA        E     503D       0
                text76                            148EC    148EC        E     503D       0
                text75                            148DE    148DE        E     503D       0
                text74                            148D0    148D0        E     503D       0
                text73                            12E40    12E40       DC     8000       0
                text72                            141F2    141F2       3E     503D       0
                text71                            12BBE    12BBE      142     8000       0
                text70                            1426C    1426C       3C     503D       0
                text69                            14984    14984        A     503D       0
                text68                            13558    13558       B8     8000       0
                text67                            13AE4    13AE4       6C     8000       0
                text66                            14230    14230       3C     503D       0
                text65                            14812    14812       18     503D       0
                text64                            1467C    1467C       22     503D       0
                text63                            14884    14884       14     503D       0
                text62                            14870    14870       14     503D       0
                text61                            147FA    147FA       18     503D       0
                text60                            147E2    147E2       18     503D       0
                text59                            13EB6    13EB6       4C     8000       0
                text58                            12664    12664      16A     8000       0
                text57                            1214C    1214C      1BE     8000       0
                text56                            141B4    141B4       3E     503D       0
                text55                            148C2    148C2        E     503D       0
                text54                            14610    14610       24     503D       0
                text53                            148B4    148B4        E     503D       0
                text52                            12A70    12A70      14E     8000       0
                text51                            127CE    127CE      152     8000       0
                text50                            134A0    134A0       B8     8000       0
                text49                            13D70    13D70       54     8000       0
                text48                            13DC4    13DC4       52     8000       0
                text47                            149A6    149A6        6     503D       0
                text46                            149A0    149A0        6     503D       0
                text45                            14136    14136       40     503D       0
                text44                            148A6    148A6        E     503D       0
                text43                            14720    14720       1E     503D       0
                text42                            14898    14898        E     503D       0
                text41                            13CC6    13CC6       56     8000       0
                text40                            13D1C    13D1C       54     8000       0
                text39                            13908    13908       84     8000       0
                text38                            14702    14702       1E     503D       0
                text37                            14796    14796       1A     503D       0
                text36                            143CE    143CE       3A     503D       0
                text35                            14394    14394       3A     503D       0
                text34                            1435A    1435A       3A     503D       0
                text33                            146E2    146E2       20     503D       0
                text32                            13326    13326       C0     8000       0
                text31                            145BE    145BE       2A     503D       0
                text30                            144D6    144D6       30     503D       0
                text29                            14176    14176       3E     503D       0
                text28                            12D00    12D00      140     8000       0
                text27                            13884    13884       84     8000       0
                text26                            13A74    13A74       70     8000       0
                text25                            11EC4    11EC4      288     8000       0
                text24                            137FA    137FA       8A     8000       0
                text23                            12FEE    12FEE       D0     8000       0
                text22                            11578    11578      350     8000       0
                text21                            14534    14534       2E     503D       0
                text20                            118C8    118C8      30C     8000       0
                text19                            14024    14024       46     8000       0
                text18                            133E6    133E6       BA     8000       0
                text17                            1325A    1325A       CC     8000       0
                text16                            124BA    124BA      1AA     8000       0
                text15                            13760    13760       9A     8000       0
                text14                            13B50    13B50       62     8000       0
                text13                            144A6    144A6       30     503D       0
                text12                            14320    14320       3A     503D       0
                text11                            10000    10000      9B8     8000       0
                text10                            12920    12920      150     8000       0
                text9                             130BE    130BE       CE     8000       0
                text8                             13610    13610       AE     8000       0
                text7                             1230A    1230A      1B0     8000       0
                text6                             109B8    109B8      7C0     8000       0
                text5                             13C10    13C10       5C     8000       0
                text4                             145E8    145E8       28     503D       0
                text3                             1406A    1406A       44     8000       0
                text2                             147CA    147CA       18     503D       0
                text1                             13C6C    13C6C       5A     8000       0
                text0                             11BD4    11BD4      2F0     8000       0
                cstackCOMRAM                          1        1       25        1       1
                cstackBANK0                          60       60       89       60       1
                cstackBANK1                         1EB      1EB       12      100       1
                cstackBANK2                         2D0      2D0       14      200       1
                dataBIGRAM                          5FF      5FF      400      5FF       1
                bssBANK5                            500      500       FF      500       1
                bssBANK4                            400      400       83      400       1
                bssBANK3                            300      300       83      300       1
                bssBANK2                            200      200       D0      200       1
                dataBANK1                           1BD      1BD       2E      100       1
                bssBANK1                            100      100       BD      100       1
                dataBANK0                            FE       FE        2       60       1
                bssBANK0                             E9       E9       15       60       1
                bssCOMRAM                            26       26       1D        1       1
                cinit                             12F1C    12F1C       D2     8000       0
                idataBANK1                        14506    14506       2E     503D       0
                idataBANK0                        149C4    149C4        2     503D       0
                idataBIGRAM                       11178    11178      400     8000       0

TOTAL           Name                               Link     Load   Length     Space
        CLASS   CODE           
                init                                 AE       AE        4         0
                reset_vec                             0        0        4         0
                ivt0x8                                8        8       A6         0
                text130                           149BE    149BE        6         0
                text129                           142E4    142E4       3C         0
                text128                           14998    14998        8         0
                text127                           142A8    142A8       3C         0
                text126                           149B8    149B8        6         0
                text125                           149D4    149D4        2         0
                text124                           140F4    140F4       42         0
                text123                           14658    14658       24         0
                text122                           13E16    13E16       52         0
                text121                           149D2    149D2        2         0
                text120                           13E68    13E68       4E         0
                text119                           149D0    149D0        2         0
                text118                           149CC    149CC        2         0
                text117                           1475C    1475C       1E         0
                text116                           14634    14634       24         0
                text115                           14408    14408       3A         0
                text114                           1485A    1485A       16         0
                text113                           1398C    1398C       76         0
                text112                           149CA    149CA        2         0
                text111                           140B0    140B0       42         0
                text110                           146C0    146C0       22         0
                text109                           149B2    149B2        6         0
                text108                           149C8    149C8        2         0
                text107                           149C6    149C6        2         0
                text106                           136BE    136BE       A2         0
                text105                           13FDC    13FDC       48         0
                text104                           14590    14590       2E         0
                text103                           13F94    13F94       48         0
                text102                           149AC    149AC        6         0
                text101                           1498E    1498E        A         0
                text100                           14474    14474       32         0
                text99                            14442    14442       32         0
                text98                            1496A    1496A        E         0
                text97                            13A02    13A02       72         0
                text96                            14978    14978        C         0
                text95                            1495C    1495C        E         0
                text94                            13BB2    13BB2       5E         0
                text93                            13F02    13F02       4A         0
                text92                            1477A    1477A       1C         0
                text91                            1318C    1318C       CE         0
                text90                            1469E    1469E       22         0
                text89                            14842    14842       18         0
                text88                            1482A    1482A       18         0
                text87                            147B0    147B0       1A         0
                text86                            1494E    1494E        E         0
                text85                            1473E    1473E       1E         0
                text84                            14940    14940        E         0
                text83                            13F4C    13F4C       48         0
                text82                            14932    14932        E         0
                text81                            14562    14562       2E         0
                text80                            14924    14924        E         0
                text79                            14916    14916        E         0
                text78                            14908    14908        E         0
                text77                            148FA    148FA        E         0
                text76                            148EC    148EC        E         0
                text75                            148DE    148DE        E         0
                text74                            148D0    148D0        E         0
                text73                            12E40    12E40       DC         0
                text72                            141F2    141F2       3E         0
                text71                            12BBE    12BBE      142         0
                text70                            1426C    1426C       3C         0
                text69                            14984    14984        A         0
                text68                            13558    13558       B8         0
                text67                            13AE4    13AE4       6C         0
                text66                            14230    14230       3C         0
                text65                            14812    14812       18         0
                text64                            1467C    1467C       22         0
                text63                            14884    14884       14         0
                text62                            14870    14870       14         0
                text61                            147FA    147FA       18         0
                text60                            147E2    147E2       18         0
                text59                            13EB6    13EB6       4C         0
                text58                            12664    12664      16A         0
                text57                            1214C    1214C      1BE         0
                text56                            141B4    141B4       3E         0
                text55                            148C2    148C2        E         0
                text54                            14610    14610       24         0
                text53                            148B4    148B4        E         0
                text52                            12A70    12A70      14E         0
                text51                            127CE    127CE      152         0
                text50                            134A0    134A0       B8         0
                text49                            13D70    13D70       54         0
                text48                            13DC4    13DC4       52         0
                text47                            149A6    149A6        6         0
                text46                            149A0    149A0        6         0
                text45                            14136    14136       40         0
                text44                            148A6    148A6        E         0
                text43                            14720    14720       1E         0
                text42                            14898    14898        E         0
                text41                            13CC6    13CC6       56         0
                text40                            13D1C    13D1C       54         0
                text39                            13908    13908       84         0
                text38                            14702    14702       1E         0
                text37                            14796    14796       1A         0
                text36                            143CE    143CE       3A         0
                text35                            14394    14394       3A         0
                text34                            1435A    1435A       3A         0
                text33                            146E2    146E2       20         0
                text32                            13326    13326       C0         0
                text31                            145BE    145BE       2A         0
                text30                            144D6    144D6       30         0
                text29                            14176    14176       3E         0
                text28                            12D00    12D00      140         0
                text27                            13884    13884       84         0
                text26                            13A74    13A74       70         0
                text25                            11EC4    11EC4      288         0
                text24                            137FA    137FA       8A         0
                text23                            12FEE    12FEE       D0         0
                text22                            11578    11578      350         0
                text21                            14534    14534       2E         0
                text20                            118C8    118C8      30C         0
                text19                            14024    14024       46         0
                text18                            133E6    133E6       BA         0
                text17                            1325A    1325A       CC         0
                text16                            124BA    124BA      1AA         0
                text15                            13760    13760       9A         0
                text14                            13B50    13B50       62         0
                text13                            144A6    144A6       30         0
                text12                            14320    14320       3A         0
                text11                            10000    10000      9B8         0
                text10                            12920    12920      150         0
                text9                             130BE    130BE       CE         0
                text8                             13610    13610       AE         0
                text7                             1230A    1230A      1B0         0
                text6                             109B8    109B8      7C0         0
                text5                             13C10    13C10       5C         0
                text4                             145E8    145E8       28         0
                text3                             1406A    1406A       44         0
                text2                             147CA    147CA       18         0
                text1                             13C6C    13C6C       5A         0
                text0                             11BD4    11BD4      2F0         0
                cinit                             12F1C    12F1C       D2         0
                idataBANK1                        14506    14506       2E         0
                idataBANK0                        149C4    149C4        2         0
                idataBIGRAM                       11178    11178      400         0

        CLASS   CONST          

        CLASS   SMALLCONST     

        CLASS   MEDIUMCONST    
                mediumconst                        FE92     FE92      16E         0

        CLASS   COMRAM         
                cstackCOMRAM                          1        1       25         1
                bssCOMRAM                            26       26       1D         1

        CLASS   ABS1           

        CLASS   BIGRAM         
                dataBIGRAM                          5FF      5FF      400         1

        CLASS   RAM            

        CLASS   BANK0          
                cstackBANK0                          60       60       89         1
                dataBANK0                            FE       FE        2         1
                bssBANK0                             E9       E9       15         1

        CLASS   BANK1          
                cstackBANK1                         1EB      1EB       12         1
                dataBANK1                           1BD      1BD       2E         1
                bssBANK1                            100      100       BD         1

        CLASS   BANK2          
                cstackBANK2                         2D0      2D0       14         1
                bssBANK2                            200      200       D0         1

        CLASS   BANK3          
                bssBANK3                            300      300       83         1

        CLASS   BANK4          
                bssBANK4                            400      400       83         1

        CLASS   BANK5          
                bssBANK5                            500      500       FF         1

        CLASS   BANK6          

        CLASS   BANK7          

        CLASS   BANK8          

        CLASS   BANK9          

        CLASS   BANK10         

        CLASS   BANK11         

        CLASS   BANK12         

        CLASS   BANK13         

        CLASS   BANK14         

        CLASS   BANK15         

        CLASS   BANK16         

        CLASS   BANK17         

        CLASS   BANK18         

        CLASS   BANK19         

        CLASS   BANK20         

        CLASS   BANK21         

        CLASS   BANK22         

        CLASS   BANK23         

        CLASS   BANK24         

        CLASS   BANK25         

        CLASS   BANK26         

        CLASS   BANK27         

        CLASS   BANK28         

        CLASS   BANK29         

        CLASS   BANK30         

        CLASS   BANK31         

        CLASS   SFR            

        CLASS   BIGSFR         

        CLASS   CONFIG         
                config                           300000   300000        A         4

        CLASS   IDLOC          
                idloc                            200000   200000       10         5

        CLASS   EEDATA         

        CLASS   FARRAM         

        CLASS   HEAP           

        CLASS   STACK          



SEGMENTS        Name                           Load    Length   Top    Selector   Space  Class

                reset_vec                      000000  000004  000004         0       0  CODE    
                text11                         010000  0040AE  0140AE      8000       0  CODE    
                dataBIGRAM                     0005FF  000400  0009FF       5FF       1  BIGRAM  
                text124                        0140F4  0008DA  0149CE      503D       0  CODE    
                text111                        0140B0  000042  0140F2      502C       0  CODE    
                text119                        0149D0  000006  0149D6      5274       0  CODE    
                cstackBANK0                    000060  0000A0  000100        60       1  BANK0   
                ivt0x8                         000008  0000AA  0000B2         4       0  CODE    
                cstackCOMRAM                   000001  000042  000043         1       1  COMRAM  
                mediumconst                    00FE92  00016E  010000      7F49       0  MEDIUMCO
                bssBANK1                       000100  0000FD  0001FD       100       1  BANK1   
                bssBANK3                       000300  000083  000383       300       1  BANK3   
                bssBANK2                       000200  0000E4  0002E4       200       1  BANK2   
                bssBANK4                       000400  000083  000483       400       1  BANK4   
                bssBANK5                       000500  0000FF  0005FF       500       1  BANK5   


UNUSED ADDRESS RANGES

        Name                Unused          Largest block    Delta
        BANK1            0001FD-0001FF                3
        BANK10           000A00-000AFF              100
        BANK11           000B00-000BFF              100
        BANK12           000C00-000CFF              100
        BANK13           000D00-000DFF              100
        BANK14           000E00-000EFF              100
        BANK15           000F00-000FFF              100
        BANK16           001000-0010FF              100
        BANK17           001100-0011FF              100
        BANK18           001200-0012FF              100
        BANK19           001300-0013FF              100
        BANK2            0002E4-0002FF               1C
        BANK20           001400-0014FF              100
        BANK21           001500-0015FF              100
        BANK22           001600-0016FF              100
        BANK23           001700-0017FF              100
        BANK24           001800-0018FF              100
        BANK25           001900-0019FF              100
        BANK26           001A00-001AFF              100
        BANK27           001B00-001BFF              100
        BANK28           001C00-001CFF              100
        BANK29           001D00-001DFF              100
        BANK3            000383-0003FF               7D
        BANK30           001E00-001EFF              100
        BANK31           001F00-001FFF              100
        BANK4            000483-0004FF               7D
        BANK9            0009FF-0009FF                1
        BIGRAM           000043-00005F               1D
                         0001FD-0001FF                3
                         0002E4-0002FF               1C
                         000383-0003FF               7D
                         000483-0004FF               7D
                         0009FF-001FFF             1601
        BIGSFR           003800-003FFF              800
        CODE             000004-000007                4
                         0000B2-00FE91             FDE0
                         0140AE-0140AF                2
                         0140F2-0140F3                2
                         0149CE-0149CF                2
                         0149D6-01FFFF             B62A
        COMRAM           000043-00005F               1D
        CONST            000004-000007                4
                         0000B2-00FE91             FDE0
                         0140AE-0140AF                2
                         0140F2-0140F3                2
                         0149CE-0149CF                2
                         0149D6-01FFFF             B62A
        EEDATA           310000-3103FF              400
        MEDIUMCONST      002000-00FE91             DE92
                         0140AE-0140AF                2
                         0140F2-0140F3                2
                         0149CE-0149CF                2
                         0149D6-01FFFF             B62A
        RAM              0001FD-0001FF                3
                         0002E4-0002FF               1C
                         000383-0003FF               7D
                         000483-0004FF               7D
                         0009FF-001FFF              100
        SFR              003800-003FFF              100
        SMALLCONST       002000-00FE91              100
                         0140AE-0140AF                2
                         0140F2-0140F3                2
                         0149CE-0149CF                2
                         0149D6-01FFFF              100

                                  Symbol Table

?_ADCC_GetConversionResult                             cstackCOMRAM 000001
?___awdiv                                              cstackCOMRAM 00001E
?___awmod                                              cstackCOMRAM 00001E
?___fladd                                              cstackCOMRAM 00001E
?___fldiv                                              cstackCOMRAM 00001E
?___flmul                                              cstackBANK0  000066
?___flneg                                              cstackCOMRAM 00001E
?___flsub                                              cstackBANK0  00007F
?___fltol                                              cstackCOMRAM 00001E
?___fpclassifyf                                        cstackCOMRAM 00001E
?___lodiv                                              cstackBANK0  000060
?___lomod                                              cstackBANK0  000060
?___wmul                                               cstackCOMRAM 00001E
?___xxtofl                                             cstackCOMRAM 00001E
?_atoi                                                 cstackBANK0  000060
?_efgtoa                                               cstackBANK0  00008B
?_floorf                                               cstackBANK0  000071
?_fputc                                                cstackCOMRAM 000020
?_fputs                                                cstackBANK0  000065
?_isdigit                                              cstackCOMRAM 00001E
?_isspace                                              cstackCOMRAM 00001E
?_isupper                                              cstackCOMRAM 00001E
?_pad                                                  cstackBANK0  00006C
?_printf                                               cstackBANK2  0002D0
?_sprintf                                              cstackBANK1  0001F3
?_stoa                                                 cstackBANK0  000065
?_strlen                                               cstackCOMRAM 00001E
?_strncmp                                              cstackBANK0  000060
?_tolower                                              cstackCOMRAM 000024
?_utoa                                                 cstackBANK0  000079
?_vfpfcnvrt                                            cstackBANK0  0000C9
?_vfprintf                                             cstackBANK1  0001EB
ADCC_SetADIInterruptHandler@InterruptHandler           cstackCOMRAM 00001E
Adc_Isr@c_adc_chan                                     bssCOMRAM    00003B
DAC1_SetOutput@inputData                               cstackCOMRAM 00001E
DMA1_SetSCNTIInterruptHandler@InterruptHandler         cstackCOMRAM 00001E
INTERRUPT_Initialize@state                             cstackCOMRAM 00001E
IVTBASEH                                               (abs)        003FD6
IVTBASEL                                               (abs)        003FD5
IVTBASEU                                               (abs)        003FD7
PWM5_LoadDutyValue@dutyValue                           cstackCOMRAM 00001E
PWM6_LoadDutyValue@dutyValue                           cstackCOMRAM 00001E
SPI1_ExchangeByte@data                                 cstackCOMRAM 00001E
TMR5_SetInterruptHandler@InterruptHandler              cstackCOMRAM 00001E
TMR5_WriteTimer@timerVal                               cstackCOMRAM 00000C
TMR6_ISR@CountCallBack                                 bssCOMRAM    000038
TMR6_SetInterruptHandler@InterruptHandler              cstackCOMRAM 00001E
Timers_Isr@i                                           cstackCOMRAM 00000E
UART1_Read@readValue                                   cstackCOMRAM 00001E
UART1_SetErrorHandler@interruptHandler                 cstackCOMRAM 00001E
UART1_SetFramingErrorHandler@interruptHandler          cstackCOMRAM 00001E
UART1_SetFramingErrorInterruptHandler@InterruptHandler cstackCOMRAM 00001E
UART1_SetOverrunErrorHandler@interruptHandler          cstackCOMRAM 00001E
UART1_SetRxInterruptHandler@InterruptHandler           cstackCOMRAM 00001E
UART1_SetTxInterruptHandler@InterruptHandler           cstackCOMRAM 00001E
UART1_SetUartInterruptHandler@InterruptHandler         cstackCOMRAM 00001E
UART1_Write@txData                                     cstackCOMRAM 00001E
_ADACCH                                                (abs)        003EE9
_ADACCL                                                (abs)        003EE8
_ADACCU                                                (abs)        003EEA
_ADACQH                                                (abs)        003EF4
_ADACQL                                                (abs)        003EF3
_ADACT                                                 (abs)        003EFE
_ADCAP                                                 (abs)        003EF5
_ADCC_ADI_InterruptHandler                             bssBANK0     0000F2
_ADCC_DefaultInterruptHandler                          text112      0149CA
_ADCC_GetConversionResult                              text114      01485A
_ADCC_ISR                                              text111      0140B0
_ADCC_Initialize                                       text97       013A02
_ADCC_SetADIInterruptHandler                           text98       01496A
_ADCLK                                                 (abs)        003EFF
_ADCNT                                                 (abs)        003EEB
_ADCON0                                                (abs)        003EF8
_ADCON1                                                (abs)        003EF9
_ADCON2                                                (abs)        003EFA
_ADCON3                                                (abs)        003EFB
_ADERRH                                                (abs)        003EE3
_ADERRL                                                (abs)        003EE2
_ADFLTRH                                               (abs)        003EE7
_ADFLTRL                                               (abs)        003EE6
_ADLTHH                                                (abs)        003EDF
_ADLTHL                                                (abs)        003EDE
_ADPCH                                                 (abs)        003EF1
_ADPREH                                                (abs)        003EF7
_ADPREL                                                (abs)        003EF6
_ADPREVH                                               (abs)        003EEE
_ADPREVL                                               (abs)        003EED
_ADREF                                                 (abs)        003EFD
_ADRESH                                                (abs)        003EF0
_ADRESL                                                (abs)        003EEF
_ADRPT                                                 (abs)        003EEC
_ADSTAT                                                (abs)        003EFC
_ADSTPTH                                               (abs)        003EE5
_ADSTPTL                                               (abs)        003EE4
_ADUTHH                                                (abs)        003EE1
_ADUTHL                                                (abs)        003EE0
_ANSELA                                                (abs)        003A40
_ANSELB                                                (abs)        003A50
_ANSELC                                                (abs)        003A60
_ANSELD                                                (abs)        003A70
_ANSELE                                                (abs)        003A80
_ANSELF                                                (abs)        003A90
_Adc_Isr                                               text113      01398C
_CCPTMRS1bits                                          (abs)        003F5F
_DAC1CON0                                              (abs)        003E9E
_DAC1CON1                                              (abs)        003E9C
_DAC1_GetOutput                                        text102      0149AC
_DAC1_Initialize                                       text96       014978
_DAC1_SetOutput                                        text101      01498E
_DMA1AIRQ                                              (abs)        003BFE
_DMA1CON0                                              (abs)        003BFC
_DMA1CON0bits                                          (abs)        003BFC
_DMA1CON1                                              (abs)        003BFD
_DMA1CON1bits                                          (abs)        003BFD
_DMA1DPTR                                              (abs)        003BEC
_DMA1DSA                                               (abs)        003BF0
_DMA1DSZ                                               (abs)        003BEE
_DMA1PR                                                (abs)        0039F3
_DMA1SIRQ                                              (abs)        003BFF
_DMA1SPTR                                              (abs)        003BF4
_DMA1SSA                                               (abs)        003BF9
_DMA1SSZ                                               (abs)        003BF7
_DMA1_DMASCNTI_ISR                                     text124      0140F4
_DMA1_DefaultInterruptHandler                          text125      0149D4
_DMA1_Initialize                                       text94       013BB2
_DMA1_SCNTI_InterruptHandler                           bssBANK0     0000E9
_DMA1_SetSCNTIInterruptHandler                         text95       01495C
_DMA2CON0bits                                          (abs)        003BDC
_DMA2CON1bits                                          (abs)        003BDD
_DMA2DSA                                               (abs)        003BD0
_DMA2DSZ                                               (abs)        003BCE
_DMA2SSA                                               (abs)        003BD9
_DMA2SSZ                                               (abs)        003BD7
_Default_ISR                                           text119      0149D0
_GIE                                                   (abs)        01FE97
_INLVLA                                                (abs)        003A44
_INLVLB                                                (abs)        003A54
_INLVLC                                                (abs)        003A64
_INLVLD                                                (abs)        003A74
_INLVLE                                                (abs)        003A84
_INLVLF                                                (abs)        003A94
_INTCON0bits                                           (abs)        003FD2
_INTERRUPT_Initialize                                  text93       013F02
_IPR1bits                                              (abs)        003981
_IPR2bits                                              (abs)        003982
_IPR3bits                                              (abs)        003983
_IPR8bits                                              (abs)        003988
_IPR9bits                                              (abs)        003989
_IVTBASEH                                              (abs)        003FD6
_IVTBASEL                                              (abs)        003FD5
_IVTBASEU                                              (abs)        003FD7
_IVTLOCK                                               (abs)        003FD4
_IVTLOCKbits                                           (abs)        003FD4
_LATA                                                  (abs)        003FBA
_LATAbits                                              (abs)        003FBA
_LATB                                                  (abs)        003FBB
_LATC                                                  (abs)        003FBC
_LATCbits                                              (abs)        003FBC
_LATD                                                  (abs)        003FBD
_LATDbits                                              (abs)        003FBD
_LATE                                                  (abs)        003FBE
_LATEbits                                              (abs)        003FBE
_LATF                                                  (abs)        003FBF
_LATFbits                                              (abs)        003FBF
_Led_Blink                                             text117      01475C
_ODCONA                                                (abs)        003A42
_ODCONB                                                (abs)        003A52
_ODCONC                                                (abs)        003A62
_ODCOND                                                (abs)        003A72
_ODCONE                                                (abs)        003A82
_ODCONF                                                (abs)        003A92
_OSCCON1                                               (abs)        0039D9
_OSCCON3                                               (abs)        0039DB
_OSCEN                                                 (abs)        0039DD
_OSCFRQ                                                (abs)        0039DF
_OSCILLATOR_Initialize                                 text92       01477A
_OSCTUNE                                               (abs)        0039DE
_PIE1bits                                              (abs)        003991
_PIE2bits                                              (abs)        003992
_PIE3bits                                              (abs)        003993
_PIE8bits                                              (abs)        003998
_PIE9bits                                              (abs)        003999
_PIN_MANAGER_Initialize                                text91       01318C
_PIR1bits                                              (abs)        0039A1
_PIR2bits                                              (abs)        0039A2
_PIR4bits                                              (abs)        0039A4
_PIR8bits                                              (abs)        0039A8
_PIR9bits                                              (abs)        0039A9
_PLLR                                                  (abs)        01CEE0
_PMD0                                                  (abs)        0039C0
_PMD1                                                  (abs)        0039C1
_PMD2                                                  (abs)        0039C2
_PMD3                                                  (abs)        0039C3
_PMD4                                                  (abs)        0039C4
_PMD5                                                  (abs)        0039C5
_PMD6                                                  (abs)        0039C6
_PMD7                                                  (abs)        0039C7
_PMD_Initialize                                        text90       01469E
_PORTAbits                                             (abs)        003FCA
_PORTBbits                                             (abs)        003FCB
_PRLOCK                                                (abs)        0039EF
_PRLOCKbits                                            (abs)        0039EF
_PWM5CON                                               (abs)        003F6E
_PWM5DCH                                               (abs)        003F6D
_PWM5DCL                                               (abs)        003F6C
_PWM5_Initialize                                       text89       014842
_PWM5_LoadDutyValue                                    text100      014474
_PWM6CON                                               (abs)        003F6A
_PWM6DCH                                               (abs)        003F69
_PWM6DCL                                               (abs)        003F68
_PWM6_Initialize                                       text88       01482A
_PWM6_LoadDutyValue                                    text99       014442
_RB1I2C                                                (abs)        003A5A
_RB2I2C                                                (abs)        003A5B
_RC3I2C                                                (abs)        003A6A
_RC3PPS                                                (abs)        003A13
_RC4I2C                                                (abs)        003A6B
_RC5PPS                                                (abs)        003A15
_RC6PPS                                                (abs)        003A16
_RD0I2C                                                (abs)        003A7A
_RD1I2C                                                (abs)        003A7B
_RD2PPS                                                (abs)        003A1A
_RF2PPS                                                (abs)        003A2A
_SLRCONA                                               (abs)        003A43
_SLRCONB                                               (abs)        003A53
_SLRCONC                                               (abs)        003A63
_SLRCOND                                               (abs)        003A73
_SLRCONE                                               (abs)        003A83
_SLRCONF                                               (abs)        003A93
_SPI1BAUD                                              (abs)        003D19
_SPI1CLK                                               (abs)        003D1C
_SPI1CON0                                              (abs)        003D14
_SPI1CON0bits                                          (abs)        003D14
_SPI1CON1                                              (abs)        003D15
_SPI1CON2                                              (abs)        003D16
_SPI1INTFbits                                          (abs)        003D1A
_SPI1RXB                                               (abs)        003D10
_SPI1SCKPPS                                            (abs)        003ADE
_SPI1SDIPPS                                            (abs)        003ADF
_SPI1STATUSbits                                        (abs)        003D17
_SPI1TCNTL                                             (abs)        003D12
_SPI1TXB                                               (abs)        003D11
_SPI1_ExchangeByte                                     text37       014796
_SPI1_Initialize                                       text87       0147B0
_SYSTEM_Initialize                                     text72       0141F2
_SrcVarName0                                           bssBANK1     0001B3
_SystemArbiter_Initialize                              text86       01494E
_T2CLKCON                                              (abs)        003FAE
_T2CON                                                 (abs)        003FAC
_T2HLT                                                 (abs)        003FAD
_T2PR                                                  (abs)        003FAB
_T2RST                                                 (abs)        003FAF
_T2TMR                                                 (abs)        003FAA
_T5CLK                                                 (abs)        003F9D
_T5CON                                                 (abs)        003F9A
_T5CONbits                                             (abs)        003F9A
_T5GATE                                                (abs)        003F9C
_T5GCON                                                (abs)        003F9B
_T6CLKCON                                              (abs)        003F96
_T6CON                                                 (abs)        003F94
_T6HLT                                                 (abs)        003F95
_T6PR                                                  (abs)        003F93
_T6RST                                                 (abs)        003F97
_T6TMR                                                 (abs)        003F92
_TMR2_Initialize                                       text85       01473E
_TMR5H                                                 (abs)        003F99
_TMR5L                                                 (abs)        003F98
_TMR5_DefaultInterruptHandler                          text121      0149D2
_TMR5_ISR                                              text120      013E68
_TMR5_Initialize                                       text83       013F4C
_TMR5_InterruptHandler                                 bssBANK0     0000EC
_TMR5_SetInterruptHandler                              text84       014940
_TMR5_WriteTimer                                       text123      014658
_TMR6_CallBack                                         text116      014634
_TMR6_DefaultInterruptHandler                          text118      0149CC
_TMR6_ISR                                              text115      014408
_TMR6_Initialize                                       text81       014562
_TMR6_InterruptHandler                                 bssBANK0     0000EF
_TMR6_SetInterruptHandler                              text82       014932
_TRISA                                                 (abs)        003FC2
_TRISB                                                 (abs)        003FC3
_TRISC                                                 (abs)        003FC4
_TRISCbits                                             (abs)        003FC4
_TRISD                                                 (abs)        003FC5
_TRISE                                                 (abs)        003FC6
_TRISF                                                 (abs)        003FC7
_Timers_Isr                                            text122      013E16
_U1BRGH                                                (abs)        003DF6
_U1BRGL                                                (abs)        003DF5
_U1CON0                                                (abs)        003DF2
_U1CON1                                                (abs)        003DF3
_U1CON2                                                (abs)        003DF4
_U1ERRIE                                               (abs)        003DFA
_U1ERRIR                                               (abs)        003DF9
_U1ERRIRbits                                           (abs)        003DF9
_U1FIFO                                                (abs)        003DF7
_U1P1H                                                 (abs)        003DED
_U1P1L                                                 (abs)        003DEC
_U1P2H                                                 (abs)        003DEF
_U1P2L                                                 (abs)        003DEE
_U1P3H                                                 (abs)        003DF1
_U1P3L                                                 (abs)        003DF0
_U1RXB                                                 (abs)        003DE8
_U1RXPPS                                               (abs)        003AE5
_U1TXB                                                 (abs)        003DEA
_U1UIR                                                 (abs)        003DF8
_U1UIRbits                                             (abs)        003DF8
_UART1_DefaultErrorHandler                             text109      0149B2
_UART1_DefaultFramingErrorHandler                      text108      0149C8
_UART1_DefaultOverrunErrorHandler                      text107      0149C6
_UART1_ErrorHandler                                    bssBANK1     0001AA
_UART1_FramingErrorHandler                             bssBANK1     0001B0
_UART1_FramingErrorInterruptHandler                    bssCOMRAM    000029
_UART1_FramingError_ISR                                text128      014998
_UART1_Initialize                                      text73       012E40
_UART1_OverrunErrorHandler                             bssBANK1     0001AD
_UART1_Read                                            text56       0141B4
_UART1_Receive_ISR                                     text106      0136BE
_UART1_RxDataHandler                                   text110      0146C0
_UART1_RxInterruptHandler                              bssCOMRAM    00002F
_UART1_SetErrorHandler                                 text80       014924
_UART1_SetFramingErrorHandler                          text79       014916
_UART1_SetFramingErrorInterruptHandler                 text78       014908
_UART1_SetOverrunErrorHandler                          text77       0148FA
_UART1_SetRxInterruptHandler                           text76       0148EC
_UART1_SetTxInterruptHandler                           text75       0148DE
_UART1_SetUartInterruptHandler                         text74       0148D0
_UART1_Transmit_ISR                                    text104      014590
_UART1_TxInterruptHandler                              bssCOMRAM    00002C
_UART1_UARTInterruptHandler                            bssCOMRAM    000026
_UART1_UartInterrupt_ISR                               text130      0149BE
_UART1_Write                                           text70       01426C
_UART1_framing_err_vect_isr                            text127      0142A8
_UART1_is_rx_ready                                     text55       0148C2
_UART1_rx_vect_isr                                     text105      013FDC
_UART1_tx_vect_isr                                     text103      013F94
_UART1_vect_isr                                        text129      0142E4
_WPUA                                                  (abs)        003A41
_WPUB                                                  (abs)        003A51
_WPUC                                                  (abs)        003A61
_WPUD                                                  (abs)        003A71
_WPUE                                                  (abs)        003A81
_WPUF                                                  (abs)        003A91
__HRAM                                                 (abs)        000000
__Habs1                                                abs1         000000
__Hbank0                                               bank0        000000
__Hbank1                                               bank1        000000
__Hbank10                                              bank10       000000
__Hbank11                                              bank11       000000
__Hbank12                                              bank12       000000
__Hbank13                                              bank13       000000
__Hbank14                                              bank14       000000
__Hbank15                                              bank15       000000
__Hbank16                                              bank16       000000
__Hbank17                                              bank17       000000
__Hbank18                                              bank18       000000
__Hbank19                                              bank19       000000
__Hbank2                                               bank2        000000
__Hbank20                                              bank20       000000
__Hbank21                                              bank21       000000
__Hbank22                                              bank22       000000
__Hbank23                                              bank23       000000
__Hbank24                                              bank24       000000
__Hbank25                                              bank25       000000
__Hbank26                                              bank26       000000
__Hbank27                                              bank27       000000
__Hbank28                                              bank28       000000
__Hbank29                                              bank29       000000
__Hbank3                                               bank3        000000
__Hbank30                                              bank30       000000
__Hbank31                                              bank31       000000
__Hbank4                                               bank4        000000
__Hbank5                                               bank5        000000
__Hbank6                                               bank6        000000
__Hbank7                                               bank7        000000
__Hbank8                                               bank8        000000
__Hbank9                                               bank9        000000
__Hbigbss                                              bigbss       000000
__Hbigdata                                             bigdata      000000
__Hbigram                                              bigram       000000
__Hbigsfr                                              bigsfr       000000
__Hbss                                                 bss          000000
__HbssBANK0                                            bssBANK0     000000
__HbssBANK1                                            bssBANK1     000000
__HbssBANK2                                            bssBANK2     000000
__HbssBANK3                                            bssBANK3     000000
__HbssBANK4                                            bssBANK4     000000
__HbssBANK5                                            bssBANK5     000000
__HbssCOMRAM                                           bssCOMRAM    000000
__Hcinit                                               cinit        000000
__Hclrtext                                             clrtext      000000
__Hcomram                                              comram       000000
__Hconfig                                              config       30000A
__Hconst                                               const        000000
__HcstackBANK0                                         cstackBANK0  000000
__HcstackBANK1                                         cstackBANK1  000000
__HcstackBANK2                                         cstackBANK2  000000
__HcstackCOMRAM                                        cstackCOMRAM 000000
__Hdata                                                data         000000
__HdataBANK0                                           dataBANK0    000000
__HdataBANK1                                           dataBANK1    000000
__HdataBIGRAM                                          dataBIGRAM   000000
__Heeprom_data                                         eeprom_data  000000
__Hfarbss                                              farbss       000000
__Hfardata                                             fardata      000000
__Hheap                                                heap         000000
__Hibigdata                                            ibigdata     000000
__Hidata                                               idata        000000
__HidataBANK0                                          idataBANK0   000000
__HidataBANK1                                          idataBANK1   000000
__HidataBIGRAM                                         idataBIGRAM  000000
__Hidloc                                               idloc        200010
__Hifardata                                            ifardata     000000
__Hinit                                                init         0000B2
__Hintsave_regs                                        intsave_regs 000000
__Hirdata                                              irdata       000000
__Hivt0x8                                              ivt0x8       0000AE
__Hmediumconst                                         mediumconst  010000
__HnvFARRAM                                            nvFARRAM     000000
__Hnvbit                                               nvbit        000000
__Hnvrram                                              nvrram       000000
__Hparam                                               rparam       000000
__Hpowerup                                             powerup      000000
__Hram                                                 ram          000000
__Hramtop                                              ramtop       002000
__Hrbit                                                rbit         000000
__Hrbss                                                rbss         000000
__Hrdata                                               rdata        000000
__Hreset_vec                                           reset_vec    000004
__Hrparam                                              rparam       000000
__Hsfr                                                 sfr          000000
__Hsmallconst                                          smallconst   000000
__Hspace_0                                             (abs)        0149D6
__Hspace_1                                             (abs)        0009FF
__Hspace_2                                             (abs)        000000
__Hspace_4                                             (abs)        60000A
__Hstack                                               stack        000000
__Hstruct                                              struct       000000
__Htemp                                                temp         000000
__Htext                                                text         000000
__Htext0                                               text0        000000
__Htext1                                               text1        000000
__Htext10                                              text10       000000
__Htext100                                             text100      000000
__Htext101                                             text101      000000
__Htext102                                             text102      000000
__Htext103                                             text103      000000
__Htext104                                             text104      000000
__Htext105                                             text105      000000
__Htext106                                             text106      000000
__Htext107                                             text107      000000
__Htext108                                             text108      000000
__Htext109                                             text109      000000
__Htext11                                              text11       000000
__Htext110                                             text110      000000
__Htext111                                             text111      000000
__Htext112                                             text112      000000
__Htext113                                             text113      000000
__Htext114                                             text114      000000
__Htext115                                             text115      000000
__Htext116                                             text116      000000
__Htext117                                             text117      000000
__Htext118                                             text118      000000
__Htext119                                             text119      000000
__Htext12                                              text12       000000
__Htext120                                             text120      000000
__Htext121                                             text121      000000
__Htext122                                             text122      000000
__Htext123                                             text123      000000
__Htext124                                             text124      000000
__Htext125                                             text125      000000
__Htext126                                             text126      000000
__Htext127                                             text127      000000
__Htext128                                             text128      000000
__Htext129                                             text129      000000
__Htext13                                              text13       000000
__Htext130                                             text130      000000
__Htext131                                             text131      000000
__Htext14                                              text14       000000
__Htext15                                              text15       000000
__Htext16                                              text16       000000
__Htext17                                              text17       000000
__Htext18                                              text18       000000
__Htext19                                              text19       000000
__Htext2                                               text2        000000
__Htext20                                              text20       000000
__Htext21                                              text21       000000
__Htext22                                              text22       000000
__Htext23                                              text23       000000
__Htext24                                              text24       000000
__Htext25                                              text25       000000
__Htext26                                              text26       000000
__Htext27                                              text27       000000
__Htext28                                              text28       000000
__Htext29                                              text29       000000
__Htext3                                               text3        000000
__Htext30                                              text30       000000
__Htext31                                              text31       000000
__Htext32                                              text32       000000
__Htext33                                              text33       000000
__Htext34                                              text34       000000
__Htext35                                              text35       000000
__Htext36                                              text36       000000
__Htext37                                              text37       000000
__Htext38                                              text38       000000
__Htext39                                              text39       000000
__Htext4                                               text4        000000
__Htext40                                              text40       000000
__Htext41                                              text41       000000
__Htext42                                              text42       000000
__Htext43                                              text43       000000
__Htext44                                              text44       000000
__Htext45                                              text45       000000
__Htext46                                              text46       000000
__Htext47                                              text47       000000
__Htext48                                              text48       000000
__Htext49                                              text49       000000
__Htext5                                               text5        000000
__Htext50                                              text50       000000
__Htext51                                              text51       000000
__Htext52                                              text52       000000
__Htext53                                              text53       000000
__Htext54                                              text54       000000
__Htext55                                              text55       000000
__Htext56                                              text56       000000
__Htext57                                              text57       000000
__Htext58                                              text58       000000
__Htext59                                              text59       000000
__Htext6                                               text6        000000
__Htext60                                              text60       000000
__Htext61                                              text61       000000
__Htext62                                              text62       000000
__Htext63                                              text63       000000
__Htext64                                              text64       000000
__Htext65                                              text65       000000
__Htext66                                              text66       000000
__Htext67                                              text67       000000
__Htext68                                              text68       000000
__Htext69                                              text69       000000
__Htext7                                               text7        000000
__Htext70                                              text70       000000
__Htext71                                              text71       000000
__Htext72                                              text72       000000
__Htext73                                              text73       000000
__Htext74                                              text74       000000
__Htext75                                              text75       000000
__Htext76                                              text76       000000
__Htext77                                              text77       000000
__Htext78                                              text78       000000
__Htext79                                              text79       000000
__Htext8                                               text8        000000
__Htext80                                              text80       000000
__Htext81                                              text81       000000
__Htext82                                              text82       000000
__Htext83                                              text83       000000
__Htext84                                              text84       000000
__Htext85                                              text85       000000
__Htext86                                              text86       000000
__Htext87                                              text87       000000
__Htext88                                              text88       000000
__Htext89                                              text89       000000
__Htext9                                               text9        000000
__Htext90                                              text90       000000
__Htext91                                              text91       000000
__Htext92                                              text92       000000
__Htext93                                              text93       000000
__Htext94                                              text94       000000
__Htext95                                              text95       000000
__Htext96                                              text96       000000
__Htext97                                              text97       000000
__Htext98                                              text98       000000
__Htext99                                              text99       000000
__LRAM                                                 (abs)        000001
__Labs1                                                abs1         000000
__Lbank0                                               bank0        000000
__Lbank1                                               bank1        000000
__Lbank10                                              bank10       000000
__Lbank11                                              bank11       000000
__Lbank12                                              bank12       000000
[...]
fputs@i                                                cstackBANK0  00006A
fputs@s                                                cstackBANK0  000065
intlevel0                                              text         000000
intlevel1                                              text         000000
intlevel2                                              text         000000
intlevel3                                              text         000000
isa$std                                                (abs)        000001
isa$xinst                                              (abs)        000000
isdigit@c                                              cstackCOMRAM 00001E
isspace@c                                              cstackCOMRAM 00001E
isupper@c                                              cstackCOMRAM 00001E
ivt0x8_base                                            ivt0x8       000008
ivt0x8_undefint                                        ivt0x8       0000AC
linux_getc@a_data                                      cstackCOMRAM 00001F
linux_putc@a_len                                       cstackBANK0  000071
linux_putc@data                                        cstackBANK0  00006F
memcpy@d                                               cstackBANK0  000061
memcpy@d1                                              cstackCOMRAM 00001E
memcpy@n                                               cstackCOMRAM 000022
memcpy@s                                               cstackBANK0  000063
memcpy@s1                                              cstackCOMRAM 000020
memcpy@tmp                                             cstackBANK0  000060
memset@c                                               cstackCOMRAM 000020
memset@dest                                            cstackCOMRAM 00001E
memset@k                                               cstackBANK0  000060
memset@n                                               cstackCOMRAM 000022
memset@s                                               cstackBANK0  000062
pad@buf                                                cstackBANK0  00006E
pad@fp                                                 cstackBANK0  00006C
pad@i                                                  cstackBANK0  000073
pad@p                                                  cstackBANK0  000070
pad@w                                                  cstackBANK0  000075
printf@ap                                              cstackBANK1  0001F3
printf@fmt                                             cstackBANK2  0002D0
putch@txData                                           cstackCOMRAM 00001F
puts@s                                                 cstackBANK0  00006C
ringBufS_flush@_this                                   cstackBANK0  000064
ringBufS_flush@clearBuffer                             cstackBANK0  000066
ringBufS_init@_this                                    cstackBANK0  000064
ringBufS_put_dma@_this                                 cstackCOMRAM 00001E
ringBufS_put_dma@c                                     cstackCOMRAM 000020
ringBufS_put_dma_cpy@_this                             cstackBANK0  000065
ringBufS_put_dma_cpy@len                               cstackBANK0  000069
ringBufS_put_dma_cpy@ptr                               cstackBANK0  000067
send_lcd_cmd@cmd                                       cstackCOMRAM 000022
send_lcd_cmd_dma@strPtr                                cstackBANK0  000068
send_lcd_cmd_long@cmd                                  cstackCOMRAM 000022
send_lcd_data@data                                     cstackCOMRAM 000022
send_lcd_data_dma@strPtr                               cstackBANK0  000067
sprintf@ap                                             cstackBANK2  0002D0
sprintf@f                                              cstackBANK2  0002D2
sprintf@fmt                                            cstackBANK1  0001F5
sprintf@s                                              cstackBANK1  0001F3
stackhi                                                (abs)        000000
stacklo                                                (abs)        000000
start                                                  init         0000AE
start_initialization                                   cinit        012F1C
stoa@F1164                                             dataBANK1    0001BD
stoa@cp                                                cstackBANK0  000074
stoa@fp                                                cstackBANK0  000065
stoa@i                                                 cstackBANK0  000070
stoa@l                                                 cstackBANK0  000078
stoa@nuls                                              cstackBANK0  000069
stoa@p                                                 cstackBANK0  000076
stoa@s                                                 cstackBANK0  000067
stoa@w                                                 cstackBANK0  000072
strcpy@d                                               cstackBANK0  000062
strcpy@dest                                            cstackCOMRAM 00001E
strcpy@s                                               cstackBANK0  000060
strcpy@src                                             cstackCOMRAM 000020
strlen@a                                               cstackCOMRAM 000020
strlen@s                                               cstackCOMRAM 00001E
strncmp@_l                                             cstackBANK0  000060
strncmp@_r                                             cstackBANK0  000062
strncmp@l                                              cstackBANK0  000066
strncmp@n                                              cstackBANK0  000064
strncmp@r                                              cstackBANK0  000068
tolower@c                                              cstackCOMRAM 000024
utoa@d                                                 cstackBANK0  00007B
utoa@fp                                                cstackBANK0  000079
utoa@i                                                 cstackBANK0  000097
utoa@n                                                 cstackBANK0  00008F
utoa@p                                                 cstackBANK0  00008B
utoa@w                                                 cstackBANK0  00008D
vfpfcnvrt@ap                                           cstackBANK0  0000CD
vfpfcnvrt@c                                            cstackBANK0  0000E1
vfpfcnvrt@cp                                           cstackBANK0  0000DB
vfpfcnvrt@ct                                           cstackBANK0  0000E2
vfpfcnvrt@done                                         cstackBANK0  0000DD
vfpfcnvrt@f                                            cstackBANK0  0000E5
vfpfcnvrt@fmt                                          cstackBANK0  0000CB
vfpfcnvrt@fp                                           cstackBANK0  0000C9
vfpfcnvrt@llu                                          cstackBANK0  0000D3
vfprintf@ap                                            cstackBANK1  0001EF
vfprintf@cfmt                                          cstackBANK1  0001F1
vfprintf@fmt                                           cstackBANK1  0001ED
vfprintf@fp                                            cstackBANK1  0001EB
wdtdelay@dcount                                        bssBANK1     00019E
wdtdelay@delay                                         cstackCOMRAM 00001E


MODULE INFORMATION

Module		Function		Class		Link	Load	Size
/opt/microchip/xc8/v2.36/pic/sources/c99/common/__fpclassifyf.c
		___fpclassifyf 		CODE           	1325A	0000	204

/opt/microchip/xc8/v2.36/pic/sources/c99/common/__fpclassifyf.c estimated size: 204

/opt/microchip/xc8/v2.36/pic/sources/c99/common/memset.c
		_memset        		CODE           	12A70	0000	334

/opt/microchip/xc8/v2.36/pic/sources/c99/common/memset.c estimated size: 334

/opt/microchip/xc8/v2.36/pic/sources/c99/common/isupper.c
		_isupper       		CODE           	144A6	0000	48

/opt/microchip/xc8/v2.36/pic/sources/c99/common/isupper.c estimated size: 48

ringbufs.c
		_ringBufS_init 		CODE           	14702	0000	30
		_ringBufS_flush		CODE           	13D70	0000	84
		_ringBufS_put_dma_cpy		CODE           	13D1C	0000	84
		_ringBufS_put_dma		CODE           	13DC4	0000	82

ringbufs.c estimated size: 280

timers.c
		_Timers_Isr    		CODE           	13E16	0000	82

timers.c estimated size: 82

disp_led.c
		_display_led   		CODE           	134A0	0000	184

disp_led.c estimated size: 184

mcc_generated_files/tmr6.c
		_TMR6_CallBack 		CODE           	14634	0000	36
		_TMR6_ISR      		CODE           	14408	0000	58
		_TMR6_Initialize		CODE           	14562	0000	46
		_TMR6_SetInterruptHandler		CODE           	14932	0000	14
		_TMR6_DefaultInterruptHandler		CODE           	149CC	0000	2

mcc_generated_files/tmr6.c estimated size: 156

mcc_generated_files/pwm6.c
		_PWM6_LoadDutyValue		CODE           	14442	0000	50
		_PWM6_Initialize		CODE           	1482A	0000	24

mcc_generated_files/pwm6.c estimated size: 74

/opt/microchip/xc8/v2.36/pic/sources/c99/common/doprnt.c
		_vfpfcnvrt     		CODE           	109B8	0000	1984
		_efgtoa        		CODE           	10000	0000	2488
		_pad           		CODE           	13760	0000	154
		_vfprintf      		CODE           	13C10	0000	92
		_stoa          		CODE           	12920	0000	336
		_utoa          		CODE           	1230A	0000	432

/opt/microchip/xc8/v2.36/pic/sources/c99/common/doprnt.c estimated size: 5486

/opt/microchip/xc8/v2.36/pic/sources/c99/common/flneg.c
		___flneg       		CODE           	14534	0000	46

/opt/microchip/xc8/v2.36/pic/sources/c99/common/flneg.c estimated size: 46

/opt/microchip/xc8/v2.36/pic/sources/c99/common/nf_fputc.c
		_fputc         		CODE           	13558	0000	184

/opt/microchip/xc8/v2.36/pic/sources/c99/common/nf_fputc.c estimated size: 184

/opt/microchip/xc8/v2.36/pic/sources/c99/common/atoi.c
		_atoi          		CODE           	12D00	0000	320

/opt/microchip/xc8/v2.36/pic/sources/c99/common/atoi.c estimated size: 320

/opt/microchip/xc8/v2.36/pic/sources/c99/common/fleq.c
		___fleq        		CODE           	137FA	0000	138

/opt/microchip/xc8/v2.36/pic/sources/c99/common/fleq.c estimated size: 138

mcc_generated_files/tmr2.c
		_TMR2_Initialize		CODE           	1473E	0000	30

mcc_generated_files/tmr2.c estimated size: 30

mcc_generated_files/interrupt_manager.c
		_INTERRUPT_Initialize		CODE           	13F02	0000	74
		_Default_ISR   		CODE           	149D0	0000	2

mcc_generated_files/interrupt_manager.c estimated size: 76

/opt/microchip/xc8/v2.36/pic/sources/c99/common/Umul16.c
		___wmul        		CODE           	145BE	0000	42

/opt/microchip/xc8/v2.36/pic/sources/c99/common/Umul16.c estimated size: 42

/opt/microchip/xc8/v2.36/pic/sources/c99/common/puts.c
		_puts          		CODE           	14230	0000	60

/opt/microchip/xc8/v2.36/pic/sources/c99/common/puts.c estimated size: 60

/opt/microchip/xc8/v2.36/pic/sources/c99/common/lomod.c
		___lomod       		CODE           	13610	0000	174

/opt/microchip/xc8/v2.36/pic/sources/c99/common/lomod.c estimated size: 174

eadog.c
		_init_display  		CODE           	13326	0000	192
		_eaDogM_WriteCommand		CODE           	14898	0000	14
		_source_dma_done		CODE           	149B8	0000	6
		_wdtdelay      		CODE           	143CE	0000	58
		_send_lcd_cmd  		CODE           	14394	0000	58
		_send_lcd_cmd_dma		CODE           	14720	0000	30
		_send_lcd_data 		CODE           	146E2	0000	32
		_send_lcd_data_dma		CODE           	14136	0000	64
		_wait_lcd_set  		CODE           	149A0	0000	6
		_wait_lcd_done 		CODE           	148A6	0000	14
		_send_lcd_cmd_long		CODE           	1435A	0000	58
		_start_lcd     		CODE           	149A6	0000	6
		_eaDogM_WriteString		CODE           	13908	0000	132

eadog.c estimated size: 670

/opt/microchip/xc8/v2.36/pic/sources/c99/common/isspace.c
		_isspace       		CODE           	14176	0000	62

/opt/microchip/xc8/v2.36/pic/sources/c99/common/isspace.c estimated size: 62

mcc_generated_files/pin_manager.c
		_PIN_MANAGER_Initialize		CODE           	1318C	0000	206

mcc_generated_files/pin_manager.c estimated size: 206

mcc_generated_files/spi1.c
		_SPI1_Initialize		CODE           	147B0	0000	26
		_SPI1_ExchangeByte		CODE           	14796	0000	26

mcc_generated_files/spi1.c estimated size: 52

/opt/microchip/xc8/v2.36/pic/sources/c99/common/memcpy.c
		_memcpy        		CODE           	13CC6	0000	86

/opt/microchip/xc8/v2.36/pic/sources/c99/common/memcpy.c estimated size: 86

/opt/microchip/xc8/v2.36/pic/sources/c99/common/tolower.c
		_tolower       		CODE           	14320	0000	58

/opt/microchip/xc8/v2.36/pic/sources/c99/common/tolower.c estimated size: 58

/opt/microchip/xc8/v2.36/pic/sources/c99/common/strncmp.c
		_strncmp       		CODE           	12664	0000	362

/opt/microchip/xc8/v2.36/pic/sources/c99/common/strncmp.c estimated size: 362

/opt/microchip/xc8/v2.36/pic/sources/c99/common/sprcmul.c
		___flmul       		CODE           	11578	0000	848

/opt/microchip/xc8/v2.36/pic/sources/c99/common/sprcmul.c estimated size: 848

/opt/microchip/xc8/v2.36/pic/sources/c99/common/awmod.c
		___awmod       		CODE           	13A74	0000	112

/opt/microchip/xc8/v2.36/pic/sources/c99/common/awmod.c estimated size: 112

/opt/microchip/xc8/v2.36/pic/sources/c99/common/sprcdiv.c
		___fldiv       		CODE           	11EC4	0000	648

/opt/microchip/xc8/v2.36/pic/sources/c99/common/sprcdiv.c estimated size: 648

mcc_generated_files/dma1.c
		_DMA1_Initialize		CODE           	13BB2	0000	94
		_DMA1_SetSCNTIInterruptHandler		CODE           	1495C	0000	14
		_DMA1_DefaultInterruptHandler		CODE           	149D4	0000	2
		_DMA1_DMASCNTI_ISR		CODE           	140F4	0000	66

mcc_generated_files/dma1.c estimated size: 176

mcc_generated_files/uart1.c
		_UART1_FramingError_ISR		CODE           	14998	0000	8
		_UART1_rx_vect_isr		CODE           	13FDC	0000	72
		_UART1_Write   		CODE           	1426C	0000	60
		_putch         		CODE           	14984	0000	10
		_UART1_UartInterrupt_ISR		CODE           	149BE	0000	6
		_UART1_SetFramingErrorHandler		CODE           	14916	0000	14
		_UART1_SetOverrunErrorHandler		CODE           	148FA	0000	14
		_UART1_tx_vect_isr		CODE           	13F94	0000	72
		_UART1_Receive_ISR		CODE           	136BE	0000	162
		_UART1_SetRxInterruptHandler		CODE           	148EC	0000	14
		_UART1_SetTxInterruptHandler		CODE           	148DE	0000	14
		_UART1_Initialize		CODE           	12E40	0000	220
		_UART1_SetErrorHandler		CODE           	14924	0000	14
		_UART1_Transmit_ISR		CODE           	14590	0000	46
		_UART1_Read    		CODE           	141B4	0000	62
		_UART1_vect_isr		CODE           	142E4	0000	60
		_UART1_DefaultFramingErrorHandler		CODE           	149C8	0000	2
		_UART1_SetFramingErrorInterruptHandler		CODE           	14908	0000	14
		_UART1_SetUartInterruptHandler		CODE           	148D0	0000	14
		_UART1_is_rx_ready		CODE           	148C2	0000	14
		_UART1_DefaultErrorHandler		CODE           	149B2	0000	6
		_UART1_framing_err_vect_isr		CODE           	142A8	0000	60
		_UART1_RxDataHandler		CODE           	146C0	0000	34
		_UART1_DefaultOverrunErrorHandler		CODE           	149C6	0000	2

mcc_generated_files/uart1.c estimated size: 994

mcc_generated_files/tmr5.c
		_TMR5_ISR      		CODE           	13E68	0000	78
		_TMR5_Initialize		CODE           	13F4C	0000	72
		_TMR5_SetInterruptHandler		CODE           	14940	0000	14
		_TMR5_DefaultInterruptHandler		CODE           	149D2	0000	2
		_TMR5_WriteTimer		CODE           	14658	0000	36

mcc_generated_files/tmr5.c estimated size: 202

/opt/microchip/xc8/v2.36/pic/sources/c99/common/printf.c
		_printf        		CODE           	145E8	0000	40

/opt/microchip/xc8/v2.36/pic/sources/c99/common/printf.c estimated size: 40

/opt/microchip/xc8/v2.36/pic/sources/c99/common/lodiv.c
		___lodiv       		CODE           	130BE	0000	206

/opt/microchip/xc8/v2.36/pic/sources/c99/common/lodiv.c estimated size: 206

shared
		_cmdm          		MEDIUMCONST    	FE98	0000	28
		__initialization		CODE           	12F1C	0000	204
		_spi1_configuration		MEDIUMCONST    	0000	0000	0

shared estimated size: 232

mcc_generated_files/pwm5.c
		_PWM5_LoadDutyValue		CODE           	14474	0000	50
		_PWM5_Initialize		CODE           	14842	0000	24

mcc_generated_files/pwm5.c estimated size: 74

mcc_generated_files/mcc.c
		_SystemArbiter_Initialize		CODE           	1494E	0000	14
		_PMD_Initialize		CODE           	1469E	0000	34
		_OSCILLATOR_Initialize		CODE           	1477A	0000	28
		_SYSTEM_Initialize		CODE           	141F2	0000	62

mcc_generated_files/mcc.c estimated size: 138

/opt/microchip/xc8/v2.36/pic/sources/c99/common/strlen.c
		_strlen        		CODE           	13EB6	0000	76

/opt/microchip/xc8/v2.36/pic/sources/c99/common/strlen.c estimated size: 76

/opt/microchip/xc8/v2.36/pic/sources/c99/common/flge.c
		___flge        		CODE           	12FEE	0000	208

/opt/microchip/xc8/v2.36/pic/sources/c99/common/flge.c estimated size: 208

/opt/microchip/xc8/v2.36/pic/sources/c99/common/floorf.c
		_floorf        		CODE           	124BA	0000	426

/opt/microchip/xc8/v2.36/pic/sources/c99/common/floorf.c estimated size: 426

/opt/microchip/xc8/v2.36/pic/sources/c99/common/nf_fputs.c
		_fputs         		CODE           	13AE4	0000	108

/opt/microchip/xc8/v2.36/pic/sources/c99/common/nf_fputs.c estimated size: 108

/opt/microchip/xc8/v2.36/pic/sources/c99/common/strcpy.c
		_strcpy        		CODE           	13B50	0000	98

/opt/microchip/xc8/v2.36/pic/sources/c99/common/strcpy.c estimated size: 98

/opt/microchip/xc8/v2.36/pic/sources/c99/common/awdiv.c
		___awdiv       		CODE           	13884	0000	132

/opt/microchip/xc8/v2.36/pic/sources/c99/common/awdiv.c estimated size: 132

/opt/microchip/xc8/v2.36/pic/sources/c99/common/fltol.c
		___fltol       		CODE           	133E6	0000	186

/opt/microchip/xc8/v2.36/pic/sources/c99/common/fltol.c estimated size: 186

/opt/microchip/xc8/v2.36/pic/sources/c99/common/isdigit.c
		_isdigit       		CODE           	144D6	0000	48

/opt/microchip/xc8/v2.36/pic/sources/c99/common/isdigit.c estimated size: 48

/opt/microchip/xc8/v2.36/pic/sources/c99/common/sprcadd.c
		___flsub       		CODE           	14024	0000	70
		___fladd       		CODE           	118C8	0000	780

/opt/microchip/xc8/v2.36/pic/sources/c99/common/sprcadd.c estimated size: 850

mcc_generated_files/dac1.c
		_DAC1_GetOutput		CODE           	149AC	0000	6
		_DAC1_SetOutput		CODE           	1498E	0000	10
		_DAC1_Initialize		CODE           	14978	0000	12

mcc_generated_files/dac1.c estimated size: 28

/opt/microchip/xc8/v2.36/pic/sources/c99/common/xxtofl.c
		___xxtofl      		CODE           	12BBE	0000	322

/opt/microchip/xc8/v2.36/pic/sources/c99/common/xxtofl.c estimated size: 322

mcc_generated_files/adcc.c
		_ADCC_DefaultInterruptHandler		CODE           	149CA	0000	2
		_ADCC_GetConversionResult		CODE           	1485A	0000	22
		_ADCC_SetADIInterruptHandler		CODE           	1496A	0000	14
		_ADCC_ISR      		CODE           	140B0	0000	66
		_ADCC_Initialize		CODE           	13A02	0000	114

mcc_generated_files/adcc.c estimated size: 218

scdm.c
		_cli_read      		CODE           	127CE	0000	338
		_cli_init      		CODE           	1406A	0000	68
		__cli_interpret_cmd		CODE           	1214C	0000	446
		_linux_getc    		CODE           	14610	0000	36
		_linux_putc    		CODE           	148B4	0000	14
		_scmd_init     		CODE           	147CA	0000	24

scdm.c estimated size: 926

main.c
		_fh_po         		CODE           	14870	0000	20
		_fh_pu         		CODE           	14812	0000	24
		_Led_Blink     		CODE           	1475C	0000	30
		_main          		CODE           	11BD4	0000	752
		_fh_pd         		CODE           	147FA	0000	24
		_fh_pl         		CODE           	147E2	0000	24
		_fh_pr         		CODE           	1467C	0000	34
		_Adc_Isr       		CODE           	1398C	0000	118
		_fh_ps         		CODE           	14884	0000	20

main.c estimated size: 1046

/opt/microchip/xc8/v2.36/pic/sources/c99/common/nf_sprintf.c
		_sprintf       		CODE           	13C6C	0000	90

/opt/microchip/xc8/v2.36/pic/sources/c99/common/nf_sprintf.c estimated size: 90

