Microchip MPLAB XC8 Compiler V2.36

Linker command line:

-W-3 --edf=/opt/microchip/xc8/v2.36/pic/dat/en_msgs.txt -pivt0x8=08h -cn \
  -h+dist/default/production/ps_test.X.production.sym \
  --cmf=dist/default/production/ps_test.X.production.cmf -z -Q18F57K42 \
  -o/tmp/xcXdAOdkE --defsym=__MPLAB_BUILD=1 \
  -Mdist/default/production/ps_test.X.production.map \
  --md=/tmp/xcXNjPgpF.dat -E1 -ver=XC8 Compiler --acfsm=1493 \
  -ACODE=00h-01FFFFh -ACONST=00h-01FFFFh -ASMALLCONST=02000h-020FFhx480 \
  -AMEDIUMCONST=02000h-0FFFFh,012000h-01FFFFh -ACOMRAM=01h-05Fh \
  -AABS1=00h-01FFFh -ABIGRAM=01h-01FFFh -ARAM=060h-0FFh,0100h-01FFhx31 \
  -ABANK0=060h-0FFh -ABANK1=0100h-01FFh -ABANK2=0200h-02FFh \
  -ABANK3=0300h-03FFh -ABANK4=0400h-04FFh -ABANK5=0500h-05FFh \
  -ABANK6=0600h-06FFh -ABANK7=0700h-07FFh -ABANK8=0800h-08FFh \
  -ABANK9=0900h-09FFh -ABANK10=0A00h-0AFFh -ABANK11=0B00h-0BFFh \
  -ABANK12=0C00h-0CFFh -ABANK13=0D00h-0DFFh -ABANK14=0E00h-0EFFh \
  -ABANK15=0F00h-0FFFh -ABANK16=01000h-010FFh -ABANK17=01100h-011FFh \
  -ABANK18=01200h-012FFh -ABANK19=01300h-013FFh -ABANK20=01400h-014FFh \
  -ABANK21=01500h-015FFh -ABANK22=01600h-016FFh -ABANK23=01700h-017FFh \
  -ABANK24=01800h-018FFh -ABANK25=01900h-019FFh -ABANK26=01A00h-01AFFh \
  -ABANK27=01B00h-01BFFh -ABANK28=01C00h-01CFFh -ABANK29=01D00h-01DFFh \
  -ABANK30=01E00h-01EFFh -ABANK31=01F00h-01FFFh \
  -ASFR=03800h-038FFhx7,03F00h-03F5Fh,03F60h-03FFFh -ABIGSFR=03800h-03FFFh \
  -ACONFIG=0300000h-0300009h -AIDLOC=0200000h-020000Fh \
  -AEEDATA=0310000h-03103FFh -peeprom_data=EEDATA -preset_vec=00h \
  -ppowerup=CODE,init -pramtop=02000h -psmallconst=SMALLCONST \
  -pmediumconst=MEDIUMCONST -pconst=CONST -AFARRAM=00h-00h \
  -prdata=COMRAM,nvrram=COMRAM,nvbit=COMRAM,rbss=COMRAM,rbit=COMRAM \
  -pfarbss=FARRAM,fardata=FARRAM,nvFARRAM=FARRAM \
  -pintsave_regs=BIGRAM,bigbss=BIGRAM,bigdata=BIGRAM -pbss=RAM \
  -pidata=CODE,irdata=CODE,ibigdata=CODE,ifardata=CODE -prparam=COMRAM \
  /tmp/xcXcoIlnc.o dist/default/production/ps_test.X.production.o 

Object code version is 3.11

Machine type is 18F57K42



                Name                               Link     Load   Length Selector   Space Scale
/tmp/xcXcoIlnc.o
                idloc                            200000   200000       10        0       5
                config                           300000   300000        A        0       4
                init                                 AE       AE        4        4       0
                reset_vec                             0        0        4        0       0
dist/default/production/ps_test.X.production.o
                idloc                            200000   200000       10        0       5
                config                           300000   300000        A        0       4
                mediumconst                        FDBE     FDBE      242     7EDF       0
                ivt0x8                                8        8       A6        4       0
                text142                           156BC    156BC        6     AB3E       0
                text141                           14F18    14F18       3E     53C6       0
                text140                           1569C    1569C        8     AB3E       0
                text139                           14ED8    14ED8       3E     53B6       0
                text138                           156C2    156C2        4     AB3E       0
                text137                           156D4    156D4        2     AB3E       0
                text136                           14CDC    14CDC       42     5337       0
                text135                           152B2    152B2       24     5402       0
                text134                           14914    14914       52     8000       0
                text133                           156D2    156D2        2     AB3E       0
                text132                           14A54    14A54       4E     5295       0
                text131                           156D0    156D0        2     AB3E       0
                text130                           156CE    156CE        2     AB3E       0
                text129                           1543A    1543A       1E     5402       0
                text128                           1528E    1528E       24     5402       0
                text127                           15008    15008       3A     5402       0
                text126                           15554    15554       16     5402       0
                text125                           13A7A    13A7A       E8     8000       0
                text124                           156CC    156CC        2     AB3E       0
                text123                           14C98    14C98       42     52E0       0
                text122                           15380    15380       22     5402       0
                text121                           156B6    156B6        6     AB3E       0
                text120                           156CA    156CA        2     AB3E       0
                text119                           156C8    156C8        2     AB3E       0
                text118                           14236    14236       A2     8000       0
                text117                           14BC8    14BC8       48     52E0       0
                text116                           1519A    1519A       2E     5402       0
                text115                           14B80    14B80       48     52E0       0
                text114                           156B0    156B0        6     AB3E       0
                text113                           15692    15692        A     AB3E       0
                text112                           1541C    1541C       1E     5402       0
                text111                           15042    15042       34     5402       0
                text110                           150DA    150DA       32     5402       0
                text109                           15660    15660        E     5402       0
                text108                           1447C    1447C       74     8000       0
                text107                           1567C    1567C        C     AB3E       0
                text106                           15652    15652        E     5402       0
                text105                           1475E    1475E       60     8000       0
                text104                           14AEC    14AEC       4A     5295       0
                text103                           15474    15474       1C     5402       0
                text102                           13D00    13D00       CE     8000       0
                text101                           1535E    1535E       22     5402       0
                text100                           1553C    1553C       18     5402       0
                text99                            15524    15524       18     5402       0
                text98                            154AA    154AA       1A     5402       0
                text97                            15644    15644        E     5402       0
                text96                            153FE    153FE       1E     5402       0
                text95                            15636    15636        E     5402       0
                text94                            14AA2    14AA2       4A     5295       0
                text93                            15628    15628        E     5402       0
                text92                            1513C    1513C       30     5402       0
                text91                            1561A    1561A        E     5402       0
                text90                            1560C    1560C        E     5402       0
                text89                            155FE    155FE        E     5402       0
                text88                            155F0    155F0        E     5402       0
                text87                            155E2    155E2        E     5402       0
                text86                            155D4    155D4        E     5402       0
                text85                            155C6    155C6        E     5402       0
                text84                            1398C    1398C       EE     8000       0
                text83                            14E98    14E98       3E     5337       0
                text82                            1510C    1510C       30     5402       0
                text81                            1521A    1521A       28     5402       0
                text80                            151F2    151F2       28     5402       0
                text79                            14D9E    14D9E       40     5337       0
                text78                            14F56    14F56       3C     53C6       0
                text77                            15688    15688        A     AB3E       0
                text76                            140D2    140D2       B6     8000       0
                text75                            145CE    145CE       6A     8000       0
                text74                            14FCC    14FCC       3A     53C6       0
                text73                            1550C    1550C       18     5402       0
                text72                            153E0    153E0       1E     5402       0
                text71                            15458    15458       1C     5402       0
                text70                            1557C    1557C       12     5402       0
                text69                            1556A    1556A       12     5402       0
                text68                            154F4    154F4       18     5402       0
                text67                            154DC    154DC       18     5402       0
                text66                            1533C    1533C       22     5402       0
                text65                            1531A    1531A       22     5402       0
                text64                            14A04    14A04       4E     8000       0
                text63                            130B2    130B2      16C     8000       0
                text62                            12B9E    12B9E      1B8     8000       0
                text61                            14E5A    14E5A       3E     5337       0
                text60                            155B8    155B8        E     5402       0
                text59                            15268    15268       26     5402       0
                text58                            155AA    155AA        E     5402       0
                text57                            134BA    134BA      14C     8000       0
                text56                            1321E    1321E      150     8000       0
                text55                            13F5C    13F5C       BC     8000       0
                text54                            148C0    148C0       54     8000       0
                text53                            1486C    1486C       54     8000       0
                text52                            156AA    156AA        6     AB3E       0
                text51                            156A4    156A4        6     AB3E       0
                text50                            14D5E    14D5E       40     5337       0
                text49                            1559C    1559C        E     5402       0
                text48                            153C2    153C2       1E     5402       0
                text47                            1558E    1558E        E     5402       0
                text46                            149B6    149B6       4E     8000       0
                text45                            14818    14818       54     8000       0
                text44                            14560    14560       6E     8000       0
                text43                            14638    14638       64     8000       0
                text42                            153A2    153A2       20     5402       0
                text41                            15490    15490       1A     5402       0
                text40                            14B36    14B36       48     5295       0
                text39                            14E1C    14E1C       3E     5337       0
                text38                            14DDE    14DDE       3E     5337       0
                text37                            152F8    152F8       22     5402       0
                text36                            13E9A    13E9A       C2     8000       0
                text35                            151C8    151C8       2A     5402       0
                text34                            150A8    150A8       32     5402       0
                text33                            14D1E    14D1E       40     5337       0
                text32                            13748    13748      140     8000       0
                text31                            143F8    143F8       84     8000       0
                text30                            144F0    144F0       70     8000       0
                text29                            12916    12916      288     8000       0
                text28                            1436E    1436E       8A     8000       0
                text27                            13B62    13B62       D0     8000       0
                text26                            11FE2    11FE2      350     8000       0
                text25                            1516C    1516C       2E     5402       0
                text24                            12332    12332      30C     8000       0
                text23                            14C10    14C10       46     52E0       0
                text22                            14018    14018       BA     8000       0
                text21                            13DCE    13DCE       CC     8000       0
                text20                            12F08    12F08      1AA     8000       0
                text19                            142D8    142D8       96     8000       0
                text18                            1469C    1469C       62     8000       0
                text17                            15076    15076       32     5402       0
                text16                            14F92    14F92       3A     53C6       0
                text15                            10000    10000      9B8     8000       0
                text14                            1336E    1336E      14C     8000       0
                text13                            13C32    13C32       CE     8000       0
                text12                            14188    14188       AE     8000       0
                text11                            12D56    12D56      1B2     8000       0
                text10                            109B8    109B8      710     8000       0
                text9                             146FE    146FE       60     8000       0
                text8                             15242    15242       26     5402       0
                text7                             13606    13606      142     8000       0
                text6                             152D6    152D6       22     5402       0
                text5                             117B8    117B8      42A     8000       0
                text4                             1263E    1263E      2D8     8000       0
                text3                             14C56    14C56       42     52E0       0
                text2                             154C4    154C4       18     5402       0
                text1                             14966    14966       50     8000       0
                text0                             110C8    110C8      6F0     8000       0
                cstackCOMRAM                          1        1       21        1       1
                cstackBANK0                          60       60       98       60       1
                cstackBANK1                         16C      16C       38      100       1
                dataBIGRAM                         1543     1543      400      583       1
                bssBIGRAM                           583      583      FC0      583       1
                bssBANK5                            500      500       83      500       1
                bssBANK4                            400      400       FF      400       1
                bssBANK3                            300      300       C3      300       1
                dataBANK2                           290      290       5A      200       1
                bssBANK2                            200      200       90      200       1
                dataBANK1                           1A4      1A4        D      100       1
                bssBANK1                            100      100       6C      100       1
                dataBANK0                            FB       FB        2       60       1
                bssBANK0                             F8       F8        3       60       1
                bssCOMRAM                            22       22       1F        1       1
                cinit                             13888    13888      104     8000       0
                idataBANK2                        147BE    147BE       5A     8000       0
                idataBANK1                        1566E    1566E        D     5402       0
                idataBANK0                        156C6    156C6        2     AB3E       0
                idataBIGRAM                       11BE2    11BE2      400     8000       0

TOTAL           Name                               Link     Load   Length     Space
        CLASS   CODE           
                init                                 AE       AE        4         0
                reset_vec                             0        0        4         0
                ivt0x8                                8        8       A6         0
                text142                           156BC    156BC        6         0
                text141                           14F18    14F18       3E         0
                text140                           1569C    1569C        8         0
                text139                           14ED8    14ED8       3E         0
                text138                           156C2    156C2        4         0
                text137                           156D4    156D4        2         0
                text136                           14CDC    14CDC       42         0
                text135                           152B2    152B2       24         0
                text134                           14914    14914       52         0
                text133                           156D2    156D2        2         0
                text132                           14A54    14A54       4E         0
                text131                           156D0    156D0        2         0
                text130                           156CE    156CE        2         0
                text129                           1543A    1543A       1E         0
                text128                           1528E    1528E       24         0
                text127                           15008    15008       3A         0
                text126                           15554    15554       16         0
                text125                           13A7A    13A7A       E8         0
                text124                           156CC    156CC        2         0
                text123                           14C98    14C98       42         0
                text122                           15380    15380       22         0
                text121                           156B6    156B6        6         0
                text120                           156CA    156CA        2         0
                text119                           156C8    156C8        2         0
                text118                           14236    14236       A2         0
                text117                           14BC8    14BC8       48         0
                text116                           1519A    1519A       2E         0
                text115                           14B80    14B80       48         0
                text114                           156B0    156B0        6         0
                text113                           15692    15692        A         0
                text112                           1541C    1541C       1E         0
                text111                           15042    15042       34         0
                text110                           150DA    150DA       32         0
                text109                           15660    15660        E         0
                text108                           1447C    1447C       74         0
                text107                           1567C    1567C        C         0
                text106                           15652    15652        E         0
                text105                           1475E    1475E       60         0
                text104                           14AEC    14AEC       4A         0
                text103                           15474    15474       1C         0
                text102                           13D00    13D00       CE         0
                text101                           1535E    1535E       22         0
                text100                           1553C    1553C       18         0
                text99                            15524    15524       18         0
                text98                            154AA    154AA       1A         0
                text97                            15644    15644        E         0
                text96                            153FE    153FE       1E         0
                text95                            15636    15636        E         0
                text94                            14AA2    14AA2       4A         0
                text93                            15628    15628        E         0
                text92                            1513C    1513C       30         0
                text91                            1561A    1561A        E         0
                text90                            1560C    1560C        E         0
                text89                            155FE    155FE        E         0
                text88                            155F0    155F0        E         0
                text87                            155E2    155E2        E         0
                text86                            155D4    155D4        E         0
                text85                            155C6    155C6        E         0
                text84                            1398C    1398C       EE         0
                text83                            14E98    14E98       3E         0
                text82                            1510C    1510C       30         0
                text81                            1521A    1521A       28         0
                text80                            151F2    151F2       28         0
                text79                            14D9E    14D9E       40         0
                text78                            14F56    14F56       3C         0
                text77                            15688    15688        A         0
                text76                            140D2    140D2       B6         0
                text75                            145CE    145CE       6A         0
                text74                            14FCC    14FCC       3A         0
                text73                            1550C    1550C       18         0
                text72                            153E0    153E0       1E         0
                text71                            15458    15458       1C         0
                text70                            1557C    1557C       12         0
                text69                            1556A    1556A       12         0
                text68                            154F4    154F4       18         0
                text67                            154DC    154DC       18         0
                text66                            1533C    1533C       22         0
                text65                            1531A    1531A       22         0
                text64                            14A04    14A04       4E         0
                text63                            130B2    130B2      16C         0
                text62                            12B9E    12B9E      1B8         0
                text61                            14E5A    14E5A       3E         0
                text60                            155B8    155B8        E         0
                text59                            15268    15268       26         0
                text58                            155AA    155AA        E         0
                text57                            134BA    134BA      14C         0
                text56                            1321E    1321E      150         0
                text55                            13F5C    13F5C       BC         0
                text54                            148C0    148C0       54         0
                text53                            1486C    1486C       54         0
                text52                            156AA    156AA        6         0
                text51                            156A4    156A4        6         0
                text50                            14D5E    14D5E       40         0
                text49                            1559C    1559C        E         0
                text48                            153C2    153C2       1E         0
                text47                            1558E    1558E        E         0
                text46                            149B6    149B6       4E         0
                text45                            14818    14818       54         0
                text44                            14560    14560       6E         0
                text43                            14638    14638       64         0
                text42                            153A2    153A2       20         0
                text41                            15490    15490       1A         0
                text40                            14B36    14B36       48         0
                text39                            14E1C    14E1C       3E         0
                text38                            14DDE    14DDE       3E         0
                text37                            152F8    152F8       22         0
                text36                            13E9A    13E9A       C2         0
                text35                            151C8    151C8       2A         0
                text34                            150A8    150A8       32         0
                text33                            14D1E    14D1E       40         0
                text32                            13748    13748      140         0
                text31                            143F8    143F8       84         0
                text30                            144F0    144F0       70         0
                text29                            12916    12916      288         0
                text28                            1436E    1436E       8A         0
                text27                            13B62    13B62       D0         0
                text26                            11FE2    11FE2      350         0
                text25                            1516C    1516C       2E         0
                text24                            12332    12332      30C         0
                text23                            14C10    14C10       46         0
                text22                            14018    14018       BA         0
                text21                            13DCE    13DCE       CC         0
                text20                            12F08    12F08      1AA         0
                text19                            142D8    142D8       96         0
                text18                            1469C    1469C       62         0
                text17                            15076    15076       32         0
                text16                            14F92    14F92       3A         0
                text15                            10000    10000      9B8         0
                text14                            1336E    1336E      14C         0
                text13                            13C32    13C32       CE         0
                text12                            14188    14188       AE         0
                text11                            12D56    12D56      1B2         0
                text10                            109B8    109B8      710         0
                text9                             146FE    146FE       60         0
                text8                             15242    15242       26         0
                text7                             13606    13606      142         0
                text6                             152D6    152D6       22         0
                text5                             117B8    117B8      42A         0
                text4                             1263E    1263E      2D8         0
                text3                             14C56    14C56       42         0
                text2                             154C4    154C4       18         0
                text1                             14966    14966       50         0
                text0                             110C8    110C8      6F0         0
                cinit                             13888    13888      104         0
                idataBANK2                        147BE    147BE       5A         0
                idataBANK1                        1566E    1566E        D         0
                idataBANK0                        156C6    156C6        2         0
                idataBIGRAM                       11BE2    11BE2      400         0

        CLASS   CONST          

        CLASS   SMALLCONST     

        CLASS   MEDIUMCONST    
                mediumconst                        FDBE     FDBE      242         0

        CLASS   COMRAM         
                cstackCOMRAM                          1        1       21         1
                bssCOMRAM                            22       22       1F         1

        CLASS   ABS1           

        CLASS   BIGRAM         
                dataBIGRAM                         1543     1543      400         1
                bssBIGRAM                           583      583      FC0         1

        CLASS   RAM            

        CLASS   BANK0          
                cstackBANK0                          60       60       98         1
                dataBANK0                            FB       FB        2         1
                bssBANK0                             F8       F8        3         1

        CLASS   BANK1          
                cstackBANK1                         16C      16C       38         1
                dataBANK1                           1A4      1A4        D         1
                bssBANK1                            100      100       6C         1

        CLASS   BANK2          
                dataBANK2                           290      290       5A         1
                bssBANK2                            200      200       90         1

        CLASS   BANK3          
                bssBANK3                            300      300       C3         1

        CLASS   BANK4          
                bssBANK4                            400      400       FF         1

        CLASS   BANK5          
                bssBANK5                            500      500       83         1

        CLASS   BANK6          

        CLASS   BANK7          

        CLASS   BANK8          

        CLASS   BANK9          

        CLASS   BANK10         

        CLASS   BANK11         

        CLASS   BANK12         

        CLASS   BANK13         

        CLASS   BANK14         

        CLASS   BANK15         

        CLASS   BANK16         

        CLASS   BANK17         

        CLASS   BANK18         

        CLASS   BANK19         

        CLASS   BANK20         

        CLASS   BANK21         

        CLASS   BANK22         

        CLASS   BANK23         

        CLASS   BANK24         

        CLASS   BANK25         

        CLASS   BANK26         

        CLASS   BANK27         

        CLASS   BANK28         

        CLASS   BANK29         

        CLASS   BANK30         

        CLASS   BANK31         

        CLASS   SFR            

        CLASS   BIGSFR         

        CLASS   CONFIG         
                config                           300000   300000        A         4

        CLASS   IDLOC          
                idloc                            200000   200000       10         5

        CLASS   EEDATA         

        CLASS   FARRAM         

        CLASS   HEAP           

        CLASS   STACK          



SEGMENTS        Name                           Load    Length   Top    Selector   Space  Class

                bssBIGRAM                      000583  0013C0  001943       583       1  BIGRAM  
                text15                         010000  004A52  014A52      8000       0  CODE    
                text115                        014B80  00015A  014CDA      52E0       0  CODE    
                text132                        014A54  00012A  014B7E      5295       0  CODE    
                text127                        015008  000673  01567B      5402       0  CODE    
                text141                        014F18  0000EE  015006      53C6       0  CODE    
                reset_vec                      000000  000004  000004         0       0  CODE    
                text107                        01567C  00005A  0156D6      AB3E       0  CODE    
                text139                        014ED8  00003E  014F16      53B6       0  CODE    
                text136                        014CDC  0001FA  014ED6      5337       0  CODE    
                bssBANK4                       000400  0000FF  0004FF       400       1  BANK4   
                cstackBANK0                    000060  00009D  0000FD        60       1  BANK0   
                bssBANK3                       000300  0000C3  0003C3       300       1  BANK3   
                cstackCOMRAM                   000001  000040  000041         1       1  COMRAM  
                mediumconst                    00FDBE  000242  010000      7EDF       0  MEDIUMCO
                bssBANK2                       000200  0000EA  0002EA       200       1  BANK2   
                ivt0x8                         000008  0000AA  0000B2         4       0  CODE    
                bssBANK5                       000500  000083  000583       500       1  BANK5   
                bssBANK1                       000100  0000B1  0001B1       100       1  BANK1   


UNUSED ADDRESS RANGES

        Name                Unused          Largest block    Delta
        BANK0            0000FD-0000FF                3
        BANK1            0001B1-0001FF               4F
        BANK2            0002EA-0002FF               16
        BANK25           001943-0019FF               BD
        BANK26           001A00-001AFF              100
        BANK27           001B00-001BFF              100
        BANK28           001C00-001CFF              100
        BANK29           001D00-001DFF              100
        BANK3            0003C3-0003FF               3D
        BANK30           001E00-001EFF              100
        BANK31           001F00-001FFF              100
        BANK4            0004FF-0004FF                1
        BIGRAM           000041-00005F               1F
                         0000FD-0000FF                3
                         0001B1-0001FF               4F
                         0002EA-0002FF               16
                         0003C3-0003FF               3D
                         0004FF-0004FF                1
                         001943-001FFF              6BD
        BIGSFR           003800-003FFF              800
        CODE             000004-000007                4
                         0000B2-00FDBD             FD0C
                         014A52-014A53                2
                         014B7E-014B7F                2
                         014CDA-014CDB                2
                         014ED6-014ED7                2
                         014F16-014F17                2
                         015006-015007                2
                         01567B-01567B                1
                         0156D6-01FFFF             A92A
        COMRAM           000041-00005F               1F
        CONST            000004-000007                4
                         0000B2-00FDBD             FD0C
                         014A52-014A53                2
                         014B7E-014B7F                2
                         014CDA-014CDB                2
                         014ED6-014ED7                2
                         014F16-014F17                2
                         015006-015007                2
                         01567B-01567B                1
                         0156D6-01FFFF             A92A
        EEDATA           310000-3103FF              400
        MEDIUMCONST      002000-00FDBD             DDBE
                         014A52-014A53                2
                         014B7E-014B7F                2
                         014CDA-014CDB                2
                         014ED6-014ED7                2
                         014F16-014F17                2
                         015006-015007                2
                         01567B-01567B                1
                         0156D6-01FFFF             A92A
        RAM              0000FD-0000FF                3
                         0001B1-0001FF               4F
                         0002EA-0002FF               16
                         0003C3-0003FF               3D
                         0004FF-0004FF                1
                         001943-001FFF              100
        SFR              003800-003FFF              100
        SMALLCONST       002000-00FDBD              100
                         014A52-014A53                2
                         014B7E-014B7F                2
                         014CDA-014CDB                2
                         014ED6-014ED7                2
                         014F16-014F17                2
                         015006-015007                2
                         01567B-01567B                1
                         0156D6-01FFFF              100

                                  Symbol Table

?_ADCC_GetConversionResult                             cstackCOMRAM 000001
?___awdiv                                              cstackBANK0  000060
?___awmod                                              cstackBANK0  000060
?___fladd                                              cstackBANK0  00008B
?___fldiv                                              cstackBANK0  000072
?___flmul                                              cstackBANK0  000072
?___flneg                                              cstackBANK0  000060
?___flsub                                              cstackBANK0  00009B
?___fltol                                              cstackBANK0  000060
?___fpclassifyf                                        cstackBANK0  000060
?___lodiv                                              cstackBANK0  000060
?___lomod                                              cstackBANK0  000060
?___wmul                                               cstackBANK0  000060
?___xxtofl                                             cstackBANK0  000064
?_atoi                                                 cstackBANK0  000065
?_efgtoa                                               cstackBANK0  0000A3
?_floorf                                               cstackBANK0  00008B
?_fputc                                                cstackBANK0  000060
?_fputs                                                cstackBANK0  000069
?_isdigit                                              cstackCOMRAM 000020
?_isspace                                              cstackCOMRAM 000020
?_isupper                                              cstackCOMRAM 000020
?_nanf                                                 cstackBANK0  000060
?_pad                                                  cstackBANK0  000072
?_printf                                               cstackBANK1  000182
?_sprintf                                              cstackBANK1  000182
?_sqrtf                                                cstackBANK0  00009B
?_stoa                                                 cstackBANK0  000069
?_strlen                                               cstackCOMRAM 000020
?_strncmp                                              cstackBANK0  000062
?_tolower                                              cstackBANK0  000064
?_utoa                                                 cstackBANK0  00007D
?_vfpfcnvrt                                            cstackBANK0  0000E1
?_vfprintf                                             cstackBANK0  0000EA
ADCC_SetADIInterruptHandler@InterruptHandler           cstackBANK0  000060
Adc_Isr@c_adc_chan                                     bssCOMRAM    000035
DAC1_SetOutput@inputData                               cstackCOMRAM 000020
DATAEE_ReadByte@bAdd                                   cstackCOMRAM 000020
DATAEE_WriteByte@GIEBitValue                           cstackCOMRAM 000020
DATAEE_WriteByte@bAdd                                  cstackBANK0  000060
DATAEE_WriteByte@bData                                 cstackBANK0  000062
DMA1_SetSCNTIInterruptHandler@InterruptHandler         cstackBANK0  000060
INTERRUPT_Initialize@state                             cstackCOMRAM 000020
IVTBASEH                                               (abs)        003FD6
IVTBASEL                                               (abs)        003FD5
IVTBASEU                                               (abs)        003FD7
PWM5_LoadDutyValue@dutyValue                           cstackCOMRAM 000020
PWM6_LoadDutyValue@dutyValue                           cstackCOMRAM 000020
SPI1_ExchangeByte@data                                 cstackCOMRAM 000020
StartTimer@count                                       cstackCOMRAM 000020
StartTimer@timer                                       cstackBANK0  000062
TMR5_SetInterruptHandler@InterruptHandler              cstackBANK0  000060
TMR5_WriteTimer@timerVal                               cstackCOMRAM 00000E
TMR6_ISR@CountCallBack                                 bssCOMRAM    000032
TMR6_SetInterruptHandler@InterruptHandler              cstackBANK0  000060
TimerDone@timer                                        cstackBANK0  000060
Timers_Isr@i                                           cstackCOMRAM 000010
UART1_Read@readValue                                   cstackCOMRAM 000020
UART1_SetErrorHandler@interruptHandler                 cstackBANK0  000060
UART1_SetFramingErrorHandler@interruptHandler          cstackBANK0  000060
UART1_SetFramingErrorInterruptHandler@InterruptHandler cstackBANK0  000060
UART1_SetOverrunErrorHandler@interruptHandler          cstackBANK0  000060
UART1_SetRxInterruptHandler@InterruptHandler           cstackBANK0  000060
UART1_SetTxInterruptHandler@InterruptHandler           cstackBANK0  000060
UART1_SetUartInterruptHandler@InterruptHandler         cstackBANK0  000060
UART1_Write@txData                                     cstackCOMRAM 000020
WaitMs@numMilliseconds                                 cstackBANK0  000063
_ADACCH                                                (abs)        003EE9
_ADACCL                                                (abs)        003EE8
_ADACCU                                                (abs)        003EEA
_ADACQH                                                (abs)        003EF4
_ADACQL                                                (abs)        003EF3
_ADACT                                                 (abs)        003EFE
_ADCAP                                                 (abs)        003EF5
_ADCC_ADI_InterruptHandler                             bssBANK1     000152
_ADCC_DefaultInterruptHandler                          text124      0156CC
_ADCC_GetConversionResult                              text126      015554
_ADCC_ISR                                              text123      014C98
_ADCC_Initialize                                       text108      01447C
_ADCC_SetADIInterruptHandler                           text109      015660
_ADCLK                                                 (abs)        003EFF
_ADCNT                                                 (abs)        003EEB
_ADCON0                                                (abs)        003EF8
_ADCON1                                                (abs)        003EF9
_ADCON2                                                (abs)        003EFA
_ADCON3                                                (abs)        003EFB
_ADERRH                                                (abs)        003EE3
_ADERRL                                                (abs)        003EE2
_ADFLTRH                                               (abs)        003EE7
_ADFLTRL                                               (abs)        003EE6
_ADLTHH                                                (abs)        003EDF
_ADLTHL                                                (abs)        003EDE
_ADPCH                                                 (abs)        003EF1
_ADPREH                                                (abs)        003EF7
_ADPREL                                                (abs)        003EF6
_ADPREVH                                               (abs)        003EEE
_ADPREVL                                               (abs)        003EED
_ADREF                                                 (abs)        003EFD
_ADRESH                                                (abs)        003EF0
_ADRESL                                                (abs)        003EEF
_ADRPT                                                 (abs)        003EEC
_ADSTAT                                                (abs)        003EFC
_ADSTPTH                                               (abs)        003EE5
_ADSTPTL                                               (abs)        003EE4
_ADUTHH                                                (abs)        003EE1
_ADUTHL                                                (abs)        003EE0
_ANSELA                                                (abs)        003A40
_ANSELB                                                (abs)        003A50
_ANSELC                                                (abs)        003A60
_ANSELD                                                (abs)        003A70
_ANSELE                                                (abs)        003A80
_ANSELF                                                (abs)        003A90
_Adc_Isr                                               text125      013A7A
_CCPTMRS1bits                                          (abs)        003F5F
_DAC1CON0                                              (abs)        003E9E
_DAC1CON1                                              (abs)        003E9C
_DAC1_GetOutput                                        text114      0156B0
_DAC1_Initialize                                       text107      01567C
_DAC1_SetOutput                                        text113      015692
_DATAEE_ReadByte                                       text112      01541C
_DATAEE_WriteByte                                      text79       014D9E
_DMA1AIRQ                                              (abs)        003BFE
_DMA1CON0                                              (abs)        003BFC
_DMA1CON0bits                                          (abs)        003BFC
_DMA1CON1                                              (abs)        003BFD
_DMA1CON1bits                                          (abs)        003BFD
_DMA1DPTR                                              (abs)        003BEC
_DMA1DSA                                               (abs)        003BF0
_DMA1DSZ                                               (abs)        003BEE
_DMA1PR                                                (abs)        0039F3
_DMA1SIRQ                                              (abs)        003BFF
_DMA1SPTR                                              (abs)        003BF4
_DMA1SSA                                               (abs)        003BF9
_DMA1SSZ                                               (abs)        003BF7
_DMA1_DMASCNTI_ISR                                     text136      014CDC
_DMA1_DefaultInterruptHandler                          text137      0156D4
_DMA1_Initialize                                       text105      01475E
_DMA1_SCNTI_InterruptHandler                           bssBANK1     000149
_DMA1_SetSCNTIInterruptHandler                         text106      015652
_DMA2CON0bits                                          (abs)        003BDC
_DMA2CON1bits                                          (abs)        003BDD
_DMA2DSA                                               (abs)        003BD0
_DMA2DSZ                                               (abs)        003BCE
_DMA2SSA                                               (abs)        003BD9
_DMA2SSZ                                               (abs)        003BD7
_Default_ISR                                           text131      0156D0
_GIE                                                   (abs)        01FE97
_INLVLA                                                (abs)        003A44
_INLVLB                                                (abs)        003A54
_INLVLC                                                (abs)        003A64
_INLVLD                                                (abs)        003A74
_INLVLE                                                (abs)        003A84
_INLVLF                                                (abs)        003A94
_INTCON0bits                                           (abs)        003FD2
_INTERRUPT_Initialize                                  text104      014AEC
_IPR1bits                                              (abs)        003981
_IPR2bits                                              (abs)        003982
_IPR3bits                                              (abs)        003983
_IPR8bits                                              (abs)        003988
_IPR9bits                                              (abs)        003989
_IVTBASEH                                              (abs)        003FD6
_IVTBASEL                                              (abs)        003FD5
_IVTBASEU                                              (abs)        003FD7
_IVTLOCK                                               (abs)        003FD4
_IVTLOCKbits                                           (abs)        003FD4
_LATA                                                  (abs)        003FBA
_LATAbits                                              (abs)        003FBA
_LATB                                                  (abs)        003FBB
_LATC                                                  (abs)        003FBC
_LATCbits                                              (abs)        003FBC
_LATD                                                  (abs)        003FBD
_LATDbits                                              (abs)        003FBD
_LATE                                                  (abs)        003FBE
_LATEbits                                              (abs)        003FBE
_LATF                                                  (abs)        003FBF
_LATFbits                                              (abs)        003FBF
_Led_Blink                                             text129      01543A
_NVMADRH                                               (abs)        0039E1
_NVMADRL                                               (abs)        0039E0
_NVMCON1bits                                           (abs)        0039E5
_NVMCON2                                               (abs)        0039E6
_NVMDAT                                                (abs)        0039E3
_ODCONA                                                (abs)        003A42
_ODCONB                                                (abs)        003A52
_ODCONC                                                (abs)        003A62
_ODCOND                                                (abs)        003A72
_ODCONE                                                (abs)        003A82
_ODCONF                                                (abs)        003A92
_OSCCON1                                               (abs)        0039D9
_OSCCON3                                               (abs)        0039DB
_OSCEN                                                 (abs)        0039DD
_OSCFRQ                                                (abs)        0039DF
_OSCILLATOR_Initialize                                 text103      015474
_OSCTUNE                                               (abs)        0039DE
_PIE1bits                                              (abs)        003991
_PIE2bits                                              (abs)        003992
_PIE3bits                                              (abs)        003993
_PIE8bits                                              (abs)        003998
_PIE9bits                                              (abs)        003999
_PIN_MANAGER_Initialize                                text102      013D00
_PIR0bits                                              (abs)        0039A0
_PIR1bits                                              (abs)        0039A1
_PIR2bits                                              (abs)        0039A2
_PIR4bits                                              (abs)        0039A4
_PIR8bits                                              (abs)        0039A8
_PIR9bits                                              (abs)        0039A9
_PLLR                                                  (abs)        01CEE0
_PMD0                                                  (abs)        0039C0
_PMD1                                                  (abs)        0039C1
_PMD2                                                  (abs)        0039C2
_PMD3                                                  (abs)        0039C3
_PMD4                                                  (abs)        0039C4
_PMD5                                                  (abs)        0039C5
_PMD6                                                  (abs)        0039C6
_PMD7                                                  (abs)        0039C7
_PMD_Initialize                                        text101      01535E
_PORTAbits                                             (abs)        003FCA
_PORTBbits                                             (abs)        003FCB
_PRLOCK                                                (abs)        0039EF
_PRLOCKbits                                            (abs)        0039EF
_PWM5CON                                               (abs)        003F6E
_PWM5DCH                                               (abs)        003F6D
_PWM5DCL                                               (abs)        003F6C
_PWM5_Initialize                                       text100      01553C
_PWM5_LoadDutyValue                                    text111      015042
_PWM6CON                                               (abs)        003F6A
_PWM6DCH                                               (abs)        003F69
_PWM6DCL                                               (abs)        003F68
_PWM6_Initialize                                       text99       015524
_PWM6_LoadDutyValue                                    text110      0150DA
_RB1I2C                                                (abs)        003A5A
_RB2I2C                                                (abs)        003A5B
_RC3I2C                                                (abs)        003A6A
_RC3PPS                                                (abs)        003A13
_RC4I2C                                                (abs)        003A6B
_RC5PPS                                                (abs)        003A15
_RC6PPS                                                (abs)        003A16
_RD0I2C                                                (abs)        003A7A
_RD1I2C                                                (abs)        003A7B
_RD2PPS                                                (abs)        003A1A
_RF2PPS                                                (abs)        003A2A
_SLRCONA                                               (abs)        003A43
_SLRCONB                                               (abs)        003A53
_SLRCONC                                               (abs)        003A63
_SLRCOND                                               (abs)        003A73
_SLRCONE                                               (abs)        003A83
_SLRCONF                                               (abs)        003A93
_SPI1BAUD                                              (abs)        003D19
_SPI1CLK                                               (abs)        003D1C
_SPI1CON0                                              (abs)        003D14
_SPI1CON0bits                                          (abs)        003D14
_SPI1CON1                                              (abs)        003D15
_SPI1CON2                                              (abs)        003D16
_SPI1INTFbits                                          (abs)        003D1A
_SPI1RXB                                               (abs)        003D10
_SPI1SCKPPS                                            (abs)        003ADE
_SPI1SDIPPS                                            (abs)        003ADF
_SPI1STATUSbits                                        (abs)        003D17
_SPI1TCNTL                                             (abs)        003D12
_SPI1TXB                                               (abs)        003D11
_SPI1_ExchangeByte                                     text41       015490
_SPI1_Initialize                                       text98       0154AA
_SYSTEM_Initialize                                     text83       014E98
_SrcVarName0                                           bssBANK1     000162
_StartTimer                                            text82       01510C
_SystemArbiter_Initialize                              text97       015644
_T2CLKCON                                              (abs)        003FAE
_T2CON                                                 (abs)        003FAC
_T2HLT                                                 (abs)        003FAD
_T2PR                                                  (abs)        003FAB
_T2RST                                                 (abs)        003FAF
_T2TMR                                                 (abs)        003FAA
_T5CLK                                                 (abs)        003F9D
_T5CON                                                 (abs)        003F9A
_T5CONbits                                             (abs)        003F9A
_T5GATE                                                (abs)        003F9C
_T5GCON                                                (abs)        003F9B
_T6CLKCON                                              (abs)        003F96
_T6CON                                                 (abs)        003F94
_T6HLT                                                 (abs)        003F95
_T6PR                                                  (abs)        003F93
_T6RST                                                 (abs)        003F97
_T6TMR                                                 (abs)        003F92
_TABLAT                                                (abs)        003FF5
_TBLPTRH                                               (abs)        003FF7
_TBLPTRL                                               (abs)        003FF6
_TBLPTRU                                               (abs)        003FF8
_TMR2_Initialize                                       text96       0153FE
_TMR5H                                                 (abs)        003F99
_TMR5L                                                 (abs)        003F98
_TMR5_DefaultInterruptHandler                          text133      0156D2
_TMR5_ISR                                              text132      014A54
_TMR5_Initialize                                       text94       014AA2
_TMR5_InterruptHandler                                 bssBANK1     00014C
_TMR5_SetInterruptHandler                              text95       015636
_TMR5_WriteTimer                                       text135      0152B2
_TMR6_CallBack                                         text128      01528E
_TMR6_DefaultInterruptHandler                          text130      0156CE
_TMR6_ISR                                              text127      015008
_TMR6_Initialize                                       text92       01513C
_TMR6_InterruptHandler                                 bssBANK1     00014F
_TMR6_SetInterruptHandler                              text93       015628
_TRISA                                                 (abs)        003FC2
_TRISB                                                 (abs)        003FC3
_TRISC                                                 (abs)        003FC4
_TRISCbits                                             (abs)        003FC4
_TRISD                                                 (abs)        003FC5
_TRISE                                                 (abs)        003FC6
_TRISF                                                 (abs)        003FC7
_TimerDone                                             text81       01521A
_Timers_Isr                                            text134      014914
_U1BRGH                                                (abs)        003DF6
_U1BRGL                                                (abs)        003DF5
_U1CON0                                                (abs)        003DF2
_U1CON1                                                (abs)        003DF3
_U1CON2                                                (abs)        003DF4
_U1ERRIE                                               (abs)        003DFA
_U1ERRIR                                               (abs)        003DF9
_U1ERRIRbits                                           (abs)        003DF9
_U1FIFO                                                (abs)        003DF7
_U1P1H                                                 (abs)        003DED
_U1P1L                                                 (abs)        003DEC
_U1P2H                                                 (abs)        003DEF
_U1P2L                                                 (abs)        003DEE
_U1P3H                                                 (abs)        003DF1
_U1P3L                                                 (abs)        003DF0
_U1RXB                                                 (abs)        003DE8
_U1RXPPS                                               (abs)        003AE5
_U1TXB                                                 (abs)        003DEA
_U1UIR                                                 (abs)        003DF8
_U1UIRbits                                             (abs)        003DF8
_UART1_DefaultErrorHandler                             text121      0156B6
_UART1_DefaultFramingErrorHandler                      text120      0156CA
_UART1_DefaultOverrunErrorHandler                      text119      0156C8
_UART1_ErrorHandler                                    bssBANK1     000140
_UART1_FramingErrorHandler                             bssBANK1     000146
_UART1_FramingErrorInterruptHandler                    bssBANK1     000158
_UART1_FramingError_ISR                                text140      01569C
_UART1_Initialize                                      text84       01398C
_UART1_OverrunErrorHandler                             bssBANK1     000143
_UART1_Read                                            text61       014E5A
_UART1_Receive_ISR                                     text118      014236
_UART1_RxDataHandler                                   text122      015380
_UART1_RxInterruptHandler                              bssCOMRAM    000029
_UART1_SetErrorHandler                                 text91       01561A
_UART1_SetFramingErrorHandler                          text90       01560C
_UART1_SetFramingErrorInterruptHandler                 text89       0155FE
_UART1_SetOverrunErrorHandler                          text88       0155F0
_UART1_SetRxInterruptHandler                           text87       0155E2
_UART1_SetTxInterruptHandler                           text86       0155D4
_UART1_SetUartInterruptHandler                         text85       0155C6
_UART1_Transmit_ISR                                    text116      01519A
_UART1_TxInterruptHandler                              bssCOMRAM    000026
_UART1_UARTInterruptHandler                            bssBANK1     000155
_UART1_UartInterrupt_ISR                               text142      0156BC
_UART1_Write                                           text78       014F56
_UART1_framing_err_vect_isr                            text139      014ED8
_UART1_is_rx_ready                                     text60       0155B8
_UART1_rx_vect_isr                                     text117      014BC8
_UART1_tx_vect_isr                                     text115      014B80
_UART1_vect_isr                                        text141      014F18
_WPUA                                                  (abs)        003A41
_WPUB                                                  (abs)        003A51
_WPUC                                                  (abs)        003A61
_WPUD                                                  (abs)        003A71
_WPUE                                                  (abs)        003A81
_WPUF                                                  (abs)        003A91
_WaitMs                                                text80       0151F2
__HRAM                                                 (abs)        000000
__Habs1                                                abs1         000000
__Hbank0                                               bank0        000000
__Hbank1                                               bank1        000000
__Hbank10                                              bank10       000000
__Hbank11                                              bank11       000000
__Hbank12                                              bank12       000000
__Hbank13                                              bank13       000000
__Hbank14                                              bank14       000000
__Hbank15                                              bank15       000000
__Hbank16                                              bank16       000000
__Hbank17                                              bank17       000000
__Hbank18                                              bank18       000000
__Hbank19                                              bank19       000000
__Hbank2                                               bank2        000000
__Hbank20                                              bank20       000000
__Hbank21                                              bank21       000000
__Hbank22                                              bank22       000000
__Hbank23                                              bank23       000000
__Hbank24                                              bank24       000000
__Hbank25                                              bank25       000000
__Hbank26                                              bank26       000000
__Hbank27                                              bank27       000000
__Hbank28                                              bank28       000000
__Hbank29                                              bank29       000000
__Hbank3                                               bank3        000000
__Hbank30                                              bank30       000000
__Hbank31                                              bank31       000000
__Hbank4                                               bank4        000000
__Hbank5                                               bank5        000000
__Hbank6                                               bank6        000000
__Hbank7                                               bank7        000000
__Hbank8                                               bank8        000000
__Hbank9                                               bank9        000000
__Hbigbss                                              bigbss       000000
__Hbigdata                                             bigdata      000000
__Hbigram                                              bigram       000000
__Hbigsfr                                              bigsfr       000000
__Hbss                                                 bss          000000
__HbssBANK0                                            bssBANK0     000000
__HbssBANK1                                            bssBANK1     000000
__HbssBANK2                                            bssBANK2     000000
__HbssBANK3                                            bssBANK3     000000
__HbssBANK4                                            bssBANK4     000000
__HbssBANK5                                            bssBANK5     000000
__HbssBIGRAM                                           bssBIGRAM    000000
__HbssCOMRAM                                           bssCOMRAM    000000
__Hcinit                                               cinit        000000
__Hclrtext                                             clrtext      000000
__Hcomram                                              comram       000000
__Hconfig                                              config       30000A
__Hconst                                               const        000000
__HcstackBANK0                                         cstackBANK0  000000
__HcstackBANK1                                         cstackBANK1  000000
__HcstackCOMRAM                                        cstackCOMRAM 000000
__Hdata                                                data         000000
__HdataBANK0                                           dataBANK0    000000
__HdataBANK1                                           dataBANK1    000000
__HdataBANK2                                           dataBANK2    000000
__HdataBIGRAM                                          dataBIGRAM   000000
__Heeprom_data                                         eeprom_data  000000
__Hfarbss                                              farbss       000000
__Hfardata                                             fardata      000000
__Hheap                                                heap         000000
__Hibigdata                                            ibigdata     000000
__Hidata                                               idata        000000
__HidataBANK0                                          idataBANK0   000000
__HidataBANK1                                          idataBANK1   000000
__HidataBANK2                                          idataBANK2   000000
__HidataBIGRAM                                         idataBIGRAM  000000
__Hidloc                                               idloc        200010
__Hifardata                                            ifardata     000000
__Hinit                                                init         0000B2
__Hintsave_regs                                        intsave_regs 000000
__Hirdata                                              irdata       000000
__Hivt0x8                                              ivt0x8       0000AE
__Hmediumconst                                         mediumconst  010000
__HnvFARRAM                                            nvFARRAM     000000
__Hnvbit                                               nvbit        000000
__Hnvrram                                              nvrram       000000
__Hparam                                               rparam       000000
__Hpowerup                                             powerup      000000
__Hram                                                 ram          000000
__Hramtop                                              ramtop       002000
__Hrbit                                                rbit         000000
__Hrbss                                                rbss         000000
__Hrdata                                               rdata        000000
__Hreset_vec                                           reset_vec    000004
__Hrparam                                              rparam       000000
__Hsfr                                                 sfr          000000
__Hsmallconst                                          smallconst   000000
__Hspace_0                                             (abs)        0156D6
__Hspace_1                                             (abs)        001943
__Hspace_2                                             (abs)        000000
__Hspace_4                                             (abs)        60000A
__Hstack                                               stack        000000
__Hstruct                                              struct       000000
__Htemp                                                temp         000000
__Htext                                                text         000000
__Htext0                                               text0        000000
__Htext1                                               text1        000000
__Htext10                                              text10       000000
__Htext100                                             text100      000000
__Htext101                                             text101      000000
__Htext102                                             text102      000000
__Htext103                                             text103      000000
__Htext104                                             text104      000000
__Htext105                                             text105      000000
__Htext106                                             text106      000000
__Htext107                                             text107      000000
__Htext108                                             text108      000000
__Htext109                                             text109      000000
__Htext11                                              text11       000000
__Htext110                                             text110      000000
__Htext111                                             text111      000000
__Htext112                                             text112      000000
__Htext113                                             text113      000000
__Htext114                                             text114      000000
__Htext115                                             text115      000000
__Htext116                                             text116      000000
__Htext117                                             text117      000000
__Htext118                                             text118      000000
__Htext119                                             text119      000000
__Htext12                                              text12       000000
__Htext120                                             text120      000000
__Htext121                                             text121      000000
__Htext122                                             text122      000000
__Htext123                                             text123      000000
__Htext124                                             text124      000000
__Htext125                                             text125      000000
__Htext126                                             text126      000000
__Htext127                                             text127      000000
__Htext128                                             text128      000000
__Htext129                                             text129      000000
__Htext13                                              text13       000000
__Htext130                                             text130      000000
__Htext131                                             text131      000000
__Htext132                                             text132      000000
__Htext133                                             text133      000000
__Htext134                                             text134      000000
__Htext135                                             text135      000000
__Htext136                                             text136      000000
__Htext137                                             text137      000000
__Htext138                                             text138      000000
__Htext139                                             text139      000000
__Htext14                                              text14       000000
__Htext140                                             text140      000000
__Htext141                                             text141      000000
__Htext142                                             text142      000000
__Htext143                                             text143      000000
__Htext15                                              text15       000000
__Htext16                                              text16       000000
__Htext17                                              text17       000000
__Htext18                                              text18       000000
__Htext19                                              text19       000000
__Htext2                                               text2        000000
__Htext20                                              text20       000000
__Htext21                                              text21       000000
__Htext22                                              text22       000000
__Htext23                                              text23       000000
__Htext24                                              text24       000000
__Htext25                                              text25       000000
__Htext26                                              text26       000000
__Htext27                                              text27       000000
__Htext28                                              text28       000000
__Htext29                                              text29       000000
__Htext3                                               text3        000000
__Htext30                                              text30       000000
__Htext31                                              text31       000000
__Htext32                                              text32       000000
__Htext33                                              text33       000000
[...]
pad@fp                                                 cstackBANK0  000072
pad@i                                                  cstackBANK0  000079
pad@p                                                  cstackBANK0  000076
pad@w                                                  cstackBANK0  00007B
printf@ap                                              cstackBANK0  0000F2
printf@fmt                                             cstackBANK1  000182
ps_math@chan                                           cstackBANK0  0000CC
ps_math@i                                              cstackBANK0  0000D3
ps_math@n                                              cstackBANK0  0000D1
ps_math@scale                                          cstackBANK0  0000C8
putch@txData                                           cstackCOMRAM 000021
puts@s                                                 cstackBANK0  000072
ringBufS_flush@_this                                   cstackBANK0  00006A
ringBufS_flush@clearBuffer                             cstackBANK0  00006C
ringBufS_init@_this                                    cstackBANK0  00006A
ringBufS_put_dma@_this                                 cstackBANK0  000060
ringBufS_put_dma@c                                     cstackBANK0  000062
ringBufS_put_dma_cpy@_this                             cstackBANK0  00006B
ringBufS_put_dma_cpy@len                               cstackBANK0  00006F
ringBufS_put_dma_cpy@ptr                               cstackBANK0  00006D
send_lcd_cmd@cmd                                       cstackCOMRAM 000021
send_lcd_cmd_dma@strPtr                                cstackBANK0  00006E
send_lcd_cmd_long@cmd                                  cstackCOMRAM 000021
send_lcd_data@data                                     cstackCOMRAM 000021
send_lcd_data_dma@strPtr                               cstackBANK0  00006D
sprintf@ap                                             cstackBANK1  000192
sprintf@f                                              cstackBANK1  000194
sprintf@fmt                                            cstackBANK1  000184
sprintf@s                                              cstackBANK1  000182
sqrtf@__xc8_float_word                                 cstackBANK0  0000AC
sqrtf@i                                                cstackBANK0  0000A8
sqrtf@ix                                               cstackBANK0  0000C4
sqrtf@m                                                cstackBANK0  0000BC
sqrtf@q                                                cstackBANK0  0000B0
sqrtf@r                                                cstackBANK0  0000C0
sqrtf@s                                                cstackBANK0  0000A4
sqrtf@t                                                cstackBANK0  0000B4
sqrtf@x                                                cstackBANK0  00009B
sqrtf@z                                                cstackBANK0  0000B8
stackhi                                                (abs)        000000
stacklo                                                (abs)        000000
start                                                  init         0000AE
start_initialization                                   cinit        013888
stoa@F1164                                             dataBANK1    0001A4
stoa@cp                                                cstackBANK0  000079
stoa@fp                                                cstackBANK0  000069
stoa@i                                                 cstackBANK0  000075
stoa@l                                                 cstackBANK0  00007D
stoa@nuls                                              cstackBANK0  00006E
stoa@p                                                 cstackBANK0  00007B
stoa@s                                                 cstackBANK0  00006B
stoa@w                                                 cstackBANK0  000077
strcpy@d                                               cstackBANK0  000066
strcpy@dest                                            cstackBANK0  000060
strcpy@s                                               cstackBANK0  000064
strcpy@src                                             cstackBANK0  000062
strlen@a                                               cstackBANK0  000060
strlen@s                                               cstackCOMRAM 000020
strncmp@_l                                             cstackBANK0  000062
strncmp@_r                                             cstackBANK0  000064
strncmp@l                                              cstackBANK0  00006A
strncmp@n                                              cstackBANK0  000066
strncmp@r                                              cstackBANK0  00006C
tolower@c                                              cstackBANK0  000064
utoa@d                                                 cstackBANK0  00007F
utoa@fp                                                cstackBANK0  00007D
utoa@i                                                 cstackBANK0  00009B
utoa@n                                                 cstackBANK0  000093
utoa@p                                                 cstackBANK0  00008F
utoa@w                                                 cstackBANK0  000091
vfpfcnvrt@ap                                           cstackBANK0  0000E4
vfpfcnvrt@c                                            cstackBANK1  000181
vfpfcnvrt@cp                                           cstackBANK1  000174
vfpfcnvrt@ct                                           cstackBANK1  00017E
vfpfcnvrt@done                                         cstackBANK1  000176
vfpfcnvrt@f                                            cstackBANK1  00017A
vfpfcnvrt@fmt                                          cstackBANK0  0000E3
vfpfcnvrt@fp                                           cstackBANK0  0000E1
vfpfcnvrt@llu                                          cstackBANK1  00016C
vfprintf@ap                                            cstackBANK0  0000EE
vfprintf@cfmt                                          cstackBANK0  0000F0
vfprintf@fmt                                           cstackBANK0  0000EC
vfprintf@fp                                            cstackBANK0  0000EA
wdtdelay@dcount                                        bssBANK1     000120
wdtdelay@delay                                         cstackBANK0  000060


MODULE INFORMATION

Module		Function		Class		Link	Load	Size
/opt/microchip/xc8/v2.36/pic/sources/c99/common/__fpclassifyf.c
		___fpclassifyf 		CODE           	13DCE	0000	204

/opt/microchip/xc8/v2.36/pic/sources/c99/common/__fpclassifyf.c estimated size: 204

/opt/microchip/xc8/v2.36/pic/sources/c99/common/memset.c
		_memset        		CODE           	134BA	0000	332

/opt/microchip/xc8/v2.36/pic/sources/c99/common/memset.c estimated size: 332

/opt/microchip/xc8/v2.36/pic/sources/c99/common/nanf.c
		_nanf          		CODE           	152D6	0000	34

/opt/microchip/xc8/v2.36/pic/sources/c99/common/nanf.c estimated size: 34

/opt/microchip/xc8/v2.36/pic/sources/c99/common/isupper.c
		_isupper       		CODE           	15076	0000	50

/opt/microchip/xc8/v2.36/pic/sources/c99/common/isupper.c estimated size: 50

ringbufs.c
		_ringBufS_init 		CODE           	153A2	0000	32
		_ringBufS_flush		CODE           	148C0	0000	84
		_ringBufS_put_dma_cpy		CODE           	14818	0000	84
		_ringBufS_put_dma		CODE           	1486C	0000	84

ringbufs.c estimated size: 284

timers.c
		_Timers_Isr    		CODE           	14914	0000	82
		_WaitMs        		CODE           	151F2	0000	40
		_StartTimer    		CODE           	1510C	0000	48
		_TimerDone     		CODE           	1521A	0000	40

timers.c estimated size: 210

disp_led.c
		_display_led   		CODE           	13F5C	0000	188

disp_led.c estimated size: 188

mcc_generated_files/tmr6.c
		_TMR6_CallBack 		CODE           	1528E	0000	36
		_TMR6_ISR      		CODE           	15008	0000	58
		_TMR6_Initialize		CODE           	1513C	0000	48
		_TMR6_SetInterruptHandler		CODE           	15628	0000	14
		_TMR6_DefaultInterruptHandler		CODE           	156CE	0000	2

mcc_generated_files/tmr6.c estimated size: 158

mcc_generated_files/pwm6.c
		_PWM6_LoadDutyValue		CODE           	150DA	0000	50
		_PWM6_Initialize		CODE           	15524	0000	24

mcc_generated_files/pwm6.c estimated size: 74

/opt/microchip/xc8/v2.36/pic/sources/c99/common/doprnt.c
		_vfpfcnvrt     		CODE           	109B8	0000	1808
		_efgtoa        		CODE           	10000	0000	2488
		_pad           		CODE           	142D8	0000	150
		_vfprintf      		CODE           	146FE	0000	96
		_stoa          		CODE           	1336E	0000	332
		_utoa          		CODE           	12D56	0000	434

/opt/microchip/xc8/v2.36/pic/sources/c99/common/doprnt.c estimated size: 5308

/opt/microchip/xc8/v2.36/pic/sources/c99/common/flneg.c
		___flneg       		CODE           	1516C	0000	46

/opt/microchip/xc8/v2.36/pic/sources/c99/common/flneg.c estimated size: 46

/opt/microchip/xc8/v2.36/pic/sources/c99/common/nf_fputc.c
		_fputc         		CODE           	140D2	0000	182

/opt/microchip/xc8/v2.36/pic/sources/c99/common/nf_fputc.c estimated size: 182

/opt/microchip/xc8/v2.36/pic/sources/c99/common/atoi.c
		_atoi          		CODE           	13748	0000	320

/opt/microchip/xc8/v2.36/pic/sources/c99/common/atoi.c estimated size: 320

/opt/microchip/xc8/v2.36/pic/sources/c99/common/fleq.c
		___fleq        		CODE           	1436E	0000	138

/opt/microchip/xc8/v2.36/pic/sources/c99/common/fleq.c estimated size: 138

mcc_generated_files/tmr2.c
		_TMR2_Initialize		CODE           	153FE	0000	30

mcc_generated_files/tmr2.c estimated size: 30

mcc_generated_files/interrupt_manager.c
		_INTERRUPT_Initialize		CODE           	14AEC	0000	74
		_Default_ISR   		CODE           	156D0	0000	2

mcc_generated_files/interrupt_manager.c estimated size: 76

/opt/microchip/xc8/v2.36/pic/sources/c99/common/Umul16.c
		___wmul        		CODE           	151C8	0000	42

/opt/microchip/xc8/v2.36/pic/sources/c99/common/Umul16.c estimated size: 42

/opt/microchip/xc8/v2.36/pic/sources/c99/common/puts.c
		_puts          		CODE           	14FCC	0000	58

/opt/microchip/xc8/v2.36/pic/sources/c99/common/puts.c estimated size: 58

/opt/microchip/xc8/v2.36/pic/sources/c99/common/lomod.c
		___lomod       		CODE           	14188	0000	174

/opt/microchip/xc8/v2.36/pic/sources/c99/common/lomod.c estimated size: 174

eadog.c
		_init_display  		CODE           	13E9A	0000	194
		_eaDogM_WriteCommand		CODE           	1558E	0000	14
		_source_dma_done		CODE           	156C2	0000	4
		_wdtdelay      		CODE           	14B36	0000	72
		_send_lcd_cmd  		CODE           	14E1C	0000	62
		_send_lcd_cmd_dma		CODE           	153C2	0000	30
		_send_lcd_data 		CODE           	152F8	0000	34
		_send_lcd_data_dma		CODE           	14D5E	0000	64
		_wait_lcd_set  		CODE           	156A4	0000	6
		_eaDogM_WriteStringAtPos		CODE           	14638	0000	100
		_wait_lcd_done 		CODE           	1559C	0000	14
		_send_lcd_cmd_long		CODE           	14DDE	0000	62
		_start_lcd     		CODE           	156AA	0000	6
		_eaDogM_WriteString		CODE           	14560	0000	110

eadog.c estimated size: 772

/opt/microchip/xc8/v2.36/pic/sources/c99/common/isspace.c
		_isspace       		CODE           	14D1E	0000	64

/opt/microchip/xc8/v2.36/pic/sources/c99/common/isspace.c estimated size: 64

mcc_generated_files/pin_manager.c
		_PIN_MANAGER_Initialize		CODE           	13D00	0000	206

mcc_generated_files/pin_manager.c estimated size: 206

mcc_generated_files/spi1.c
		_SPI1_Initialize		CODE           	154AA	0000	26
		_SPI1_ExchangeByte		CODE           	15490	0000	26

mcc_generated_files/spi1.c estimated size: 52

/opt/microchip/xc8/v2.36/pic/sources/c99/common/memcpy.c
		_memcpy        		CODE           	149B6	0000	78

/opt/microchip/xc8/v2.36/pic/sources/c99/common/memcpy.c estimated size: 78

/opt/microchip/xc8/v2.36/pic/sources/c99/common/tolower.c
		_tolower       		CODE           	14F92	0000	58

/opt/microchip/xc8/v2.36/pic/sources/c99/common/tolower.c estimated size: 58

/opt/microchip/xc8/v2.36/pic/sources/c99/common/strncmp.c
		_strncmp       		CODE           	130B2	0000	364

/opt/microchip/xc8/v2.36/pic/sources/c99/common/strncmp.c estimated size: 364

/opt/microchip/xc8/v2.36/pic/sources/c99/common/sprcmul.c
		___flmul       		CODE           	11FE2	0000	848

/opt/microchip/xc8/v2.36/pic/sources/c99/common/sprcmul.c estimated size: 848

/opt/microchip/xc8/v2.36/pic/sources/c99/common/awmod.c
		___awmod       		CODE           	144F0	0000	112

/opt/microchip/xc8/v2.36/pic/sources/c99/common/awmod.c estimated size: 112

/opt/microchip/xc8/v2.36/pic/sources/c99/common/sprcdiv.c
		___fldiv       		CODE           	12916	0000	648

/opt/microchip/xc8/v2.36/pic/sources/c99/common/sprcdiv.c estimated size: 648

mcc_generated_files/dma1.c
		_DMA1_Initialize		CODE           	1475E	0000	96
		_DMA1_SetSCNTIInterruptHandler		CODE           	15652	0000	14
		_DMA1_DefaultInterruptHandler		CODE           	156D4	0000	2
		_DMA1_DMASCNTI_ISR		CODE           	14CDC	0000	66

mcc_generated_files/dma1.c estimated size: 178

mcc_generated_files/uart1.c
		_UART1_FramingError_ISR		CODE           	1569C	0000	8
		_UART1_rx_vect_isr		CODE           	14BC8	0000	72
		_UART1_Write   		CODE           	14F56	0000	60
		_putch         		CODE           	15688	0000	10
		_UART1_UartInterrupt_ISR		CODE           	156BC	0000	6
		_UART1_SetFramingErrorHandler		CODE           	1560C	0000	14
		_UART1_SetOverrunErrorHandler		CODE           	155F0	0000	14
		_UART1_tx_vect_isr		CODE           	14B80	0000	72
		_UART1_Receive_ISR		CODE           	14236	0000	162
		_UART1_SetRxInterruptHandler		CODE           	155E2	0000	14
		_UART1_SetTxInterruptHandler		CODE           	155D4	0000	14
		_UART1_Initialize		CODE           	1398C	0000	238
		_UART1_SetErrorHandler		CODE           	1561A	0000	14
		_UART1_Transmit_ISR		CODE           	1519A	0000	46
		_UART1_Read    		CODE           	14E5A	0000	62
		_UART1_vect_isr		CODE           	14F18	0000	62
		_UART1_DefaultFramingErrorHandler		CODE           	156CA	0000	2
		_UART1_SetFramingErrorInterruptHandler		CODE           	155FE	0000	14
		_UART1_SetUartInterruptHandler		CODE           	155C6	0000	14
		_UART1_is_rx_ready		CODE           	155B8	0000	14
		_UART1_DefaultErrorHandler		CODE           	156B6	0000	6
		_UART1_framing_err_vect_isr		CODE           	14ED8	0000	62
		_UART1_RxDataHandler		CODE           	15380	0000	34
		_UART1_DefaultOverrunErrorHandler		CODE           	156C8	0000	2

mcc_generated_files/uart1.c estimated size: 1016

mcc_generated_files/tmr5.c
		_TMR5_ISR      		CODE           	14A54	0000	78
		_TMR5_Initialize		CODE           	14AA2	0000	74
		_TMR5_SetInterruptHandler		CODE           	15636	0000	14
		_TMR5_DefaultInterruptHandler		CODE           	156D2	0000	2
		_TMR5_WriteTimer		CODE           	152B2	0000	36

mcc_generated_files/tmr5.c estimated size: 204

/opt/microchip/xc8/v2.36/pic/sources/c99/common/printf.c
		_printf        		CODE           	15242	0000	38

/opt/microchip/xc8/v2.36/pic/sources/c99/common/printf.c estimated size: 38

/opt/microchip/xc8/v2.36/pic/sources/c99/common/lodiv.c
		___lodiv       		CODE           	13C32	0000	206

/opt/microchip/xc8/v2.36/pic/sources/c99/common/lodiv.c estimated size: 206

shared
		_cmdm          		MEDIUMCONST    	FDC8	0000	28
		__initialization		CODE           	13888	0000	254
		_build_version 		MEDIUMCONST    	FDE4	0000	14
		_tiny          		MEDIUMCONST    	0000	0000	0
		_spi1_configuration		MEDIUMCONST    	0000	0000	0

shared estimated size: 296

mcc_generated_files/pwm5.c
		_PWM5_LoadDutyValue		CODE           	15042	0000	52
		_PWM5_Initialize		CODE           	1553C	0000	24

mcc_generated_files/pwm5.c estimated size: 76

mcc_generated_files/mcc.c
		_SystemArbiter_Initialize		CODE           	15644	0000	14
		_PMD_Initialize		CODE           	1535E	0000	34
		_OSCILLATOR_Initialize		CODE           	15474	0000	28
		_SYSTEM_Initialize		CODE           	14E98	0000	62

mcc_generated_files/mcc.c estimated size: 138

/opt/microchip/xc8/v2.36/pic/sources/c99/common/strlen.c
		_strlen        		CODE           	14A04	0000	78

/opt/microchip/xc8/v2.36/pic/sources/c99/common/strlen.c estimated size: 78

/opt/microchip/xc8/v2.36/pic/sources/c99/common/flge.c
		___flge        		CODE           	13B62	0000	208

/opt/microchip/xc8/v2.36/pic/sources/c99/common/flge.c estimated size: 208

/opt/microchip/xc8/v2.36/pic/sources/c99/common/floorf.c
		_floorf        		CODE           	12F08	0000	426

/opt/microchip/xc8/v2.36/pic/sources/c99/common/floorf.c estimated size: 426

/opt/microchip/xc8/v2.36/pic/sources/c99/common/nf_fputs.c
		_fputs         		CODE           	145CE	0000	106

/opt/microchip/xc8/v2.36/pic/sources/c99/common/nf_fputs.c estimated size: 106

/opt/microchip/xc8/v2.36/pic/sources/c99/common/strcpy.c
		_strcpy        		CODE           	1469C	0000	98

/opt/microchip/xc8/v2.36/pic/sources/c99/common/strcpy.c estimated size: 98

/opt/microchip/xc8/v2.36/pic/sources/c99/common/sqrtf.c
		_sqrtf         		CODE           	117B8	0000	1066

/opt/microchip/xc8/v2.36/pic/sources/c99/common/sqrtf.c estimated size: 1066

/opt/microchip/xc8/v2.36/pic/sources/c99/common/awdiv.c
		___awdiv       		CODE           	143F8	0000	132

/opt/microchip/xc8/v2.36/pic/sources/c99/common/awdiv.c estimated size: 132

/opt/microchip/xc8/v2.36/pic/sources/c99/common/fltol.c
		___fltol       		CODE           	14018	0000	186

/opt/microchip/xc8/v2.36/pic/sources/c99/common/fltol.c estimated size: 186

/opt/microchip/xc8/v2.36/pic/sources/c99/common/isdigit.c
		_isdigit       		CODE           	150A8	0000	50

/opt/microchip/xc8/v2.36/pic/sources/c99/common/isdigit.c estimated size: 50

mcc_generated_files/memory.c
		_DATAEE_WriteByte		CODE           	14D9E	0000	64
		_DATAEE_ReadByte		CODE           	1541C	0000	30

mcc_generated_files/memory.c estimated size: 94

/opt/microchip/xc8/v2.36/pic/sources/c99/common/sprcadd.c
		___flsub       		CODE           	14C10	0000	70
		___fladd       		CODE           	12332	0000	780

/opt/microchip/xc8/v2.36/pic/sources/c99/common/sprcadd.c estimated size: 850

mcc_generated_files/dac1.c
		_DAC1_GetOutput		CODE           	156B0	0000	6
		_DAC1_SetOutput		CODE           	15692	0000	10
		_DAC1_Initialize		CODE           	1567C	0000	12

mcc_generated_files/dac1.c estimated size: 28

/opt/microchip/xc8/v2.36/pic/sources/c99/common/xxtofl.c
		___xxtofl      		CODE           	13606	0000	322

/opt/microchip/xc8/v2.36/pic/sources/c99/common/xxtofl.c estimated size: 322

mcc_generated_files/adcc.c
		_ADCC_DefaultInterruptHandler		CODE           	156CC	0000	2
		_ADCC_GetConversionResult		CODE           	15554	0000	22
		_ADCC_SetADIInterruptHandler		CODE           	15660	0000	14
		_ADCC_ISR      		CODE           	14C98	0000	66
		_ADCC_Initialize		CODE           	1447C	0000	116

mcc_generated_files/adcc.c estimated size: 220

scdm.c
		_cli_read      		CODE           	1321E	0000	336
		_cli_init      		CODE           	14C56	0000	66
		__cli_interpret_cmd		CODE           	12B9E	0000	440
		_linux_getc    		CODE           	15268	0000	38
		_linux_putc    		CODE           	155AA	0000	14
		_scmd_init     		CODE           	154C4	0000	24

scdm.c estimated size: 918

main.c
		_fh_po         		CODE           	1557C	0000	18
		_fh_pu         		CODE           	1550C	0000	24
		_Led_Blink     		CODE           	1543A	0000	30
		_main          		CODE           	110C8	0000	1776
		_fh_pd         		CODE           	154F4	0000	24
		_ps_math       		CODE           	1263E	0000	728
		_fh_p0         		CODE           	1533C	0000	34
		_fh_pp         		CODE           	1556A	0000	18
		_fh_p1         		CODE           	1531A	0000	34
		_fh_pl         		CODE           	154DC	0000	24
		_fh_pr         		CODE           	153E0	0000	30
		_Adc_Isr       		CODE           	13A7A	0000	232
		_fh_ps         		CODE           	15458	0000	28

main.c estimated size: 3000

/opt/microchip/xc8/v2.36/pic/sources/c99/common/nf_sprintf.c
		_sprintf       		CODE           	14966	0000	80

/opt/microchip/xc8/v2.36/pic/sources/c99/common/nf_sprintf.c estimated size: 80

