Microchip MPLAB XC8 Compiler V2.36

Linker command line:

-W-3 --edf=/opt/microchip/xc8/v2.36/pic/dat/en_msgs.txt -pivt0x8=08h -cn \
  -h+dist/default/production/ps_test.X.production.sym \
  --cmf=dist/default/production/ps_test.X.production.cmf -z -Q18F57K42 \
  -o/tmp/xcXimDoIb --defsym=__MPLAB_BUILD=1 \
  -Mdist/default/production/ps_test.X.production.map \
  --md=/tmp/xcXDBkeCK.dat -E1 -ver=XC8 Compiler --acfsm=1493 \
  -ACODE=00h-01FFFFh -ACONST=00h-01FFFFh -ASMALLCONST=02000h-020FFhx480 \
  -AMEDIUMCONST=02000h-0FFFFh,012000h-01FFFFh -ACOMRAM=01h-05Fh \
  -AABS1=00h-01FFFh -ABIGRAM=01h-01FFFh -ARAM=060h-0FFh,0100h-01FFhx31 \
  -ABANK0=060h-0FFh -ABANK1=0100h-01FFh -ABANK2=0200h-02FFh \
  -ABANK3=0300h-03FFh -ABANK4=0400h-04FFh -ABANK5=0500h-05FFh \
  -ABANK6=0600h-06FFh -ABANK7=0700h-07FFh -ABANK8=0800h-08FFh \
  -ABANK9=0900h-09FFh -ABANK10=0A00h-0AFFh -ABANK11=0B00h-0BFFh \
  -ABANK12=0C00h-0CFFh -ABANK13=0D00h-0DFFh -ABANK14=0E00h-0EFFh \
  -ABANK15=0F00h-0FFFh -ABANK16=01000h-010FFh -ABANK17=01100h-011FFh \
  -ABANK18=01200h-012FFh -ABANK19=01300h-013FFh -ABANK20=01400h-014FFh \
  -ABANK21=01500h-015FFh -ABANK22=01600h-016FFh -ABANK23=01700h-017FFh \
  -ABANK24=01800h-018FFh -ABANK25=01900h-019FFh -ABANK26=01A00h-01AFFh \
  -ABANK27=01B00h-01BFFh -ABANK28=01C00h-01CFFh -ABANK29=01D00h-01DFFh \
  -ABANK30=01E00h-01EFFh -ABANK31=01F00h-01FFFh \
  -ASFR=03800h-038FFhx7,03F00h-03F5Fh,03F60h-03FFFh -ABIGSFR=03800h-03FFFh \
  -ACONFIG=0300000h-0300009h -AIDLOC=0200000h-020000Fh \
  -AEEDATA=0310000h-03103FFh -peeprom_data=EEDATA -preset_vec=00h \
  -ppowerup=CODE,init -pramtop=02000h -psmallconst=SMALLCONST \
  -pmediumconst=MEDIUMCONST -pconst=CONST -AFARRAM=00h-00h \
  -prdata=COMRAM,nvrram=COMRAM,nvbit=COMRAM,rbss=COMRAM,rbit=COMRAM \
  -pfarbss=FARRAM,fardata=FARRAM,nvFARRAM=FARRAM \
  -pintsave_regs=BIGRAM,bigbss=BIGRAM,bigdata=BIGRAM -pbss=RAM \
  -pidata=CODE,irdata=CODE,ibigdata=CODE,ifardata=CODE -prparam=COMRAM \
  /tmp/xcXjJdgdc.o dist/default/production/ps_test.X.production.o 

Object code version is 3.11

Machine type is 18F57K42



                Name                               Link     Load   Length Selector   Space Scale
/tmp/xcXjJdgdc.o
                idloc                            200000   200000       10        0       5
                config                           300000   300000        A        0       4
                init                                 AE       AE        4        4       0
                reset_vec                             0        0        4        0       0
dist/default/production/ps_test.X.production.o
                idloc                            200000   200000       10        0       5
                config                           300000   300000        A        0       4
                smallconst                         2000     2000      100     1000       0
                ivt0x8                                8        8       A6        4       0
                text97                             5C18     5C18       24     1627       0
                text96                             558E     558E       52     1080       0
                text95                             5E7E     5E7E        2     2ED2       0
                text94                             5630     5630       4E     158C       0
                text93                             5C80     5C80       22     1627       0
                text92                             5E6C     5E6C        6     2ED2       0
                text91                             5E7C     5E7C        2     2ED2       0
                text90                             5E7A     5E7A        2     2ED2       0
                text89                             5034     5034       A2     1080       0
                text88                             589C     589C       3E     1627       0
                text87                             5B54     5B54       2E     1627       0
                text86                             585C     585C       3E     1617       0
                text85                             5E78     5E78        2     2ED2       0
                text84                             5E76     5E76        2     2ED2       0
                text83                             5CC0     5CC0       1E     1627       0
                text82                             5BF4     5BF4       24     1627       0
                text81                             59C4     59C4       3A     1627       0
                text80                             5DA4     5DA4       16     2ED2       0
                text79                             598A     598A       3A     1627       0
                text78                             5E74     5E74        2     2ED2       0
                text77                             579C     579C       42     158C       0
                text76                             5E66     5E66        6     2ED2       0
                text75                             5E5C     5E5C        A     2ED2       0
                text74                             5A66     5A66       32     1627       0
                text73                             5A34     5A34       32     1627       0
                text72                             5E38     5E38        E     2ED2       0
                text71                             5392     5392       72     1080       0
                text70                             5E46     5E46        C     2ED2       0
                text69                             5758     5758       44     158C       0
                text68                             5CDE     5CDE       1C     1627       0
                text67                             4B12     4B12       CE     1080       0
                text66                             5C5E     5C5E       22     1627       0
                text65                             5D74     5D74       18     1627       0
                text64                             5D5C     5D5C       18     1627       0
                text63                             5CFA     5CFA       1A     1627       0
                text62                             5CA2     5CA2       1E     1627       0
                text61                             5E2A     5E2A        E     2ED2       0
                text60                             56CA     56CA       48     158C       0
                text59                             5E1C     5E1C        E     2ED2       0
                text58                             5B26     5B26       2E     1627       0
                text57                             5E0E     5E0E        E     2ED2       0
                text56                             5E00     5E00        E     2ED2       0
                text55                             5DF2     5DF2        E     2ED2       0
                text54                             5DE4     5DE4        E     2ED2       0
                text53                             5DD6     5DD6        E     2ED2       0
                text52                             4ED2     4ED2       B4     1080       0
                text51                             59FE     59FE       36     1627       0
                text50                             4702     4702      140     1080       0
                text49                             58DA     58DA       3C     1627       0
                text48                             5E52     5E52        A     2ED2       0
                text47                             4E1E     4E1E       B4     1080       0
                text46                             5474     5474       68     1080       0
                text45                             5950     5950       3A     1627       0
                text44                             5D44     5D44       18     1627       0
                text43                             5BD0     5BD0       24     1627       0
                text42                             5D2C     5D2C       18     1627       0
                text41                             567E     567E       4C     158C       0
                text40                             41B6     41B6      162     1080       0
                text39                             3C98     3C98      1C4     1080       0
                text38                             581C     581C       3E     158C       0
                text37                             5DC8     5DC8        E     2ED2       0
                text36                             5BAC     5BAC       24     1627       0
                text35                             5DBA     5DBA        E     2ED2       0
                text34                             446E     446E      14C     1080       0
                text33                             4318     4318      156     1080       0
                text32                             4D66     4D66       B8     1080       0
                text31                             5B82     5B82       2A     1627       0
                text30                             5AC8     5AC8       30     1627       0
                text29                             57DE     57DE       3E     158C       0
                text28                             4842     4842      132     1080       0
                text27                             530E     530E       84     1080       0
                text26                             5404     5404       70     1080       0
                text25                             37A2     37A2      288     1080       0
                text24                             5200     5200       8A     1080       0
                text23                             4974     4974       D0     1080       0
                text22                             3144     3144      352     1080       0
                text21                             5AF8     5AF8       2E     1627       0
                text20                             3496     3496      30C     1080       0
                text19                             5712     5712       46     158C       0
                text18                             4CAC     4CAC       BA     1080       0
                text17                             4BE0     4BE0       CC     1080       0
                text16                             400C     400C      1AA     1080       0
                text15                             50D6     50D6       96     1080       0
                text14                             54DC     54DC       60     1080       0
                text13                             5A98     5A98       30     1627       0
                text12                             5916     5916       3A     1627       0
                text11                             2100     2100      9CC     1080       0
                text10                             45BA     45BA      148     1080       0
                text9                              4A44     4A44       CE     1080       0
                text8                              4F86     4F86       AE     1080       0
                text7                              3E5C     3E5C      1B0     1080       0
                text6                              2ACC     2ACC      678     1080       0
                text5                              553C     553C       52     1080       0
                text4                              5C3C     5C3C       22     1627       0
                text3                              55E0     55E0       4E     1080       0
                text2                              528A     528A       84     1080       0
                text1                              5D14     5D14       18     1627       0
                text0                              3A2A     3A2A      26E     1080       0
                cstackCOMRAM                          1        1       38        1       1
                cstackBANK0                          60       60       79       60       1
                cstackBANK2                         2C3      2C3       18      200       1
                bssBANK3                            300      300       FF      300       1
                bssBANK2                            200      200       C3      200       1
                dataBANK1                           1E8      1E8       17      100       1
                bssBANK1                            100      100       E8      100       1
                dataBANK0                            FE       FE        2       60       1
                bssBANK0                             D9       D9       25       60       1
                bssCOMRAM                            39       39       13        1       1
                cinit                              516C     516C       94     1080       0
                idataBANK1                         5D8C     5D8C       17     1627       0
                idataBANK0                         5E72     5E72        2     2ED2       0

TOTAL           Name                               Link     Load   Length     Space
        CLASS   CODE           
                init                                 AE       AE        4         0
                reset_vec                             0        0        4         0
                ivt0x8                                8        8       A6         0
                text97                             5C18     5C18       24         0
                text96                             558E     558E       52         0
                text95                             5E7E     5E7E        2         0
                text94                             5630     5630       4E         0
                text93                             5C80     5C80       22         0
                text92                             5E6C     5E6C        6         0
                text91                             5E7C     5E7C        2         0
                text90                             5E7A     5E7A        2         0
                text89                             5034     5034       A2         0
                text88                             589C     589C       3E         0
                text87                             5B54     5B54       2E         0
                text86                             585C     585C       3E         0
                text85                             5E78     5E78        2         0
                text84                             5E76     5E76        2         0
                text83                             5CC0     5CC0       1E         0
                text82                             5BF4     5BF4       24         0
                text81                             59C4     59C4       3A         0
                text80                             5DA4     5DA4       16         0
                text79                             598A     598A       3A         0
                text78                             5E74     5E74        2         0
                text77                             579C     579C       42         0
                text76                             5E66     5E66        6         0
                text75                             5E5C     5E5C        A         0
                text74                             5A66     5A66       32         0
                text73                             5A34     5A34       32         0
                text72                             5E38     5E38        E         0
                text71                             5392     5392       72         0
                text70                             5E46     5E46        C         0
                text69                             5758     5758       44         0
                text68                             5CDE     5CDE       1C         0
                text67                             4B12     4B12       CE         0
                text66                             5C5E     5C5E       22         0
                text65                             5D74     5D74       18         0
                text64                             5D5C     5D5C       18         0
                text63                             5CFA     5CFA       1A         0
                text62                             5CA2     5CA2       1E         0
                text61                             5E2A     5E2A        E         0
                text60                             56CA     56CA       48         0
                text59                             5E1C     5E1C        E         0
                text58                             5B26     5B26       2E         0
                text57                             5E0E     5E0E        E         0
                text56                             5E00     5E00        E         0
                text55                             5DF2     5DF2        E         0
                text54                             5DE4     5DE4        E         0
                text53                             5DD6     5DD6        E         0
                text52                             4ED2     4ED2       B4         0
                text51                             59FE     59FE       36         0
                text50                             4702     4702      140         0
                text49                             58DA     58DA       3C         0
                text48                             5E52     5E52        A         0
                text47                             4E1E     4E1E       B4         0
                text46                             5474     5474       68         0
                text45                             5950     5950       3A         0
                text44                             5D44     5D44       18         0
                text43                             5BD0     5BD0       24         0
                text42                             5D2C     5D2C       18         0
                text41                             567E     567E       4C         0
                text40                             41B6     41B6      162         0
                text39                             3C98     3C98      1C4         0
                text38                             581C     581C       3E         0
                text37                             5DC8     5DC8        E         0
                text36                             5BAC     5BAC       24         0
                text35                             5DBA     5DBA        E         0
                text34                             446E     446E      14C         0
                text33                             4318     4318      156         0
                text32                             4D66     4D66       B8         0
                text31                             5B82     5B82       2A         0
                text30                             5AC8     5AC8       30         0
                text29                             57DE     57DE       3E         0
                text28                             4842     4842      132         0
                text27                             530E     530E       84         0
                text26                             5404     5404       70         0
                text25                             37A2     37A2      288         0
                text24                             5200     5200       8A         0
                text23                             4974     4974       D0         0
                text22                             3144     3144      352         0
                text21                             5AF8     5AF8       2E         0
                text20                             3496     3496      30C         0
                text19                             5712     5712       46         0
                text18                             4CAC     4CAC       BA         0
                text17                             4BE0     4BE0       CC         0
                text16                             400C     400C      1AA         0
                text15                             50D6     50D6       96         0
                text14                             54DC     54DC       60         0
                text13                             5A98     5A98       30         0
                text12                             5916     5916       3A         0
                text11                             2100     2100      9CC         0
                text10                             45BA     45BA      148         0
                text9                              4A44     4A44       CE         0
                text8                              4F86     4F86       AE         0
                text7                              3E5C     3E5C      1B0         0
                text6                              2ACC     2ACC      678         0
                text5                              553C     553C       52         0
                text4                              5C3C     5C3C       22         0
                text3                              55E0     55E0       4E         0
                text2                              528A     528A       84         0
                text1                              5D14     5D14       18         0
                text0                              3A2A     3A2A      26E         0
                cinit                              516C     516C       94         0
                idataBANK1                         5D8C     5D8C       17         0
                idataBANK0                         5E72     5E72        2         0

        CLASS   CONST          

        CLASS   SMALLCONST     
                smallconst                         2000     2000      100         0

        CLASS   MEDIUMCONST    

        CLASS   COMRAM         
                cstackCOMRAM                          1        1       38         1
                bssCOMRAM                            39       39       13         1

        CLASS   ABS1           

        CLASS   BIGRAM         

        CLASS   RAM            

        CLASS   BANK0          
                cstackBANK0                          60       60       79         1
                dataBANK0                            FE       FE        2         1
                bssBANK0                             D9       D9       25         1

        CLASS   BANK1          
                dataBANK1                           1E8      1E8       17         1
                bssBANK1                            100      100       E8         1

        CLASS   BANK2          
                cstackBANK2                         2C3      2C3       18         1
                bssBANK2                            200      200       C3         1

        CLASS   BANK3          
                bssBANK3                            300      300       FF         1

        CLASS   BANK4          

        CLASS   BANK5          

        CLASS   BANK6          

        CLASS   BANK7          

        CLASS   BANK8          

        CLASS   BANK9          

        CLASS   BANK10         

        CLASS   BANK11         

        CLASS   BANK12         

        CLASS   BANK13         

        CLASS   BANK14         

        CLASS   BANK15         

        CLASS   BANK16         

        CLASS   BANK17         

        CLASS   BANK18         

        CLASS   BANK19         

        CLASS   BANK20         

        CLASS   BANK21         

        CLASS   BANK22         

        CLASS   BANK23         

        CLASS   BANK24         

        CLASS   BANK25         

        CLASS   BANK26         

        CLASS   BANK27         

        CLASS   BANK28         

        CLASS   BANK29         

        CLASS   BANK30         

        CLASS   BANK31         

        CLASS   SFR            

        CLASS   BIGSFR         

        CLASS   CONFIG         
                config                           300000   300000        A         4

        CLASS   IDLOC          
                idloc                            200000   200000       10         5

        CLASS   EEDATA         

        CLASS   FARRAM         

        CLASS   HEAP           

        CLASS   STACK          



SEGMENTS        Name                           Load    Length   Top    Selector   Space  Class

                reset_vec                      000000  000004  000004         0       0  CODE    
                text94                         005630  00022A  00585A      158C       0  CODE    
                text11                         002100  00352E  00562E      1080       0  CODE    
                text88                         00589C  000507  005DA3      1627       0  CODE    
                text86                         00585C  00003E  00589A      1617       0  CODE    
                text80                         005DA4  0000DC  005E80      2ED2       0  CODE    
                cstackCOMRAM                   000001  00004B  00004C         1       1  COMRAM  
                cstackBANK0                    000060  0000A0  000100        60       1  BANK0   
                ivt0x8                         000008  0000AA  0000B2         4       0  CODE    
                smallconst                     002000  000100  002100      1000       0  SMALLCON
                bssBANK3                       000300  0000FF  0003FF       300       1  BANK3   
                bssBANK1                       000100  0000FF  0001FF       100       1  BANK1   
                bssBANK2                       000200  0000DB  0002DB       200       1  BANK2   


UNUSED ADDRESS RANGES

        Name                Unused          Largest block    Delta
        BANK1            0001FF-0001FF                1
        BANK10           000A00-000AFF              100
        BANK11           000B00-000BFF              100
        BANK12           000C00-000CFF              100
        BANK13           000D00-000DFF              100
        BANK14           000E00-000EFF              100
        BANK15           000F00-000FFF              100
        BANK16           001000-0010FF              100
        BANK17           001100-0011FF              100
        BANK18           001200-0012FF              100
        BANK19           001300-0013FF              100
        BANK2            0002DB-0002FF               25
        BANK20           001400-0014FF              100
        BANK21           001500-0015FF              100
        BANK22           001600-0016FF              100
        BANK23           001700-0017FF              100
        BANK24           001800-0018FF              100
        BANK25           001900-0019FF              100
        BANK26           001A00-001AFF              100
        BANK27           001B00-001BFF              100
        BANK28           001C00-001CFF              100
        BANK29           001D00-001DFF              100
        BANK3            0003FF-0003FF                1
        BANK30           001E00-001EFF              100
        BANK31           001F00-001FFF              100
        BANK4            000400-0004FF              100
        BANK5            000500-0005FF              100
        BANK6            000600-0006FF              100
        BANK7            000700-0007FF              100
        BANK8            000800-0008FF              100
        BANK9            000900-0009FF              100
        BIGRAM           00004C-00005F               14
                         0001FF-0001FF                1
                         0002DB-0002FF               25
                         0003FF-001FFF             1C01
        BIGSFR           003800-003FFF              800
        CODE             000004-000007                4
                         0000B2-001FFF             1F4E
                         00562E-00562F                2
                         00585A-00585B                2
                         00589A-00589B                2
                         005DA3-005DA3                1
                         005E80-01FFFF            1A180
        COMRAM           00004C-00005F               14
        CONST            000004-000007                4
                         0000B2-001FFF             1F4E
                         00562E-00562F                2
                         00585A-00585B                2
                         00589A-00589B                2
                         005DA3-005DA3                1
                         005E80-01FFFF            1A180
        EEDATA           310000-3103FF              400
        MEDIUMCONST      00562E-00562F                2
                         00585A-00585B                2
                         00589A-00589B                2
                         005DA3-005DA3                1
                         005E80-00FFFF             A180
                         012000-01FFFF             E000
        RAM              0001FF-0001FF                1
                         0002DB-0002FF               25
                         0003FF-001FFF              100
        SFR              003800-003FFF              100
        SMALLCONST       00562E-00562F                2
                         00585A-00585B                2
                         00589A-00589B                2
                         005DA3-005DA3                1
                         005E80-01FFFF              100

                                  Symbol Table

?_ADCC_GetConversionResult                    cstackCOMRAM 000001
?___awdiv                                     cstackCOMRAM 000015
?___awmod                                     cstackCOMRAM 000015
?___fladd                                     cstackCOMRAM 000015
?___fldiv                                     cstackCOMRAM 000015
?___flmul                                     cstackCOMRAM 000023
?___flneg                                     cstackCOMRAM 000015
?___flsub                                     cstackCOMRAM 00002F
?___fltol                                     cstackCOMRAM 000015
?___fpclassifyf                               cstackCOMRAM 000015
?___lodiv                                     cstackCOMRAM 000015
?___lomod                                     cstackCOMRAM 000015
?___wmul                                      cstackCOMRAM 000015
?___xxtofl                                    cstackCOMRAM 000015
?_atoi                                        cstackCOMRAM 00001C
?_efgtoa                                      cstackBANK0  000071
?_floorf                                      cstackCOMRAM 00002E
?_fputc                                       cstackCOMRAM 000017
?_fputs                                       cstackCOMRAM 000020
?_isdigit                                     cstackCOMRAM 000015
?_isspace                                     cstackCOMRAM 000015
?_isupper                                     cstackCOMRAM 000015
?_pad                                         cstackCOMRAM 000029
?_printf                                      cstackBANK2  0002C3
?_sprintf                                     cstackBANK2  0002C3
?_stoa                                        cstackCOMRAM 000020
?_strlen                                      cstackCOMRAM 000015
?_strncmp                                     cstackCOMRAM 000019
?_tolower                                     cstackCOMRAM 00001B
?_utoa                                        cstackBANK0  000060
?_vfpfcnvrt                                   cstackBANK0  0000AF
?_vfprintf                                    cstackBANK0  0000CE
ADCC_SetADIInterruptHandler@InterruptHandler  cstackCOMRAM 000015
DAC1_SetOutput@inputData                      cstackCOMRAM 000015
INTERRUPT_Initialize@state                    cstackCOMRAM 000015
IVTBASEH                                      (abs)        003FD6
IVTBASEL                                      (abs)        003FD5
IVTBASEU                                      (abs)        003FD7
PWM5_LoadDutyValue@dutyValue                  cstackCOMRAM 000015
PWM6_LoadDutyValue@dutyValue                  cstackCOMRAM 000015
TMR5_SetInterruptHandler@InterruptHandler     cstackCOMRAM 000015
TMR5_WriteTimer@timerVal                      cstackCOMRAM 00000F
TMR6_ISR@CountCallBack                        bssCOMRAM    000041
TMR6_SetInterruptHandler@InterruptHandler     cstackCOMRAM 000015
Timers_Isr@i                                  cstackCOMRAM 000011
UART1_Read@readValue                          cstackCOMRAM 000015
UART1_SetErrorHandler@interruptHandler        cstackCOMRAM 000015
UART1_SetFramingErrorHandler@interruptHandler cstackCOMRAM 000015
UART1_SetOverrunErrorHandler@interruptHandler cstackCOMRAM 000015
UART1_SetRxInterruptHandler@InterruptHandler  cstackCOMRAM 000015
UART1_SetTxInterruptHandler@InterruptHandler  cstackCOMRAM 000015
UART1_Write@txData                            cstackCOMRAM 000015
_ADACCH                                       (abs)        003EE9
_ADACCL                                       (abs)        003EE8
_ADACCU                                       (abs)        003EEA
_ADACQH                                       (abs)        003EF4
_ADACQL                                       (abs)        003EF3
_ADACT                                        (abs)        003EFE
_ADCAP                                        (abs)        003EF5
_ADCC_ADI_InterruptHandler                    bssBANK0     0000EC
_ADCC_DefaultInterruptHandler                 text78       005E74
_ADCC_GetConversionResult                     text80       005DA4
_ADCC_ISR                                     text77       00579C
_ADCC_Initialize                              text71       005392
_ADCC_SetADIInterruptHandler                  text72       005E38
_ADCLK                                        (abs)        003EFF
_ADCNT                                        (abs)        003EEB
_ADCON0                                       (abs)        003EF8
_ADCON1                                       (abs)        003EF9
_ADCON2                                       (abs)        003EFA
_ADCON3                                       (abs)        003EFB
_ADERRH                                       (abs)        003EE3
_ADERRL                                       (abs)        003EE2
_ADFLTRH                                      (abs)        003EE7
_ADFLTRL                                      (abs)        003EE6
_ADLTHH                                       (abs)        003EDF
_ADLTHL                                       (abs)        003EDE
_ADPCH                                        (abs)        003EF1
_ADPREH                                       (abs)        003EF7
_ADPREL                                       (abs)        003EF6
_ADPREVH                                      (abs)        003EEE
_ADPREVL                                      (abs)        003EED
_ADREF                                        (abs)        003EFD
_ADRESH                                       (abs)        003EF0
_ADRESL                                       (abs)        003EEF
_ADRPT                                        (abs)        003EEC
_ADSTAT                                       (abs)        003EFC
_ADSTPTH                                      (abs)        003EE5
_ADSTPTL                                      (abs)        003EE4
_ADUTHH                                       (abs)        003EE1
_ADUTHL                                       (abs)        003EE0
_ANSELA                                       (abs)        003A40
_ANSELB                                       (abs)        003A50
_ANSELC                                       (abs)        003A60
_ANSELD                                       (abs)        003A70
_ANSELE                                       (abs)        003A80
_ANSELF                                       (abs)        003A90
_Adc_Isr                                      text79       00598A
_CCPTMRS1bits                                 (abs)        003F5F
_DAC1CON0                                     (abs)        003E9E
_DAC1CON1                                     (abs)        003E9C
_DAC1_GetOutput                               text76       005E66
_DAC1_Initialize                              text70       005E46
_DAC1_SetOutput                               text75       005E5C
_Default_ISR                                  text85       005E78
_GIE                                          (abs)        01FE97
_INLVLA                                       (abs)        003A44
_INLVLB                                       (abs)        003A54
_INLVLC                                       (abs)        003A64
_INLVLD                                       (abs)        003A74
_INLVLE                                       (abs)        003A84
_INLVLF                                       (abs)        003A94
_INTCON0bits                                  (abs)        003FD2
_INTERRUPT_Initialize                         text69       005758
_IPR1bits                                     (abs)        003981
_IPR3bits                                     (abs)        003983
_IPR8bits                                     (abs)        003988
_IPR9bits                                     (abs)        003989
_IVTBASEH                                     (abs)        003FD6
_IVTBASEL                                     (abs)        003FD5
_IVTBASEU                                     (abs)        003FD7
_IVTLOCK                                      (abs)        003FD4
_IVTLOCKbits                                  (abs)        003FD4
_LATA                                         (abs)        003FBA
_LATAbits                                     (abs)        003FBA
_LATB                                         (abs)        003FBB
_LATC                                         (abs)        003FBC
_LATD                                         (abs)        003FBD
_LATDbits                                     (abs)        003FBD
_LATE                                         (abs)        003FBE
_LATEbits                                     (abs)        003FBE
_LATF                                         (abs)        003FBF
_LATFbits                                     (abs)        003FBF
_Led_Blink                                    text83       005CC0
_ODCONA                                       (abs)        003A42
_ODCONB                                       (abs)        003A52
_ODCONC                                       (abs)        003A62
_ODCOND                                       (abs)        003A72
_ODCONE                                       (abs)        003A82
_ODCONF                                       (abs)        003A92
_OSCCON1                                      (abs)        0039D9
_OSCCON3                                      (abs)        0039DB
_OSCEN                                        (abs)        0039DD
_OSCFRQ                                       (abs)        0039DF
_OSCILLATOR_Initialize                        text68       005CDE
_OSCTUNE                                      (abs)        0039DE
_PIE1bits                                     (abs)        003991
_PIE3bits                                     (abs)        003993
_PIE8bits                                     (abs)        003998
_PIE9bits                                     (abs)        003999
_PIN_MANAGER_Initialize                       text67       004B12
_PIR1bits                                     (abs)        0039A1
_PIR2bits                                     (abs)        0039A2
_PIR4bits                                     (abs)        0039A4
_PIR8bits                                     (abs)        0039A8
_PIR9bits                                     (abs)        0039A9
_PLLR                                         (abs)        01CEE0
_PMD0                                         (abs)        0039C0
_PMD1                                         (abs)        0039C1
_PMD2                                         (abs)        0039C2
_PMD3                                         (abs)        0039C3
_PMD4                                         (abs)        0039C4
_PMD5                                         (abs)        0039C5
_PMD6                                         (abs)        0039C6
_PMD7                                         (abs)        0039C7
_PMD_Initialize                               text66       005C5E
_PORTAbits                                    (abs)        003FCA
_PORTBbits                                    (abs)        003FCB
_PWM5CON                                      (abs)        003F6E
_PWM5DCH                                      (abs)        003F6D
_PWM5DCL                                      (abs)        003F6C
_PWM5_Initialize                              text65       005D74
_PWM5_LoadDutyValue                           text74       005A66
_PWM6CON                                      (abs)        003F6A
_PWM6DCH                                      (abs)        003F69
_PWM6DCL                                      (abs)        003F68
_PWM6_Initialize                              text64       005D5C
_PWM6_LoadDutyValue                           text73       005A34
_RB1I2C                                       (abs)        003A5A
_RB2I2C                                       (abs)        003A5B
_RC3I2C                                       (abs)        003A6A
_RC3PPS                                       (abs)        003A13
_RC4I2C                                       (abs)        003A6B
_RC5PPS                                       (abs)        003A15
_RC6PPS                                       (abs)        003A16
_RD0I2C                                       (abs)        003A7A
_RD1I2C                                       (abs)        003A7B
_RD2PPS                                       (abs)        003A1A
_RF2PPS                                       (abs)        003A2A
_SLRCONA                                      (abs)        003A43
_SLRCONB                                      (abs)        003A53
_SLRCONC                                      (abs)        003A63
_SLRCOND                                      (abs)        003A73
_SLRCONE                                      (abs)        003A83
_SLRCONF                                      (abs)        003A93
_SPI1BAUD                                     (abs)        003D19
_SPI1CLK                                      (abs)        003D1C
_SPI1CON0                                     (abs)        003D14
_SPI1CON1                                     (abs)        003D15
_SPI1CON2                                     (abs)        003D16
_SPI1RXB                                      (abs)        003D10
_SPI1SCKPPS                                   (abs)        003ADE
_SPI1SDIPPS                                   (abs)        003ADF
_SPI1TCNTL                                    (abs)        003D12
_SPI1TXB                                      (abs)        003D11
_SPI1_Initialize                              text63       005CFA
_SYSTEM_Initialize                            text51       0059FE
_T2CLKCON                                     (abs)        003FAE
_T2CON                                        (abs)        003FAC
_T2HLT                                        (abs)        003FAD
_T2PR                                         (abs)        003FAB
_T2RST                                        (abs)        003FAF
_T2TMR                                        (abs)        003FAA
_T5CLK                                        (abs)        003F9D
_T5CON                                        (abs)        003F9A
_T5CONbits                                    (abs)        003F9A
_T5GATE                                       (abs)        003F9C
_T5GCON                                       (abs)        003F9B
_T6CLKCON                                     (abs)        003F96
_T6CON                                        (abs)        003F94
_T6HLT                                        (abs)        003F95
_T6PR                                         (abs)        003F93
_T6RST                                        (abs)        003F97
_T6TMR                                        (abs)        003F92
_TMR2_Initialize                              text62       005CA2
_TMR5H                                        (abs)        003F99
_TMR5L                                        (abs)        003F98
_TMR5_DefaultInterruptHandler                 text95       005E7E
_TMR5_ISR                                     text94       005630
_TMR5_Initialize                              text60       0056CA
_TMR5_InterruptHandler                        bssBANK0     0000DD
_TMR5_SetInterruptHandler                     text61       005E2A
_TMR5_WriteTimer                              text97       005C18
_TMR6_CallBack                                text82       005BF4
_TMR6_DefaultInterruptHandler                 text84       005E76
_TMR6_ISR                                     text81       0059C4
_TMR6_Initialize                              text58       005B26
_TMR6_InterruptHandler                        bssBANK0     0000E9
_TMR6_SetInterruptHandler                     text59       005E1C
_TRISA                                        (abs)        003FC2
_TRISB                                        (abs)        003FC3
_TRISC                                        (abs)        003FC4
_TRISCbits                                    (abs)        003FC4
_TRISD                                        (abs)        003FC5
_TRISE                                        (abs)        003FC6
_TRISF                                        (abs)        003FC7
_Timers_Isr                                   text96       00558E
_U1BRGH                                       (abs)        003DF6
_U1BRGL                                       (abs)        003DF5
_U1CON0                                       (abs)        003DF2
_U1CON1                                       (abs)        003DF3
_U1CON2                                       (abs)        003DF4
_U1ERRIE                                      (abs)        003DFA
_U1ERRIR                                      (abs)        003DF9
_U1ERRIRbits                                  (abs)        003DF9
_U1FIFO                                       (abs)        003DF7
_U1P1H                                        (abs)        003DED
_U1P1L                                        (abs)        003DEC
_U1P2H                                        (abs)        003DEF
_U1P2L                                        (abs)        003DEE
_U1P3H                                        (abs)        003DF1
_U1P3L                                        (abs)        003DF0
_U1RXB                                        (abs)        003DE8
_U1RXPPS                                      (abs)        003AE5
_U1TXB                                        (abs)        003DEA
_U1UIR                                        (abs)        003DF8
_UART1_DefaultErrorHandler                    text92       005E6C
_UART1_DefaultFramingErrorHandler             text91       005E7C
_UART1_DefaultOverrunErrorHandler             text90       005E7A
_UART1_ErrorHandler                           bssBANK0     0000E0
_UART1_FramingErrorHandler                    bssBANK0     0000E6
_UART1_Initialize                             text52       004ED2
_UART1_OverrunErrorHandler                    bssBANK0     0000E3
_UART1_Read                                   text38       00581C
_UART1_Receive_ISR                            text89       005034
_UART1_RxDataHandler                          text93       005C80
_UART1_RxInterruptHandler                     bssBANK0     0000F2
_UART1_SetErrorHandler                        text57       005E0E
_UART1_SetFramingErrorHandler                 text56       005E00
_UART1_SetOverrunErrorHandler                 text55       005DF2
_UART1_SetRxInterruptHandler                  text54       005DE4
_UART1_SetTxInterruptHandler                  text53       005DD6
_UART1_Transmit_ISR                           text87       005B54
_UART1_TxInterruptHandler                     bssBANK0     0000EF
_UART1_Write                                  text49       0058DA
_UART1_is_rx_ready                            text37       005DC8
_UART1_rx_vect_isr                            text88       00589C
_UART1_tx_vect_isr                            text86       00585C
_WPUA                                         (abs)        003A41
_WPUB                                         (abs)        003A51
_WPUC                                         (abs)        003A61
_WPUD                                         (abs)        003A71
_WPUE                                         (abs)        003A81
_WPUF                                         (abs)        003A91
__HRAM                                        (abs)        000000
__Habs1                                       abs1         000000
__Hbank0                                      bank0        000000
__Hbank1                                      bank1        000000
__Hbank10                                     bank10       000000
__Hbank11                                     bank11       000000
__Hbank12                                     bank12       000000
__Hbank13                                     bank13       000000
__Hbank14                                     bank14       000000
__Hbank15                                     bank15       000000
__Hbank16                                     bank16       000000
__Hbank17                                     bank17       000000
__Hbank18                                     bank18       000000
__Hbank19                                     bank19       000000
__Hbank2                                      bank2        000000
__Hbank20                                     bank20       000000
__Hbank21                                     bank21       000000
__Hbank22                                     bank22       000000
__Hbank23                                     bank23       000000
__Hbank24                                     bank24       000000
__Hbank25                                     bank25       000000
__Hbank26                                     bank26       000000
__Hbank27                                     bank27       000000
__Hbank28                                     bank28       000000
__Hbank29                                     bank29       000000
__Hbank3                                      bank3        000000
__Hbank30                                     bank30       000000
__Hbank31                                     bank31       000000
__Hbank4                                      bank4        000000
__Hbank5                                      bank5        000000
__Hbank6                                      bank6        000000
__Hbank7                                      bank7        000000
__Hbank8                                      bank8        000000
__Hbank9                                      bank9        000000
__Hbigbss                                     bigbss       000000
__Hbigdata                                    bigdata      000000
__Hbigram                                     bigram       000000
__Hbigsfr                                     bigsfr       000000
__Hbss                                        bss          000000
__HbssBANK0                                   bssBANK0     000000
__HbssBANK1                                   bssBANK1     000000
__HbssBANK2                                   bssBANK2     000000
__HbssBANK3                                   bssBANK3     000000
__HbssCOMRAM                                  bssCOMRAM    000000
__Hcinit                                      cinit        000000
__Hclrtext                                    clrtext      000000
__Hcomram                                     comram       000000
__Hconfig                                     config       30000A
__Hconst                                      const        000000
__HcstackBANK0                                cstackBANK0  000000
__HcstackBANK2                                cstackBANK2  000000
__HcstackCOMRAM                               cstackCOMRAM 000000
__Hdata                                       data         000000
__HdataBANK0                                  dataBANK0    000000
__HdataBANK1                                  dataBANK1    000000
__Heeprom_data                                eeprom_data  000000
__Hfarbss                                     farbss       000000
__Hfardata                                    fardata      000000
__Hheap                                       heap         000000
__Hibigdata                                   ibigdata     000000
__Hidata                                      idata        000000
__HidataBANK0                                 idataBANK0   000000
__HidataBANK1                                 idataBANK1   000000
__Hidloc                                      idloc        200010
__Hifardata                                   ifardata     000000
__Hinit                                       init         0000B2
__Hintsave_regs                               intsave_regs 000000
__Hirdata                                     irdata       000000
__Hivt0x8                                     ivt0x8       0000AE
__Hmediumconst                                mediumconst  000000
__HnvFARRAM                                   nvFARRAM     000000
__Hnvbit                                      nvbit        000000
__Hnvrram                                     nvrram       000000
__Hparam                                      rparam       000000
__Hpowerup                                    powerup      000000
__Hram                                        ram          000000
__Hramtop                                     ramtop       002000
__Hrbit                                       rbit         000000
__Hrbss                                       rbss         000000
__Hrdata                                      rdata        000000
__Hreset_vec                                  reset_vec    000004
__Hrparam                                     rparam       000000
__Hsfr                                        sfr          000000
__Hsmallconst                                 smallconst   002100
__Hspace_0                                    (abs)        005E80
__Hspace_1                                    (abs)        0003FF
__Hspace_2                                    (abs)        000000
__Hspace_4                                    (abs)        60000A
__Hstack                                      stack        000000
__Hstruct                                     struct       000000
__Htemp                                       temp         000000
__Htext                                       text         000000
__Htext0                                      text0        000000
__Htext1                                      text1        000000
__Htext10                                     text10       000000
__Htext11                                     text11       000000
__Htext12                                     text12       000000
__Htext13                                     text13       000000
__Htext14                                     text14       000000
__Htext15                                     text15       000000
__Htext16                                     text16       000000
__Htext17                                     text17       000000
__Htext18                                     text18       000000
__Htext19                                     text19       000000
__Htext2                                      text2        000000
__Htext20                                     text20       000000
__Htext21                                     text21       000000
__Htext22                                     text22       000000
__Htext23                                     text23       000000
__Htext24                                     text24       000000
__Htext25                                     text25       000000
__Htext26                                     text26       000000
__Htext27                                     text27       000000
__Htext28                                     text28       000000
__Htext29                                     text29       000000
__Htext3                                      text3        000000
__Htext30                                     text30       000000
__Htext31                                     text31       000000
__Htext32                                     text32       000000
__Htext33                                     text33       000000
__Htext34                                     text34       000000
__Htext35                                     text35       000000
__Htext36                                     text36       000000
__Htext37                                     text37       000000
__Htext38                                     text38       000000
__Htext39                                     text39       000000
__Htext4                                      text4        000000
__Htext40                                     text40       000000
__Htext41                                     text41       000000
__Htext42                                     text42       000000
__Htext43                                     text43       000000
__Htext44                                     text44       000000
__Htext45                                     text45       000000
__Htext46                                     text46       000000
__Htext47                                     text47       000000
__Htext48                                     text48       000000
__Htext49                                     text49       000000
__Htext5                                      text5        000000
__Htext50                                     text50       000000
__Htext51                                     text51       000000
__Htext52                                     text52       000000
__Htext53                                     text53       000000
__Htext54                                     text54       000000
__Htext55                                     text55       000000
__Htext56                                     text56       000000
__Htext57                                     text57       000000
__Htext58                                     text58       000000
__Htext59                                     text59       000000
__Htext6                                      text6        000000
__Htext60                                     text60       000000
__Htext61                                     text61       000000
__Htext62                                     text62       000000
__Htext63                                     text63       000000
__Htext64                                     text64       000000
__Htext65                                     text65       000000
__Htext66                                     text66       000000
__Htext67                                     text67       000000
__Htext68                                     text68       000000
__Htext69                                     text69       000000
__Htext7                                      text7        000000
__Htext70                                     text70       000000
__Htext71                                     text71       000000
__Htext72                                     text72       000000
__Htext73                                     text73       000000
__Htext74                                     text74       000000
__Htext75                                     text75       000000
__Htext76                                     text76       000000
__Htext77                                     text77       000000
__Htext78                                     text78       000000
__Htext79                                     text79       000000
__Htext8                                      text8        000000
__Htext80                                     text80       000000
__Htext81                                     text81       000000
__Htext82                                     text82       000000
__Htext83                                     text83       000000
__Htext84                                     text84       000000
__Htext85                                     text85       000000
__Htext86                                     text86       000000
__Htext87                                     text87       000000
__Htext88                                     text88       000000
__Htext89                                     text89       000000
__Htext9                                      text9        000000
__Htext90                                     text90       000000
__Htext91                                     text91       000000
__Htext92                                     text92       000000
__Htext93                                     text93       000000
__Htext94                                     text94       000000
__Htext95                                     text95       000000
__Htext96                                     text96       000000
__Htext97                                     text97       000000
__Htext98                                     text98       000000
__LRAM                                        (abs)        000001
__Labs1                                       abs1         000000
__Lbank0                                      bank0        000000
__Lbank1                                      bank1        000000
__Lbank10                                     bank10       000000
__Lbank11                                     bank11       000000
__Lbank12                                     bank12       000000
__Lbank13                                     bank13       000000
__Lbank14                                     bank14       000000
__Lbank15                                     bank15       000000
__Lbank16                                     bank16       000000
__Lbank17                                     bank17       000000
__Lbank18                                     bank18       000000
__Lbank19                                     bank19       000000
__Lbank2                                      bank2        000000
__Lbank20                                     bank20       000000
__Lbank21                                     bank21       000000
__Lbank22                                     bank22       000000
__Lbank23                                     bank23       000000
__Lbank24                                     bank24       000000
__Lbank25                                     bank25       000000
__Lbank26                                     bank26       000000
__Lbank27                                     bank27       000000
__Lbank28                                     bank28       000000
__Lbank29                                     bank29       000000
__Lbank3                                      bank3        000000
__Lbank30                                     bank30       000000
__Lbank31                                     bank31       000000
__Lbank4                                      bank4        000000
__Lbank5                                      bank5        000000
__Lbank6                                      bank6        000000
__Lbank7                                      bank7        000000
__Lbank8                                      bank8        000000
__Lbank9                                      bank9        000000
__Lbigbss                                     bigbss       000000
__Lbigdata                                    bigdata      000000
__Lbigram                                     bigram       000000
__Lbigsfr                                     bigsfr       000000
__Lbss                                        bss          000000
__LbssBANK0                                   bssBANK0     000000
__LbssBANK1                                   bssBANK1     000000
__LbssBANK2                                   bssBANK2     000000
__LbssBANK3                                   bssBANK3     000000
__LbssCOMRAM                                  bssCOMRAM    000000
__Lcinit                                      cinit        000000
__Lclrtext                                    clrtext      000000
__Lcomram                                     comram       000000
__Lconfig                                     config       000000
__Lconst                                      const        000000
__LcstackBANK0                                cstackBANK0  000000
__LcstackBANK2                                cstackBANK2  000000
__LcstackCOMRAM                               cstackCOMRAM 000000
__Ldata                                       data         000000
__LdataBANK0                                  dataBANK0    000000
__LdataBANK1                                  dataBANK1    000000
__Leeprom_data                                eeprom_data  000000
__Lfarbss                                     farbss       000000
__Lfardata                                    fardata      000000
__Lheap                                       heap         000000
__Libigdata                                   ibigdata     000000
__Lidata                                      idata        000000
__LidataBANK0                                 idataBANK0   000000
__LidataBANK1                                 idataBANK1   000000
__Lidloc                                      idloc        000000
__Lifardata                                   ifardata     000000
__Linit                                       init         0000AE
__Lintsave_regs                               intsave_regs 000000
__Lirdata                                     irdata       000000
__Livt0x8                                     ivt0x8       000008
__Lmediumconst                                mediumconst  000000
__LnvFARRAM                                   nvFARRAM     000000
__Lnvbit                                      nvbit        000000
__Lnvrram                                     nvrram       000000
__Lparam                                      rparam       000000
__Lpowerup                                    powerup      000000
__Lram                                        ram          000000
__Lramtop                                     ramtop       002000
__Lrbit                                       rbit         000000
__Lrbss                                       rbss         000000
__Lrdata                                      rdata        000000
__Lreset_vec                                  reset_vec    000000
__Lrparam                                     rparam       000000
__Lsfr                                        sfr          000000
__Lsmallconst                                 smallconst   002000
__Lspace_0                                    (abs)        000000
__Lspace_1                                    (abs)        000000
__Lspace_2                                    (abs)        000000
__Lspace_4                                    (abs)        000000
__Lstack                                      stack        000000
__Lstruct                                     struct       000000
__Ltemp                                       temp         000000
__Ltext                                       text         000000
__Ltext0                                      text0        000000
__Ltext1                                      text1        000000
__Ltext10                                     text10       000000
__Ltext11                                     text11       000000
__Ltext12                                     text12       000000
__Ltext13                                     text13       000000
__Ltext14                                     text14       000000
__Ltext15                                     text15       000000
__Ltext16                                     text16       000000
__Ltext17                                     text17       000000
__Ltext18                                     text18       000000
__Ltext19                                     text19       000000
__Ltext2                                      text2        000000
__Ltext20                                     text20       000000
__Ltext21                                     text21       000000
__Ltext22                                     text22       000000
__Ltext23                                     text23       000000
__Ltext24                                     text24       000000
__Ltext25                                     text25       000000
__Ltext26                                     text26       000000
__Ltext27                                     text27       000000
__Ltext28                                     text28       000000
__Ltext29                                     text29       000000
__Ltext3                                      text3        000000
__Ltext30                                     text30       000000
__Ltext31                                     text31       000000
__Ltext32                                     text32       000000
__Ltext33                                     text33       000000
__Ltext34                                     text34       000000
__Ltext35                                     text35       000000
__Ltext36                                     text36       000000
__Ltext37                                     text37       000000
__Ltext38                                     text38       000000
__Ltext39                                     text39       000000
__Ltext4                                      text4        000000
__Ltext40                                     text40       000000
__Ltext41                                     text41       000000
__Ltext42                                     text42       000000
__Ltext43                                     text43       000000
__Ltext44                                     text44       000000
__Ltext45                                     text45       000000
__Ltext46                                     text46       000000
__Ltext47                                     text47       000000
__Ltext48                                     text48       000000
__Ltext49                                     text49       000000
__Ltext5                                      text5        000000
__Ltext50                                     text50       000000
__Ltext51                                     text51       000000
__Ltext52                                     text52       000000
__Ltext53                                     text53       000000
__Ltext54                                     text54       000000
__Ltext55                                     text55       000000
__Ltext56                                     text56       000000
__Ltext57                                     text57       000000
__Ltext58                                     text58       000000
__Ltext59                                     text59       000000
__Ltext6                                      text6        000000
__Ltext60                                     text60       000000
__Ltext61                                     text61       000000
__Ltext62                                     text62       000000
__Ltext63                                     text63       000000
__Ltext64                                     text64       000000
__Ltext65                                     text65       000000
__Ltext66                                     text66       000000
__Ltext67                                     text67       000000
__Ltext68                                     text68       000000
__Ltext69                                     text69       000000
__Ltext7                                      text7        000000
__Ltext70                                     text70       000000
__Ltext71                                     text71       000000
__Ltext72                                     text72       000000
__Ltext73                                     text73       000000
__Ltext74                                     text74       000000
__Ltext75                                     text75       000000
__Ltext76                                     text76       000000
__Ltext77                                     text77       000000
__Ltext78                                     text78       000000
__Ltext79                                     text79       000000
__Ltext8                                      text8        000000
__Ltext80                                     text80       000000
__Ltext81                                     text81       000000
__Ltext82                                     text82       000000
__Ltext83                                     text83       000000
__Ltext84                                     text84       000000
__Ltext85                                     text85       000000
__Ltext86                                     text86       000000
__Ltext87                                     text87       000000
__Ltext88                                     text88       000000
__Ltext89                                     text89       000000
__Ltext9                                      text9        000000
__Ltext90                                     text90       000000
__Ltext91                                     text91       000000
__Ltext92                                     text92       000000
__Ltext93                                     text93       000000
__Ltext94                                     text94       000000
__Ltext95                                     text95       000000
__Ltext96                                     text96       000000
__Ltext97                                     text97       000000
__Ltext98                                     text98       000000
__S0                                          (abs)        005E80
__S1                                          (abs)        0003FF
__S4                                          (abs)        000000
__S5                                          (abs)        000000
___awdiv                                      text27       00530E
___awdiv@counter                              cstackCOMRAM 000019
___awdiv@dividend                             cstackCOMRAM 000015
___awdiv@divisor                              cstackCOMRAM 000017
___awdiv@quotient                             cstackCOMRAM 00001B
___awdiv@sign                                 cstackCOMRAM 00001A
___awmod                                      text26       005404
___awmod@counter                              cstackCOMRAM 000019
___awmod@dividend                             cstackCOMRAM 000015
___awmod@divisor                              cstackCOMRAM 000017
___awmod@sign                                 cstackCOMRAM 00001A
___fladd                                      text20       003496
___fladd@a                                    cstackCOMRAM 000019
___fladd@aexp                                 cstackCOMRAM 000022
___fladd@b                                    cstackCOMRAM 000015
___fladd@bexp                                 cstackCOMRAM 000023
___fladd@grs                                  cstackCOMRAM 000024
___fladd@signs                                cstackCOMRAM 000021
___fldiv                                      text25       0037A2
___fldiv@a                                    cstackCOMRAM 000019
___fldiv@aexp                                 cstackCOMRAM 00002D
___fldiv@b                                    cstackCOMRAM 000015
___fldiv@bexp                                 cstackCOMRAM 00002C
___fldiv@grs                                  cstackCOMRAM 000028
___fldiv@new_exp                              cstackCOMRAM 000026
___fldiv@rem                                  cstackCOMRAM 000021
___fldiv@sign                                 cstackCOMRAM 000025
___fleq                                       text24       005200
___fleq@ff1                                   cstackCOMRAM 000015
___fleq@ff2                                   cstackCOMRAM 000019
___flge                                       text23       004974
___flge@ff1                                   cstackCOMRAM 00002F
___flge@ff2                                   cstackCOMRAM 000033
___flmul                                      text22       003144
___flmul@a                                    cstackCOMRAM 000027
___flmul@aexp                                 cstackBANK0  000061
___flmul@b                                    cstackCOMRAM 000023
___flmul@bexp                                 cstackBANK0  000062
___flmul@grs                                  cstackBANK0  000063
___flmul@prod                                 cstackBANK0  000067
___flmul@sign                                 cstackBANK0  000060
___flmul@temp                                 cstackBANK0  00006B
___flneg                                      text21       005AF8
___flneg@f1                                   cstackCOMRAM 000015
___flsub                                      text19       005712
___flsub@a                                    cstackCOMRAM 000033
___flsub@b                                    cstackCOMRAM 00002F
___fltol                                      text18       004CAC
___fltol@exp1                                 cstackCOMRAM 00001E
___fltol@f1                                   cstackCOMRAM 000015
___fltol@sign1                                cstackCOMRAM 00001D
___fpclassifyf                                text17       004BE0
___fpclassifyf@F465                           bssBANK1     000190
___fpclassifyf@e                              cstackCOMRAM 00001D
___fpclassifyf@u                              cstackCOMRAM 00001F
___fpclassifyf@x                              cstackCOMRAM 000015
___heap_hi                                    (abs)        000000
___heap_lo                                    (abs)        000000
___inthi_sp                                   stack        000000
___intlo_sp                                   stack        000000
___lodiv                                      text9        004A44
___lodiv@counter                              cstackCOMRAM 00002D
___lodiv@dividend                             cstackCOMRAM 000015
___lodiv@divisor                              cstackCOMRAM 00001D
___lodiv@quotient                             cstackCOMRAM 000025
___lomod                                      text8        004F86
___lomod@counter                              cstackCOMRAM 000025
___lomod@dividend                             cstackCOMRAM 000015
___lomod@divisor                              cstackCOMRAM 00001D
___param_bank                                 (abs)        000000
___rparam_used                                (abs)        000001
___sp                                         stack        000000
___wmul                                       text31       005B82
___wmul@multiplicand                          cstackCOMRAM 000017
___wmul@multiplier                            cstackCOMRAM 000015
___wmul@product                               cstackCOMRAM 000019
___xxtofl                                     text50       004702
___xxtofl@arg                                 cstackCOMRAM 00001F
___xxtofl@exp                                 cstackCOMRAM 00001E
___xxtofl@sign                                cstackCOMRAM 00001D
[...]
_sprintf                                      text3        0055E0
_stoa                                         text10       0045BA
_strcpy                                       text14       0054DC
_strlen                                       text41       00567E
_strncmp                                      text40       0041B6
_tickCount                                    bssBANK1     000180
_timer5ReloadVal                              bssCOMRAM    00003F
_tolower                                      text12       005916
_uart1RxBuffer                                bssBANK2     000200
_uart1RxCount                                 bssCOMRAM    000046
_uart1RxHead                                  bssCOMRAM    000048
_uart1RxLastError                             bssCOMRAM    000045
_uart1RxStatusBuffer                          bssBANK1     000100
_uart1RxTail                                  bssCOMRAM    000047
_uart1TxBuffer                                bssBANK1     000140
_uart1TxBufferRemaining                       bssCOMRAM    000049
_uart1TxHead                                  bssCOMRAM    00004B
_uart1TxTail                                  bssCOMRAM    00004A
_utoa                                         text7        003E5C
_vfpfcnvrt                                    text6        002ACC
_vfpfcnvrt$3123                               cstackBANK0  0000C4
_vfprintf                                     text5        00553C
_vval                                         bssBANK0     0000D9
_width                                        bssBANK0     0000F7
atoi@n                                        cstackCOMRAM 000024
atoi@neg                                      cstackCOMRAM 000022
atoi@s                                        cstackCOMRAM 00001C
cli_init@a_cmds                               cstackBANK2  0002D9
cli_init@a_ctx                                cstackBANK2  0002D7
cli_read@a_ctx                                cstackCOMRAM 000032
cli_read@i                                    cstackBANK0  00006C
display_led@led                               cstackCOMRAM 000017
efgtoa@c                                      cstackBANK0  000077
efgtoa@d                                      cstackBANK0  00008F
efgtoa@e                                      cstackBANK0  0000A7
efgtoa@f                                      cstackBANK0  000073
efgtoa@fp                                     cstackBANK0  000071
efgtoa@g                                      cstackBANK0  0000A1
efgtoa@h                                      cstackBANK0  000099
efgtoa@i                                      cstackBANK0  0000A5
efgtoa@l                                      cstackBANK0  00009D
efgtoa@m                                      cstackBANK0  000089
efgtoa@mode                                   cstackBANK0  000098
efgtoa@n                                      cstackBANK0  0000A9
efgtoa@ne                                     cstackBANK0  000087
efgtoa@nmode                                  cstackBANK0  000095
efgtoa@ou                                     cstackBANK0  00008B
efgtoa@p                                      cstackBANK0  000093
efgtoa@pp                                     cstackBANK0  000085
efgtoa@sign                                   cstackBANK0  000091
efgtoa@t                                      cstackBANK0  000083
efgtoa@u                                      cstackBANK0  0000AB
efgtoa@w                                      cstackBANK0  000096
end_of_initialization                         cinit        0051FA
fh_po@a_data                                  cstackCOMRAM 00002C
fh_pr@a_data                                  cstackCOMRAM 00002C
floorf@F526                                   bssBANK1     00018C
floorf@e                                      cstackBANK0  000064
floorf@m                                      cstackBANK0  000060
floorf@u                                      cstackBANK0  000066
floorf@x                                      cstackCOMRAM 00002E
fputc@c                                       cstackCOMRAM 000017
fputc@fp                                      cstackCOMRAM 000019
fputs@c                                       cstackCOMRAM 000026
fputs@fp                                      cstackCOMRAM 000022
fputs@i                                       cstackCOMRAM 000027
fputs@s                                       cstackCOMRAM 000020
intlevel0                                     text         000000
intlevel1                                     text         000000
intlevel2                                     text         000000
intlevel3                                     text         000000
isa$std                                       (abs)        000001
isa$xinst                                     (abs)        000000
isdigit@c                                     cstackCOMRAM 000015
isspace@c                                     cstackCOMRAM 000015
isupper@c                                     cstackCOMRAM 000015
ivt0x8_base                                   ivt0x8       000008
ivt0x8_undefint                               ivt0x8       0000AC
linux_getc@a_data                             cstackCOMRAM 000016
linux_putc@a_len                              cstackCOMRAM 00002E
linux_putc@data                               cstackCOMRAM 00002C
main@dac_v                                    cstackBANK0  0000D8
main@mode_sw                                  cstackBANK0  0000D7
memset@c                                      cstackCOMRAM 000017
memset@dest                                   cstackCOMRAM 000015
memset@k                                      cstackCOMRAM 00001D
memset@n                                      cstackCOMRAM 000019
memset@s                                      cstackCOMRAM 00001F
pad@buf                                       cstackCOMRAM 00002B
pad@fp                                        cstackCOMRAM 000029
pad@i                                         cstackCOMRAM 000030
pad@p                                         cstackCOMRAM 00002D
pad@w                                         cstackCOMRAM 000032
printf@ap                                     cstackBANK0  0000D3
printf@fmt                                    cstackBANK2  0002C3
putch@txData                                  cstackCOMRAM 000016
puts@s                                        cstackCOMRAM 000029
sprintf@ap                                    cstackBANK2  0002CA
sprintf@f                                     cstackBANK2  0002CC
sprintf@fmt                                   cstackBANK2  0002C5
sprintf@s                                     cstackBANK2  0002C3
stackhi                                       (abs)        000000
stacklo                                       (abs)        000000
start                                         init         0000AE
start_initialization                          cinit        00516C
stoa@F1164                                    dataBANK1    0001E8
stoa@cp                                       cstackCOMRAM 000030
stoa@fp                                       cstackCOMRAM 000020
stoa@i                                        cstackCOMRAM 00002C
stoa@l                                        cstackCOMRAM 000034
stoa@nuls                                     cstackCOMRAM 000025
stoa@p                                        cstackCOMRAM 000032
stoa@s                                        cstackCOMRAM 000022
stoa@w                                        cstackCOMRAM 00002E
strcpy@d                                      cstackCOMRAM 00001D
strcpy@dest                                   cstackCOMRAM 000015
strcpy@s                                      cstackCOMRAM 00001B
strcpy@src                                    cstackCOMRAM 000017
strlen@a                                      cstackCOMRAM 000017
strlen@s                                      cstackCOMRAM 000015
strncmp@_l                                    cstackCOMRAM 000019
strncmp@_r                                    cstackCOMRAM 00001B
strncmp@l                                     cstackCOMRAM 000021
strncmp@n                                     cstackCOMRAM 00001D
strncmp@r                                     cstackCOMRAM 000023
tolower@c                                     cstackCOMRAM 00001B
utoa@d                                        cstackBANK0  000062
utoa@fp                                       cstackBANK0  000060
utoa@i                                        cstackBANK0  00007E
utoa@n                                        cstackBANK0  000076
utoa@p                                        cstackBANK0  000072
utoa@w                                        cstackBANK0  000074
vfpfcnvrt@ap                                  cstackBANK0  0000B2
vfpfcnvrt@c                                   cstackBANK0  0000C6
vfpfcnvrt@cp                                  cstackBANK0  0000C0
vfpfcnvrt@ct                                  cstackBANK0  0000CB
vfpfcnvrt@done                                cstackBANK0  0000C2
vfpfcnvrt@f                                   cstackBANK0  0000C7
vfpfcnvrt@fmt                                 cstackBANK0  0000B1
vfpfcnvrt@fp                                  cstackBANK0  0000AF
vfpfcnvrt@llu                                 cstackBANK0  0000B8
vfprintf@ap                                   cstackBANK0  0000D1
vfprintf@cfmt                                 cstackCOMRAM 000038
vfprintf@fmt                                  cstackBANK0  0000D0
vfprintf@fp                                   cstackBANK0  0000CE


MODULE INFORMATION

Module		Function		Class		Link	Load	Size
/opt/microchip/xc8/v2.36/pic/sources/c99/common/__fpclassifyf.c
		___fpclassifyf 		CODE           	4BE0	0000	204

/opt/microchip/xc8/v2.36/pic/sources/c99/common/__fpclassifyf.c estimated size: 204

/opt/microchip/xc8/v2.36/pic/sources/c99/common/memset.c
		_memset        		CODE           	446E	0000	332

/opt/microchip/xc8/v2.36/pic/sources/c99/common/memset.c estimated size: 332

/opt/microchip/xc8/v2.36/pic/sources/c99/common/isupper.c
		_isupper       		CODE           	5A98	0000	48

/opt/microchip/xc8/v2.36/pic/sources/c99/common/isupper.c estimated size: 48

timers.c
		_Timers_Isr    		CODE           	558E	0000	82

timers.c estimated size: 82

disp_led.c
		_display_led   		CODE           	4D66	0000	184

disp_led.c estimated size: 184

mcc_generated_files/tmr6.c
		_TMR6_CallBack 		CODE           	5BF4	0000	36
		_TMR6_ISR      		CODE           	59C4	0000	58
		_TMR6_Initialize		CODE           	5B26	0000	46
		_TMR6_SetInterruptHandler		CODE           	5E1C	0000	14
		_TMR6_DefaultInterruptHandler		CODE           	5E76	0000	2

mcc_generated_files/tmr6.c estimated size: 156

mcc_generated_files/pwm6.c
		_PWM6_LoadDutyValue		CODE           	5A34	0000	50
		_PWM6_Initialize		CODE           	5D5C	0000	24

mcc_generated_files/pwm6.c estimated size: 74

/opt/microchip/xc8/v2.36/pic/sources/c99/common/doprnt.c
		_vfpfcnvrt     		CODE           	2ACC	0000	1656
		_efgtoa        		CODE           	2100	0000	2508
		_pad           		CODE           	50D6	0000	150
		_vfprintf      		CODE           	553C	0000	82
		_stoa          		CODE           	45BA	0000	328
		_utoa          		CODE           	3E5C	0000	432

/opt/microchip/xc8/v2.36/pic/sources/c99/common/doprnt.c estimated size: 5156

/opt/microchip/xc8/v2.36/pic/sources/c99/common/flneg.c
		___flneg       		CODE           	5AF8	0000	46

/opt/microchip/xc8/v2.36/pic/sources/c99/common/flneg.c estimated size: 46

/opt/microchip/xc8/v2.36/pic/sources/c99/common/nf_fputc.c
		_fputc         		CODE           	4E1E	0000	180

/opt/microchip/xc8/v2.36/pic/sources/c99/common/nf_fputc.c estimated size: 180

/opt/microchip/xc8/v2.36/pic/sources/c99/common/atoi.c
		_atoi          		CODE           	4842	0000	306

/opt/microchip/xc8/v2.36/pic/sources/c99/common/atoi.c estimated size: 306

/opt/microchip/xc8/v2.36/pic/sources/c99/common/fleq.c
		___fleq        		CODE           	5200	0000	138

/opt/microchip/xc8/v2.36/pic/sources/c99/common/fleq.c estimated size: 138

mcc_generated_files/tmr2.c
		_TMR2_Initialize		CODE           	5CA2	0000	30

mcc_generated_files/tmr2.c estimated size: 30

mcc_generated_files/interrupt_manager.c
		_INTERRUPT_Initialize		CODE           	5758	0000	68
		_Default_ISR   		CODE           	5E78	0000	2

mcc_generated_files/interrupt_manager.c estimated size: 70

/opt/microchip/xc8/v2.36/pic/sources/c99/common/Umul16.c
		___wmul        		CODE           	5B82	0000	42

/opt/microchip/xc8/v2.36/pic/sources/c99/common/Umul16.c estimated size: 42

/opt/microchip/xc8/v2.36/pic/sources/c99/common/puts.c
		_puts          		CODE           	5950	0000	58

/opt/microchip/xc8/v2.36/pic/sources/c99/common/puts.c estimated size: 58

/opt/microchip/xc8/v2.36/pic/sources/c99/common/lomod.c
		___lomod       		CODE           	4F86	0000	174

/opt/microchip/xc8/v2.36/pic/sources/c99/common/lomod.c estimated size: 174

/opt/microchip/xc8/v2.36/pic/sources/c99/common/isspace.c
		_isspace       		CODE           	57DE	0000	62

/opt/microchip/xc8/v2.36/pic/sources/c99/common/isspace.c estimated size: 62

mcc_generated_files/pin_manager.c
		_PIN_MANAGER_Initialize		CODE           	4B12	0000	206

mcc_generated_files/pin_manager.c estimated size: 206

mcc_generated_files/spi1.c
		_SPI1_Initialize		CODE           	5CFA	0000	26

mcc_generated_files/spi1.c estimated size: 26

/opt/microchip/xc8/v2.36/pic/sources/c99/common/tolower.c
		_tolower       		CODE           	5916	0000	58

/opt/microchip/xc8/v2.36/pic/sources/c99/common/tolower.c estimated size: 58

/opt/microchip/xc8/v2.36/pic/sources/c99/common/strncmp.c
		_strncmp       		CODE           	41B6	0000	354

/opt/microchip/xc8/v2.36/pic/sources/c99/common/strncmp.c estimated size: 354

/opt/microchip/xc8/v2.36/pic/sources/c99/common/sprcmul.c
		___flmul       		CODE           	3144	0000	850

/opt/microchip/xc8/v2.36/pic/sources/c99/common/sprcmul.c estimated size: 850

/opt/microchip/xc8/v2.36/pic/sources/c99/common/awmod.c
		___awmod       		CODE           	5404	0000	112

/opt/microchip/xc8/v2.36/pic/sources/c99/common/awmod.c estimated size: 112

/opt/microchip/xc8/v2.36/pic/sources/c99/common/sprcdiv.c
		___fldiv       		CODE           	37A2	0000	648

/opt/microchip/xc8/v2.36/pic/sources/c99/common/sprcdiv.c estimated size: 648

mcc_generated_files/uart1.c
		_UART1_rx_vect_isr		CODE           	589C	0000	62
		_UART1_Write   		CODE           	58DA	0000	60
		_putch         		CODE           	5E52	0000	10
		_UART1_SetFramingErrorHandler		CODE           	5E00	0000	14
		_UART1_SetOverrunErrorHandler		CODE           	5DF2	0000	14
		_UART1_tx_vect_isr		CODE           	585C	0000	62
		_UART1_Receive_ISR		CODE           	5034	0000	162
		_UART1_SetRxInterruptHandler		CODE           	5DE4	0000	14
		_UART1_SetTxInterruptHandler		CODE           	5DD6	0000	14
		_UART1_Initialize		CODE           	4ED2	0000	180
		_UART1_SetErrorHandler		CODE           	5E0E	0000	14
		_UART1_Transmit_ISR		CODE           	5B54	0000	46
		_UART1_Read    		CODE           	581C	0000	62
		_UART1_DefaultFramingErrorHandler		CODE           	5E7C	0000	2
		_UART1_is_rx_ready		CODE           	5DC8	0000	14
		_UART1_DefaultErrorHandler		CODE           	5E6C	0000	6
		_UART1_RxDataHandler		CODE           	5C80	0000	34
		_UART1_DefaultOverrunErrorHandler		CODE           	5E7A	0000	2

mcc_generated_files/uart1.c estimated size: 772

mcc_generated_files/tmr5.c
		_TMR5_ISR      		CODE           	5630	0000	78
		_TMR5_Initialize		CODE           	56CA	0000	72
		_TMR5_SetInterruptHandler		CODE           	5E2A	0000	14
		_TMR5_DefaultInterruptHandler		CODE           	5E7E	0000	2
		_TMR5_WriteTimer		CODE           	5C18	0000	36

mcc_generated_files/tmr5.c estimated size: 202

/opt/microchip/xc8/v2.36/pic/sources/c99/common/printf.c
		_printf        		CODE           	5C3C	0000	34

/opt/microchip/xc8/v2.36/pic/sources/c99/common/printf.c estimated size: 34

/opt/microchip/xc8/v2.36/pic/sources/c99/common/lodiv.c
		___lodiv       		CODE           	4A44	0000	206

/opt/microchip/xc8/v2.36/pic/sources/c99/common/lodiv.c estimated size: 206

shared
		_cmdm          		SMALLCONST     	2006	0000	28
		__initialization		CODE           	516C	0000	142
		_spi1_configuration		SMALLCONST     	0000	0000	0

shared estimated size: 170

mcc_generated_files/pwm5.c
		_PWM5_LoadDutyValue		CODE           	5A66	0000	50
		_PWM5_Initialize		CODE           	5D74	0000	24

mcc_generated_files/pwm5.c estimated size: 74

mcc_generated_files/mcc.c
		_PMD_Initialize		CODE           	5C5E	0000	34
		_OSCILLATOR_Initialize		CODE           	5CDE	0000	28
		_SYSTEM_Initialize		CODE           	59FE	0000	54

mcc_generated_files/mcc.c estimated size: 116

/opt/microchip/xc8/v2.36/pic/sources/c99/common/strlen.c
		_strlen        		CODE           	567E	0000	76

/opt/microchip/xc8/v2.36/pic/sources/c99/common/strlen.c estimated size: 76

/opt/microchip/xc8/v2.36/pic/sources/c99/common/flge.c
		___flge        		CODE           	4974	0000	208

/opt/microchip/xc8/v2.36/pic/sources/c99/common/flge.c estimated size: 208

/opt/microchip/xc8/v2.36/pic/sources/c99/common/floorf.c
		_floorf        		CODE           	400C	0000	426

/opt/microchip/xc8/v2.36/pic/sources/c99/common/floorf.c estimated size: 426

/opt/microchip/xc8/v2.36/pic/sources/c99/common/nf_fputs.c
		_fputs         		CODE           	5474	0000	104

/opt/microchip/xc8/v2.36/pic/sources/c99/common/nf_fputs.c estimated size: 104

/opt/microchip/xc8/v2.36/pic/sources/c99/common/strcpy.c
		_strcpy        		CODE           	54DC	0000	96

/opt/microchip/xc8/v2.36/pic/sources/c99/common/strcpy.c estimated size: 96

/opt/microchip/xc8/v2.36/pic/sources/c99/common/awdiv.c
		___awdiv       		CODE           	530E	0000	132

/opt/microchip/xc8/v2.36/pic/sources/c99/common/awdiv.c estimated size: 132

/opt/microchip/xc8/v2.36/pic/sources/c99/common/fltol.c
		___fltol       		CODE           	4CAC	0000	186

/opt/microchip/xc8/v2.36/pic/sources/c99/common/fltol.c estimated size: 186

/opt/microchip/xc8/v2.36/pic/sources/c99/common/isdigit.c
		_isdigit       		CODE           	5AC8	0000	48

/opt/microchip/xc8/v2.36/pic/sources/c99/common/isdigit.c estimated size: 48

/opt/microchip/xc8/v2.36/pic/sources/c99/common/sprcadd.c
		___flsub       		CODE           	5712	0000	70
		___fladd       		CODE           	3496	0000	780

/opt/microchip/xc8/v2.36/pic/sources/c99/common/sprcadd.c estimated size: 850

mcc_generated_files/dac1.c
		_DAC1_GetOutput		CODE           	5E66	0000	6
		_DAC1_SetOutput		CODE           	5E5C	0000	10
		_DAC1_Initialize		CODE           	5E46	0000	12

mcc_generated_files/dac1.c estimated size: 28

/opt/microchip/xc8/v2.36/pic/sources/c99/common/xxtofl.c
		___xxtofl      		CODE           	4702	0000	320

/opt/microchip/xc8/v2.36/pic/sources/c99/common/xxtofl.c estimated size: 320

mcc_generated_files/adcc.c
		_ADCC_DefaultInterruptHandler		CODE           	5E74	0000	2
		_ADCC_GetConversionResult		CODE           	5DA4	0000	22
		_ADCC_SetADIInterruptHandler		CODE           	5E38	0000	14
		_ADCC_ISR      		CODE           	579C	0000	66
		_ADCC_Initialize		CODE           	5392	0000	114

mcc_generated_files/adcc.c estimated size: 218

scdm.c
		_cli_read      		CODE           	4318	0000	342
		_cli_init      		CODE           	528A	0000	132
		__cli_interpret_cmd		CODE           	3C98	0000	452
		_linux_getc    		CODE           	5BAC	0000	36
		_linux_putc    		CODE           	5DBA	0000	14
		_scmd_init     		CODE           	5D14	0000	24

scdm.c estimated size: 1000

main.c
		_fh_po         		CODE           	5D2C	0000	24
		_Led_Blink     		CODE           	5CC0	0000	30
		_main          		CODE           	3A2A	0000	622
		_fh_pr         		CODE           	5BD0	0000	36
		_Adc_Isr       		CODE           	598A	0000	58
		_fh_ps         		CODE           	5D44	0000	24

main.c estimated size: 794

/opt/microchip/xc8/v2.36/pic/sources/c99/common/nf_sprintf.c
		_sprintf       		CODE           	55E0	0000	78

/opt/microchip/xc8/v2.36/pic/sources/c99/common/nf_sprintf.c estimated size: 78

